===== Step 1: Compile Bootloaders =====
===== Step 1.1: Compile Legacy BootLoader Blob =====
Legacy bootloader compiled: C:\Users\olusa\OneDrive\Documents\GitHub\BlockyOS\Build\Build-2026-05-07-13\boot-part\legacyblob.bin
===== Step 1.2: Compile UEFI BootLoader Blob =====
UEFI bootloader compiled: C:\Users\olusa\OneDrive\Documents\GitHub\BlockyOS\Build\Build-2026-05-07-13\boot-part\efi\boot\bootx64.efi
===== Step 2: Create Disk Layout (GPT) =====
Creating GPT disk: C:\Users\olusa\OneDrive\Documents\GitHub\BlockyOS\Build\Build-2026-05-07-13\disk.img
===== Step 3: Format Boot Partition (FAT32) =====
Formatting boot partition with FAT32...
Boot partition formatted successfully
===== Step 4: Validating Image =====
Double-verifying Image
Command:  qemu-system-x86_64 -vga std -cpu qemu64 -m 2048 -machine q35 -boot order=c -smp 2 -net none -serial stdio -L C:\Users\olusa\OneDrive\Documents\GitHub\BlockyOS\compile\toolchain\uefi\default -drive if=pflash,format=raw,readonly=on,file=C:\Users\olusa\OneDrive\Documents\GitHub\BlockyOS\compile\toolchain\uefi\default\OVMF_CODE.fd -drive unit=0,file=C:\Users\olusa\OneDrive\Documents\GitHub\BlockyOS\Build\Build-2026-05-07-13\disk.img,format=raw,if=none,id=maindrive -device virtio-blk-pci,drive=maindrive -chardev file,id=dbg,path=C:\Users\olusa\OneDrive\Documents\GitHub\BlockyOS\Build\Build-2026-05-07-13\debugger.log -usb -usbdevice keyboard -usbdevice mouse -display sdl -vga cirrus -drive if=pflash,format=raw,file=C:\Users\olusa\OneDrive\Documents\GitHub\BlockyOS\compile\toolchain\uefi\default\OVMF_VARS.fd 
[2J[01;01H[=3h[2J[01;01H[2J[01;01H[=3h[2J[01;01H[2J[01;01H[=3h[2J[01;01HBdsDxe: failed to load Boot0004 "BlockyOS Boot Image" from PciRoot(0x0)/Pci(0x2,0x0)/HD(1,GPT,A71583BB-FD92-4DBE-9773-CC7B89A0FB42,0x800,0x200000)/\EFI\BOOT\BOOTX64.EFI: Not Found
BdsDxe: loading Boot0001 "UEFI Misc Device" from PciRoot(0x0)/Pci(0x2,0x0)
BdsDxe: starting Boot0001 "UEFI Misc Device" from PciRoot(0x0)/Pci(0x2,0x0)

Starting Boot Device
Image FailedBdsDxe: failed to start Boot0001 "UEFI Misc Device" from PciRoot(0x0)/Pci(0x2,0x0): Aborted
BdsDxe: loading Boot0002 "EFI Internal Shell" from Fv(7CB8BDC9-F8EB-4F34-AAEA-3EE4AF6516A1)/FvFile(7C04A583-9E3E-4F1C-AD65-E05268D0B4D1)
BdsDxe: starting Boot0002 "EFI Internal Shell" from Fv(7CB8BDC9-F8EB-4F34-AAEA-3EE4AF6516A1)/FvFile(7C04A583-9E3E-4F1C-AD65-E05268D0B4D1)
[2J[01;01H[01;01HUEFI Interactive Shell v2.2
EDK II
UEFI v2.70 (Debian distribution of EDK II, 0x00010000)
[1m[33m[40mMapping table[0m[37m[40m
[1m[33m[40m      FS0:[0m[37m[40m [1m[37m[40mAlias(s):[0m[37m[40mHD1b:;BLK2:
          PciRoot(0x0)/Pci(0x2,0x0)/HD(1,GPT,0D644DAE-0CE4-4C05-B4D2-88C88A8F0653)
[1m[33m[40m     BLK1:[0m[37m[40m [1m[37m[40mAlias(s):[0m[37m[40m
          PciRoot(0x0)/Pci(0x2,0x0)
[1m[33m[40m     BLK3:[0m[37m[40m [1m[37m[40mAlias(s):[0m[37m[40m
          PciRoot(0x0)/Pci(0x2,0x0)/HD(2,GPT,492B02D5-BE27-47F8-A417-30DEFED369BA)
[1m[33m[40m     BLK4:[0m[37m[40m [1m[37m[40mAlias(s):[0m[37m[40m
          PciRoot(0x0)/Pci(0x2,0x0)/HD(3,GPT,9BD1691D-EE82-4F49-B19D-F5A6ADF83CE7)
[1m[33m[40m     BLK0:[0m[37m[40m [1m[37m[40mAlias(s):[0m[37m[40m
          PciRoot(0x0)/Pci(0x1F,0x2)/Sata(0x2,0xFFFF,0x0)
[15;01HPress [1m[37m[40mESC[0m[37m[40m in 5 seconds to skip [1m[33m[40mstartup.nsh[0m[37m[40m or any other key to continue.[15;01HPress [1m[37m[40mESC[0m[37m[40m in 4 seconds to skip [1m[33m[40mstartup.nsh[0m[37m[40m or any other key to continue.
