
C:\Users\olusa\OneDrive\Documents\GitHub\BlockyOS\Build\Build-2026-05-07-13\objs\blob.efi:     file format pei-x86-64
C:\Users\olusa\OneDrive\Documents\GitHub\BlockyOS\Build\Build-2026-05-07-13\objs\blob.efi
architecture: i386:x86-64, flags 0x00000133:
HAS_RELOC, EXEC_P, HAS_SYMS, HAS_LOCALS, D_PAGED
start address 0x0000000000003000

Characteristics 0x206
	executable
	line numbers stripped
	debugging information removed

Time/Date		Thu Jan 01 00:00:00 1970
Magic			020b	(PE32+)
MajorLinkerVersion	2
MinorLinkerVersion	46
SizeOfCode		000000000001b400
SizeOfInitializedData	0000000000003000
SizeOfUninitializedData	0000000000000000
AddressOfEntryPoint	0000000000003000
BaseOfCode		0000000000003000
ImageBase		0000000000000000
SectionAlignment	00001000
FileAlignment		00000200
MajorOSystemVersion	0
MinorOSystemVersion	0
MajorImageVersion	0
MinorImageVersion	0
MajorSubsystemVersion	0
MinorSubsystemVersion	0
Win32Version		00000000
SizeOfImage		00023000
SizeOfHeaders		00000400
CheckSum		0002b856
Subsystem		0000000a	(EFI application)
DllCharacteristics	00000000
SizeOfStackReserve	0000000000000000
SizeOfStackCommit	0000000000000000
SizeOfHeapReserve	0000000000000000
SizeOfHeapCommit	0000000000000000
LoaderFlags		00000000
NumberOfRvaAndSizes	00000010

The Data Directory
Entry 0 0000000000000000 00000000 Export Directory [.edata (or where ever we found it)]
Entry 1 0000000000000000 00000000 Import Directory [parts of .idata]
Entry 2 0000000000000000 00000000 Resource Directory [.rsrc]
Entry 3 0000000000000000 00000000 Exception Directory [.pdata]
Entry 4 0000000000000000 00000000 Security Directory
Entry 5 0000000000020000 0000000c Base Relocation Directory [.reloc]
Entry 6 0000000000000000 00000000 Debug Directory
Entry 7 0000000000000000 00000000 Description Directory
Entry 8 0000000000000000 00000000 Special Directory
Entry 9 0000000000000000 00000000 Thread Storage Directory [.tls]
Entry a 0000000000000000 00000000 Load Configuration Directory
Entry b 0000000000000000 00000000 Bound Import Directory
Entry c 0000000000000000 00000000 Import Address Table Directory
Entry d 0000000000000000 00000000 Delay Import Directory
Entry e 0000000000000000 00000000 CLR Runtime Header
Entry f 0000000000000000 00000000 Reserved


PE File Base Relocations (interpreted .reloc section contents)

Virtual Address: 00000004 Chunk size 12 (0xc) Number of fixups 2
	reloc    0 offset    0 [   4] ABSOLUTE
	reloc    1 offset    0 [   4] ABSOLUTE

Sections:
Idx Name          Size      VMA               LMA               File off  Algn
  0 .text         0001b3d0  0000000000003000  0000000000003000  00000400  2**4
                  CONTENTS, ALLOC, LOAD, READONLY, CODE
  1 .data         00000d90  000000000001f000  000000000001f000  0001b800  2**4
                  CONTENTS, ALLOC, LOAD, DATA
  2 .reloc        0000000c  0000000000020000  0000000000020000  0001c600  2**2
                  CONTENTS, ALLOC, LOAD, READONLY, DATA
  3 .rodata       00002000  0000000000021000  0000000000021000  0001c800  2**2
                  CONTENTS, ALLOC, LOAD, READONLY, DATA
SYMBOL TABLE:
[  0](sec  1)(fl 0x00)(ty   20)(scl   3) (nx 1) 0x0000000000003f56 __dirr_matches
AUX tagndx 0 ttlsiz 0x83 lnnos 0 next 0
[  2](sec  1)(fl 0x00)(ty   20)(scl   3) (nx 1) 0x0000000000003fd9 __dirr_push
AUX tagndx 0 ttlsiz 0x141 lnnos 0 next 0
[  4](sec  1)(fl 0x00)(ty   20)(scl   3) (nx 1) 0x000000000000411a __dirr_pop
AUX tagndx 0 ttlsiz 0x76 lnnos 0 next 0
[  6](sec  1)(fl 0x00)(ty   20)(scl   3) (nx 1) 0x0000000000004cff load64
AUX tagndx 0 ttlsiz 0xb3 lnnos 0 next 0
[  8](sec  1)(fl 0x00)(ty   20)(scl   3) (nx 1) 0x0000000000004db2 store32
AUX tagndx 0 ttlsiz 0x5b lnnos 0 next 0
[ 10](sec  1)(fl 0x00)(ty   20)(scl   3) (nx 1) 0x0000000000004e0d store64
AUX tagndx 0 ttlsiz 0xba lnnos 0 next 0
[ 12](sec  1)(fl 0x00)(ty   20)(scl   3) (nx 1) 0x0000000000004ec7 rotr64
AUX tagndx 0 ttlsiz 0x20 lnnos 0 next 0
[ 14](sec  1)(fl 0x00)(ty   20)(scl   3) (nx 1) 0x0000000000004ee7 secure_zero_memory
AUX tagndx 0 ttlsiz 0x2c lnnos 0 next 0
[ 16](sec  2)(fl 0x00)(ty    0)(scl   3) (nx 0) 0x0000000000000008 memset_v.0
[ 17](sec  4)(fl 0x00)(ty    0)(scl   3) (nx 0) 0x0000000000000aa0 blake2b_IV
[ 18](sec  4)(fl 0x00)(ty    0)(scl   3) (nx 0) 0x0000000000000ae0 blake2b_sigma
[ 19](sec  1)(fl 0x00)(ty   20)(scl   3) (nx 1) 0x0000000000004f13 blake2b_set_lastnode
AUX tagndx 0 ttlsiz 0x1b lnnos 0 next 0
[ 21](sec  1)(fl 0x00)(ty   20)(scl   3) (nx 1) 0x0000000000004f2e blake2b_is_lastblock
AUX tagndx 0 ttlsiz 0x1f lnnos 0 next 0
[ 23](sec  1)(fl 0x00)(ty   20)(scl   3) (nx 1) 0x0000000000004f4d blake2b_set_lastblock
AUX tagndx 0 ttlsiz 0x36 lnnos 0 next 0
[ 25](sec  1)(fl 0x00)(ty   20)(scl   3) (nx 1) 0x0000000000004f83 blake2b_increment_counter
AUX tagndx 0 ttlsiz 0x4f lnnos 0 next 0
[ 27](sec  1)(fl 0x00)(ty   20)(scl   3) (nx 1) 0x0000000000004fd2 blake2b_init0
AUX tagndx 0 ttlsiz 0x5f lnnos 0 next 0
[ 29](sec  1)(fl 0x00)(ty   20)(scl   3) (nx 1) 0x0000000000005356 blake2b_compress
AUX tagndx 0 ttlsiz 0x6ce7 lnnos 0 next 0
[ 31](sec  1)(fl 0x00)(ty   20)(scl   3) (nx 1) 0x000000000000c49c store32
AUX tagndx 0 ttlsiz 0x5b lnnos 0 next 0
[ 33](sec  1)(fl 0x00)(ty   20)(scl   3) (nx 1) 0x000000000000c4f7 secure_zero_memory
AUX tagndx 0 ttlsiz 0x2c lnnos 0 next 0
[ 35](sec  2)(fl 0x00)(ty    0)(scl   3) (nx 0) 0x0000000000000010 memset_v.0
[ 36](sec  1)(fl 0x00)(ty   20)(scl   3) (nx 1) 0x000000000000c523 blake2bp_init_leaf_param
AUX tagndx 0 ttlsiz 0x41 lnnos 0 next 0
[ 38](sec  1)(fl 0x00)(ty   20)(scl   3) (nx 1) 0x000000000000c564 blake2bp_init_leaf
AUX tagndx 0 ttlsiz 0xdb lnnos 0 next 0
[ 40](sec  1)(fl 0x00)(ty   20)(scl   3) (nx 1) 0x000000000000c63f blake2bp_init_root
AUX tagndx 0 ttlsiz 0xd4 lnnos 0 next 0
[ 42](sec  1)(fl 0x00)(ty   20)(scl   3) (nx 1) 0x000000000000d0ab load32
AUX tagndx 0 ttlsiz 0x59 lnnos 0 next 0
[ 44](sec  1)(fl 0x00)(ty   20)(scl   3) (nx 1) 0x000000000000d104 store16
AUX tagndx 0 ttlsiz 0x46 lnnos 0 next 0
[ 46](sec  1)(fl 0x00)(ty   20)(scl   3) (nx 1) 0x000000000000d14a store32
AUX tagndx 0 ttlsiz 0x5b lnnos 0 next 0
[ 48](sec  1)(fl 0x00)(ty   20)(scl   3) (nx 1) 0x000000000000d1a5 rotr32
AUX tagndx 0 ttlsiz 0x1c lnnos 0 next 0
[ 50](sec  1)(fl 0x00)(ty   20)(scl   3) (nx 1) 0x000000000000d1c1 secure_zero_memory
AUX tagndx 0 ttlsiz 0x2c lnnos 0 next 0
[ 52](sec  2)(fl 0x00)(ty    0)(scl   3) (nx 0) 0x0000000000000018 memset_v.0
[ 53](sec  4)(fl 0x00)(ty    0)(scl   3) (nx 0) 0x0000000000000ba0 blake2s_IV
[ 54](sec  4)(fl 0x00)(ty    0)(scl   3) (nx 0) 0x0000000000000bc0 blake2s_sigma
[ 55](sec  1)(fl 0x00)(ty   20)(scl   3) (nx 1) 0x000000000000d1ed blake2s_set_lastnode
AUX tagndx 0 ttlsiz 0x1a lnnos 0 next 0
[ 57](sec  1)(fl 0x00)(ty   20)(scl   3) (nx 1) 0x000000000000d207 blake2s_is_lastblock
AUX tagndx 0 ttlsiz 0x1d lnnos 0 next 0
[ 59](sec  1)(fl 0x00)(ty   20)(scl   3) (nx 1) 0x000000000000d224 blake2s_set_lastblock
AUX tagndx 0 ttlsiz 0x35 lnnos 0 next 0
[ 61](sec  1)(fl 0x00)(ty   20)(scl   3) (nx 1) 0x000000000000d259 blake2s_increment_counter
AUX tagndx 0 ttlsiz 0x45 lnnos 0 next 0
[ 63](sec  1)(fl 0x00)(ty   20)(scl   3) (nx 1) 0x000000000000d29e blake2s_init0
AUX tagndx 0 ttlsiz 0x5d lnnos 0 next 0
[ 65](sec  1)(fl 0x00)(ty   20)(scl   3) (nx 1) 0x000000000000d5a9 blake2s_compress
AUX tagndx 0 ttlsiz 0x3b6a lnnos 0 next 0
[ 67](sec  1)(fl 0x00)(ty   20)(scl   3) (nx 1) 0x00000000000114e4 store16
AUX tagndx 0 ttlsiz 0x46 lnnos 0 next 0
[ 69](sec  1)(fl 0x00)(ty   20)(scl   3) (nx 1) 0x000000000001152a store32
AUX tagndx 0 ttlsiz 0x5b lnnos 0 next 0
[ 71](sec  1)(fl 0x00)(ty   20)(scl   3) (nx 1) 0x0000000000011585 secure_zero_memory
AUX tagndx 0 ttlsiz 0x2c lnnos 0 next 0
[ 73](sec  2)(fl 0x00)(ty    0)(scl   3) (nx 0) 0x0000000000000020 memset_v.0
[ 74](sec  1)(fl 0x00)(ty   20)(scl   3) (nx 1) 0x00000000000115b1 blake2sp_init_leaf_param
AUX tagndx 0 ttlsiz 0x3e lnnos 0 next 0
[ 76](sec  1)(fl 0x00)(ty   20)(scl   3) (nx 1) 0x00000000000115ef blake2sp_init_leaf
AUX tagndx 0 ttlsiz 0xc1 lnnos 0 next 0
[ 78](sec  1)(fl 0x00)(ty   20)(scl   3) (nx 1) 0x00000000000116b0 blake2sp_init_root
AUX tagndx 0 ttlsiz 0xba lnnos 0 next 0
[ 80](sec  1)(fl 0x00)(ty   20)(scl   3) (nx 1) 0x00000000000120a8 load32
AUX tagndx 0 ttlsiz 0x59 lnnos 0 next 0
[ 82](sec  1)(fl 0x00)(ty   20)(scl   3) (nx 1) 0x0000000000012101 store32
AUX tagndx 0 ttlsiz 0x5b lnnos 0 next 0
[ 84](sec  1)(fl 0x00)(ty   20)(scl   3) (nx 1) 0x000000000001215c secure_zero_memory
AUX tagndx 0 ttlsiz 0x2c lnnos 0 next 0
[ 86](sec  2)(fl 0x00)(ty    0)(scl   3) (nx 0) 0x0000000000000028 memset_v.0
[ 87](sec  1)(fl 0x00)(ty   20)(scl   3) (nx 1) 0x0000000000012749 load16
AUX tagndx 0 ttlsiz 0x33 lnnos 0 next 0
[ 89](sec  1)(fl 0x00)(ty   20)(scl   3) (nx 1) 0x000000000001277c store16
AUX tagndx 0 ttlsiz 0x46 lnnos 0 next 0
[ 91](sec  1)(fl 0x00)(ty   20)(scl   3) (nx 1) 0x00000000000127c2 store32
AUX tagndx 0 ttlsiz 0x5b lnnos 0 next 0
[ 93](sec  1)(fl 0x00)(ty   20)(scl   3) (nx 1) 0x000000000001281d secure_zero_memory
AUX tagndx 0 ttlsiz 0x2c lnnos 0 next 0
[ 95](sec  2)(fl 0x00)(ty    0)(scl   3) (nx 0) 0x0000000000000030 memset_v.0
[ 96](sec  1)(fl 0x00)(ty   20)(scl   3) (nx 1) 0x0000000000013113 strtok_k.localalias
AUX tagndx 0 ttlsiz 0x1f4 lnnos 0 next 0
[ 98](sec  1)(fl 0x00)(ty   20)(scl   3) (nx 1) 0x00000000000134a3 match_rec.localalias
AUX tagndx 0 ttlsiz 0x134 lnnos 0 next 0
[100](sec  1)(fl 0x00)(ty   20)(scl   3) (nx 1) 0x0000000000015ad0 ValueToHex.part.0
AUX tagndx 0 ttlsiz 0x9e lnnos 0 next 0
[102](sec  4)(fl 0x00)(ty    0)(scl   3) (nx 0) 0x0000000000001000 Hex
[103](sec  1)(fl 0x00)(ty   20)(scl   3) (nx 1) 0x0000000000015b70 ValueToString.part.0
AUX tagndx 0 ttlsiz 0x11b lnnos 0 next 0
[105](sec  4)(fl 0x00)(ty    0)(scl   3) (nx 0) 0x0000000000000ffa ca.0
[106](sec  1)(fl 0x00)(ty   20)(scl   3) (nx 1) 0x0000000000015c90 PPUTC
AUX tagndx 0 ttlsiz 0xba lnnos 0 next 0
[108](sec  1)(fl 0x00)(ty   20)(scl   3) (nx 1) 0x0000000000017940 PPUTC
AUX tagndx 0 ttlsiz 0xba lnnos 0 next 0
[110](sec  1)(fl 0x00)(ty   20)(scl   3) (nx 1) 0x0000000000017a00 _Print
AUX tagndx 0 ttlsiz 0xe1b lnnos 0 next 0
[112](sec  1)(fl 0x00)(ty   20)(scl   3) (nx 1) 0x0000000000018dc0 _DevPathEndInstance
AUX tagndx 0 ttlsiz 0xe lnnos 0 next 0
[114](sec  1)(fl 0x00)(ty   20)(scl   3) (nx 1) 0x0000000000018dd0 _DevPathBssBss
AUX tagndx 0 ttlsiz 0x92 lnnos 0 next 0
[116](sec  1)(fl 0x00)(ty   20)(scl   3) (nx 1) 0x0000000000018e70 _DevPathMediaProtocol
AUX tagndx 0 ttlsiz 0x12 lnnos 0 next 0
[118](sec  1)(fl 0x00)(ty   20)(scl   3) (nx 1) 0x0000000000018e90 _DevPathFilePath
AUX tagndx 0 ttlsiz 0x12 lnnos 0 next 0
[120](sec  1)(fl 0x00)(ty   20)(scl   3) (nx 1) 0x0000000000018eb0 _DevPathCDROM
AUX tagndx 0 ttlsiz 0x11 lnnos 0 next 0
[122](sec  1)(fl 0x00)(ty   20)(scl   3) (nx 1) 0x0000000000018ed0 _DevPathSata
AUX tagndx 0 ttlsiz 0x1b lnnos 0 next 0
[124](sec  1)(fl 0x00)(ty   20)(scl   3) (nx 1) 0x0000000000018ef0 _DevPathUart
AUX tagndx 0 ttlsiz 0x105 lnnos 0 next 0
[126](sec  4)(fl 0x00)(ty    0)(scl   3) (nx 0) 0x00000000000017ea CSWTCH.43
[127](sec  1)(fl 0x00)(ty   20)(scl   3) (nx 1) 0x0000000000019000 _DevPathInfiniBand
AUX tagndx 0 ttlsiz 0x2e lnnos 0 next 0
[129](sec  1)(fl 0x00)(ty   20)(scl   3) (nx 1) 0x0000000000019030 _DevPathUri
AUX tagndx 0 ttlsiz 0x12 lnnos 0 next 0
[131](sec  1)(fl 0x00)(ty   20)(scl   3) (nx 1) 0x0000000000019050 _DevPathMacAddr
AUX tagndx 0 ttlsiz 0xb3 lnnos 0 next 0
[133](sec  1)(fl 0x00)(ty   20)(scl   3) (nx 1) 0x0000000000019110 _DevPathI2O
AUX tagndx 0 ttlsiz 0x11 lnnos 0 next 0
[135](sec  1)(fl 0x00)(ty   20)(scl   3) (nx 1) 0x0000000000019130 _DevPathUsb
AUX tagndx 0 ttlsiz 0x16 lnnos 0 next 0
[137](sec  1)(fl 0x00)(ty   20)(scl   3) (nx 1) 0x0000000000019150 _DevPath1394
AUX tagndx 0 ttlsiz 0x12 lnnos 0 next 0
[139](sec  1)(fl 0x00)(ty   20)(scl   3) (nx 1) 0x0000000000019170 _DevPathFibre
AUX tagndx 0 ttlsiz 0x30 lnnos 0 next 0
[141](sec  1)(fl 0x00)(ty   20)(scl   3) (nx 1) 0x00000000000191a0 _DevPathScsi
AUX tagndx 0 ttlsiz 0x16 lnnos 0 next 0
[143](sec  1)(fl 0x00)(ty   20)(scl   3) (nx 1) 0x00000000000191c0 _DevPathAtapi
AUX tagndx 0 ttlsiz 0x36 lnnos 0 next 0
[145](sec  1)(fl 0x00)(ty   20)(scl   3) (nx 1) 0x0000000000019200 _DevPathAcpi
AUX tagndx 0 ttlsiz 0x163 lnnos 0 next 0
[147](sec  1)(fl 0x00)(ty   20)(scl   3) (nx 1) 0x0000000000019370 _DevPathController
AUX tagndx 0 ttlsiz 0x11 lnnos 0 next 0
[149](sec  1)(fl 0x00)(ty   20)(scl   3) (nx 1) 0x0000000000019390 _DevPathMemMap
AUX tagndx 0 ttlsiz 0x19 lnnos 0 next 0
[151](sec  1)(fl 0x00)(ty   20)(scl   3) (nx 1) 0x00000000000193b0 _DevPathPccard
AUX tagndx 0 ttlsiz 0x12 lnnos 0 next 0
[153](sec  1)(fl 0x00)(ty   20)(scl   3) (nx 1) 0x00000000000193d0 _DevPathPci
AUX tagndx 0 ttlsiz 0x16 lnnos 0 next 0
[155](sec  1)(fl 0x00)(ty   20)(scl   3) (nx 1) 0x00000000000193f0 _DevPathNodeUnknown
AUX tagndx 0 ttlsiz 0x137 lnnos 0 next 0
[157](sec  1)(fl 0x00)(ty   20)(scl   3) (nx 1) 0x0000000000019530 _DevPathVendor
AUX tagndx 0 ttlsiz 0xa9 lnnos 0 next 0
[159](sec  1)(fl 0x00)(ty   20)(scl   3) (nx 1) 0x00000000000195e0 _DevPathHardDrive
AUX tagndx 0 ttlsiz 0x49 lnnos 0 next 0
[161](sec  1)(fl 0x00)(ty   20)(scl   3) (nx 1) 0x0000000000019630 CatPrintIPv6.isra.0
AUX tagndx 0 ttlsiz 0xb1 lnnos 0 next 0
[163](sec  1)(fl 0x00)(ty   20)(scl   3) (nx 1) 0x00000000000196f0 _DevPathIPv6
AUX tagndx 0 ttlsiz 0x279 lnnos 0 next 0
[165](sec  1)(fl 0x00)(ty   20)(scl   3) (nx 1) 0x0000000000019970 _DevPathIPv4
AUX tagndx 0 ttlsiz 0x294 lnnos 0 next 0
[167](sec  2)(fl 0x00)(ty    0)(scl   3) (nx 0) 0x0000000000000a60 KnownGuids
[168](sec  2)(fl 0x00)(ty    0)(scl   3) (nx 0) 0x0000000000000a40 ShellInterfaceProtocol
[169](sec  2)(fl 0x00)(ty    0)(scl   3) (nx 0) 0x0000000000000a30 SEnvId
[170](sec  2)(fl 0x00)(ty    0)(scl   3) (nx 0) 0x0000000000000a10 SProtId
[171](sec  2)(fl 0x00)(ty    0)(scl   3) (nx 0) 0x0000000000000a20 SMapId
[172](sec  2)(fl 0x00)(ty    0)(scl   3) (nx 0) 0x0000000000000a00 SAliasId
[173](sec  2)(fl 0x00)(ty    0)(scl   3) (nx 0) 0x0000000000000000 dummy0
[174](sec  2)(fl 0x00)(ty    0)(scl   3) (nx 0) 0x0000000000000004 dummy1
[175](sec  1)(fl 0x00)(ty   20)(scl   2) (nx 1) 0x0000000000014ee0 StpnCpy
AUX tagndx 0 ttlsiz 0x5 lnnos 0 next 0
[177](sec  1)(fl 0x00)(ty   20)(scl   2) (nx 1) 0x0000000000013c2d getParentDevice
AUX tagndx 0 ttlsiz 0x200 lnnos 0 next 0
[179](sec  1)(fl 0x00)(ty   20)(scl   2) (nx 1) 0x0000000000003a81 __fdirlist
AUX tagndx 0 ttlsiz 0x3b6 lnnos 0 next 0
[181](sec  1)(fl 0x00)(ty   20)(scl   2) (nx 1) 0x000000000000251e __fuloaddir
AUX tagndx 0 ttlsiz 0x200 lnnos 0 next 0
[183](sec  1)(fl 0x00)(ty   20)(scl   2) (nx 1) 0x0000000000001cfe __fread1
AUX tagndx 0 ttlsiz 0x233 lnnos 0 next 0
[185](sec  1)(fl 0x00)(ty   20)(scl   2) (nx 1) 0x0000000000015840 InitializeLibPlatform
AUX tagndx 0 ttlsiz 0x1 lnnos 0 next 0
[187](sec  1)(fl 0x00)(ty   20)(scl   2) (nx 1) 0x0000000000015000 AsciiStrnCmp
AUX tagndx 0 ttlsiz 0x43 lnnos 0 next 0
[189](sec  1)(fl 0x00)(ty   20)(scl   2) (nx 1) 0x0000000000014bb0 BCDtoDecimal
AUX tagndx 0 ttlsiz 0x9 lnnos 0 next 0
[191](sec  1)(fl 0x00)(ty   20)(scl   2) (nx 1) 0x000000000001a570 LibCreateProtocolNotifyEvent
AUX tagndx 0 ttlsiz 0x79 lnnos 0 next 0
[193](sec  1)(fl 0x00)(ty   20)(scl   2) (nx 1) 0x000000000001b380 LShiftU64
AUX tagndx 0 ttlsiz 0x9 lnnos 0 next 0
[195](sec  1)(fl 0x00)(ty   20)(scl   2) (nx 1) 0x0000000000011baa blake2sp_final
AUX tagndx 0 ttlsiz 0x19c lnnos 0 next 0
[197](sec  1)(fl 0x00)(ty   20)(scl   2) (nx 1) 0x0000000000014ef0 StrCat
AUX tagndx 0 ttlsiz 0x5 lnnos 0 next 0
[199](sec  1)(fl 0x00)(ty   20)(scl   2) (nx 1) 0x0000000000000d98 __ffremove
AUX tagndx 0 ttlsiz 0x68 lnnos 0 next 0
[201](sec  1)(fl 0x00)(ty   20)(scl   2) (nx 1) 0x00000000000141e0 InitializeLib
AUX tagndx 0 ttlsiz 0xf5 lnnos 0 next 0
[203](sec  1)(fl 0x00)(ty   20)(scl   2) (nx 1) 0x00000000000153b0 RtCopyMem
AUX tagndx 0 ttlsiz 0x71 lnnos 0 next 0
[205](sec  1)(fl 0x00)(ty   20)(scl   2) (nx 1) 0x00000000000150f0 Atoi
AUX tagndx 0 ttlsiz 0x53 lnnos 0 next 0
[207](sec  1)(fl 0x00)(ty   20)(scl   2) (nx 1) 0x0000000000016540 DbgPrint
AUX tagndx 0 ttlsiz 0x1230 lnnos 0 next 0
[209](sec  1)(fl 0x00)(ty   20)(scl   2) (nx 1) 0x0000000000002ea2 _freadinfo
AUX tagndx 0 ttlsiz 0x28 lnnos 0 next 0
[211](sec  1)(fl 0x00)(ty   20)(scl   2) (nx 1) 0x0000000000011244 blake2s_final
AUX tagndx 0 ttlsiz 0x145 lnnos 0 next 0
[213](sec  1)(fl 0x00)(ty   20)(scl   2) (nx 1) 0x0000000000017770 DumpHex
AUX tagndx 0 ttlsiz 0x1a9 lnnos 0 next 0
[215](sec  1)(fl 0x00)(ty   20)(scl   2) (nx 1) 0x0000000000014e40 LibStubStrLwrUpr
AUX tagndx 0 ttlsiz 0x1 lnnos 0 next 0
[217](sec  1)(fl 0x00)(ty   20)(scl   2) (nx 1) 0x000000000000d383 blake2s_init
AUX tagndx 0 ttlsiz 0xcb lnnos 0 next 0
[219](sec  1)(fl 0x00)(ty   20)(scl   2) (nx 1) 0x0000000000014fb0 AsciiStrCmp
AUX tagndx 0 ttlsiz 0x42 lnnos 0 next 0
[221](sec  1)(fl 0x00)(ty   20)(scl   2) (nx 1) 0x0000000000013bd5 libinit
AUX tagndx 0 ttlsiz 0x58 lnnos 0 next 0
[223](sec  1)(fl 0x00)(ty   20)(scl   2) (nx 1) 0x000000000001a980 LibLocateProtocol
AUX tagndx 0 ttlsiz 0x96 lnnos 0 next 0
[225](sec  1)(fl 0x00)(ty   20)(scl   2) (nx 1) 0x000000000000d2fb blake2s_init_param
AUX tagndx 0 ttlsiz 0x88 lnnos 0 next 0
[227](sec  1)(fl 0x00)(ty   20)(scl   2) (nx 1) 0x0000000000013799 __calloc
AUX tagndx 0 ttlsiz 0x23 lnnos 0 next 0
[229](sec  1)(fl 0x00)(ty   20)(scl   2) (nx 1) 0x000000000001a6d0 WaitForEventWithTimeout
AUX tagndx 0 ttlsiz 0x95 lnnos 0 next 0
[231](sec  1)(fl 0x00)(ty   20)(scl   2) (nx 1) 0x0000000000012d95 strcheck
AUX tagndx 0 ttlsiz 0x53 lnnos 0 next 0
[233](sec  1)(fl 0x00)(ty   20)(scl   2) (nx 1) 0x0000000000014e70 StrLwr
AUX tagndx 0 ttlsiz 0x19 lnnos 0 next 0
[235](sec  1)(fl 0x00)(ty   20)(scl   2) (nx 1) 0x000000000001a780 CompareGuid_1
AUX tagndx 0 ttlsiz 0x5 lnnos 0 next 0
[237](sec  1)(fl 0x00)(ty   20)(scl   2) (nx 1) 0x0000000000014f40 StrDuplicate
AUX tagndx 0 ttlsiz 0x3d lnnos 0 next 0
[239](sec  1)(fl 0x00)(ty   20)(scl   2) (nx 1) 0x00000000000164a0 TimeToString
AUX tagndx 0 ttlsiz 0x9c lnnos 0 next 0
[241](sec  1)(fl 0x00)(ty   20)(scl   2) (nx 1) 0x0000000000015fc0 Print
AUX tagndx 0 ttlsiz 0xb3 lnnos 0 next 0
[243](sec  1)(fl 0x00)(ty   20)(scl   2) (nx 1) 0x000000000001262e blake2xb
AUX tagndx 0 ttlsiz 0x11b lnnos 0 next 0
[245](sec  1)(fl 0x00)(ty   20)(scl   2) (nx 1) 0x0000000000013429 str_tolower
AUX tagndx 0 ttlsiz 0x7a lnnos 0 next 0
[247](sec  1)(fl 0x00)(ty   20)(scl   2) (nx 1) 0x0000000000013b76 GetDevicePath
AUX tagndx 0 ttlsiz 0x5f lnnos 0 next 0
[249](sec  1)(fl 0x00)(ty   20)(scl   2) (nx 1) 0x0000000000004636 DisableVerbose
AUX tagndx 0 ttlsiz 0x17 lnnos 0 next 0
[251](sec  1)(fl 0x00)(ty   20)(scl   2) (nx 1) 0x0000000000002911 fsloadh
AUX tagndx 0 ttlsiz 0x12b lnnos 0 next 0
[253](sec  1)(fl 0x00)(ty   20)(scl   2) (nx 1) 0x000000000001306d strtok_i
AUX tagndx 0 ttlsiz 0xa6 lnnos 0 next 0
[255](sec  1)(fl 0x00)(ty   20)(scl   2) (nx 1) 0x00000000000144c0 CopyMem_1
AUX tagndx 0 ttlsiz 0x5 lnnos 0 next 0
[257](sec  1)(fl 0x00)(ty   20)(scl   2) (nx 1) 0x00000000000147a0 LibGetVariable
AUX tagndx 0 ttlsiz 0x13 lnnos 0 next 0
[259](sec  1)(fl 0x00)(ty   20)(scl   2) (nx 1) 0x0000000000014830 LibSetNVVariable
AUX tagndx 0 ttlsiz 0x27 lnnos 0 next 0
[261](sec  1)(fl 0x00)(ty   20)(scl   2) (nx 1) 0x0000000000013e2d efi_main
AUX tagndx 0 ttlsiz 0x122 lnnos 0 next 0
[263](sec  1)(fl 0x00)(ty   20)(scl   2) (nx 1) 0x000000000001a420 LibMatchDevicePaths
AUX tagndx 0 ttlsiz 0x73 lnnos 0 next 0
[265](sec  1)(fl 0x00)(ty   20)(scl   2) (nx 1) 0x00000000000046bd startup
AUX tagndx 0 ttlsiz 0x33e lnnos 0 next 0
[267](sec  1)(fl 0x00)(ty   20)(scl   2) (nx 1) 0x000000000001b390 RShiftU64
AUX tagndx 0 ttlsiz 0x9 lnnos 0 next 0
[269](sec  1)(fl 0x00)(ty   20)(scl   2) (nx 1) 0x0000000000014330 memcpy
AUX tagndx 0 ttlsiz 0x23 lnnos 0 next 0
[271](sec  1)(fl 0x00)(ty   20)(scl   2) (nx 1) 0x000000000001389b __strspn
AUX tagndx 0 ttlsiz 0x6a lnnos 0 next 0
[273](sec  1)(fl 0x00)(ty   20)(scl   2) (nx 1) 0x0000000000015d50 UnicodeSPrint
AUX tagndx 0 ttlsiz 0x8a lnnos 0 next 0
[275](sec  1)(fl 0x00)(ty   20)(scl   2) (nx 1) 0x0000000000000cc8 allocatecluster
AUX tagndx 0 ttlsiz 0xd0 lnnos 0 next 0
[277](sec  1)(fl 0x00)(ty   20)(scl   2) (nx 1) 0x00000000000121b4 blake2xb_init_key
AUX tagndx 0 ttlsiz 0x22d lnnos 0 next 0
[279](sec  1)(fl 0x00)(ty   20)(scl   2) (nx 1) 0x0000000000019c10 DevicePathFromHandle
AUX tagndx 0 ttlsiz 0x34 lnnos 0 next 0
[281](sec  1)(fl 0x00)(ty   20)(scl   2) (nx 1) 0x00000000000119f7 blake2sp_update
AUX tagndx 0 ttlsiz 0x1b3 lnnos 0 next 0
[283](sec  1)(fl 0x00)(ty   20)(scl   2) (nx 1) 0x000000000001a160 AppendDevicePathInstance
AUX tagndx 0 ttlsiz 0xf0 lnnos 0 next 0
[285](sec  1)(fl 0x00)(ty   20)(scl   2) (nx 1) 0x00000000000133e9 tolower
AUX tagndx 0 ttlsiz 0x16 lnnos 0 next 0
[287](sec  1)(fl 0x00)(ty   20)(scl   2) (nx 1) 0x00000000000158a0 _SPrint
AUX tagndx 0 ttlsiz 0x119 lnnos 0 next 0
[289](sec  1)(fl 0x00)(ty   20)(scl   2) (nx 1) 0x0000000000014f10 StrnLen
AUX tagndx 0 ttlsiz 0x5 lnnos 0 next 0
[291](sec  1)(fl 0x00)(ty   20)(scl   2) (nx 1) 0x0000000000004bab writeblock
AUX tagndx 0 ttlsiz 0x139 lnnos 0 next 0
[293](sec  1)(fl 0x00)(ty   20)(scl   2) (nx 1) 0x0000000000015770 RtStrLen
AUX tagndx 0 ttlsiz 0x21 lnnos 0 next 0
[295](sec  1)(fl 0x00)(ty   20)(scl   2) (nx 1) 0x0000000000013654 __pattmatch
AUX tagndx 0 ttlsiz 0x118 lnnos 0 next 0
[297](sec  1)(fl 0x00)(ty   20)(scl   2) (nx 1) 0x0000000000011389 blake2s
AUX tagndx 0 ttlsiz 0x15b lnnos 0 next 0
[299](sec  1)(fl 0x00)(ty   20)(scl   2) (nx 1) 0x00000000000144d0 CopyMemC
AUX tagndx 0 ttlsiz 0x5 lnnos 0 next 0
[301](sec  1)(fl 0x00)(ty   20)(scl   2) (nx 1) 0x0000000000015620 RtStpnCpy
AUX tagndx 0 ttlsiz 0x7a lnnos 0 next 0
[303](sec  1)(fl 0x00)(ty   20)(scl   2) (nx 1) 0x0000000000012de8 strchecki
AUX tagndx 0 ttlsiz 0x54 lnnos 0 next 0
[305](sec  1)(fl 0x00)(ty   20)(scl   2) (nx 1) 0x0000000000002a3c fsuloadh
AUX tagndx 0 ttlsiz 0x246 lnnos 0 next 0
[307](sec  1)(fl 0x00)(ty   20)(scl   2) (nx 1) 0x0000000000000ea6 __ffremovelh
AUX tagndx 0 ttlsiz 0xfb lnnos 0 next 0
[309](sec  1)(fl 0x00)(ty   20)(scl   2) (nx 1) 0x0000000000015e70 PoolPrint
AUX tagndx 0 ttlsiz 0x94 lnnos 0 next 0
[311](sec  1)(fl 0x00)(ty   20)(scl   2) (nx 1) 0x0000000000011113 blake2s_update
AUX tagndx 0 ttlsiz 0x131 lnnos 0 next 0
[313](sec  1)(fl 0x00)(ty   20)(scl   2) (nx 1) 0x0000000000004190 __dirr_free
AUX tagndx 0 ttlsiz 0xa5 lnnos 0 next 0
[315](sec  1)(fl 0x00)(ty   20)(scl   2) (nx 1) 0x0000000000014f30 StrSize
AUX tagndx 0 ttlsiz 0x5 lnnos 0 next 0
[317](sec  1)(fl 0x00)(ty   20)(scl   2) (nx 1) 0x00000000000050c0 blake2b_init
AUX tagndx 0 ttlsiz 0xe5 lnnos 0 next 0
[319](sec  1)(fl 0x00)(ty   20)(scl   2) (nx 1) 0x000000000000464d EnableVerbose
AUX tagndx 0 ttlsiz 0x17 lnnos 0 next 0
[321](sec  1)(fl 0x00)(ty   20)(scl   2) (nx 1) 0x0000000000012f74 readbuf
AUX tagndx 0 ttlsiz 0xf9 lnnos 0 next 0
[323](sec  1)(fl 0x00)(ty   20)(scl   2) (nx 1) 0x0000000000015880 _DbgOut
AUX tagndx 0 ttlsiz 0x1b lnnos 0 next 0
[325](sec  1)(fl 0x00)(ty   20)(scl   2) (nx 1) 0x000000000001a5f0 WaitForSingleEvent
AUX tagndx 0 ttlsiz 0xdc lnnos 0 next 0
[327](sec  1)(fl 0x00)(ty   20)(scl   2) (nx 1) 0x0000000000014ed0 StpCpy
AUX tagndx 0 ttlsiz 0x5 lnnos 0 next 0
[329](sec  1)(fl 0x00)(ty   20)(scl   2) (nx 1) 0x0000000000003385 __fgetparent
AUX tagndx 0 ttlsiz 0xd1 lnnos 0 next 0
[331](sec  1)(fl 0x00)(ty   20)(scl   2) (nx 1) 0x00000000000043e8 __fprint_info
AUX tagndx 0 ttlsiz 0x1fc lnnos 0 next 0
[333](sec  1)(fl 0x00)(ty   20)(scl   2) (nx 1) 0x0000000000000fa1 __fcreate
AUX tagndx 0 ttlsiz 0x5a4 lnnos 0 next 0
[335](sec  1)(fl 0x00)(ty   20)(scl   2) (nx 1) 0x0000000000002178 __fpush1
AUX tagndx 0 ttlsiz 0x24d lnnos 0 next 0
[337](sec  1)(fl 0x00)(ty   20)(scl   2) (nx 1) 0x00000000000143e0 ReallocatePool_1
AUX tagndx 0 ttlsiz 0x91 lnnos 0 next 0
[339](sec  1)(fl 0x00)(ty   20)(scl   2) (nx 1) 0x000000000001b3b0 DivU64x32
AUX tagndx 0 ttlsiz 0x1c lnnos 0 next 0
[341](sec  1)(fl 0x00)(ty   20)(scl   2) (nx 1) 0x00000000000155f0 RtStpCpy
AUX tagndx 0 ttlsiz 0x29 lnnos 0 next 0
[343](sec  1)(fl 0x00)(ty   20)(scl   2) (nx 1) 0x0000000000001963 __finit
AUX tagndx 0 ttlsiz 0x39b lnnos 0 next 0
[345](sec  1)(fl 0x00)(ty   20)(scl   2) (nx 1) 0x00000000000144f0 GrowBuffer
AUX tagndx 0 ttlsiz 0xd7 lnnos 0 next 0
[347](sec  1)(fl 0x00)(ty   20)(scl   2) (nx 1) 0x000000000000cd49 blake2bp
AUX tagndx 0 ttlsiz 0x362 lnnos 0 next 0
[349](sec  1)(fl 0x00)(ty   20)(scl   2) (nx 1) 0x00000000000000fb checkdisk
AUX tagndx 0 ttlsiz 0x128 lnnos 0 next 0
[351](sec  1)(fl 0x00)(ty   20)(scl   2) (nx 1) 0x0000000000014480 FreePool
AUX tagndx 0 ttlsiz 0x16 lnnos 0 next 0
[353](sec  1)(fl 0x00)(ty   20)(scl   2) (nx 1) 0x00000000000144a0 ZeroMem
AUX tagndx 0 ttlsiz 0x5 lnnos 0 next 0
[355](sec  1)(fl 0x00)(ty   20)(scl   2) (nx 1) 0x0000000000019d40 DevicePathSize
AUX tagndx 0 ttlsiz 0x3f lnnos 0 next 0
[357](sec  1)(fl 0x00)(ty   20)(scl   2) (nx 1) 0x0000000000019d00 DevicePathInstanceCount
AUX tagndx 0 ttlsiz 0x40 lnnos 0 next 0
[359](sec  1)(fl 0x00)(ty   20)(scl   2) (nx 1) 0x000000000000c9f7 blake2bp_update
AUX tagndx 0 ttlsiz 0x1b3 lnnos 0 next 0
[361](sec  1)(fl 0x00)(ty   20)(scl   2) (nx 1) 0x0000000000004235 __dirr
AUX tagndx 0 ttlsiz 0x1b3 lnnos 0 next 0
[363](sec  1)(fl 0x00)(ty   20)(scl   2) (nx 1) 0x0000000000016350 ValueToString
AUX tagndx 0 ttlsiz 0x17 lnnos 0 next 0
[365](sec  1)(fl 0x00)(ty   20)(scl   2) (nx 1) 0x000000000001b0e0 LibUninstallProtocolInterfaces
AUX tagndx 0 ttlsiz 0xbd lnnos 0 next 0
[367](sec  1)(fl 0x00)(ty   20)(scl   2) (nx 1) 0x00000000000157a0 RtStrnLen
AUX tagndx 0 ttlsiz 0x29 lnnos 0 next 0
[369](sec  1)(fl 0x00)(ty   20)(scl   2) (nx 1) 0x0000000000014860 LibSetVariable
AUX tagndx 0 ttlsiz 0x27 lnnos 0 next 0
[371](sec  1)(fl 0x00)(ty   20)(scl   2) (nx 1) 0x0000000000015050 xtoi
AUX tagndx 0 ttlsiz 0x91 lnnos 0 next 0
[373](sec  1)(fl 0x00)(ty   20)(scl   2) (nx 1) 0x0000000000016370 FloatToString
AUX tagndx 0 ttlsiz 0x121 lnnos 0 next 0
[375](sec  1)(fl 0x00)(ty   20)(scl   2) (nx 1) 0x00000000000123e1 blake2xb_update
AUX tagndx 0 ttlsiz 0x2d lnnos 0 next 0
[377](sec  1)(fl 0x00)(ty   20)(scl   2) (nx 1) 0x00000000000188e0 VPoolPrint
AUX tagndx 0 ttlsiz 0x3d lnnos 0 next 0
[379](sec  1)(fl 0x00)(ty   20)(scl   2) (nx 1) 0x000000000001ae30 LibFileSystemInfo
AUX tagndx 0 ttlsiz 0x7a lnnos 0 next 0
[381](sec  1)(fl 0x00)(ty   20)(scl   2) (nx 1) 0x0000000000013113 strtok_k
AUX tagndx 0 ttlsiz 0x1f4 lnnos 0 next 0
[383](sec  1)(fl 0x00)(ty   20)(scl   2) (nx 1) 0x000000000001176a blake2sp_init
AUX tagndx 0 ttlsiz 0xf5 lnnos 0 next 0
[385](sec  1)(fl 0x00)(ty   20)(scl   2) (nx 1) 0x0000000000001545 __faddr
AUX tagndx 0 ttlsiz 0x41e lnnos 0 next 0
[387](sec  1)(fl 0x00)(ty   20)(scl   2) (nx 1) 0x00000000000161d0 IPrintAt
AUX tagndx 0 ttlsiz 0x94 lnnos 0 next 0
[389](sec  1)(fl 0x00)(ty   20)(scl   2) (nx 1) 0x0000000000015150 MetaMatch
AUX tagndx 0 ttlsiz 0x12d lnnos 0 next 0
[391](sec  1)(fl 0x00)(ty   20)(scl   2) (nx 1) 0x0000000000014d50 StrnCmp
AUX tagndx 0 ttlsiz 0x43 lnnos 0 next 0
[393](sec  1)(fl 0x00)(ty   20)(scl   2) (nx 1) 0x000000000001240e blake2xb_final
AUX tagndx 0 ttlsiz 0x220 lnnos 0 next 0
[395](sec  1)(fl 0x00)(ty   20)(scl   2) (nx 1) 0x00000000000135d7 makeGPTeNSTR
AUX tagndx 0 ttlsiz 0x7d lnnos 0 next 0
[397](sec  1)(fl 0x00)(ty   20)(scl   2) (nx 1) 0x000000000001a790 IsZeroGuid
AUX tagndx 0 ttlsiz 0x5 lnnos 0 next 0
[399](sec  1)(fl 0x00)(ty   20)(scl   2) (nx 1) 0x00000000000007d7 fmount
AUX tagndx 0 ttlsiz 0x4f1 lnnos 0 next 0
[401](sec  1)(fl 0x00)(ty   20)(scl   2) (nx 1) 0x0000000000011d46 blake2sp
AUX tagndx 0 ttlsiz 0x362 lnnos 0 next 0
[403](sec  1)(fl 0x00)(ty   20)(scl   2) (nx 1) 0x0000000000015280 LibStubMetaiMatch
AUX tagndx 0 ttlsiz 0x9c lnnos 0 next 0
[405](sec  1)(fl 0x00)(ty   20)(scl   2) (nx 1) 0x0000000000012188 blake2xb_init
AUX tagndx 0 ttlsiz 0x2c lnnos 0 next 0
[407](sec  1)(fl 0x00)(ty   20)(scl   2) (nx 1) 0x0000000000000040 _relocate
AUX tagndx 0 ttlsiz 0xbb lnnos 0 next 0
[409](sec  1)(fl 0x00)(ty   20)(scl   2) (nx 1) 0x0000000000018cb0 Output
AUX tagndx 0 ttlsiz 0x1d lnnos 0 next 0
[411](sec  1)(fl 0x00)(ty   20)(scl   2) (nx 1) 0x000000000000040f formatpart
AUX tagndx 0 ttlsiz 0x1d8 lnnos 0 next 0
[413](sec  1)(fl 0x00)(ty    0)(scl   2) (nx 0) 0x0000000000000000 _start
[414](sec  1)(fl 0x00)(ty   20)(scl   2) (nx 1) 0x0000000000015f10 CatPrint
AUX tagndx 0 ttlsiz 0xa4 lnnos 0 next 0
[416](sec  1)(fl 0x00)(ty   20)(scl   2) (nx 1) 0x00000000000134a3 match_rec
AUX tagndx 0 ttlsiz 0x134 lnnos 0 next 0
[418](sec  1)(fl 0x00)(ty   20)(scl   2) (nx 1) 0x000000000001a090 UnpackDevicePath
AUX tagndx 0 ttlsiz 0xce lnnos 0 next 0
[420](sec  1)(fl 0x00)(ty   20)(scl   2) (nx 1) 0x0000000000012a57 blake2xs_final
AUX tagndx 0 ttlsiz 0x223 lnnos 0 next 0
[422](sec  1)(fl 0x00)(ty   20)(scl   2) (nx 1) 0x0000000000015440 RtCompareMem
AUX tagndx 0 ttlsiz 0x43 lnnos 0 next 0
[424](sec  1)(fl 0x00)(ty   20)(scl   2) (nx 1) 0x0000000000005031 blake2b_init_param
AUX tagndx 0 ttlsiz 0x8f lnnos 0 next 0
[426](sec  1)(fl 0x00)(ty   20)(scl   2) (nx 1) 0x0000000000014f20 StrLen
AUX tagndx 0 ttlsiz 0x5 lnnos 0 next 0
[428](sec  1)(fl 0x00)(ty   20)(scl   2) (nx 1) 0x0000000000015490 RtCompareGuid
AUX tagndx 0 ttlsiz 0x30 lnnos 0 next 0
[430](sec  1)(fl 0x00)(ty   20)(scl   2) (nx 1) 0x0000000000013932 getDriveMediaID
AUX tagndx 0 ttlsiz 0x176 lnnos 0 next 0
[432](sec  1)(fl 0x00)(ty   20)(scl   2) (nx 1) 0x00000000000145d0 LibMemoryMap
AUX tagndx 0 ttlsiz 0xe1 lnnos 0 next 0
[434](sec  1)(fl 0x00)(ty   20)(scl   2) (nx 1) 0x000000000001adb0 LibFileInfo
AUX tagndx 0 ttlsiz 0x7a lnnos 0 next 0
[436](sec  1)(fl 0x00)(ty   20)(scl   2) (nx 1) 0x00000000000156a0 RtStrCat
AUX tagndx 0 ttlsiz 0x49 lnnos 0 next 0
[438](sec  1)(fl 0x00)(ty   20)(scl   2) (nx 1) 0x0000000000012e79 isascii
AUX tagndx 0 ttlsiz 0x14 lnnos 0 next 0
[440](sec  1)(fl 0x00)(ty   20)(scl   2) (nx 1) 0x000000000001ad60 LibOpenRoot
AUX tagndx 0 ttlsiz 0x4f lnnos 0 next 0
[442](sec  1)(fl 0x00)(ty   20)(scl   2) (nx 1) 0x0000000000003456 __fdiradd
AUX tagndx 0 ttlsiz 0x43e lnnos 0 next 0
[444](sec  1)(fl 0x00)(ty   20)(scl   2) (nx 1) 0x0000000000013307 strtok_d
AUX tagndx 0 ttlsiz 0x4a lnnos 0 next 0
[446](sec  1)(fl 0x00)(ty   20)(scl   2) (nx 1) 0x000000000001384f __strdup
AUX tagndx 0 ttlsiz 0x4c lnnos 0 next 0
[448](sec  1)(fl 0x00)(ty   20)(scl   2) (nx 1) 0x000000000000c03d blake2b_update
AUX tagndx 0 ttlsiz 0x143 lnnos 0 next 0
[450](sec  1)(fl 0x00)(ty   20)(scl   2) (nx 1) 0x0000000000014da0 LibStubStriCmp
AUX tagndx 0 ttlsiz 0x9c lnnos 0 next 0
[452](sec  1)(fl 0x00)(ty   20)(scl   2) (nx 1) 0x00000000000154c0 RtIsZeroGuid
AUX tagndx 0 ttlsiz 0xc lnnos 0 next 0
[454](sec  1)(fl 0x00)(ty   20)(scl   2) (nx 1) 0x00000000000045e4 getloc
AUX tagndx 0 ttlsiz 0x52 lnnos 0 next 0
[456](sec  1)(fl 0x00)(ty   20)(scl   2) (nx 1) 0x00000000000049fb readblock
AUX tagndx 0 ttlsiz 0x1b0 lnnos 0 next 0
[458](sec  1)(fl 0x00)(ty   20)(scl   2) (nx 1) 0x00000000000137ee __memcpy
AUX tagndx 0 ttlsiz 0x2e lnnos 0 next 0
[460](sec  1)(fl 0x00)(ty   20)(scl   2) (nx 1) 0x0000000000013f50 _entry
AUX tagndx 0 ttlsiz 0x134 lnnos 0 next 0
[462](sec  1)(fl 0x00)(ty   20)(scl   2) (nx 1) 0x000000000000d44e blake2s_init_key
AUX tagndx 0 ttlsiz 0x15b lnnos 0 next 0
[464](sec  1)(fl 0x00)(ty   20)(scl   2) (nx 1) 0x000000000001a4a0 LibDuplicateDevicePathInstance
AUX tagndx 0 ttlsiz 0x6b lnnos 0 next 0
[466](sec  1)(fl 0x00)(ty   20)(scl   2) (nx 1) 0x000000000001b3a0 MultU64x32
AUX tagndx 0 ttlsiz 0x8 lnnos 0 next 0
[468](sec  1)(fl 0x00)(ty   20)(scl   2) (nx 1) 0x0000000000016120 IPrint
AUX tagndx 0 ttlsiz 0xa6 lnnos 0 next 0
[470](sec  1)(fl 0x00)(ty   20)(scl   2) (nx 1) 0x0000000000014890 LibInsertToTailOfBootOrder
AUX tagndx 0 ttlsiz 0x15e lnnos 0 next 0
[472](sec  1)(fl 0x00)(ty   20)(scl   2) (nx 1) 0x0000000000015800 RtBCDtoDecimal
AUX tagndx 0 ttlsiz 0xf lnnos 0 next 0
[474](sec  1)(fl 0x00)(ty   20)(scl   2) (nx 1) 0x00000000000137bc __memset
AUX tagndx 0 ttlsiz 0x32 lnnos 0 next 0
[476](sec  1)(fl 0x00)(ty   20)(scl   2) (nx 1) 0x0000000000013351 trng__
AUX tagndx 0 ttlsiz 0x98 lnnos 0 next 0
[478](sec  1)(fl 0x00)(ty   20)(scl   2) (nx 1) 0x00000000000142e0 memset
AUX tagndx 0 ttlsiz 0x42 lnnos 0 next 0
[480](sec  1)(fl 0x00)(ty   20)(scl   2) (nx 1) 0x000000000001aa20 LibLocateHandleByDiskSignature
AUX tagndx 0 ttlsiz 0x340 lnnos 0 next 0
[482](sec  1)(fl 0x00)(ty   20)(scl   2) (nx 1) 0x000000000001a250 LibDevicePathToInterface
AUX tagndx 0 ttlsiz 0x85 lnnos 0 next 0
[484](sec  1)(fl 0x00)(ty   20)(scl   2) (nx 1) 0x000000000000c454 blake2
AUX tagndx 0 ttlsiz 0x48 lnnos 0 next 0
[486](sec  1)(fl 0x00)(ty   20)(scl   2) (nx 1) 0x0000000000019f60 AppendDevicePathNode
AUX tagndx 0 ttlsiz 0x78 lnnos 0 next 0
[488](sec  1)(fl 0x00)(ty   20)(scl   2) (nx 1) 0x0000000000014ba0 DecimaltoBCD
AUX tagndx 0 ttlsiz 0x9 lnnos 0 next 0
[490](sec  1)(fl 0x00)(ty   20)(scl   2) (nx 1) 0x00000000000144e0 CompareMem
AUX tagndx 0 ttlsiz 0x5 lnnos 0 next 0
[492](sec  1)(fl 0x00)(ty   20)(scl   2) (nx 1) 0x0000000000002c82 __freadinfo
AUX tagndx 0 ttlsiz 0xce lnnos 0 next 0
[494](sec  1)(fl 0x00)(ty   20)(scl   2) (nx 1) 0x0000000000012e3c __memdup
AUX tagndx 0 ttlsiz 0x3d lnnos 0 next 0
[496](sec  1)(fl 0x00)(ty   20)(scl   2) (nx 1) 0x0000000000015320 MetaiMatch
AUX tagndx 0 ttlsiz 0x1c lnnos 0 next 0
[498](sec  1)(fl 0x00)(ty   20)(scl   2) (nx 1) 0x0000000000004664 getblocksize
AUX tagndx 0 ttlsiz 0x15 lnnos 0 next 0
[500](sec  1)(fl 0x00)(ty   20)(scl   2) (nx 1) 0x0000000000002d50 __fupdatetstamp
AUX tagndx 0 ttlsiz 0x12a lnnos 0 next 0
[502](sec  1)(fl 0x00)(ty   20)(scl   2) (nx 1) 0x00000000000154e0 RtStrCmp
AUX tagndx 0 ttlsiz 0x5a lnnos 0 next 0
[504](sec  1)(fl 0x00)(ty   20)(scl   2) (nx 1) 0x00000000000159c0 _PoolPrint
AUX tagndx 0 ttlsiz 0x10f lnnos 0 next 0
[506](sec  1)(fl 0x00)(ty   20)(scl   2) (nx 1) 0x000000000000c808 blake2bp_init_key
AUX tagndx 0 ttlsiz 0x1ef lnnos 0 next 0
[508](sec  1)(fl 0x00)(ty   20)(scl   2) (nx 1) 0x0000000000016270 AsciiPrint
AUX tagndx 0 ttlsiz 0xb2 lnnos 0 next 0
[510](sec  1)(fl 0x00)(ty   20)(scl   2) (nx 1) 0x000000000001a8c0 LibLocateHandle
AUX tagndx 0 ttlsiz 0xb9 lnnos 0 next 0
[512](sec  1)(fl 0x00)(ty   20)(scl   2) (nx 1) 0x000000000001381c __strlen
AUX tagndx 0 ttlsiz 0x33 lnnos 0 next 0
[514](sec  1)(fl 0x00)(ty   20)(scl   2) (nx 1) 0x000000000001af30 LibInstallProtocolInterfaces
AUX tagndx 0 ttlsiz 0x1a3 lnnos 0 next 0
[516](sec  1)(fl 0x00)(ty   20)(scl   2) (nx 1) 0x0000000000001f31 __ffindh
AUX tagndx 0 ttlsiz 0xe9 lnnos 0 next 0
[518](sec  1)(fl 0x00)(ty   20)(scl   2) (nx 1) 0x000000000000c2f9 blake2b
AUX tagndx 0 ttlsiz 0x15b lnnos 0 next 0
[520](sec  1)(fl 0x00)(ty   20)(scl   2) (nx 1) 0x0000000000002eca _fseek
AUX tagndx 0 ttlsiz 0x1f lnnos 0 next 0
[522](sec  1)(fl 0x00)(ty   20)(scl   2) (nx 1) 0x00000000000144b0 SetMem
AUX tagndx 0 ttlsiz 0x9 lnnos 0 next 0
[524](sec  1)(fl 0x00)(ty   20)(scl   2) (nx 1) 0x0000000000014190 EFIDebugVariable
AUX tagndx 0 ttlsiz 0x4f lnnos 0 next 0
[526](sec  1)(fl 0x00)(ty   20)(scl   2) (nx 1) 0x0000000000014d40 StrCmp
AUX tagndx 0 ttlsiz 0x5 lnnos 0 next 0
[528](sec  1)(fl 0x00)(ty   20)(scl   2) (nx 1) 0x0000000000015380 RtSetMem
AUX tagndx 0 ttlsiz 0x30 lnnos 0 next 0
[530](sec  1)(fl 0x00)(ty   20)(scl   2) (nx 1) 0x0000000000002143 __ffind
AUX tagndx 0 ttlsiz 0x35 lnnos 0 next 0
[532](sec  1)(fl 0x00)(ty   20)(scl   2) (nx 1) 0x000000000001b1a0 LibReinstallProtocolInterfaces
AUX tagndx 0 ttlsiz 0x1da lnnos 0 next 0
[534](sec  1)(fl 0x00)(ty   20)(scl   2) (nx 1) 0x000000000000201a __ffindhi
AUX tagndx 0 ttlsiz 0xf1 lnnos 0 next 0
[536](sec  1)(fl 0x00)(ty   20)(scl   2) (nx 1) 0x0000000000003894 __ftest
AUX tagndx 0 ttlsiz 0x1ed lnnos 0 next 0
[538](sec  1)(fl 0x00)(ty   20)(scl   2) (nx 1) 0x0000000000015340 RtZeroMem
AUX tagndx 0 ttlsiz 0x32 lnnos 0 next 0
[540](sec  1)(fl 0x00)(ty   20)(scl   2) (nx 1) 0x0000000000000e00 __ffremoveh
AUX tagndx 0 ttlsiz 0x76 lnnos 0 next 0
[542](sec  1)(fl 0x00)(ty   20)(scl   2) (nx 1) 0x0000000000014f00 StrnCat
AUX tagndx 0 ttlsiz 0x5 lnnos 0 next 0
[544](sec  1)(fl 0x00)(ty   20)(scl   2) (nx 1) 0x0000000000015430 RtCopyMemC
AUX tagndx 0 ttlsiz 0x5 lnnos 0 next 0
[546](sec  1)(fl 0x00)(ty   20)(scl   2) (nx 1) 0x0000000000016080 PrintAt
AUX tagndx 0 ttlsiz 0x9e lnnos 0 next 0
[548](sec  1)(fl 0x00)(ty   20)(scl   2) (nx 1) 0x000000000000072b queryfs
AUX tagndx 0 ttlsiz 0xac lnnos 0 next 0
[550](sec  1)(fl 0x00)(ty   20)(scl   2) (nx 1) 0x0000000000014ec0 StrnCpy
AUX tagndx 0 ttlsiz 0x5 lnnos 0 next 0
[552](sec  1)(fl 0x00)(ty   20)(scl   2) (nx 1) 0x0000000000000223 loadpart
AUX tagndx 0 ttlsiz 0x1ec lnnos 0 next 0
[554](sec  1)(fl 0x00)(ty   20)(scl   2) (nx 1) 0x0000000000002ee9 _fseeko
AUX tagndx 0 ttlsiz 0x2a lnnos 0 next 0
[556](sec  1)(fl 0x00)(ty   20)(scl   2) (nx 1) 0x0000000000018920 _IPrint
AUX tagndx 0 ttlsiz 0xf1 lnnos 0 next 0
[558](sec  1)(fl 0x00)(ty   20)(scl   2) (nx 1) 0x000000000000271e __fdirrefresh
AUX tagndx 0 ttlsiz 0x1f3 lnnos 0 next 0
[560](sec  1)(fl 0x00)(ty   20)(scl   2) (nx 1) 0x00000000000157d0 RtStrSize
AUX tagndx 0 ttlsiz 0x2e lnnos 0 next 0
[562](sec  1)(fl 0x00)(ty   20)(scl   2) (nx 1) 0x00000000000146c0 LibGetVariableAndSize
AUX tagndx 0 ttlsiz 0xd5 lnnos 0 next 0
[564](sec  1)(fl 0x00)(ty   20)(scl   2) (nx 1) 0x0000000000015810 RtDecimaltoBCD
AUX tagndx 0 ttlsiz 0x23 lnnos 0 next 0
[566](sec  1)(fl 0x00)(ty   20)(scl   2) (nx 1) 0x000000000000210b __ffindi
AUX tagndx 0 ttlsiz 0x38 lnnos 0 next 0
[568](sec  1)(fl 0x00)(ty   20)(scl   2) (nx 1) 0x0000000000018890 UnicodeVSPrint
AUX tagndx 0 ttlsiz 0x42 lnnos 0 next 0
[570](sec  1)(fl 0x00)(ty   20)(scl   2) (nx 1) 0x000000000000c713 blake2bp_init
AUX tagndx 0 ttlsiz 0xf5 lnnos 0 next 0
[572](sec  1)(fl 0x00)(ty   20)(scl   2) (nx 1) 0x0000000000014e90 StrUpr
AUX tagndx 0 ttlsiz 0x19 lnnos 0 next 0
[574](sec  1)(fl 0x00)(ty   20)(scl   2) (nx 1) 0x0000000000018a50 AsciiVSPrint
AUX tagndx 0 ttlsiz 0xdb lnnos 0 next 0
[576](sec  1)(fl 0x00)(ty   20)(scl   2) (nx 1) 0x000000000001a770 InitializeGuid
AUX tagndx 0 ttlsiz 0x1 lnnos 0 next 0
[578](sec  1)(fl 0x00)(ty   20)(scl   2) (nx 1) 0x0000000000018da0 Input
AUX tagndx 0 ttlsiz 0x20 lnnos 0 next 0
[580](sec  1)(fl 0x00)(ty   20)(scl   2) (nx 1) 0x00000000000133ff isdigit
AUX tagndx 0 ttlsiz 0x2a lnnos 0 next 0
[582](sec  1)(fl 0x00)(ty   20)(scl   2) (nx 1) 0x00000000000005e7 queryparttablefs
AUX tagndx 0 ttlsiz 0x144 lnnos 0 next 0
[584](sec  1)(fl 0x00)(ty   20)(scl   2) (nx 1) 0x0000000000014c50 LibGetUiString
AUX tagndx 0 ttlsiz 0xc7 lnnos 0 next 0
[586](sec  1)(fl 0x00)(ty   20)(scl   2) (nx 1) 0x0000000000013905 __memcmp
AUX tagndx 0 ttlsiz 0x2d lnnos 0 next 0
[588](sec  1)(fl 0x00)(ty   20)(scl   2) (nx 1) 0x0000000000002f13 _fpush1
AUX tagndx 0 ttlsiz 0x261 lnnos 0 next 0
[590](sec  1)(fl 0x00)(ty   20)(scl   2) (nx 1) 0x0000000000015de0 AsciiSPrint
AUX tagndx 0 ttlsiz 0x8a lnnos 0 next 0
[592](sec  1)(fl 0x00)(ty   20)(scl   2) (nx 1) 0x0000000000013aa8 ValidateImageHandle
AUX tagndx 0 ttlsiz 0x5c lnnos 0 next 0
[594](sec  1)(fl 0x00)(ty   20)(scl   2) (nx 1) 0x0000000000015540 RtStrCpy
AUX tagndx 0 ttlsiz 0x39 lnnos 0 next 0
[596](sec  1)(fl 0x00)(ty   20)(scl   2) (nx 1) 0x000000000001aeb0 LibFileSystemVolumeLabelInfo
AUX tagndx 0 ttlsiz 0x7a lnnos 0 next 0
[598](sec  1)(fl 0x00)(ty   20)(scl   2) (nx 1) 0x0000000000003174 _fread1
AUX tagndx 0 ttlsiz 0x211 lnnos 0 next 0
[600](sec  1)(fl 0x00)(ty   20)(scl   2) (nx 1) 0x0000000000012c7a blake2xs
AUX tagndx 0 ttlsiz 0x11b lnnos 0 next 0
[602](sec  1)(fl 0x00)(ty   20)(scl   2) (nx 1) 0x0000000000012849 blake2xs_init
AUX tagndx 0 ttlsiz 0x2c lnnos 0 next 0
[604](sec  1)(fl 0x00)(ty   20)(scl   2) (nx 1) 0x000000000000c180 blake2b_final
AUX tagndx 0 ttlsiz 0x179 lnnos 0 next 0
[606](sec  1)(fl 0x00)(ty   20)(scl   2) (nx 1) 0x0000000000018820 _PoolCatPrint
AUX tagndx 0 ttlsiz 0x64 lnnos 0 next 0
[608](sec  1)(fl 0x00)(ty   20)(scl   2) (nx 1) 0x000000000001185f blake2sp_init_key
AUX tagndx 0 ttlsiz 0x198 lnnos 0 next 0
[610](sec  1)(fl 0x00)(ty   20)(scl   2) (nx 1) 0x0000000000015580 RtStrnCpy
AUX tagndx 0 ttlsiz 0x6f lnnos 0 next 0
[612](sec  1)(fl 0x00)(ty   20)(scl   2) (nx 1) 0x00000000000156f0 RtStrnCat
AUX tagndx 0 ttlsiz 0x78 lnnos 0 next 0
[614](sec  1)(fl 0x00)(ty   20)(scl   2) (nx 1) 0x0000000000004679 setblocksize
AUX tagndx 0 ttlsiz 0x44 lnnos 0 next 0
[616](sec  1)(fl 0x00)(ty   20)(scl   2) (nx 1) 0x00000000000051a5 blake2b_init_key
AUX tagndx 0 ttlsiz 0x1b1 lnnos 0 next 0
[618](sec  1)(fl 0x00)(ty   20)(scl   2) (nx 1) 0x00000000000147c0 LibDeleteVariable
AUX tagndx 0 ttlsiz 0x6c lnnos 0 next 0
[620](sec  1)(fl 0x00)(ty   20)(scl   2) (nx 1) 0x0000000000014bc0 LibGetSystemConfigurationTable
AUX tagndx 0 ttlsiz 0x90 lnnos 0 next 0
[622](sec  1)(fl 0x00)(ty   20)(scl   2) (nx 1) 0x0000000000018cd0 IInput
AUX tagndx 0 ttlsiz 0xc6 lnnos 0 next 0
[624](sec  1)(fl 0x00)(ty   20)(scl   2) (nx 1) 0x0000000000014390 AllocateZeroPool
AUX tagndx 0 ttlsiz 0x47 lnnos 0 next 0
[626](sec  1)(fl 0x00)(ty   20)(scl   2) (nx 1) 0x0000000000000e76 __ffremovel
AUX tagndx 0 ttlsiz 0x30 lnnos 0 next 0
[628](sec  1)(fl 0x00)(ty   20)(scl   2) (nx 1) 0x0000000000014e50 StriCmp
AUX tagndx 0 ttlsiz 0x1b lnnos 0 next 0
[630](sec  1)(fl 0x00)(ty   20)(scl   2) (nx 1) 0x00000000000149f0 ValidMBR
AUX tagndx 0 ttlsiz 0x1a1 lnnos 0 next 0
[632](sec  1)(fl 0x00)(ty   20)(scl   2) (nx 1) 0x0000000000012e8d __getfcode
AUX tagndx 0 ttlsiz 0xe7 lnnos 0 next 0
[634](sec  1)(fl 0x00)(ty   20)(scl   2) (nx 1) 0x0000000000016330 ValueToHex
AUX tagndx 0 ttlsiz 0x17 lnnos 0 next 0
[636](sec  1)(fl 0x00)(ty   20)(scl   2) (nx 1) 0x000000000001a7a0 GuidToString
AUX tagndx 0 ttlsiz 0xe3 lnnos 0 next 0
[638](sec  1)(fl 0x00)(ty   20)(scl   2) (nx 1) 0x0000000000019d80 DuplicateDevicePath
AUX tagndx 0 ttlsiz 0x68 lnnos 0 next 0
[640](sec  1)(fl 0x00)(ty   20)(scl   2) (nx 1) 0x0000000000012875 blake2xs_init_key
AUX tagndx 0 ttlsiz 0x1b5 lnnos 0 next 0
[642](sec  1)(fl 0x00)(ty   20)(scl   2) (nx 1) 0x000000000001a520 StatusToString
AUX tagndx 0 ttlsiz 0x50 lnnos 0 next 0
[644](sec  1)(fl 0x00)(ty   20)(scl   2) (nx 1) 0x0000000000002e7a _dreadinfo
AUX tagndx 0 ttlsiz 0x28 lnnos 0 next 0
[646](sec  1)(fl 0x00)(ty   20)(scl   2) (nx 1) 0x0000000000012a2a blake2xs_update
AUX tagndx 0 ttlsiz 0x2d lnnos 0 next 0
[648](sec  1)(fl 0x00)(ty   20)(scl   2) (nx 1) 0x000000000001376c __realloc
AUX tagndx 0 ttlsiz 0x2d lnnos 0 next 0
[650](sec  1)(fl 0x00)(ty   20)(scl   2) (nx 1) 0x0000000000014360 AllocatePool
AUX tagndx 0 ttlsiz 0x30 lnnos 0 next 0
[652](sec  1)(fl 0x00)(ty   20)(scl   2) (nx 1) 0x0000000000014eb0 StrCpy
AUX tagndx 0 ttlsiz 0x5 lnnos 0 next 0
[654](sec  1)(fl 0x00)(ty   20)(scl   2) (nx 1) 0x0000000000018a20 VPrint
AUX tagndx 0 ttlsiz 0x27 lnnos 0 next 0
[656](sec  1)(fl 0x00)(ty   20)(scl   2) (nx 1) 0x000000000001a2e0 DevicePathToStr
AUX tagndx 0 ttlsiz 0x13d lnnos 0 next 0
[658](sec  1)(fl 0x00)(ty   20)(scl   2) (nx 1) 0x0000000000004ce4 dispose
AUX tagndx 0 ttlsiz 0x1b lnnos 0 next 0
[660](sec  1)(fl 0x00)(ty   20)(scl   2) (nx 1) 0x00000000000140a0 InitializeUnicodeSupport
AUX tagndx 0 ttlsiz 0xed lnnos 0 next 0
[662](sec  1)(fl 0x00)(ty   20)(scl   2) (nx 1) 0x0000000000014f80 AsciiStrLen
AUX tagndx 0 ttlsiz 0x21 lnnos 0 next 0
[664](sec  1)(fl 0x00)(ty   20)(scl   2) (nx 1) 0x000000000000cbaa blake2bp_final
AUX tagndx 0 ttlsiz 0x19f lnnos 0 next 0
[666](sec  1)(fl 0x00)(ty   20)(scl   2) (nx 1) 0x0000000000003e37 __dirr_init
AUX tagndx 0 ttlsiz 0x11f lnnos 0 next 0
[668](sec  1)(fl 0x00)(ty   20)(scl   2) (nx 1) 0x0000000000019fe0 FileDevicePath
AUX tagndx 0 ttlsiz 0xac lnnos 0 next 0
[670](sec  1)(fl 0x00)(ty   20)(scl   2) (nx 1) 0x00000000000023c5 __floaddir
AUX tagndx 0 ttlsiz 0x159 lnnos 0 next 0
[672](sec  1)(fl 0x00)(ty   20)(scl   2) (nx 1) 0x0000000000013b04 IsPartition
AUX tagndx 0 ttlsiz 0x72 lnnos 0 next 0
[674](sec  1)(fl 0x00)(ty   20)(scl   2) (nx 1) 0x0000000000019df0 AppendDevicePath
AUX tagndx 0 ttlsiz 0x16d lnnos 0 next 0
[676](sec  1)(fl 0x00)(ty   20)(scl   2) (nx 1) 0x0000000000019c50 DevicePathInstance
AUX tagndx 0 ttlsiz 0xb0 lnnos 0 next 0
[678](sec  2)(fl 0x00)(ty    0)(scl   2) (nx 0) 0x00000000000002b0 gEfiMpServicesProtocolGuid
[679](sec  2)(fl 0x00)(ty    0)(scl   2) (nx 0) 0x0000000000000d48 LibInitialized
[680](sec  2)(fl 0x00)(ty    0)(scl   2) (nx 0) 0x0000000000000320 gEfiPlatformDriverOverrideProtocolGuid
[681](sec  2)(fl 0x00)(ty    0)(scl   2) (nx 0) 0x0000000000000d80 GuidList
[682](sec  2)(fl 0x00)(ty    0)(scl   2) (nx 0) 0x0000000000000380 gEfiPciIoProtocolGuid
[683](sec  2)(fl 0x00)(ty    0)(scl   2) (nx 0) 0x0000000000000080 gEfiDebugSupportProtocolGuid
[684](sec  2)(fl 0x00)(ty    0)(scl   2) (nx 0) 0x0000000000000250 ErrorOutSpliterProtocol
[685](sec  2)(fl 0x00)(ty    0)(scl   2) (nx 0) 0x0000000000000520 EndInstanceDevicePath
[686](sec  2)(fl 0x00)(ty    0)(scl   2) (nx 0) 0x0000000000000110 Ip4ServiceBindingProtocol
[687](sec  2)(fl 0x00)(ty    0)(scl   2) (nx 0) 0x0000000000000d38 ST
[688](sec  1)(fl 0x00)(ty    0)(scl   2) (nx 0) 0x0000000000018be0 efi_call8
[689](sec  1)(fl 0x00)(ty    0)(scl   2) (nx 0) 0x0000000000018b2b efi_call0
[690](sec  1)(fl 0x00)(ty    0)(scl   2) (nx 0) 0x0000000000018c58 efi_call10
[691](sec  2)(fl 0x00)(ty    0)(scl   2) (nx 0) 0x0000000000000d60 LibRuntimeDebugOut
[692](sec  2)(fl 0x00)(ty    0)(scl   2) (nx 0) 0x0000000000000260 TextOutSpliterProtocol
[693](sec  4)(fl 0x00)(ty    0)(scl   2) (nx 0) 0x0000000000000000 _DYNAMIC
[694](sec  2)(fl 0x00)(ty    0)(scl   2) (nx 0) 0x0000000000000360 gEfiDriverBindingProtocolGuid
[695](sec  2)(fl 0x00)(ty    0)(scl   2) (nx 0) 0x0000000000000060 ShellProtocolGuid
[696](sec  2)(fl 0x00)(ty    0)(scl   2) (nx 0) 0x00000000000000a0 AbsolutePointerProtocol
[697](sec  1)(fl 0x00)(ty    0)(scl   2) (nx 0) 0x000000000001b3d0 _etext
[698](sec  2)(fl 0x00)(ty    0)(scl   2) (nx 0) 0x0000000000000300 gEfiDriverFamilyOverrideProtocolGuid
[699](sec  2)(fl 0x00)(ty    0)(scl   2) (nx 0) 0x0000000000000340 gEfiComponentName2ProtocolGuid
[700](sec  2)(fl 0x00)(ty    0)(scl   2) (nx 0) 0x0000000000000100 Ip4Protocol
[701](sec  2)(fl 0x00)(ty    0)(scl   2) (nx 0) 0x00000000000002e0 gEfiFileInfoGuid
[702](sec  2)(fl 0x00)(ty    0)(scl   2) (nx 0) 0x00000000000000c0 Tcp4Protocol
[703](sec  2)(fl 0x00)(ty    0)(scl   2) (nx 0) 0x0000000000000d58 LibRuntimeRaiseTPL
[704](sec  2)(fl 0x00)(ty    0)(scl   2) (nx 0) 0x0000000000000540 UnicodeInterface
[705](sec  2)(fl 0x00)(ty    0)(scl   2) (nx 0) 0x00000000000000b0 SimplePointerProtocol
[706](sec  2)(fl 0x00)(ty    0)(scl   2) (nx 0) 0x0000000000000d20 __DTOR_END__
[707](sec  2)(fl 0x00)(ty    0)(scl   2) (nx 0) 0x0000000000000d20 __fini_array_end
[708](sec  2)(fl 0x00)(ty    0)(scl   2) (nx 0) 0x0000000000000390 gEFiUiInterfaceProtocolGuid
[709](sec  2)(fl 0x00)(ty    0)(scl   2) (nx 0) 0x0000000000000d20 gZeroGuid
[710](sec  2)(fl 0x00)(ty    0)(scl   2) (nx 0) 0x0000000000000528 RootDevicePath
[711](sec  2)(fl 0x00)(ty    0)(scl   2) (nx 0) 0x0000000000000120 EfiDtbTableGuid
[712](sec  2)(fl 0x00)(ty    0)(scl   2) (nx 0) 0x00000000000003f0 gEfiUnicodeCollationProtocolGuid
[713](sec  2)(fl 0x00)(ty    0)(scl   2) (nx 0) 0x0000000000000450 gEfiDxeServicesTableGuid
[714](sec  1)(fl 0x00)(ty    0)(scl   2) (nx 0) 0x0000000000018b44 efi_call2
[715](sec  2)(fl 0x00)(ty    0)(scl   2) (nx 0) 0x0000000000000480 gEfiBlockIo2ProtocolGuid
[716](sec  2)(fl 0x00)(ty    0)(scl   2) (nx 0) 0x0000000000000280 LegacyBootProtocol
[717](sec  2)(fl 0x00)(ty    0)(scl   2) (nx 0) 0x0000000000000160 AcpiTableGuid
[718](sec  2)(fl 0x00)(ty    0)(scl   2) (nx 0) 0x0000000000000220 gEfiEdidDiscoveredProtocolGuid
[719](sec  2)(fl 0x00)(ty    0)(scl   2) (nx 0) 0x00000000000003a0 gEfiNetworkInterfaceIdentifierProtocolGuid
[720](sec  2)(fl 0x00)(ty    0)(scl   2) (nx 0) 0x0000000000000524 EndDevicePath
[721](sec  2)(fl 0x00)(ty    0)(scl   2) (nx 0) 0x0000000000000290 VariableStoreProtocol
[722](sec  2)(fl 0x00)(ty    0)(scl   2) (nx 0) 0x0000000000000760 ErrorCodeTable
[723](sec  2)(fl 0x00)(ty    0)(scl   2) (nx 0) 0x0000000000000400 gEfiDeviceIoProtocolGuid
[724](sec  2)(fl 0x00)(ty    0)(scl   2) (nx 0) 0x0000000000000470 gEfiDiskIoProtocolGuid
[725](sec  2)(fl 0x00)(ty    0)(scl   2) (nx 0) 0x0000000000000598 EFIDebug
[726](sec  2)(fl 0x00)(ty    0)(scl   2) (nx 0) 0x0000000000000070 SimpleTextInputExProtocol
[727](sec  2)(fl 0x00)(ty    0)(scl   2) (nx 0) 0x00000000000001c0 gEfiVT100PlusGuid
[728](sec  2)(fl 0x00)(ty    0)(scl   2) (nx 0) 0x0000000000000440 gEfiSimpleFileSystemProtocolGuid
[729](sec  2)(fl 0x00)(ty    0)(scl   2) (nx 0) 0x00000000000004d0 gEfiDevicePathUtilitiesProtocolGuid
[730](sec  2)(fl 0x00)(ty    0)(scl   2) (nx 0) 0x00000000000001d0 gEfiVT100Guid
[731](sec  2)(fl 0x00)(ty    0)(scl   2) (nx 0) 0x0000000000000510 gEfiGlobalVariableGuid
[732](sec  2)(fl 0x00)(ty    0)(scl   2) (nx 0) 0x0000000000000d20 __CTOR_LIST__
[733](sec  2)(fl 0x00)(ty    0)(scl   2) (nx 0) 0x0000000000000330 gEfiHashProtocolGuid
[734](sec  2)(fl 0x00)(ty    0)(scl   2) (nx 0) 0x00000000000002d0 gEfiFileSystemInfoGuid
[735](sec  2)(fl 0x00)(ty    0)(scl   2) (nx 0) 0x0000000000000090 gEfiDebugImageInfoTableGuid
[736](sec  2)(fl 0x00)(ty    0)(scl   2) (nx 0) 0x00000000000004c0 gEfiLoadedImageProtocolGuid
[737](sec  2)(fl 0x00)(ty    0)(scl   2) (nx 0) 0x00000000000001b0 gEfiVTUTF8Guid
[738](sec  2)(fl 0x00)(ty    0)(scl   2) (nx 0) 0x00000000000002c0 gEfiFileSystemVolumeLabelInfoIdGuid
[739](sec  1)(fl 0x00)(ty    0)(scl   2) (nx 0) 0x0000000000018bb3 efi_call7
[740](sec  2)(fl 0x00)(ty    0)(scl   2) (nx 0) 0x00000000000001e0 gEfiPcAnsiGuid
[741](sec  2)(fl 0x00)(ty    0)(scl   2) (nx 0) 0x00000000000003c0 gEfiPxeBaseCodeProtocolGuid
[742](sec  1)(fl 0x00)(ty    0)(scl   2) (nx 0) 0x0000000000000000 _text
[743](sec  2)(fl 0x00)(ty    0)(scl   2) (nx 0) 0x0000000000000d20 __fini_array_start
[744](sec  2)(fl 0x00)(ty    0)(scl   2) (nx 0) 0x00000000000004b0 gEfiSimpleTextInProtocolGuid
[745](sec  2)(fl 0x00)(ty    0)(scl   2) (nx 0) 0x00000000000000f0 Udp4ServiceBindingProtocol
[746](sec  2)(fl 0x00)(ty    0)(scl   2) (nx 0) 0x0000000000000490 gEfiBlockIoProtocolGuid
[747](sec  2)(fl 0x00)(ty    0)(scl   2) (nx 0) 0x0000000000000200 gEfiEdidOverrideProtocolGuid
[748](sec  2)(fl 0x00)(ty    0)(scl   2) (nx 0) 0x0000000000000560 LibStubUnicodeInterface
[749](sec  2)(fl 0x00)(ty    0)(scl   2) (nx 0) 0x00000000000002f0 gEfiEbcProtocolGuid
[750](sec  2)(fl 0x00)(ty    0)(scl   2) (nx 0) 0x0000000000000d20 __init_array_end
[751](sec  2)(fl 0x00)(ty    0)(scl   2) (nx 0) 0x0000000000000d30 BS
[752](sec  2)(fl 0x00)(ty    0)(scl   2) (nx 0) 0x0000000000000170 MpsTableGuid
[753](sec  2)(fl 0x00)(ty    0)(scl   2) (nx 0) 0x0000000000000210 gEfiEdidActiveProtocolGuid
[754](sec  1)(fl 0x00)(ty    0)(scl   2) (nx 0) 0x0000000000018b77 efi_call5
[755](sec  2)(fl 0x00)(ty    0)(scl   2) (nx 0) 0x00000000000004f0 gEfiDevicePathToTextProtocolGuid
[756](sec  2)(fl 0x00)(ty    0)(scl   2) (nx 0) 0x0000000000000240 TextInSpliterProtocol
[757](sec  2)(fl 0x00)(ty    0)(scl   2) (nx 0) 0x0000000000000d20 __CTOR_END__
[758](sec  1)(fl 0x00)(ty    0)(scl   2) (nx 0) 0x0000000000018b52 efi_call3
[759](sec  1)(fl 0x00)(ty    0)(scl   2) (nx 0) 0x0000000000018b90 efi_call6
[760](sec  2)(fl 0x00)(ty    0)(scl   2) (nx 0) 0x0000000000000d20 __DTOR_LIST__
[761](sec  2)(fl 0x00)(ty    0)(scl   2) (nx 0) 0x000000000000052c PoolAllocationType
[762](sec  2)(fl 0x00)(ty    0)(scl   2) (nx 0) 0x00000000000003e0 gEfiSerialIoProtocolGuid
[763](sec  2)(fl 0x00)(ty    0)(scl   2) (nx 0) 0x0000000000000130 SalSystemTableGuid
[764](sec  2)(fl 0x00)(ty    0)(scl   2) (nx 0) 0x0000000000000420 gEfiLoadFileProtocolGuid
[765](sec  2)(fl 0x00)(ty    0)(scl   2) (nx 0) 0x00000000000003b0 gEfiPxeBaseCodeCallbackProtocolGuid
[766](sec  2)(fl 0x00)(ty    0)(scl   2) (nx 0) 0x0000000000000310 gEfiBusSpecificDriverOverrideProtocolGuid
[767](sec  2)(fl 0x00)(ty    0)(scl   2) (nx 0) 0x00000000000000e0 Udp4Protocol
[768](sec  2)(fl 0x00)(ty    0)(scl   2) (nx 0) 0x0000000000000150 gEfiSmbiosTableGuid
[769](sec  2)(fl 0x00)(ty    0)(scl   2) (nx 0) 0x0000000000000050 ShellParametersProtocolGuid
[770](sec  2)(fl 0x00)(ty    0)(scl   2) (nx 0) 0x0000000000000d68 LibFwInstance
[771](sec  2)(fl 0x00)(ty    0)(scl   2) (nx 0) 0x0000000000000000 _data
[772](sec  2)(fl 0x00)(ty    0)(scl   2) (nx 0) 0x0000000000000350 gEfiComponentNameProtocolGuid
[773](sec  2)(fl 0x00)(ty    0)(scl   2) (nx 0) 0x0000000000000040 ShellDynamicCommandProtocolGuid
[774](sec  2)(fl 0x00)(ty    0)(scl   2) (nx 0) 0x0000000000000500 gEfiDevicePathProtocolGuid
[775](sec  2)(fl 0x00)(ty    0)(scl   2) (nx 0) 0x00000000000004e0 gEfiDevicePathFromTextProtocolGuid
[776](sec  2)(fl 0x00)(ty    0)(scl   2) (nx 0) 0x0000000000000410 gEfiLoadFile2ProtocolGuid
[777](sec  1)(fl 0x00)(ty    0)(scl   2) (nx 0) 0x0000000000018c17 efi_call9
[778](sec  2)(fl 0x00)(ty    0)(scl   2) (nx 0) 0x0000000000000d70 RT
[779](sec  2)(fl 0x00)(ty    0)(scl   2) (nx 0) 0x0000000000000140 gEfiSmbios3TableGuid
[780](sec  2)(fl 0x00)(ty    0)(scl   2) (nx 0) 0x0000000000000370 gEfiPciRootBridgeIoProtocolGuid
[781](sec  2)(fl 0x00)(ty    0)(scl   2) (nx 0) 0x0000000000000d90 _edata
[782](sec  2)(fl 0x00)(ty    0)(scl   2) (nx 0) 0x00000000000001f0 AdapterDebugProtocol
[783](sec  2)(fl 0x00)(ty    0)(scl   2) (nx 0) 0x0000000000000d50 LibRuntimeRestoreTPL
[784](sec  2)(fl 0x00)(ty    0)(scl   2) (nx 0) 0x00000000000003d0 gEfiSimpleNetworkProtocolGuid
[785](sec  2)(fl 0x00)(ty    0)(scl   2) (nx 0) 0x0000000000000190 EfiPartTypeLegacyMbrGuid
[786](sec  2)(fl 0x00)(ty    0)(scl   2) (nx 0) 0x0000000000000430 gEfiLoadedImageDevicePathProtocolGuid
[787](sec  2)(fl 0x00)(ty    0)(scl   2) (nx 0) 0x0000000000000d40 LibImageHandle
[788](sec  2)(fl 0x00)(ty    0)(scl   2) (nx 0) 0x0000000000000270 VgaClassProtocol
[789](sec  2)(fl 0x00)(ty    0)(scl   2) (nx 0) 0x0000000000000460 gEfiDiskIo2ProtocolGuid
[790](sec  2)(fl 0x00)(ty    0)(scl   2) (nx 0) 0x0000000000000d20 __init_array_start
[791](sec  2)(fl 0x00)(ty    0)(scl   2) (nx 0) 0x0000000000000230 gEfiGraphicsOutputProtocolGuid
[792](sec  2)(fl 0x00)(ty    0)(scl   2) (nx 0) 0x00000000000000d0 Tcp4ServiceBindingProtocol
[793](sec  1)(fl 0x00)(ty    0)(scl   2) (nx 0) 0x0000000000018b36 efi_call1
[794](sec  1)(fl 0x00)(ty    0)(scl   2) (nx 0) 0x0000000000018b63 efi_call4
[795](sec  2)(fl 0x00)(ty    0)(scl   2) (nx 0) 0x00000000000004a0 gEfiSimpleTextOutProtocolGuid
[796](sec  2)(fl 0x00)(ty    0)(scl   2) (nx 0) 0x00000000000005a0 DevPathTable
[797](sec  2)(fl 0x00)(ty    0)(scl   2) (nx 0) 0x00000000000001a0 EfiPartTypeSystemPartitionGuid
[798](sec  2)(fl 0x00)(ty    0)(scl   2) (nx 0) 0x0000000000000180 UnknownDevice
[799](sec  2)(fl 0x00)(ty    0)(scl   2) (nx 0) 0x00000000000002a0 InternalShellProtocol


