This file contains any messages produced by compilers while
running configure, to aid debugging if configure makes a mistake.

It was created by libctf configure 1.2.0, which was
generated by GNU Autoconf 2.69.  Invocation command line was

  $ /mnt/c/Users/PC/Documents/GitHub/BlockyOS/compile/toolchain/prebuild/binutils-2.42/libctf/configure --srcdir=../../binutils-2.42/libctf --cache-file=./config.cache --with-gnu-as --with-gnu-ld --prefix=/mnt/c/Users/PC/Documents/GitHub/BlockyOS/compile/toolchain/prebuild/binutils-2.42-build --disable-nls --disable-werror --enable-plugins --enable-64-bit-bfd --enable-targets=all --program-transform-name=s&^&x86_64-elf-& --disable-option-checking --build=x86_64-pc-linux-gnu --host=x86_64-w64-mingw32 --target=x86_64-elf

## --------- ##
## Platform. ##
## --------- ##

hostname = DESKTOP-QQFMLBR
uname -m = x86_64
uname -r = 6.6.87.2-microsoft-standard-WSL2
uname -s = Linux
uname -v = #1 SMP PREEMPT_DYNAMIC Thu Jun  5 18:30:46 UTC 2025

/usr/bin/uname -p = unknown
/bin/uname -X     = unknown

/bin/arch              = x86_64
/usr/bin/arch -k       = unknown
/usr/convex/getsysinfo = unknown
/usr/bin/hostinfo      = unknown
/bin/machine           = unknown
/usr/bin/oslevel       = unknown
/bin/universe          = unknown

PATH: /usr/local/sbin
PATH: /usr/local/bin
PATH: /usr/sbin
PATH: /usr/bin
PATH: /sbin
PATH: /bin
PATH: /usr/games
PATH: /usr/local/games
PATH: /usr/lib/wsl/lib
PATH: /mnt/c/Program Files/WindowsApps/TheDebianProject.DebianGNULinux_1.24.0.0_x64__76v4gfsz19hv4
PATH: /mnt/c/Program Files/Common Files/Oracle/Java/javapath
PATH: /mnt/c/VulkanSDK/1.4.341.1/Bin
PATH: /mnt/c/Windows/system32
PATH: /mnt/c/Windows
PATH: /mnt/c/Windows/System32/Wbem
PATH: /mnt/c/Windows/System32/WindowsPowerShell/v1.0/
PATH: /mnt/c/Windows/System32/OpenSSH/
PATH: /mnt/c/Program Files/PowerShell/7/
PATH: /mnt/c/Program Files/Cloudflare/Cloudflare WARP/
PATH: /mnt/c/msys64/mingw64/bin
PATH: /mnt/c/msys64/
PATH: /mnt/c/Program Files/GitHub CLI/
PATH: /mnt/c/Program Files/dotnet/
PATH: /mnt/c/Program Files/Git/cmd
PATH: /mnt/c/Users/PC/AppData/Local/Microsoft/WindowsApps
PATH: /mnt/c/Users/PC/.dotnet/tools
PATH: /mnt/c/Users/PC/AppData/Local/Programs/Microsoft VS Code/bin
PATH: /mnt/c/Users/PC/AppData/Local/GitHubDesktop/bin


## ----------- ##
## Core tests. ##
## ----------- ##

configure:2253: creating cache ./config.cache
configure:2368: checking build system type
configure:2382: result: x86_64-pc-linux-gnu
configure:2402: checking host system type
configure:2415: result: x86_64-w64-mingw32
configure:2435: checking target system type
configure:2448: result: x86_64-pc-elf
configure:2485: checking for x86_64-w64-mingw32-gcc
configure:2512: result: x86_64-w64-mingw32-gcc
configure:2781: checking for C compiler version
configure:2790: x86_64-w64-mingw32-gcc --version >&5
x86_64-w64-mingw32-gcc (GCC) 14-win32
Copyright (C) 2024 Free Software Foundation, Inc.
This is free software; see the source for copying conditions.  There is NO
warranty; not even for MERCHANTABILITY or FITNESS FOR A PARTICULAR PURPOSE.

configure:2801: $? = 0
configure:2790: x86_64-w64-mingw32-gcc -v >&5
Using built-in specs.
COLLECT_GCC=x86_64-w64-mingw32-gcc
COLLECT_LTO_WRAPPER=/usr/lib/gcc/x86_64-w64-mingw32/14-win32/lto-wrapper
Target: x86_64-w64-mingw32
Configured with: /build/reproducible-path/gcc-mingw-w64-27+b1/src/configure --prefix=/usr --enable-shared --enable-static --disable-multilib --with-system-zlib --libexecdir=/usr/lib --without-included-gettext --libdir=/usr/lib --enable-libstdcxx-time=yes --with-tune=generic --with-headers --enable-version-specific-runtime-libs --enable-fully-dynamic-string --enable-libgomp --program-prefix=x86_64-w64-mingw32- --target=x86_64-w64-mingw32 --with-as=/usr/bin/x86_64-w64-mingw32-as --with-ld=/usr/bin/x86_64-w64-mingw32-ld --enable-libatomic --enable-libstdcxx-filesystem-ts=yes --enable-dependency-tracking SED=/bin/sed --enable-languages=c,c++,fortran,objc,obj-c++,ada --enable-lto --enable-threads=win32 --program-suffix=-win32
Thread model: win32
Supported LTO compression algorithms: zlib zstd
gcc version 14-win32 (GCC) 
configure:2801: $? = 0
configure:2790: x86_64-w64-mingw32-gcc -V >&5
x86_64-w64-mingw32-gcc: error: unrecognized command-line option '-V'
x86_64-w64-mingw32-gcc: fatal error: no input files
compilation terminated.
configure:2801: $? = 1
configure:2790: x86_64-w64-mingw32-gcc -qversion >&5
x86_64-w64-mingw32-gcc: error: unrecognized command-line option '-qversion'; did you mean '--version'?
x86_64-w64-mingw32-gcc: fatal error: no input files
compilation terminated.
configure:2801: $? = 1
configure:2821: checking whether the C compiler works
configure:2843: x86_64-w64-mingw32-gcc -g -O2       -Wl,--stack,12582912 conftest.c  >&5
configure:2847: $? = 0
configure:2895: result: yes
configure:2898: checking for C compiler default output file name
configure:2900: result: a.exe
configure:2906: checking for suffix of executables
configure:2913: x86_64-w64-mingw32-gcc -o conftest.exe -g -O2       -Wl,--stack,12582912 conftest.c  >&5
configure:2917: $? = 0
configure:2939: result: .exe
configure:2961: checking whether we are cross compiling
configure:2999: result: yes
configure:3004: checking for suffix of object files
configure:3026: x86_64-w64-mingw32-gcc -c -g -O2      conftest.c >&5
configure:3030: $? = 0
configure:3051: result: o
configure:3055: checking whether we are using the GNU C compiler
configure:3074: x86_64-w64-mingw32-gcc -c -g -O2      conftest.c >&5
configure:3074: $? = 0
configure:3083: result: yes
configure:3092: checking whether x86_64-w64-mingw32-gcc accepts -g
configure:3112: x86_64-w64-mingw32-gcc -c -g  conftest.c >&5
configure:3112: $? = 0
configure:3153: result: yes
configure:3170: checking for x86_64-w64-mingw32-gcc option to accept ISO C89
configure:3233: x86_64-w64-mingw32-gcc  -c -g -O2      conftest.c >&5
configure:3233: $? = 0
configure:3246: result: none needed
configure:3271: checking whether x86_64-w64-mingw32-gcc understands -c and -o together
configure:3293: x86_64-w64-mingw32-gcc -c conftest.c -o conftest2.o
configure:3296: $? = 0
configure:3293: x86_64-w64-mingw32-gcc -c conftest.c -o conftest2.o
configure:3296: $? = 0
configure:3308: result: yes
configure:3331: checking how to run the C preprocessor
configure:3362: x86_64-w64-mingw32-gcc -E  conftest.c
configure:3362: $? = 0
configure:3376: x86_64-w64-mingw32-gcc -E  conftest.c
conftest.c:9:10: fatal error: ac_nonexistent.h: No such file or directory
    9 | #include <ac_nonexistent.h>
      |          ^~~~~~~~~~~~~~~~~~
compilation terminated.
configure:3376: $? = 1
configure: failed program was:
| /* confdefs.h */
| #define PACKAGE_NAME "libctf"
| #define PACKAGE_TARNAME "libctf"
| #define PACKAGE_VERSION "1.2.0"
| #define PACKAGE_STRING "libctf 1.2.0"
| #define PACKAGE_BUGREPORT ""
| #define PACKAGE_URL ""
| /* end confdefs.h.  */
| #include <ac_nonexistent.h>
configure:3401: result: x86_64-w64-mingw32-gcc -E
configure:3421: x86_64-w64-mingw32-gcc -E  conftest.c
configure:3421: $? = 0
configure:3435: x86_64-w64-mingw32-gcc -E  conftest.c
conftest.c:9:10: fatal error: ac_nonexistent.h: No such file or directory
    9 | #include <ac_nonexistent.h>
      |          ^~~~~~~~~~~~~~~~~~
compilation terminated.
configure:3435: $? = 1
configure: failed program was:
| /* confdefs.h */
| #define PACKAGE_NAME "libctf"
| #define PACKAGE_TARNAME "libctf"
| #define PACKAGE_VERSION "1.2.0"
| #define PACKAGE_STRING "libctf 1.2.0"
| #define PACKAGE_BUGREPORT ""
| #define PACKAGE_URL ""
| /* end confdefs.h.  */
| #include <ac_nonexistent.h>
configure:3464: checking for grep that handles long lines and -e
configure:3522: result: /usr/bin/grep
configure:3527: checking for egrep
configure:3589: result: /usr/bin/grep -E
configure:3594: checking for ANSI C header files
configure:3614: x86_64-w64-mingw32-gcc -c -g -O2      conftest.c >&5
configure:3614: $? = 0
configure:3698: result: yes
configure:3711: checking for sys/types.h
configure:3711: x86_64-w64-mingw32-gcc -c -g -O2      conftest.c >&5
configure:3711: $? = 0
configure:3711: result: yes
configure:3711: checking for sys/stat.h
configure:3711: x86_64-w64-mingw32-gcc -c -g -O2      conftest.c >&5
configure:3711: $? = 0
configure:3711: result: yes
configure:3711: checking for stdlib.h
configure:3711: x86_64-w64-mingw32-gcc -c -g -O2      conftest.c >&5
configure:3711: $? = 0
configure:3711: result: yes
configure:3711: checking for string.h
configure:3711: x86_64-w64-mingw32-gcc -c -g -O2      conftest.c >&5
configure:3711: $? = 0
configure:3711: result: yes
configure:3711: checking for memory.h
configure:3711: x86_64-w64-mingw32-gcc -c -g -O2      conftest.c >&5
configure:3711: $? = 0
configure:3711: result: yes
configure:3711: checking for strings.h
configure:3711: x86_64-w64-mingw32-gcc -c -g -O2      conftest.c >&5
configure:3711: $? = 0
configure:3711: result: yes
configure:3711: checking for inttypes.h
configure:3711: x86_64-w64-mingw32-gcc -c -g -O2      conftest.c >&5
configure:3711: $? = 0
configure:3711: result: yes
configure:3711: checking for stdint.h
configure:3711: x86_64-w64-mingw32-gcc -c -g -O2      conftest.c >&5
configure:3711: $? = 0
configure:3711: result: yes
configure:3711: checking for unistd.h
configure:3711: x86_64-w64-mingw32-gcc -c -g -O2      conftest.c >&5
configure:3711: $? = 0
configure:3711: result: yes
configure:3724: checking minix/config.h usability
configure:3724: x86_64-w64-mingw32-gcc -c -g -O2      conftest.c >&5
conftest.c:52:10: fatal error: minix/config.h: No such file or directory
   52 | #include <minix/config.h>
      |          ^~~~~~~~~~~~~~~~
compilation terminated.
configure:3724: $? = 1
configure: failed program was:
| /* confdefs.h */
| #define PACKAGE_NAME "libctf"
| #define PACKAGE_TARNAME "libctf"
| #define PACKAGE_VERSION "1.2.0"
| #define PACKAGE_STRING "libctf 1.2.0"
| #define PACKAGE_BUGREPORT ""
| #define PACKAGE_URL ""
| #define STDC_HEADERS 1
| #define HAVE_SYS_TYPES_H 1
| #define HAVE_SYS_STAT_H 1
| #define HAVE_STDLIB_H 1
| #define HAVE_STRING_H 1
| #define HAVE_MEMORY_H 1
| #define HAVE_STRINGS_H 1
| #define HAVE_INTTYPES_H 1
| #define HAVE_STDINT_H 1
| #define HAVE_UNISTD_H 1
| /* end confdefs.h.  */
| #include <stdio.h>
| #ifdef HAVE_SYS_TYPES_H
| # include <sys/types.h>
| #endif
| #ifdef HAVE_SYS_STAT_H
| # include <sys/stat.h>
| #endif
| #ifdef STDC_HEADERS
| # include <stdlib.h>
| # include <stddef.h>
| #else
| # ifdef HAVE_STDLIB_H
| #  include <stdlib.h>
| # endif
| #endif
| #ifdef HAVE_STRING_H
| # if !defined STDC_HEADERS && defined HAVE_MEMORY_H
| #  include <memory.h>
| # endif
| # include <string.h>
| #endif
| #ifdef HAVE_STRINGS_H
| # include <strings.h>
| #endif
| #ifdef HAVE_INTTYPES_H
| # include <inttypes.h>
| #endif
| #ifdef HAVE_STDINT_H
| # include <stdint.h>
| #endif
| #ifdef HAVE_UNISTD_H
| # include <unistd.h>
| #endif
| #include <minix/config.h>
configure:3724: result: no
configure:3724: checking minix/config.h presence
configure:3724: x86_64-w64-mingw32-gcc -E  conftest.c
conftest.c:19:10: fatal error: minix/config.h: No such file or directory
   19 | #include <minix/config.h>
      |          ^~~~~~~~~~~~~~~~
compilation terminated.
configure:3724: $? = 1
configure: failed program was:
| /* confdefs.h */
| #define PACKAGE_NAME "libctf"
| #define PACKAGE_TARNAME "libctf"
| #define PACKAGE_VERSION "1.2.0"
| #define PACKAGE_STRING "libctf 1.2.0"
| #define PACKAGE_BUGREPORT ""
| #define PACKAGE_URL ""
| #define STDC_HEADERS 1
| #define HAVE_SYS_TYPES_H 1
| #define HAVE_SYS_STAT_H 1
| #define HAVE_STDLIB_H 1
| #define HAVE_STRING_H 1
| #define HAVE_MEMORY_H 1
| #define HAVE_STRINGS_H 1
| #define HAVE_INTTYPES_H 1
| #define HAVE_STDINT_H 1
| #define HAVE_UNISTD_H 1
| /* end confdefs.h.  */
| #include <minix/config.h>
configure:3724: result: no
configure:3724: checking for minix/config.h
configure:3724: result: no
configure:3745: checking whether it is safe to define __EXTENSIONS__
configure:3763: x86_64-w64-mingw32-gcc -c -g -O2      conftest.c >&5
configure:3763: $? = 0
configure:3770: result: yes
configure:3800: checking for a BSD-compatible install
configure:3868: result: /usr/bin/install -c
configure:3879: checking whether build environment is sane
configure:3934: result: yes
configure:3990: checking for x86_64-w64-mingw32-strip
configure:4006: found /usr/bin/x86_64-w64-mingw32-strip
configure:4017: result: x86_64-w64-mingw32-strip
configure:4082: checking for a thread-safe mkdir -p
configure:4121: result: /usr/bin/mkdir -p
configure:4128: checking for gawk
configure:4155: result: gawk
configure:4166: checking whether make sets $(MAKE)
configure:4188: result: yes
configure:4218: checking for style of include used by make
configure:4246: result: GNU
configure:4280: checking whether make supports nested variables
configure:4297: result: yes
configure:4382: checking dependency style of x86_64-w64-mingw32-gcc
configure:4493: result: gcc3
configure:4562: checking whether make supports nested variables
configure:4579: result: yes
configure:4592: checking whether make sets $(MAKE)
configure:4614: result: yes
configure:4631: checking for x86_64-w64-mingw32-gcc
configure:4658: result: x86_64-w64-mingw32-gcc
configure:4927: checking for C compiler version
configure:4936: x86_64-w64-mingw32-gcc --version >&5
x86_64-w64-mingw32-gcc (GCC) 14-win32
Copyright (C) 2024 Free Software Foundation, Inc.
This is free software; see the source for copying conditions.  There is NO
warranty; not even for MERCHANTABILITY or FITNESS FOR A PARTICULAR PURPOSE.

configure:4947: $? = 0
configure:4936: x86_64-w64-mingw32-gcc -v >&5
Using built-in specs.
COLLECT_GCC=x86_64-w64-mingw32-gcc
COLLECT_LTO_WRAPPER=/usr/lib/gcc/x86_64-w64-mingw32/14-win32/lto-wrapper
Target: x86_64-w64-mingw32
Configured with: /build/reproducible-path/gcc-mingw-w64-27+b1/src/configure --prefix=/usr --enable-shared --enable-static --disable-multilib --with-system-zlib --libexecdir=/usr/lib --without-included-gettext --libdir=/usr/lib --enable-libstdcxx-time=yes --with-tune=generic --with-headers --enable-version-specific-runtime-libs --enable-fully-dynamic-string --enable-libgomp --program-prefix=x86_64-w64-mingw32- --target=x86_64-w64-mingw32 --with-as=/usr/bin/x86_64-w64-mingw32-as --with-ld=/usr/bin/x86_64-w64-mingw32-ld --enable-libatomic --enable-libstdcxx-filesystem-ts=yes --enable-dependency-tracking SED=/bin/sed --enable-languages=c,c++,fortran,objc,obj-c++,ada --enable-lto --enable-threads=win32 --program-suffix=-win32
Thread model: win32
Supported LTO compression algorithms: zlib zstd
gcc version 14-win32 (GCC) 
configure:4947: $? = 0
configure:4936: x86_64-w64-mingw32-gcc -V >&5
x86_64-w64-mingw32-gcc: error: unrecognized command-line option '-V'
x86_64-w64-mingw32-gcc: fatal error: no input files
compilation terminated.
configure:4947: $? = 1
configure:4936: x86_64-w64-mingw32-gcc -qversion >&5
x86_64-w64-mingw32-gcc: error: unrecognized command-line option '-qversion'; did you mean '--version'?
x86_64-w64-mingw32-gcc: fatal error: no input files
compilation terminated.
configure:4947: $? = 1
configure:4951: checking whether we are using the GNU C compiler
configure:4979: result: yes
configure:4988: checking whether x86_64-w64-mingw32-gcc accepts -g
configure:5049: result: yes
configure:5066: checking for x86_64-w64-mingw32-gcc option to accept ISO C89
configure:5142: result: none needed
configure:5167: checking whether x86_64-w64-mingw32-gcc understands -c and -o together
configure:5204: result: yes
configure:5224: checking for x86_64-w64-mingw32-ranlib
configure:5251: result: x86_64-w64-mingw32-ranlib --plugin /usr/lib/gcc/x86_64-w64-mingw32/14-win32/liblto_plugin.so
configure:5318: checking for x86_64-w64-mingw32-ar
configure:5345: result: x86_64-w64-mingw32-ar --plugin /usr/lib/gcc/x86_64-w64-mingw32/14-win32/liblto_plugin.so
configure:5415: checking the archiver (x86_64-w64-mingw32-ar --plugin /usr/lib/gcc/x86_64-w64-mingw32/14-win32/liblto_plugin.so) interface
configure:5431: x86_64-w64-mingw32-gcc -c -g -O2      conftest.c >&5
configure:5431: $? = 0
configure:5433: x86_64-w64-mingw32-ar --plugin /usr/lib/gcc/x86_64-w64-mingw32/14-win32/liblto_plugin.so cru libconftest.a conftest.o >&5
x86_64-w64-mingw32-ar: `u' modifier ignored since `D' is the default (see `U')
configure:5436: $? = 0
configure:5464: result: ar
configure:5498: checking whether NLS is requested
configure:5507: result: no
configure:5545: checking for msgfmt
configure:5579: result: no
configure:5585: checking for gmsgfmt
configure:5616: result: :
configure:5656: checking for xgettext
configure:5690: result: no
configure:5727: checking for msgmerge
configure:5760: result: no
configure:5832: checking for ld used by GCC
configure:5895: result: /usr/bin/x86_64-w64-mingw32-ld
configure:5902: checking if the linker (/usr/bin/x86_64-w64-mingw32-ld) is GNU ld
GNU ld (GNU Binutils) 2.44
configure:5914: result: yes
configure:5920: checking for shared library run path origin
configure:5933: result: done
configure:6380: checking for CFPreferencesCopyAppValue
configure:6398: x86_64-w64-mingw32-gcc -o conftest.exe -g -O2       -Wl,--stack,12582912 conftest.c  -Wl,-framework -Wl,CoreFoundation >&5
conftest.c:26:10: fatal error: CoreFoundation/CFPreferences.h: No such file or directory
   26 | #include <CoreFoundation/CFPreferences.h>
      |          ^~~~~~~~~~~~~~~~~~~~~~~~~~~~~~~~
compilation terminated.
configure:6398: $? = 1
configure: failed program was:
| /* confdefs.h */
| #define PACKAGE_NAME "libctf"
| #define PACKAGE_TARNAME "libctf"
| #define PACKAGE_VERSION "1.2.0"
| #define PACKAGE_STRING "libctf 1.2.0"
| #define PACKAGE_BUGREPORT ""
| #define PACKAGE_URL ""
| #define STDC_HEADERS 1
| #define HAVE_SYS_TYPES_H 1
| #define HAVE_SYS_STAT_H 1
| #define HAVE_STDLIB_H 1
| #define HAVE_STRING_H 1
| #define HAVE_MEMORY_H 1
| #define HAVE_STRINGS_H 1
| #define HAVE_INTTYPES_H 1
| #define HAVE_STDINT_H 1
| #define HAVE_UNISTD_H 1
| #define __EXTENSIONS__ 1
| #define _ALL_SOURCE 1
| #define _GNU_SOURCE 1
| #define _POSIX_PTHREAD_SEMANTICS 1
| #define _TANDEM_SOURCE 1
| #define PACKAGE "libctf"
| #define VERSION "1.2.0"
| /* end confdefs.h.  */
| #include <CoreFoundation/CFPreferences.h>
| int
| main ()
| {
| CFPreferencesCopyAppValue(NULL, NULL)
|   ;
|   return 0;
| }
configure:6407: result: no
configure:6414: checking for CFLocaleCopyPreferredLanguages
configure:6432: x86_64-w64-mingw32-gcc -o conftest.exe -g -O2       -Wl,--stack,12582912 conftest.c  -Wl,-framework -Wl,CoreFoundation >&5
conftest.c:26:10: fatal error: CoreFoundation/CFLocale.h: No such file or directory
   26 | #include <CoreFoundation/CFLocale.h>
      |          ^~~~~~~~~~~~~~~~~~~~~~~~~~~
compilation terminated.
configure:6432: $? = 1
configure: failed program was:
| /* confdefs.h */
| #define PACKAGE_NAME "libctf"
| #define PACKAGE_TARNAME "libctf"
| #define PACKAGE_VERSION "1.2.0"
| #define PACKAGE_STRING "libctf 1.2.0"
| #define PACKAGE_BUGREPORT ""
| #define PACKAGE_URL ""
| #define STDC_HEADERS 1
| #define HAVE_SYS_TYPES_H 1
| #define HAVE_SYS_STAT_H 1
| #define HAVE_STDLIB_H 1
| #define HAVE_STRING_H 1
| #define HAVE_MEMORY_H 1
| #define HAVE_STRINGS_H 1
| #define HAVE_INTTYPES_H 1
| #define HAVE_STDINT_H 1
| #define HAVE_UNISTD_H 1
| #define __EXTENSIONS__ 1
| #define _ALL_SOURCE 1
| #define _GNU_SOURCE 1
| #define _POSIX_PTHREAD_SEMANTICS 1
| #define _TANDEM_SOURCE 1
| #define PACKAGE "libctf"
| #define VERSION "1.2.0"
| /* end confdefs.h.  */
| #include <CoreFoundation/CFLocale.h>
| int
| main ()
| {
| CFLocaleCopyPreferredLanguages();
|   ;
|   return 0;
| }
configure:6441: result: no
configure:7321: checking whether to use NLS
configure:7323: result: no
configure:7406: checking whether NLS is requested
configure:7409: result: no
configure:7542: checking how to print strings
configure:7569: result: printf
configure:7590: checking for a sed that does not truncate output
configure:7654: result: /usr/bin/sed
configure:7672: checking for fgrep
configure:7734: result: /usr/bin/grep -F
configure:7769: checking for ld used by x86_64-w64-mingw32-gcc
configure:7836: result: /usr/bin/x86_64-w64-mingw32-ld
configure:7843: checking if the linker (/usr/bin/x86_64-w64-mingw32-ld) is GNU ld
configure:7858: result: yes
configure:7870: checking for BSD- or MS-compatible name lister (nm)
configure:7926: result: /usr/bin/x86_64-w64-mingw32-nm -B
configure:8056: checking the name lister (/usr/bin/x86_64-w64-mingw32-nm -B) interface
configure:8063: x86_64-w64-mingw32-gcc -c -g -O2      conftest.c >&5
configure:8066: /usr/bin/x86_64-w64-mingw32-nm -B "conftest.o"
configure:8069: output
0000000000000000 b .bss
0000000000000000 d .data
0000000000000000 N .debug_abbrev
0000000000000000 N .debug_aranges
0000000000000000 N .debug_info
0000000000000000 N .debug_line
0000000000000000 N .debug_line_str
0000000000000000 r .rdata$zzz
0000000000000000 t .text
0000000000000000 B some_variable
configure:8076: result: BSD nm
configure:8079: checking whether ln -s works
configure:8083: result: yes
configure:8091: checking the maximum length of command line arguments
configure:8216: result: 1572864
configure:8233: checking whether the shell understands some XSI constructs
configure:8243: result: yes
configure:8247: checking whether the shell understands "+="
configure:8253: result: yes
configure:8288: checking for /usr/bin/x86_64-w64-mingw32-ld option to reload object files
configure:8295: result: -r
configure:8324: checking for x86_64-w64-mingw32-objdump
configure:8351: result: x86_64-w64-mingw32-objdump
configure:8423: checking how to recognize dependent libraries
configure:8629: result: file_magic file format pei*-i386(.*architecture: i386)?
configure:8662: checking for x86_64-w64-mingw32-ar
configure:8689: result: x86_64-w64-mingw32-ar --plugin /usr/lib/gcc/x86_64-w64-mingw32/14-win32/liblto_plugin.so
configure:8780: checking for x86_64-w64-mingw32-strip
configure:8807: result: x86_64-w64-mingw32-strip
configure:8879: checking for x86_64-w64-mingw32-ranlib
configure:8906: result: x86_64-w64-mingw32-ranlib --plugin /usr/lib/gcc/x86_64-w64-mingw32/14-win32/liblto_plugin.so
configure:9053: checking command to parse /usr/bin/x86_64-w64-mingw32-nm -B output from x86_64-w64-mingw32-gcc object
configure:9171: x86_64-w64-mingw32-gcc -c -g -O2      conftest.c >&5
configure:9174: $? = 0
configure:9178: /usr/bin/x86_64-w64-mingw32-nm -B conftest.o \| sed -n -e 's/^.*[ ]\([ABCDGIRSTW][ABCDGIRSTW]*\)[ ][ ]*\([_A-Za-z][_A-Za-z0-9]*\)$/\1 \2 \2/p' \> conftest.nm
configure:9181: $? = 0
configure:9235: x86_64-w64-mingw32-gcc -o conftest.exe -g -O2       -Wl,--stack,12582912 conftest.c conftstm.o >&5
configure:9238: $? = 0
configure:9276: result: ok
configure:10126: checking for dlfcn.h
configure:10126: x86_64-w64-mingw32-gcc -c -g -O2      conftest.c >&5
conftest.c:60:10: fatal error: dlfcn.h: No such file or directory
   60 | #include <dlfcn.h>
      |          ^~~~~~~~~
compilation terminated.
configure:10126: $? = 1
configure: failed program was:
| /* confdefs.h */
| #define PACKAGE_NAME "libctf"
| #define PACKAGE_TARNAME "libctf"
| #define PACKAGE_VERSION "1.2.0"
| #define PACKAGE_STRING "libctf 1.2.0"
| #define PACKAGE_BUGREPORT ""
| #define PACKAGE_URL ""
| #define STDC_HEADERS 1
| #define HAVE_SYS_TYPES_H 1
| #define HAVE_SYS_STAT_H 1
| #define HAVE_STDLIB_H 1
| #define HAVE_STRING_H 1
| #define HAVE_MEMORY_H 1
| #define HAVE_STRINGS_H 1
| #define HAVE_INTTYPES_H 1
| #define HAVE_STDINT_H 1
| #define HAVE_UNISTD_H 1
| #define __EXTENSIONS__ 1
| #define _ALL_SOURCE 1
| #define _GNU_SOURCE 1
| #define _POSIX_PTHREAD_SEMANTICS 1
| #define _TANDEM_SOURCE 1
| #define PACKAGE "libctf"
| #define VERSION "1.2.0"
| /* end confdefs.h.  */
| #include <stdio.h>
| #ifdef HAVE_SYS_TYPES_H
| # include <sys/types.h>
| #endif
| #ifdef HAVE_SYS_STAT_H
| # include <sys/stat.h>
| #endif
| #ifdef STDC_HEADERS
| # include <stdlib.h>
| # include <stddef.h>
| #else
| # ifdef HAVE_STDLIB_H
| #  include <stdlib.h>
| # endif
| #endif
| #ifdef HAVE_STRING_H
| # if !defined STDC_HEADERS && defined HAVE_MEMORY_H
| #  include <memory.h>
| # endif
| # include <string.h>
| #endif
| #ifdef HAVE_STRINGS_H
| # include <strings.h>
| #endif
| #ifdef HAVE_INTTYPES_H
| # include <inttypes.h>
| #endif
| #ifdef HAVE_STDINT_H
| # include <stdint.h>
| #endif
| #ifdef HAVE_UNISTD_H
| # include <unistd.h>
| #endif
| 
| #include <dlfcn.h>
configure:10126: result: no
configure:10283: checking for objdir
configure:10298: result: .libs
configure:10569: checking if x86_64-w64-mingw32-gcc supports -fno-rtti -fno-exceptions
configure:10587: x86_64-w64-mingw32-gcc -c -g -O2      -fno-rtti -fno-exceptions conftest.c >&5
cc1: warning: command-line option '-fno-rtti' is valid for C++/D/ObjC++ but not for C
configure:10591: $? = 0
configure:10604: result: no
configure:10624: checking for x86_64-w64-mingw32-gcc option to produce PIC
configure:10910: result: -DDLL_EXPORT -DPIC
configure:10922: checking if x86_64-w64-mingw32-gcc PIC flag -DDLL_EXPORT -DPIC works
configure:10940: x86_64-w64-mingw32-gcc -c -g -O2      -DDLL_EXPORT -DPIC -DPIC conftest.c >&5
configure:10944: $? = 0
configure:10957: result: yes
configure:10981: checking if x86_64-w64-mingw32-gcc static flag -static works
configure:11009: result: yes
configure:11024: checking if x86_64-w64-mingw32-gcc supports -c -o file.o
configure:11045: x86_64-w64-mingw32-gcc -c -g -O2      -o out/conftest2.o conftest.c >&5
configure:11049: $? = 0
configure:11071: result: yes
configure:11079: checking if x86_64-w64-mingw32-gcc supports -c -o file.o
configure:11126: result: yes
configure:11159: checking whether the x86_64-w64-mingw32-gcc linker (/usr/bin/x86_64-w64-mingw32-ld) supports shared libraries
configure:12230: result: yes
configure:12475: checking dynamic linker characteristics
configure:13162: result: Win32 ld.exe
configure:13269: checking how to hardcode library paths into programs
configure:13294: result: immediate
configure:13834: checking whether stripping libraries is possible
configure:13839: result: yes
configure:13874: checking if libtool supports shared libraries
configure:13876: result: yes
configure:13879: checking whether to build shared libraries
configure:13900: result: no
configure:13903: checking whether to build static libraries
configure:13907: result: yes
configure:13949: checking for special C compiler options needed for large files
configure:13994: result: no
configure:14000: checking for _FILE_OFFSET_BITS value needed for large files
configure:14025: x86_64-w64-mingw32-gcc -c -g -O2      conftest.c >&5
conftest.c:32:33: warning: left shift count >= width of type [-Wshift-count-overflow]
   32 | #define LARGE_OFF_T (((off_t) 1 << 62) - 1 + ((off_t) 1 << 62))
      |                                 ^~
conftest.c:33:23: note: in expansion of macro 'LARGE_OFF_T'
   33 |   int off_t_is_large[(LARGE_OFF_T % 2147483629 == 721
      |                       ^~~~~~~~~~~
conftest.c:32:57: warning: left shift count >= width of type [-Wshift-count-overflow]
   32 | #define LARGE_OFF_T (((off_t) 1 << 62) - 1 + ((off_t) 1 << 62))
      |                                                         ^~
conftest.c:33:23: note: in expansion of macro 'LARGE_OFF_T'
   33 |   int off_t_is_large[(LARGE_OFF_T % 2147483629 == 721
      |                       ^~~~~~~~~~~
conftest.c:32:33: warning: left shift count >= width of type [-Wshift-count-overflow]
   32 | #define LARGE_OFF_T (((off_t) 1 << 62) - 1 + ((off_t) 1 << 62))
      |                                 ^~
conftest.c:34:27: note: in expansion of macro 'LARGE_OFF_T'
   34 |                        && LARGE_OFF_T % 2147483647 == 1)
      |                           ^~~~~~~~~~~
conftest.c:32:57: warning: left shift count >= width of type [-Wshift-count-overflow]
   32 | #define LARGE_OFF_T (((off_t) 1 << 62) - 1 + ((off_t) 1 << 62))
      |                                                         ^~
conftest.c:34:27: note: in expansion of macro 'LARGE_OFF_T'
   34 |                        && LARGE_OFF_T % 2147483647 == 1)
      |                           ^~~~~~~~~~~
conftest.c:33:7: error: variably modified 'off_t_is_large' at file scope
   33 |   int off_t_is_large[(LARGE_OFF_T % 2147483629 == 721
      |       ^~~~~~~~~~~~~~
configure:14025: $? = 1
configure: failed program was:
| /* confdefs.h */
| #define PACKAGE_NAME "libctf"
| #define PACKAGE_TARNAME "libctf"
| #define PACKAGE_VERSION "1.2.0"
| #define PACKAGE_STRING "libctf 1.2.0"
| #define PACKAGE_BUGREPORT ""
| #define PACKAGE_URL ""
| #define STDC_HEADERS 1
| #define HAVE_SYS_TYPES_H 1
| #define HAVE_SYS_STAT_H 1
| #define HAVE_STDLIB_H 1
| #define HAVE_STRING_H 1
| #define HAVE_MEMORY_H 1
| #define HAVE_STRINGS_H 1
| #define HAVE_INTTYPES_H 1
| #define HAVE_STDINT_H 1
| #define HAVE_UNISTD_H 1
| #define __EXTENSIONS__ 1
| #define _ALL_SOURCE 1
| #define _GNU_SOURCE 1
| #define _POSIX_PTHREAD_SEMANTICS 1
| #define _TANDEM_SOURCE 1
| #define PACKAGE "libctf"
| #define VERSION "1.2.0"
| #define LT_OBJDIR ".libs/"
| /* end confdefs.h.  */
| #include <sys/types.h>
|  /* Check that off_t can represent 2**63 - 1 correctly.
|     We can't simply define LARGE_OFF_T to be 9223372036854775807,
|     since some C++ compilers masquerading as C compilers
|     incorrectly reject 9223372036854775807.  */
| #define LARGE_OFF_T (((off_t) 1 << 62) - 1 + ((off_t) 1 << 62))
|   int off_t_is_large[(LARGE_OFF_T % 2147483629 == 721
| 		       && LARGE_OFF_T % 2147483647 == 1)
| 		      ? 1 : -1];
| int
| main ()
| {
| 
|   ;
|   return 0;
| }
configure:14049: x86_64-w64-mingw32-gcc -c -g -O2      conftest.c >&5
configure:14049: $? = 0
configure:14057: result: 64
configure:14143: creating ./config.lt

## ------------------ ##
## Running config.lt. ##
## ------------------ ##
config.lt:628: creating libtool
configure:15508: checking for aclocal
configure:15535: result: ${SHELL} /mnt/c/Users/PC/Documents/GitHub/BlockyOS/compile/toolchain/prebuild/binutils-2.42/missing aclocal-1.15
configure:15551: checking for autoconf
configure:15578: result: ${SHELL} /mnt/c/Users/PC/Documents/GitHub/BlockyOS/compile/toolchain/prebuild/binutils-2.42/missing autoconf
configure:15594: checking for autoheader
configure:15621: result: ${SHELL} /mnt/c/Users/PC/Documents/GitHub/BlockyOS/compile/toolchain/prebuild/binutils-2.42/missing autoheader
configure:15655: checking whether x86_64-w64-mingw32-gcc supports -W
configure:15672: x86_64-w64-mingw32-gcc -c -W  conftest.c >&5
configure:15672: $? = 0
configure:15681: result: yes
configure:15655: checking whether x86_64-w64-mingw32-gcc supports -Wall
configure:15672: x86_64-w64-mingw32-gcc -c -Wall  conftest.c >&5
configure:15672: $? = 0
configure:15681: result: yes
configure:15655: checking whether x86_64-w64-mingw32-gcc supports -Wnarrowing
configure:15672: x86_64-w64-mingw32-gcc -c -Wnarrowing  conftest.c >&5
configure:15672: $? = 0
configure:15681: result: yes
configure:15655: checking whether x86_64-w64-mingw32-gcc supports -Wwrite-strings
configure:15672: x86_64-w64-mingw32-gcc -c -Wwrite-strings  conftest.c >&5
configure:15672: $? = 0
configure:15681: result: yes
configure:15655: checking whether x86_64-w64-mingw32-gcc supports -Wmissing-format-attribute
configure:15672: x86_64-w64-mingw32-gcc -c -Wmissing-format-attribute  conftest.c >&5
configure:15672: $? = 0
configure:15681: result: yes
configure:15713: checking whether x86_64-w64-mingw32-gcc supports -Wstrict-prototypes
configure:15730: x86_64-w64-mingw32-gcc -c -Wstrict-prototypes  conftest.c >&5
conftest.c:30:1: warning: function declaration isn't a prototype [-Wstrict-prototypes]
   30 | main ()
      | ^~~~
configure:15730: $? = 0
configure:15739: result: yes
configure:15713: checking whether x86_64-w64-mingw32-gcc supports -Wmissing-prototypes
configure:15730: x86_64-w64-mingw32-gcc -c -Wmissing-prototypes  conftest.c >&5
configure:15730: $? = 0
configure:15739: result: yes
configure:15713: checking whether x86_64-w64-mingw32-gcc supports -Wold-style-definition
configure:15730: x86_64-w64-mingw32-gcc -c -Wold-style-definition  conftest.c >&5
conftest.c: In function 'main':
conftest.c:30:1: warning: old-style function definition [-Wold-style-definition]
   30 | main ()
      | ^~~~
configure:15730: $? = 0
configure:15739: result: yes
configure:15763: checking whether x86_64-w64-mingw32-gcc supports -pedantic -Wlong-long
configure:15781: x86_64-w64-mingw32-gcc -c -pedantic -Wlong-long  conftest.c >&5
configure:15781: $? = 0
configure:15789: result: yes
configure:15833: checking whether to enable maintainer-specific portions of Makefiles
configure:15842: result: no
configure:15870: checking whether to install libbfd
configure:15883: result: no
configure:15928: checking whether x86_64-w64-mingw32-gcc supports -Wall
configure:15954: result: yes
configure:15975: checking for stdlib.h
configure:15975: result: yes
configure:15975: checking for unistd.h
configure:15975: result: yes
configure:15975: checking for sys/param.h
configure:15975: x86_64-w64-mingw32-gcc -c -g -O2      conftest.c >&5
configure:15975: $? = 0
configure:15975: result: yes
configure:15995: checking for getpagesize
configure:15995: x86_64-w64-mingw32-gcc -o conftest.exe -g -O2       -Wl,--stack,12582912 conftest.c  >&5
configure:15995: $? = 0
configure:15995: result: yes
configure:16004: checking for working mmap
configure:16161: result: no
configure:16171: checking for library containing dlsym
configure:16202: x86_64-w64-mingw32-gcc -o conftest.exe -g -O2       -Wl,--stack,12582912 conftest.c  >&5
/usr/bin/x86_64-w64-mingw32-ld: /tmp/ccmfuxv2.o: in function `main':
/mnt/c/Users/PC/Documents/GitHub/BlockyOS/compile/toolchain/prebuild/build/libctf/conftest.c:43:(.text.startup+0xa): undefined reference to `dlsym'
collect2: error: ld returned 1 exit status
configure:16202: $? = 1
configure: failed program was:
| /* confdefs.h */
| #define PACKAGE_NAME "libctf"
| #define PACKAGE_TARNAME "libctf"
| #define PACKAGE_VERSION "1.2.0"
| #define PACKAGE_STRING "libctf 1.2.0"
| #define PACKAGE_BUGREPORT ""
| #define PACKAGE_URL ""
| #define STDC_HEADERS 1
| #define HAVE_SYS_TYPES_H 1
| #define HAVE_SYS_STAT_H 1
| #define HAVE_STDLIB_H 1
| #define HAVE_STRING_H 1
| #define HAVE_MEMORY_H 1
| #define HAVE_STRINGS_H 1
| #define HAVE_INTTYPES_H 1
| #define HAVE_STDINT_H 1
| #define HAVE_UNISTD_H 1
| #define __EXTENSIONS__ 1
| #define _ALL_SOURCE 1
| #define _GNU_SOURCE 1
| #define _POSIX_PTHREAD_SEMANTICS 1
| #define _TANDEM_SOURCE 1
| #define PACKAGE "libctf"
| #define VERSION "1.2.0"
| #define LT_OBJDIR ".libs/"
| #define _FILE_OFFSET_BITS 64
| #define HAVE_STDLIB_H 1
| #define HAVE_UNISTD_H 1
| #define HAVE_SYS_PARAM_H 1
| #define HAVE_GETPAGESIZE 1
| /* end confdefs.h.  */
| 
| /* Override any GCC internal prototype to avoid an error.
|    Use char because int might match the return type of a GCC
|    builtin and then its argument prototype would still apply.  */
| #ifdef __cplusplus
| extern "C"
| #endif
| char dlsym ();
| int
| main ()
| {
| return dlsym ();
|   ;
|   return 0;
| }
configure:16202: x86_64-w64-mingw32-gcc -o conftest.exe -g -O2       -Wl,--stack,12582912 conftest.c -ldl   >&5
/usr/bin/x86_64-w64-mingw32-ld: cannot find -ldl: No such file or directory
collect2: error: ld returned 1 exit status
configure:16202: $? = 1
configure: failed program was:
| /* confdefs.h */
| #define PACKAGE_NAME "libctf"
| #define PACKAGE_TARNAME "libctf"
| #define PACKAGE_VERSION "1.2.0"
| #define PACKAGE_STRING "libctf 1.2.0"
| #define PACKAGE_BUGREPORT ""
| #define PACKAGE_URL ""
| #define STDC_HEADERS 1
| #define HAVE_SYS_TYPES_H 1
| #define HAVE_SYS_STAT_H 1
| #define HAVE_STDLIB_H 1
| #define HAVE_STRING_H 1
| #define HAVE_MEMORY_H 1
| #define HAVE_STRINGS_H 1
| #define HAVE_INTTYPES_H 1
| #define HAVE_STDINT_H 1
| #define HAVE_UNISTD_H 1
| #define __EXTENSIONS__ 1
| #define _ALL_SOURCE 1
| #define _GNU_SOURCE 1
| #define _POSIX_PTHREAD_SEMANTICS 1
| #define _TANDEM_SOURCE 1
| #define PACKAGE "libctf"
| #define VERSION "1.2.0"
| #define LT_OBJDIR ".libs/"
| #define _FILE_OFFSET_BITS 64
| #define HAVE_STDLIB_H 1
| #define HAVE_UNISTD_H 1
| #define HAVE_SYS_PARAM_H 1
| #define HAVE_GETPAGESIZE 1
| /* end confdefs.h.  */
| 
| /* Override any GCC internal prototype to avoid an error.
|    Use char because int might match the return type of a GCC
|    builtin and then its argument prototype would still apply.  */
| #ifdef __cplusplus
| extern "C"
| #endif
| char dlsym ();
| int
| main ()
| {
| return dlsym ();
|   ;
|   return 0;
| }
configure:16219: result: no
configure:16285: checking for ELF support in BFD
configure:16305: ./libtool --quiet --mode=link x86_64-w64-mingw32-gcc -o conftest.exe -I../../binutils-2.42/libctf/../include -I../bfd -I../../binutils-2.42/libctf/../bfd -g -O2      -L../bfd -L../libiberty  -Wl,--stack,12582912 conftest.c -lbfd -liberty   >&5
configure:16305: $? = 0
configure:16313: result: yes
configure:16326: checking whether byte ordering is bigendian
configure:16341: x86_64-w64-mingw32-gcc -c -g -O2      conftest.c >&5
conftest.c:34:16: error: unknown type name 'not'
   34 |                not a universal capable compiler
      |                ^~~
conftest.c:34:22: error: expected '=', ',', ';', 'asm' or '__attribute__' before 'universal'
   34 |                not a universal capable compiler
      |                      ^~~~~~~~~
conftest.c:34:22: error: unknown type name 'universal'
configure:16341: $? = 1
configure: failed program was:
| /* confdefs.h */
| #define PACKAGE_NAME "libctf"
| #define PACKAGE_TARNAME "libctf"
| #define PACKAGE_VERSION "1.2.0"
| #define PACKAGE_STRING "libctf 1.2.0"
| #define PACKAGE_BUGREPORT ""
| #define PACKAGE_URL ""
| #define STDC_HEADERS 1
| #define HAVE_SYS_TYPES_H 1
| #define HAVE_SYS_STAT_H 1
| #define HAVE_STDLIB_H 1
| #define HAVE_STRING_H 1
| #define HAVE_MEMORY_H 1
| #define HAVE_STRINGS_H 1
| #define HAVE_INTTYPES_H 1
| #define HAVE_STDINT_H 1
| #define HAVE_UNISTD_H 1
| #define __EXTENSIONS__ 1
| #define _ALL_SOURCE 1
| #define _GNU_SOURCE 1
| #define _POSIX_PTHREAD_SEMANTICS 1
| #define _TANDEM_SOURCE 1
| #define PACKAGE "libctf"
| #define VERSION "1.2.0"
| #define LT_OBJDIR ".libs/"
| #define _FILE_OFFSET_BITS 64
| #define HAVE_STDLIB_H 1
| #define HAVE_UNISTD_H 1
| #define HAVE_SYS_PARAM_H 1
| #define HAVE_GETPAGESIZE 1
| #define HAVE_BFD_ELF 1
| /* end confdefs.h.  */
| #ifndef __APPLE_CC__
| 	       not a universal capable compiler
| 	     #endif
| 	     typedef int dummy;
| 
configure:16386: x86_64-w64-mingw32-gcc -c -g -O2      conftest.c >&5
configure:16386: $? = 0
configure:16404: x86_64-w64-mingw32-gcc -c -g -O2      conftest.c >&5
conftest.c: In function 'main':
conftest.c:40:18: error: unknown type name 'not'; did you mean 'ino_t'?
   40 |                  not big endian
      |                  ^~~
      |                  ino_t
conftest.c:40:26: error: expected '=', ',', ';', 'asm' or '__attribute__' before 'endian'
   40 |                  not big endian
      |                          ^~~~~~
configure:16404: $? = 1
configure: failed program was:
| /* confdefs.h */
| #define PACKAGE_NAME "libctf"
| #define PACKAGE_TARNAME "libctf"
| #define PACKAGE_VERSION "1.2.0"
| #define PACKAGE_STRING "libctf 1.2.0"
| #define PACKAGE_BUGREPORT ""
| #define PACKAGE_URL ""
| #define STDC_HEADERS 1
| #define HAVE_SYS_TYPES_H 1
| #define HAVE_SYS_STAT_H 1
| #define HAVE_STDLIB_H 1
| #define HAVE_STRING_H 1
| #define HAVE_MEMORY_H 1
| #define HAVE_STRINGS_H 1
| #define HAVE_INTTYPES_H 1
| #define HAVE_STDINT_H 1
| #define HAVE_UNISTD_H 1
| #define __EXTENSIONS__ 1
| #define _ALL_SOURCE 1
| #define _GNU_SOURCE 1
| #define _POSIX_PTHREAD_SEMANTICS 1
| #define _TANDEM_SOURCE 1
| #define PACKAGE "libctf"
| #define VERSION "1.2.0"
| #define LT_OBJDIR ".libs/"
| #define _FILE_OFFSET_BITS 64
| #define HAVE_STDLIB_H 1
| #define HAVE_UNISTD_H 1
| #define HAVE_SYS_PARAM_H 1
| #define HAVE_GETPAGESIZE 1
| #define HAVE_BFD_ELF 1
| /* end confdefs.h.  */
| #include <sys/types.h>
| 		#include <sys/param.h>
| 
| int
| main ()
| {
| #if BYTE_ORDER != BIG_ENDIAN
| 		 not big endian
| 		#endif
| 
|   ;
|   return 0;
| }
configure:16532: result: no
configure:16553: checking byteswap.h usability
configure:16553: x86_64-w64-mingw32-gcc -c -g -O2      conftest.c >&5
conftest.c:66:10: fatal error: byteswap.h: No such file or directory
   66 | #include <byteswap.h>
      |          ^~~~~~~~~~~~
compilation terminated.
configure:16553: $? = 1
configure: failed program was:
| /* confdefs.h */
| #define PACKAGE_NAME "libctf"
| #define PACKAGE_TARNAME "libctf"
| #define PACKAGE_VERSION "1.2.0"
| #define PACKAGE_STRING "libctf 1.2.0"
| #define PACKAGE_BUGREPORT ""
| #define PACKAGE_URL ""
| #define STDC_HEADERS 1
| #define HAVE_SYS_TYPES_H 1
| #define HAVE_SYS_STAT_H 1
| #define HAVE_STDLIB_H 1
| #define HAVE_STRING_H 1
| #define HAVE_MEMORY_H 1
| #define HAVE_STRINGS_H 1
| #define HAVE_INTTYPES_H 1
| #define HAVE_STDINT_H 1
| #define HAVE_UNISTD_H 1
| #define __EXTENSIONS__ 1
| #define _ALL_SOURCE 1
| #define _GNU_SOURCE 1
| #define _POSIX_PTHREAD_SEMANTICS 1
| #define _TANDEM_SOURCE 1
| #define PACKAGE "libctf"
| #define VERSION "1.2.0"
| #define LT_OBJDIR ".libs/"
| #define _FILE_OFFSET_BITS 64
| #define HAVE_STDLIB_H 1
| #define HAVE_UNISTD_H 1
| #define HAVE_SYS_PARAM_H 1
| #define HAVE_GETPAGESIZE 1
| #define HAVE_BFD_ELF 1
| /* end confdefs.h.  */
| #include <stdio.h>
| #ifdef HAVE_SYS_TYPES_H
| # include <sys/types.h>
| #endif
| #ifdef HAVE_SYS_STAT_H
| # include <sys/stat.h>
| #endif
| #ifdef STDC_HEADERS
| # include <stdlib.h>
| # include <stddef.h>
| #else
| # ifdef HAVE_STDLIB_H
| #  include <stdlib.h>
| # endif
| #endif
| #ifdef HAVE_STRING_H
| # if !defined STDC_HEADERS && defined HAVE_MEMORY_H
| #  include <memory.h>
| # endif
| # include <string.h>
| #endif
| #ifdef HAVE_STRINGS_H
| # include <strings.h>
| #endif
| #ifdef HAVE_INTTYPES_H
| # include <inttypes.h>
| #endif
| #ifdef HAVE_STDINT_H
| # include <stdint.h>
| #endif
| #ifdef HAVE_UNISTD_H
| # include <unistd.h>
| #endif
| #include <byteswap.h>
configure:16553: result: no
configure:16553: checking byteswap.h presence
configure:16553: x86_64-w64-mingw32-gcc -E  conftest.c
conftest.c:33:10: fatal error: byteswap.h: No such file or directory
   33 | #include <byteswap.h>
      |          ^~~~~~~~~~~~
compilation terminated.
configure:16553: $? = 1
configure: failed program was:
| /* confdefs.h */
| #define PACKAGE_NAME "libctf"
| #define PACKAGE_TARNAME "libctf"
| #define PACKAGE_VERSION "1.2.0"
| #define PACKAGE_STRING "libctf 1.2.0"
| #define PACKAGE_BUGREPORT ""
| #define PACKAGE_URL ""
| #define STDC_HEADERS 1
| #define HAVE_SYS_TYPES_H 1
| #define HAVE_SYS_STAT_H 1
| #define HAVE_STDLIB_H 1
| #define HAVE_STRING_H 1
| #define HAVE_MEMORY_H 1
| #define HAVE_STRINGS_H 1
| #define HAVE_INTTYPES_H 1
| #define HAVE_STDINT_H 1
| #define HAVE_UNISTD_H 1
| #define __EXTENSIONS__ 1
| #define _ALL_SOURCE 1
| #define _GNU_SOURCE 1
| #define _POSIX_PTHREAD_SEMANTICS 1
| #define _TANDEM_SOURCE 1
| #define PACKAGE "libctf"
| #define VERSION "1.2.0"
| #define LT_OBJDIR ".libs/"
| #define _FILE_OFFSET_BITS 64
| #define HAVE_STDLIB_H 1
| #define HAVE_UNISTD_H 1
| #define HAVE_SYS_PARAM_H 1
| #define HAVE_GETPAGESIZE 1
| #define HAVE_BFD_ELF 1
| /* end confdefs.h.  */
| #include <byteswap.h>
configure:16553: result: no
configure:16553: checking for byteswap.h
configure:16553: result: no
configure:16553: checking endian.h usability
configure:16553: x86_64-w64-mingw32-gcc -c -g -O2      conftest.c >&5
conftest.c:66:10: fatal error: endian.h: No such file or directory
   66 | #include <endian.h>
      |          ^~~~~~~~~~
compilation terminated.
configure:16553: $? = 1
configure: failed program was:
| /* confdefs.h */
| #define PACKAGE_NAME "libctf"
| #define PACKAGE_TARNAME "libctf"
| #define PACKAGE_VERSION "1.2.0"
| #define PACKAGE_STRING "libctf 1.2.0"
| #define PACKAGE_BUGREPORT ""
| #define PACKAGE_URL ""
| #define STDC_HEADERS 1
| #define HAVE_SYS_TYPES_H 1
| #define HAVE_SYS_STAT_H 1
| #define HAVE_STDLIB_H 1
| #define HAVE_STRING_H 1
| #define HAVE_MEMORY_H 1
| #define HAVE_STRINGS_H 1
| #define HAVE_INTTYPES_H 1
| #define HAVE_STDINT_H 1
| #define HAVE_UNISTD_H 1
| #define __EXTENSIONS__ 1
| #define _ALL_SOURCE 1
| #define _GNU_SOURCE 1
| #define _POSIX_PTHREAD_SEMANTICS 1
| #define _TANDEM_SOURCE 1
| #define PACKAGE "libctf"
| #define VERSION "1.2.0"
| #define LT_OBJDIR ".libs/"
| #define _FILE_OFFSET_BITS 64
| #define HAVE_STDLIB_H 1
| #define HAVE_UNISTD_H 1
| #define HAVE_SYS_PARAM_H 1
| #define HAVE_GETPAGESIZE 1
| #define HAVE_BFD_ELF 1
| /* end confdefs.h.  */
| #include <stdio.h>
| #ifdef HAVE_SYS_TYPES_H
| # include <sys/types.h>
| #endif
| #ifdef HAVE_SYS_STAT_H
| # include <sys/stat.h>
| #endif
| #ifdef STDC_HEADERS
| # include <stdlib.h>
| # include <stddef.h>
| #else
| # ifdef HAVE_STDLIB_H
| #  include <stdlib.h>
| # endif
| #endif
| #ifdef HAVE_STRING_H
| # if !defined STDC_HEADERS && defined HAVE_MEMORY_H
| #  include <memory.h>
| # endif
| # include <string.h>
| #endif
| #ifdef HAVE_STRINGS_H
| # include <strings.h>
| #endif
| #ifdef HAVE_INTTYPES_H
| # include <inttypes.h>
| #endif
| #ifdef HAVE_STDINT_H
| # include <stdint.h>
| #endif
| #ifdef HAVE_UNISTD_H
| # include <unistd.h>
| #endif
| #include <endian.h>
configure:16553: result: no
configure:16553: checking endian.h presence
configure:16553: x86_64-w64-mingw32-gcc -E  conftest.c
conftest.c:33:10: fatal error: endian.h: No such file or directory
   33 | #include <endian.h>
      |          ^~~~~~~~~~
compilation terminated.
configure:16553: $? = 1
configure: failed program was:
| /* confdefs.h */
| #define PACKAGE_NAME "libctf"
| #define PACKAGE_TARNAME "libctf"
| #define PACKAGE_VERSION "1.2.0"
| #define PACKAGE_STRING "libctf 1.2.0"
| #define PACKAGE_BUGREPORT ""
| #define PACKAGE_URL ""
| #define STDC_HEADERS 1
| #define HAVE_SYS_TYPES_H 1
| #define HAVE_SYS_STAT_H 1
| #define HAVE_STDLIB_H 1
| #define HAVE_STRING_H 1
| #define HAVE_MEMORY_H 1
| #define HAVE_STRINGS_H 1
| #define HAVE_INTTYPES_H 1
| #define HAVE_STDINT_H 1
| #define HAVE_UNISTD_H 1
| #define __EXTENSIONS__ 1
| #define _ALL_SOURCE 1
| #define _GNU_SOURCE 1
| #define _POSIX_PTHREAD_SEMANTICS 1
| #define _TANDEM_SOURCE 1
| #define PACKAGE "libctf"
| #define VERSION "1.2.0"
| #define LT_OBJDIR ".libs/"
| #define _FILE_OFFSET_BITS 64
| #define HAVE_STDLIB_H 1
| #define HAVE_UNISTD_H 1
| #define HAVE_SYS_PARAM_H 1
| #define HAVE_GETPAGESIZE 1
| #define HAVE_BFD_ELF 1
| /* end confdefs.h.  */
| #include <endian.h>
configure:16553: result: no
configure:16553: checking for endian.h
configure:16553: result: no
configure:16565: checking for pread
configure:16565: x86_64-w64-mingw32-gcc -o conftest.exe -g -O2       -Wl,--stack,12582912 conftest.c  >&5
/usr/bin/x86_64-w64-mingw32-ld: /tmp/ccP185hk.o: in function `main':
/mnt/c/Users/PC/Documents/GitHub/BlockyOS/compile/toolchain/prebuild/build/libctf/conftest.c:67:(.text.startup+0xa): undefined reference to `pread'
collect2: error: ld returned 1 exit status
configure:16565: $? = 1
configure: failed program was:
| /* confdefs.h */
| #define PACKAGE_NAME "libctf"
| #define PACKAGE_TARNAME "libctf"
| #define PACKAGE_VERSION "1.2.0"
| #define PACKAGE_STRING "libctf 1.2.0"
| #define PACKAGE_BUGREPORT ""
| #define PACKAGE_URL ""
| #define STDC_HEADERS 1
| #define HAVE_SYS_TYPES_H 1
| #define HAVE_SYS_STAT_H 1
| #define HAVE_STDLIB_H 1
| #define HAVE_STRING_H 1
| #define HAVE_MEMORY_H 1
| #define HAVE_STRINGS_H 1
| #define HAVE_INTTYPES_H 1
| #define HAVE_STDINT_H 1
| #define HAVE_UNISTD_H 1
| #define __EXTENSIONS__ 1
| #define _ALL_SOURCE 1
| #define _GNU_SOURCE 1
| #define _POSIX_PTHREAD_SEMANTICS 1
| #define _TANDEM_SOURCE 1
| #define PACKAGE "libctf"
| #define VERSION "1.2.0"
| #define LT_OBJDIR ".libs/"
| #define _FILE_OFFSET_BITS 64
| #define HAVE_STDLIB_H 1
| #define HAVE_UNISTD_H 1
| #define HAVE_SYS_PARAM_H 1
| #define HAVE_GETPAGESIZE 1
| #define HAVE_BFD_ELF 1
| /* end confdefs.h.  */
| /* Define pread to an innocuous variant, in case <limits.h> declares pread.
|    For example, HP-UX 11i <limits.h> declares gettimeofday.  */
| #define pread innocuous_pread
| 
| /* System header to define __stub macros and hopefully few prototypes,
|     which can conflict with char pread (); below.
|     Prefer <limits.h> to <assert.h> if __STDC__ is defined, since
|     <limits.h> exists even on freestanding compilers.  */
| 
| #ifdef __STDC__
| # include <limits.h>
| #else
| # include <assert.h>
| #endif
| 
| #undef pread
| 
| /* Override any GCC internal prototype to avoid an error.
|    Use char because int might match the return type of a GCC
|    builtin and then its argument prototype would still apply.  */
| #ifdef __cplusplus
| extern "C"
| #endif
| char pread ();
| /* The GNU C library defines this for functions which it implements
|     to always fail with ENOSYS.  Some functions are actually named
|     something starting with __ and the normal name is an alias.  */
| #if defined __stub_pread || defined __stub___pread
| choke me
| #endif
| 
| int
| main ()
| {
| return pread ();
|   ;
|   return 0;
| }
configure:16565: result: no
configure:16575: checking whether bswap_16 is declared
configure:16575: x86_64-w64-mingw32-gcc -c -g -O2      conftest.c >&5
conftest.c:33:10: fatal error: byteswap.h: No such file or directory
   33 | #include <byteswap.h>
      |          ^~~~~~~~~~~~
compilation terminated.
configure:16575: $? = 1
configure: failed program was:
| /* confdefs.h */
| #define PACKAGE_NAME "libctf"
| #define PACKAGE_TARNAME "libctf"
| #define PACKAGE_VERSION "1.2.0"
| #define PACKAGE_STRING "libctf 1.2.0"
| #define PACKAGE_BUGREPORT ""
| #define PACKAGE_URL ""
| #define STDC_HEADERS 1
| #define HAVE_SYS_TYPES_H 1
| #define HAVE_SYS_STAT_H 1
| #define HAVE_STDLIB_H 1
| #define HAVE_STRING_H 1
| #define HAVE_MEMORY_H 1
| #define HAVE_STRINGS_H 1
| #define HAVE_INTTYPES_H 1
| #define HAVE_STDINT_H 1
| #define HAVE_UNISTD_H 1
| #define __EXTENSIONS__ 1
| #define _ALL_SOURCE 1
| #define _GNU_SOURCE 1
| #define _POSIX_PTHREAD_SEMANTICS 1
| #define _TANDEM_SOURCE 1
| #define PACKAGE "libctf"
| #define VERSION "1.2.0"
| #define LT_OBJDIR ".libs/"
| #define _FILE_OFFSET_BITS 64
| #define HAVE_STDLIB_H 1
| #define HAVE_UNISTD_H 1
| #define HAVE_SYS_PARAM_H 1
| #define HAVE_GETPAGESIZE 1
| #define HAVE_BFD_ELF 1
| /* end confdefs.h.  */
| #include <byteswap.h>
| 
| int
| main ()
| {
| #ifndef bswap_16
| #ifdef __cplusplus
|   (void) bswap_16;
| #else
|   (void) bswap_16;
| #endif
| #endif
| 
|   ;
|   return 0;
| }
configure:16575: result: no
configure:16586: checking whether bswap_32 is declared
configure:16586: x86_64-w64-mingw32-gcc -c -g -O2      conftest.c >&5
conftest.c:34:10: fatal error: byteswap.h: No such file or directory
   34 | #include <byteswap.h>
      |          ^~~~~~~~~~~~
compilation terminated.
configure:16586: $? = 1
configure: failed program was:
| /* confdefs.h */
| #define PACKAGE_NAME "libctf"
| #define PACKAGE_TARNAME "libctf"
| #define PACKAGE_VERSION "1.2.0"
| #define PACKAGE_STRING "libctf 1.2.0"
| #define PACKAGE_BUGREPORT ""
| #define PACKAGE_URL ""
| #define STDC_HEADERS 1
| #define HAVE_SYS_TYPES_H 1
| #define HAVE_SYS_STAT_H 1
| #define HAVE_STDLIB_H 1
| #define HAVE_STRING_H 1
| #define HAVE_MEMORY_H 1
| #define HAVE_STRINGS_H 1
| #define HAVE_INTTYPES_H 1
| #define HAVE_STDINT_H 1
| #define HAVE_UNISTD_H 1
| #define __EXTENSIONS__ 1
| #define _ALL_SOURCE 1
| #define _GNU_SOURCE 1
| #define _POSIX_PTHREAD_SEMANTICS 1
| #define _TANDEM_SOURCE 1
| #define PACKAGE "libctf"
| #define VERSION "1.2.0"
| #define LT_OBJDIR ".libs/"
| #define _FILE_OFFSET_BITS 64
| #define HAVE_STDLIB_H 1
| #define HAVE_UNISTD_H 1
| #define HAVE_SYS_PARAM_H 1
| #define HAVE_GETPAGESIZE 1
| #define HAVE_BFD_ELF 1
| #define HAVE_DECL_BSWAP_16 0
| /* end confdefs.h.  */
| #include <byteswap.h>
| 
| int
| main ()
| {
| #ifndef bswap_32
| #ifdef __cplusplus
|   (void) bswap_32;
| #else
|   (void) bswap_32;
| #endif
| #endif
| 
|   ;
|   return 0;
| }
configure:16586: result: no
configure:16597: checking whether bswap_64 is declared
configure:16597: x86_64-w64-mingw32-gcc -c -g -O2      conftest.c >&5
conftest.c:35:10: fatal error: byteswap.h: No such file or directory
   35 | #include <byteswap.h>
      |          ^~~~~~~~~~~~
compilation terminated.
configure:16597: $? = 1
configure: failed program was:
| /* confdefs.h */
| #define PACKAGE_NAME "libctf"
| #define PACKAGE_TARNAME "libctf"
| #define PACKAGE_VERSION "1.2.0"
| #define PACKAGE_STRING "libctf 1.2.0"
| #define PACKAGE_BUGREPORT ""
| #define PACKAGE_URL ""
| #define STDC_HEADERS 1
| #define HAVE_SYS_TYPES_H 1
| #define HAVE_SYS_STAT_H 1
| #define HAVE_STDLIB_H 1
| #define HAVE_STRING_H 1
| #define HAVE_MEMORY_H 1
| #define HAVE_STRINGS_H 1
| #define HAVE_INTTYPES_H 1
| #define HAVE_STDINT_H 1
| #define HAVE_UNISTD_H 1
| #define __EXTENSIONS__ 1
| #define _ALL_SOURCE 1
| #define _GNU_SOURCE 1
| #define _POSIX_PTHREAD_SEMANTICS 1
| #define _TANDEM_SOURCE 1
| #define PACKAGE "libctf"
| #define VERSION "1.2.0"
| #define LT_OBJDIR ".libs/"
| #define _FILE_OFFSET_BITS 64
| #define HAVE_STDLIB_H 1
| #define HAVE_UNISTD_H 1
| #define HAVE_SYS_PARAM_H 1
| #define HAVE_GETPAGESIZE 1
| #define HAVE_BFD_ELF 1
| #define HAVE_DECL_BSWAP_16 0
| #define HAVE_DECL_BSWAP_32 0
| /* end confdefs.h.  */
| #include <byteswap.h>
| 
| int
| main ()
| {
| #ifndef bswap_64
| #ifdef __cplusplus
|   (void) bswap_64;
| #else
|   (void) bswap_64;
| #endif
| #endif
| 
|   ;
|   return 0;
| }
configure:16597: result: no
configure:16609: checking whether asprintf is declared
configure:16609: x86_64-w64-mingw32-gcc -c -g -O2      conftest.c >&5
configure:16609: $? = 0
configure:16609: result: yes
configure:16619: checking whether vasprintf is declared
configure:16619: x86_64-w64-mingw32-gcc -c -g -O2      conftest.c >&5
configure:16619: $? = 0
configure:16619: result: yes
configure:16629: checking whether stpcpy is declared
configure:16629: x86_64-w64-mingw32-gcc -c -g -O2      conftest.c >&5
conftest.c: In function 'main':
conftest.c:78:10: error: 'stpcpy' undeclared (first use in this function); did you mean 'strcpy'?
   78 |   (void) stpcpy;
      |          ^~~~~~
      |          strcpy
conftest.c:78:10: note: each undeclared identifier is reported only once for each function it appears in
configure:16629: $? = 1
configure: failed program was:
| /* confdefs.h */
| #define PACKAGE_NAME "libctf"
| #define PACKAGE_TARNAME "libctf"
| #define PACKAGE_VERSION "1.2.0"
| #define PACKAGE_STRING "libctf 1.2.0"
| #define PACKAGE_BUGREPORT ""
| #define PACKAGE_URL ""
| #define STDC_HEADERS 1
| #define HAVE_SYS_TYPES_H 1
| #define HAVE_SYS_STAT_H 1
| #define HAVE_STDLIB_H 1
| #define HAVE_STRING_H 1
| #define HAVE_MEMORY_H 1
| #define HAVE_STRINGS_H 1
| #define HAVE_INTTYPES_H 1
| #define HAVE_STDINT_H 1
| #define HAVE_UNISTD_H 1
| #define __EXTENSIONS__ 1
| #define _ALL_SOURCE 1
| #define _GNU_SOURCE 1
| #define _POSIX_PTHREAD_SEMANTICS 1
| #define _TANDEM_SOURCE 1
| #define PACKAGE "libctf"
| #define VERSION "1.2.0"
| #define LT_OBJDIR ".libs/"
| #define _FILE_OFFSET_BITS 64
| #define HAVE_STDLIB_H 1
| #define HAVE_UNISTD_H 1
| #define HAVE_SYS_PARAM_H 1
| #define HAVE_GETPAGESIZE 1
| #define HAVE_BFD_ELF 1
| #define HAVE_DECL_BSWAP_16 0
| #define HAVE_DECL_BSWAP_32 0
| #define HAVE_DECL_BSWAP_64 0
| #define HAVE_DECL_ASPRINTF 1
| #define HAVE_DECL_VASPRINTF 1
| /* end confdefs.h.  */
| #include <stdio.h>
| #ifdef HAVE_SYS_TYPES_H
| # include <sys/types.h>
| #endif
| #ifdef HAVE_SYS_STAT_H
| # include <sys/stat.h>
| #endif
| #ifdef STDC_HEADERS
| # include <stdlib.h>
| # include <stddef.h>
| #else
| # ifdef HAVE_STDLIB_H
| #  include <stdlib.h>
| # endif
| #endif
| #ifdef HAVE_STRING_H
| # if !defined STDC_HEADERS && defined HAVE_MEMORY_H
| #  include <memory.h>
| # endif
| # include <string.h>
| #endif
| #ifdef HAVE_STRINGS_H
| # include <strings.h>
| #endif
| #ifdef HAVE_INTTYPES_H
| # include <inttypes.h>
| #endif
| #ifdef HAVE_STDINT_H
| # include <stdint.h>
| #endif
| #ifdef HAVE_UNISTD_H
| # include <unistd.h>
| #endif
| int
| main ()
| {
| #ifndef stpcpy
| #ifdef __cplusplus
|   (void) stpcpy;
| #else
|   (void) stpcpy;
| #endif
| #endif
| 
|   ;
|   return 0;
| }
configure:16629: result: no
configure:16647: checking for qsort_r
configure:16647: x86_64-w64-mingw32-gcc -o conftest.exe -g -O2       -Wl,--stack,12582912 conftest.c  >&5
/usr/bin/x86_64-w64-mingw32-ld: /tmp/ccu8Q1Fk.o: in function `main':
/mnt/c/Users/PC/Documents/GitHub/BlockyOS/compile/toolchain/prebuild/build/libctf/conftest.c:73:(.text.startup+0xa): undefined reference to `qsort_r'
collect2: error: ld returned 1 exit status
configure:16647: $? = 1
configure: failed program was:
| /* confdefs.h */
| #define PACKAGE_NAME "libctf"
| #define PACKAGE_TARNAME "libctf"
| #define PACKAGE_VERSION "1.2.0"
| #define PACKAGE_STRING "libctf 1.2.0"
| #define PACKAGE_BUGREPORT ""
| #define PACKAGE_URL ""
| #define STDC_HEADERS 1
| #define HAVE_SYS_TYPES_H 1
| #define HAVE_SYS_STAT_H 1
| #define HAVE_STDLIB_H 1
| #define HAVE_STRING_H 1
| #define HAVE_MEMORY_H 1
| #define HAVE_STRINGS_H 1
| #define HAVE_INTTYPES_H 1
| #define HAVE_STDINT_H 1
| #define HAVE_UNISTD_H 1
| #define __EXTENSIONS__ 1
| #define _ALL_SOURCE 1
| #define _GNU_SOURCE 1
| #define _POSIX_PTHREAD_SEMANTICS 1
| #define _TANDEM_SOURCE 1
| #define PACKAGE "libctf"
| #define VERSION "1.2.0"
| #define LT_OBJDIR ".libs/"
| #define _FILE_OFFSET_BITS 64
| #define HAVE_STDLIB_H 1
| #define HAVE_UNISTD_H 1
| #define HAVE_SYS_PARAM_H 1
| #define HAVE_GETPAGESIZE 1
| #define HAVE_BFD_ELF 1
| #define HAVE_DECL_BSWAP_16 0
| #define HAVE_DECL_BSWAP_32 0
| #define HAVE_DECL_BSWAP_64 0
| #define HAVE_DECL_ASPRINTF 1
| #define HAVE_DECL_VASPRINTF 1
| #define HAVE_DECL_STPCPY 0
| /* end confdefs.h.  */
| /* Define qsort_r to an innocuous variant, in case <limits.h> declares qsort_r.
|    For example, HP-UX 11i <limits.h> declares gettimeofday.  */
| #define qsort_r innocuous_qsort_r
| 
| /* System header to define __stub macros and hopefully few prototypes,
|     which can conflict with char qsort_r (); below.
|     Prefer <limits.h> to <assert.h> if __STDC__ is defined, since
|     <limits.h> exists even on freestanding compilers.  */
| 
| #ifdef __STDC__
| # include <limits.h>
| #else
| # include <assert.h>
| #endif
| 
| #undef qsort_r
| 
| /* Override any GCC internal prototype to avoid an error.
|    Use char because int might match the return type of a GCC
|    builtin and then its argument prototype would still apply.  */
| #ifdef __cplusplus
| extern "C"
| #endif
| char qsort_r ();
| /* The GNU C library defines this for functions which it implements
|     to always fail with ENOSYS.  Some functions are actually named
|     something starting with __ and the normal name is an alias.  */
| #if defined __stub_qsort_r || defined __stub___qsort_r
| choke me
| #endif
| 
| int
| main ()
| {
| return qsort_r ();
|   ;
|   return 0;
| }
configure:16647: result: no
configure:16743: checking for O_CLOEXEC
configure:16763: x86_64-w64-mingw32-gcc -o conftest.exe -g -O2       -Wl,--stack,12582912 conftest.c  >&5
conftest.c:41:26: error: unknown type name 'choke'
   41 |                          choke me;
      |                          ^~~~~
conftest.c: In function 'main':
conftest.c:47:8: error: 'O_CLOEXEC' undeclared (first use in this function)
   47 | return O_CLOEXEC;
      |        ^~~~~~~~~
conftest.c:47:8: note: each undeclared identifier is reported only once for each function it appears in
configure:16763: $? = 1
configure: failed program was:
| /* confdefs.h */
| #define PACKAGE_NAME "libctf"
| #define PACKAGE_TARNAME "libctf"
| #define PACKAGE_VERSION "1.2.0"
| #define PACKAGE_STRING "libctf 1.2.0"
| #define PACKAGE_BUGREPORT ""
| #define PACKAGE_URL ""
| #define STDC_HEADERS 1
| #define HAVE_SYS_TYPES_H 1
| #define HAVE_SYS_STAT_H 1
| #define HAVE_STDLIB_H 1
| #define HAVE_STRING_H 1
| #define HAVE_MEMORY_H 1
| #define HAVE_STRINGS_H 1
| #define HAVE_INTTYPES_H 1
| #define HAVE_STDINT_H 1
| #define HAVE_UNISTD_H 1
| #define __EXTENSIONS__ 1
| #define _ALL_SOURCE 1
| #define _GNU_SOURCE 1
| #define _POSIX_PTHREAD_SEMANTICS 1
| #define _TANDEM_SOURCE 1
| #define PACKAGE "libctf"
| #define VERSION "1.2.0"
| #define LT_OBJDIR ".libs/"
| #define _FILE_OFFSET_BITS 64
| #define HAVE_STDLIB_H 1
| #define HAVE_UNISTD_H 1
| #define HAVE_SYS_PARAM_H 1
| #define HAVE_GETPAGESIZE 1
| #define HAVE_BFD_ELF 1
| #define HAVE_DECL_BSWAP_16 0
| #define HAVE_DECL_BSWAP_32 0
| #define HAVE_DECL_BSWAP_64 0
| #define HAVE_DECL_ASPRINTF 1
| #define HAVE_DECL_VASPRINTF 1
| #define HAVE_DECL_STPCPY 0
| /* end confdefs.h.  */
| #include <fcntl.h>
|                        #ifndef O_CLOEXEC
|                          choke me;
|                        #endif
| 
| int
| main ()
| {
| return O_CLOEXEC;
|   ;
|   return 0;
| }
configure:16771: result: no
configure:16786: checking for makeinfo
configure:16813: result: makeinfo --split-size=5000000
configure:16891: checking for expect
configure:16924: result: no
configure:16929: checking for Tcl supporting try/catch
configure:16940: result: no
configure:16951: checking for linker versioning flags
configure:16966: x86_64-w64-mingw32-gcc -o conftest.exe -g -O2     -fPIC   -Wl,--stack,12582912 -shared -Wl,--version-script=conftest.ver conftest.c  >&5
configure:16966: $? = 0
configure:16995: result: -Wl,--version-script='../../binutils-2.42/libctf/libctf.ver'
configure:17076: updating cache ./config.cache
configure:17120: checking that generated files are newer than configure
configure:17126: result: done
configure:17170: creating ./config.status

## ---------------------- ##
## Running config.status. ##
## ---------------------- ##

This file was extended by libctf config.status 1.2.0, which was
generated by GNU Autoconf 2.69.  Invocation command line was

  CONFIG_FILES    = 
  CONFIG_HEADERS  = 
  CONFIG_LINKS    = 
  CONFIG_COMMANDS = 
  $ ./config.status 

on DESKTOP-QQFMLBR

config.status:1160: creating Makefile
config.status:1160: creating config.h
config.status:1374: executing depfiles commands
config.status:1374: executing default-1 commands
config.status:1374: executing libtool commands

## ---------------- ##
## Cache variables. ##
## ---------------- ##

ac_cv_build=x86_64-pc-linux-gnu
ac_cv_c_bigendian=no
ac_cv_c_compiler_gnu=yes
ac_cv_env_CC_set=set
ac_cv_env_CC_value=x86_64-w64-mingw32-gcc
ac_cv_env_CFLAGS_set=set
ac_cv_env_CFLAGS_value='-g -O2    '
ac_cv_env_CPPFLAGS_set=
ac_cv_env_CPPFLAGS_value=
ac_cv_env_CPP_set=
ac_cv_env_CPP_value=
ac_cv_env_LDFLAGS_set=set
ac_cv_env_LDFLAGS_value=' -Wl,--stack,12582912'
ac_cv_env_LIBS_set=
ac_cv_env_LIBS_value=
ac_cv_env_build_alias_set=set
ac_cv_env_build_alias_value=x86_64-pc-linux-gnu
ac_cv_env_host_alias_set=set
ac_cv_env_host_alias_value=x86_64-w64-mingw32
ac_cv_env_target_alias_set=set
ac_cv_env_target_alias_value=x86_64-elf
ac_cv_exeext=.exe
ac_cv_func_getpagesize=yes
ac_cv_func_mmap_fixed_mapped=no
ac_cv_func_pread=no
ac_cv_func_qsort_r=no
ac_cv_have_decl_asprintf=yes
ac_cv_have_decl_bswap_16=no
ac_cv_have_decl_bswap_32=no
ac_cv_have_decl_bswap_64=no
ac_cv_have_decl_stpcpy=no
ac_cv_have_decl_vasprintf=yes
ac_cv_header_byteswap_h=no
ac_cv_header_dlfcn_h=no
ac_cv_header_endian_h=no
ac_cv_header_inttypes_h=yes
ac_cv_header_memory_h=yes
ac_cv_header_minix_config_h=no
ac_cv_header_stdc=yes
ac_cv_header_stdint_h=yes
ac_cv_header_stdlib_h=yes
ac_cv_header_string_h=yes
ac_cv_header_strings_h=yes
ac_cv_header_sys_param_h=yes
ac_cv_header_sys_stat_h=yes
ac_cv_header_sys_types_h=yes
ac_cv_header_unistd_h=yes
ac_cv_host=x86_64-w64-mingw32
ac_cv_libctf_bfd_elf=yes
ac_cv_libctf_macro_O_CLOEXEC=no
ac_cv_libctf_qsort_r_signature=unknown
ac_cv_libctf_tcl_try=no
ac_cv_libctf_version_script='-Wl,--version-script='\''../../binutils-2.42/libctf/libctf.ver'\'''
ac_cv_objext=o
ac_cv_path_EGREP='/usr/bin/grep -E'
ac_cv_path_FGREP='/usr/bin/grep -F'
ac_cv_path_GMSGFMT=:
ac_cv_path_GREP=/usr/bin/grep
ac_cv_path_MSGFMT=:
ac_cv_path_MSGMERGE=:
ac_cv_path_SED=/usr/bin/sed
ac_cv_path_XGETTEXT=:
ac_cv_path_mkdir=/usr/bin/mkdir
ac_cv_prog_ACLOCAL='${SHELL} /mnt/c/Users/PC/Documents/GitHub/BlockyOS/compile/toolchain/prebuild/binutils-2.42/missing aclocal-1.15'
ac_cv_prog_AR='x86_64-w64-mingw32-ar --plugin /usr/lib/gcc/x86_64-w64-mingw32/14-win32/liblto_plugin.so'
ac_cv_prog_AUTOCONF='${SHELL} /mnt/c/Users/PC/Documents/GitHub/BlockyOS/compile/toolchain/prebuild/binutils-2.42/missing autoconf'
ac_cv_prog_AUTOHEADER='${SHELL} /mnt/c/Users/PC/Documents/GitHub/BlockyOS/compile/toolchain/prebuild/binutils-2.42/missing autoheader'
ac_cv_prog_AWK=gawk
ac_cv_prog_CC=x86_64-w64-mingw32-gcc
ac_cv_prog_CPP='x86_64-w64-mingw32-gcc -E'
ac_cv_prog_MAKEINFO='makeinfo --split-size=5000000'
ac_cv_prog_OBJDUMP=x86_64-w64-mingw32-objdump
ac_cv_prog_RANLIB='x86_64-w64-mingw32-ranlib --plugin /usr/lib/gcc/x86_64-w64-mingw32/14-win32/liblto_plugin.so'
ac_cv_prog_STRIP=x86_64-w64-mingw32-strip
ac_cv_prog_cc_c89=
ac_cv_prog_cc_g=yes
ac_cv_prog_make_make_set=yes
ac_cv_safe_to_define___extensions__=yes
ac_cv_search_dlsym=no
ac_cv_sys_file_offset_bits=64
ac_cv_sys_largefile_CC=no
ac_cv_target=x86_64-pc-elf
acl_cv_hardcode_direct=no
acl_cv_hardcode_libdir_flag_spec='${wl}-rpath ${wl}$libdir'
acl_cv_hardcode_libdir_separator=
acl_cv_hardcode_minus_L=no
acl_cv_libext=a
acl_cv_path_LD=/usr/bin/x86_64-w64-mingw32-ld
acl_cv_prog_gnu_ld=yes
acl_cv_rpath=done
acl_cv_shlibext=dll
acl_cv_wl=-Wl,
acx_cv_prog_cc_pedantic__Wlong_long=yes
acx_cv_prog_cc_warning__W=yes
acx_cv_prog_cc_warning__Wall=yes
acx_cv_prog_cc_warning__Wmissing_format_attribute=yes
acx_cv_prog_cc_warning__Wmissing_prototypes=yes
acx_cv_prog_cc_warning__Wnarrowing=yes
acx_cv_prog_cc_warning__Wold_style_definition=yes
acx_cv_prog_cc_warning__Wstrict_prototypes=yes
acx_cv_prog_cc_warning__Wwrite_strings=yes
am_cv_CC_dependencies_compiler_type=gcc3
am_cv_ar_interface=ar
am_cv_make_support_nested_variables=yes
am_cv_prog_cc_c_o=yes
gt_cv_func_CFLocaleCopyPreferredLanguages=no
gt_cv_func_CFPreferencesCopyAppValue=no
lt_cv_deplibs_check_method='file_magic file format pei*-i386(.*architecture: i386)?'
lt_cv_file_magic_cmd='$OBJDUMP -f'
lt_cv_file_magic_test_file=
lt_cv_ld_reload_flag=-r
lt_cv_nm_interface='BSD nm'
lt_cv_objdir=.libs
lt_cv_path_LD=/usr/bin/x86_64-w64-mingw32-ld
lt_cv_path_NM='/usr/bin/x86_64-w64-mingw32-nm -B'
lt_cv_prog_compiler_c_o=yes
lt_cv_prog_compiler_pic_works=yes
lt_cv_prog_compiler_rtti_exceptions=no
lt_cv_prog_compiler_static_works=yes
lt_cv_prog_gnu_ld=yes
lt_cv_sys_global_symbol_pipe='sed -n -e '\''s/^.*[	 ]\([ABCDGIRSTW][ABCDGIRSTW]*\)[	 ][	 ]*\([_A-Za-z][_A-Za-z0-9]*\)$/\1 \2 \2/p'\'''
lt_cv_sys_global_symbol_to_c_name_address='sed -n -e '\''s/^: \([^ ]*\) $/  {\"\1\", (void *) 0},/p'\'' -e '\''s/^[ABCDGIRSTW]* \([^ ]*\) \([^ ]*\)$/  {"\2", (void *) \&\2},/p'\'''
lt_cv_sys_global_symbol_to_c_name_address_lib_prefix='sed -n -e '\''s/^: \([^ ]*\) $/  {\"\1\", (void *) 0},/p'\'' -e '\''s/^[ABCDGIRSTW]* \([^ ]*\) \(lib[^ ]*\)$/  {"\2", (void *) \&\2},/p'\'' -e '\''s/^[ABCDGIRSTW]* \([^ ]*\) \([^ ]*\)$/  {"lib\2", (void *) \&\2},/p'\'''
lt_cv_sys_global_symbol_to_cdecl='sed -n -e '\''s/^T .* \(.*\)$/extern int \1();/p'\'' -e '\''s/^[ABCDGIRSTW]* .* \(.*\)$/extern char \1;/p'\'''
lt_cv_sys_max_cmd_len=1572864

## ----------------- ##
## Output variables. ##
## ----------------- ##

ACLOCAL='${SHELL} /mnt/c/Users/PC/Documents/GitHub/BlockyOS/compile/toolchain/prebuild/binutils-2.42/missing aclocal-1.15'
AMDEPBACKSLASH='\'
AMDEP_FALSE='#'
AMDEP_TRUE=''
AMTAR='$${TAR-tar}'
AM_BACKSLASH='\'
AM_DEFAULT_V='$(AM_DEFAULT_VERBOSITY)'
AM_DEFAULT_VERBOSITY='0'
AM_V='$(V)'
AR='x86_64-w64-mingw32-ar --plugin /usr/lib/gcc/x86_64-w64-mingw32/14-win32/liblto_plugin.so --plugin /usr/lib/gcc/x86_64-w64-mingw32/14-win32/liblto_plugin.so'
AUTOCONF='${SHELL} /mnt/c/Users/PC/Documents/GitHub/BlockyOS/compile/toolchain/prebuild/binutils-2.42/missing autoconf'
AUTOHEADER='${SHELL} /mnt/c/Users/PC/Documents/GitHub/BlockyOS/compile/toolchain/prebuild/binutils-2.42/missing autoheader'
AUTOMAKE='${SHELL} /mnt/c/Users/PC/Documents/GitHub/BlockyOS/compile/toolchain/prebuild/binutils-2.42/missing automake-1.15'
AWK='gawk'
BUILD_INFO_FALSE='#'
BUILD_INFO_TRUE=''
CATALOGS=''
CATOBJEXT=''
CC='x86_64-w64-mingw32-gcc'
CCDEPMODE='depmode=gcc3'
CFLAGS='-g -O2    '
CPP='x86_64-w64-mingw32-gcc -E'
CPPFLAGS=''
CTF_LIBADD='-L/mnt/c/Users/PC/Documents/GitHub/BlockyOS/compile/toolchain/prebuild/build/libctf/../libiberty -liberty '
CYGPATH_W='echo'
DATADIRNAME=''
DEFS='-DHAVE_CONFIG_H'
DEPDIR='.deps'
DSYMUTIL='x86_64-w64-mingw32-dsymutil'
DUMPBIN=''
ECHO_C=''
ECHO_N='-n'
ECHO_T=''
EGREP='/usr/bin/grep -E'
ENABLE_LIBCTF_HASH_DEBUGGING_FALSE=''
ENABLE_LIBCTF_HASH_DEBUGGING_TRUE='#'
EXEEXT='.exe'
EXPECT=''
FGREP='/usr/bin/grep -F'
GENCAT=''
GMSGFMT=':'
GREP='/usr/bin/grep'
HAVE_TCL_TRY='false'
INCINTL=''
INSTALL_DATA='/usr/bin/install -c -m 644'
INSTALL_LIBBFD_FALSE=''
INSTALL_LIBBFD_TRUE='#'
INSTALL_PROGRAM='/usr/bin/install -c'
INSTALL_SCRIPT='/usr/bin/install -c'
INSTALL_STRIP_PROGRAM='$(install_sh) -c -s'
INSTOBJEXT=''
INTLLIBS=''
INTL_MACOSX_LIBS=''
LD='/usr/bin/x86_64-w64-mingw32-ld'
LDFLAGS=' -Wl,--stack,12582912'
LIBICONV='-liconv'
LIBINTL=''
LIBINTL_DEP=''
LIBOBJS=''
LIBS=''
LIBTOOL='$(SHELL) $(top_builddir)/libtool'
LIPO=''
LN_S='ln -s'
LTLIBICONV='-liconv'
LTLIBINTL=''
LTLIBOBJS=''
MAINT='#'
MAINTAINER_MODE_FALSE=''
MAINTAINER_MODE_TRUE='#'
MAKEINFO='makeinfo --split-size=5000000'
MKDIR_P='/usr/bin/mkdir -p'
MKINSTALLDIRS='$(top_builddir)/../../binutils-2.42/libctf/../mkinstalldirs'
MSGFMT=':'
MSGMERGE=':'
NEED_CTF_QSORT_R_FALSE='#'
NEED_CTF_QSORT_R_TRUE=''
NM='/usr/bin/x86_64-w64-mingw32-nm -B'
NMEDIT=''
OBJDUMP='x86_64-w64-mingw32-objdump'
OBJEXT='o'
OTOOL64=''
OTOOL='x86_64-w64-mingw32-otool'
PACKAGE='libctf'
PACKAGE_BUGREPORT=''
PACKAGE_NAME='libctf'
PACKAGE_STRING='libctf 1.2.0'
PACKAGE_TARNAME='libctf'
PACKAGE_URL=''
PACKAGE_VERSION='1.2.0'
PATH_SEPARATOR=':'
POSUB=''
RANLIB='x86_64-w64-mingw32-ranlib --plugin /usr/lib/gcc/x86_64-w64-mingw32/14-win32/liblto_plugin.so --plugin /usr/lib/gcc/x86_64-w64-mingw32/14-win32/liblto_plugin.so'
SED='/usr/bin/sed'
SET_MAKE=''
SHARED_LDFLAGS=''
SHELL='/bin/bash'
STRIP='x86_64-w64-mingw32-strip'
USE_NLS='no'
VERSION='1.2.0'
VERSION_FLAGS='-Wl,--version-script='\''../../binutils-2.42/libctf/libctf.ver'\'''
VERSION_FLAGS_NOBFD='-Wl,--version-script='\''../../binutils-2.42/libctf/libctf.ver'\'''
WARN_PEDANTIC='-pedantic -Wno-long-long'
WERROR=''
XGETTEXT=':'
ac_ct_AR=''
ac_ct_CC=''
ac_ct_DUMPBIN=''
ac_libctf_warn_cflags='-Wall'
am__EXEEXT_FALSE='#'
am__EXEEXT_TRUE=''
am__fastdepCC_FALSE='#'
am__fastdepCC_TRUE=''
am__include='include'
am__isrc=' -I$(srcdir)'
am__leading_dot='.'
am__nodep='_no'
am__quote=''
am__tar='$${TAR-tar} chof - "$$tardir"'
am__untar='$${TAR-tar} xf -'
bfdincludedir='$(exec_prefix)/$(host_noncanonical)/$(target_noncanonical)/include'
bfdlibdir='$(exec_prefix)/$(host_noncanonical)/$(target_noncanonical)/lib'
bindir='${exec_prefix}/bin'
build='x86_64-pc-linux-gnu'
build_alias='x86_64-pc-linux-gnu'
build_cpu='x86_64'
build_os='linux-gnu'
build_vendor='pc'
c_warn='-Wstrict-prototypes -Wmissing-prototypes -Wold-style-definition'
datadir='${datarootdir}'
datarootdir='${prefix}/share'
docdir='${datarootdir}/doc/${PACKAGE_TARNAME}'
dvidir='${docdir}'
exec_prefix='${prefix}'
host='x86_64-w64-mingw32'
host_alias='x86_64-w64-mingw32'
host_cpu='x86_64'
host_noncanonical='x86_64-w64-mingw32'
host_os='mingw32'
host_vendor='w64'
htmldir='${docdir}'
includedir='${prefix}/include'
infodir='${datarootdir}/info'
install_sh='${SHELL} /mnt/c/Users/PC/Documents/GitHub/BlockyOS/compile/toolchain/prebuild/binutils-2.42/install-sh'
libdir='${exec_prefix}/lib'
libexecdir='${exec_prefix}/libexec'
localedir='${datarootdir}/locale'
localstatedir='${prefix}/var'
mandir='${datarootdir}/man'
mkdir_p='$(MKDIR_P)'
oldincludedir='/usr/include'
pdfdir='${docdir}'
prefix='/mnt/c/Users/PC/Documents/GitHub/BlockyOS/compile/toolchain/prebuild/binutils-2.42-build'
program_transform_name='s&^&x86_64-elf-&'
psdir='${docdir}'
sbindir='${exec_prefix}/sbin'
sharedstatedir='${prefix}/com'
sysconfdir='${prefix}/etc'
target='x86_64-pc-elf'
target_alias='x86_64-elf'
target_cpu='x86_64'
target_noncanonical='x86_64-elf'
target_os='elf'
target_vendor='pc'
warn='-W -Wall -Wno-narrowing -Wwrite-strings -Wmissing-format-attribute'
zlibdir='-L$(top_builddir)/../zlib'
zlibinc='-I$(top_srcdir)/../zlib'

## ----------- ##
## confdefs.h. ##
## ----------- ##

/* confdefs.h */
#define PACKAGE_NAME "libctf"
#define PACKAGE_TARNAME "libctf"
#define PACKAGE_VERSION "1.2.0"
#define PACKAGE_STRING "libctf 1.2.0"
#define PACKAGE_BUGREPORT ""
#define PACKAGE_URL ""
#define STDC_HEADERS 1
#define HAVE_SYS_TYPES_H 1
#define HAVE_SYS_STAT_H 1
#define HAVE_STDLIB_H 1
#define HAVE_STRING_H 1
#define HAVE_MEMORY_H 1
#define HAVE_STRINGS_H 1
#define HAVE_INTTYPES_H 1
#define HAVE_STDINT_H 1
#define HAVE_UNISTD_H 1
#define __EXTENSIONS__ 1
#define _ALL_SOURCE 1
#define _GNU_SOURCE 1
#define _POSIX_PTHREAD_SEMANTICS 1
#define _TANDEM_SOURCE 1
#define PACKAGE "libctf"
#define VERSION "1.2.0"
#define LT_OBJDIR ".libs/"
#define _FILE_OFFSET_BITS 64
#define HAVE_STDLIB_H 1
#define HAVE_UNISTD_H 1
#define HAVE_SYS_PARAM_H 1
#define HAVE_GETPAGESIZE 1
#define HAVE_BFD_ELF 1
#define HAVE_DECL_BSWAP_16 0
#define HAVE_DECL_BSWAP_32 0
#define HAVE_DECL_BSWAP_64 0
#define HAVE_DECL_ASPRINTF 1
#define HAVE_DECL_VASPRINTF 1
#define HAVE_DECL_STPCPY 0

configure: exit 0
