00000000000i[      ] Bochs x86 Emulator 3.0
00000000000i[      ]   Built from GitHub snapshot on February 16, 2025
00000000000i[      ]   Timestamp: Sun Feb 16 10:00:00 CET 2025
00000000000i[      ] System configuration
00000000000i[      ]   processors: 1 (cores=1, HT threads=1)
00000000000i[      ]   A20 line support: yes
00000000000i[      ] IPS is set to 10000000
00000000000i[      ] CPU configuration
00000000000i[      ]   SMP support: no
00000000000i[      ]   Using pre-defined CPU configuration: core2_penryn_t9600
00000000000i[      ] Optimization configuration
00000000000i[      ]   RepeatSpeedups support: yes
00000000000i[      ]   Fast function calls: yes
00000000000i[      ]   Handlers Chaining speedups: yes
00000000000i[      ] Devices configuration
00000000000i[      ]   PCI support: i440FX i430FX i440BX
00000000000i[      ]   Network devices support: NE2000 E1000
00000000000i[      ]   Sound support: SB16 ES1370
00000000000i[      ]   USB support: UHCI OHCI EHCI xHCI
00000000000i[      ]   VGA extension support: vbe cirrus voodoo
00000000000i[IMG   ] Disk image modules
00000000000i[IMG   ]   flat concat sparse dll growing undoable volatile vmware3
00000000000i[IMG   ]   vmware4 vbox vpc vvfat
00000000000i[NETCTL] Networking modules
00000000000i[NETCTL]   null vnet slirp socket win32
00000000000i[SNDCTL] Sound drivers
00000000000i[SNDCTL]   dummy file win
00000000000i[USBCTL] Pluggable USB devices
00000000000i[USBCTL]   floppy mouse tablet keypad keyboard hub disk cdrom
00000000000i[USBCTL]   printer
00000000000i[MEM0  ] allocated memory at 00000161B6D84040. after alignment, vector=00000161B6D85000, block_size = 128K
00000000000i[MEM0  ] 1024.00MB
00000000000i[MEM0  ] mem block size = 0x00020000, blocks=8192
00000000000i[MEM0  ] rom at 0xfffe0000/131072 ('C:\Users\olusa\Bochs-3.0\BIOS-bochs-latest')
00000000000i[CPU0  ] initialized CPU model core2_penryn_t9600
00000000000i[DEV   ] will paste characters every 100 iodev timer ticks
00000000000i[PLUGIN] init_dev of 'svga_cirrus' plugin device by virtual method
00000000000i[MEM0  ] Register memory access handlers: 0x0000000a0000 - 0x0000000bffff
00000000000i[      ] interval=16666, mode=realtime
00000000000i[      ] Setting VGA update interval to 16666 (60.0 Hz)
00000000000i[      ] VSYNC using standard mode
00000000000i[DEV   ] PCI slot #1 used by plugin 'cirrus'
00000000000i[DEV   ] SVGA Cirrus PCI present at device 2, function 0
00000000000i[CIRRUS] loaded PCI ROM 'C:\Users\olusa\Bochs-3.0\VGABIOS-lgpl-latest-cirrus.bin' (size=33792 / PCI=64k)
00000000000i[CIRRUS] CL-GD5446 PCI initialized
00000000000i[WINGUI] Desktop window dimensions: 1920 x 1080
00000000000i[WINGUI] Number of Mouse Buttons = 5
00000000000i[WINGUI] IME disabled
00000000000i[PLUGIN] init_dev of 'pci' plugin device by virtual method
00000000000i[DEV   ] i440FX PMC present at device 0, function 0
00000000000i[PLUGIN] init_dev of 'pci2isa' plugin device by virtual method
00000000000i[DEV   ] PIIX3 PCI-to-ISA bridge present at device 1, function 0
00000000000i[PLUGIN] init_dev of 'cmos' plugin device by virtual method
00000000000i[CMOS  ] Using local time for initial clock
00000000000i[CMOS  ] Setting initial clock to: Wed Feb 18 11:27:08   2026 tz=utc (time0=1771414028)
00000000000i[PLUGIN] init_dev of 'dma' plugin device by virtual method
00000000000i[DMA   ] channel 4 used by cascade
00000000000i[PLUGIN] init_dev of 'pic' plugin device by virtual method
00000000000i[PLUGIN] init_dev of 'pit' plugin device by virtual method
00000000000i[PLUGIN] init_dev of 'floppy' plugin device by virtual method
00000000000i[DMA   ] channel 2 used by Floppy Drive
00000000000i[FLOPPY] Using boot sequence disk, none, none
00000000000i[FLOPPY] Floppy boot signature check is enabled
00000000000i[PLUGIN] init_dev of 'acpi' plugin device by virtual method
00000000000i[DEV   ] ACPI Controller present at device 1, function 3
00000000000i[PLUGIN] init_dev of 'hpet' plugin device by virtual method
00000000000i[HPET  ] initializing HPET
00000000000i[MEM0  ] Register memory access handlers: 0x0000fed00000 - 0x0000fed003ff
00000000000i[PLUGIN] init_dev of 'ioapic' plugin device by virtual method
00000000000i[IOAPIC] initializing I/O APIC
00000000000i[MEM0  ] Register memory access handlers: 0x0000fec00000 - 0x0000fec00fff
00000000000i[IOAPIC] IOAPIC enabled (base address = 0xfec00000)
00000000000i[PLUGIN] init_dev of 'keyboard' plugin device by virtual method
00000000000i[PLUGIN] init_dev of 'harddrv' plugin device by virtual method
00000000000i[HD    ] HD on ata0-0: 'C:\Users\olusa\OneDrive\Documents\GitHub\BlockyOS\Build\Build-2026-02-18-53\floppy-2026-02-18-53.img', 'flat' mode
00000000000i[IMG   ] hd_size: 536870912
00000000000i[HD    ] ata0-0: autodetect geometry: CHS=1040/16/63 (sector size=512)
00000000000i[HD    ] ata0-0: extra data outside of CHS address range
00000000000i[PLUGIN] init_dev of 'pci_ide' plugin device by virtual method
00000000000i[DEV   ] PIIX3 PCI IDE controller present at device 1, function 1
00000000000i[PLUGIN] init_dev of 'unmapped' plugin device by virtual method
00000000000i[PLUGIN] init_dev of 'biosdev' plugin device by virtual method
00000000000i[PLUGIN] init_dev of 'speaker' plugin device by virtual method
00000000000i[PCSPK ] Using lowlevel sound support for output
00000000000i[PLUGIN] init_dev of 'extfpuirq' plugin device by virtual method
00000000000i[PLUGIN] init_dev of 'parallel' plugin device by virtual method
00000000000i[PAR   ] parallel port 1 at 0x0378 irq 7
00000000000i[PLUGIN] init_dev of 'serial' plugin device by virtual method
00000000000i[SER   ] com1 at 0x03f8 irq 4 (mode: null)
00000000000i[PLUGIN] init_dev of 'gameport' plugin device by virtual method
00000000000i[PLUGIN] init_dev of 'iodebug' plugin device by virtual method
00000000000i[PLUGIN] init_dev of 'e1000' plugin device by virtual method
00000000000i[DEV   ] PCI slot #2 used by plugin 'e1000'
00000000000i[DEV   ] Intel(R) Gigabit Ethernet #0 present at device 3, function 0
00000000000i[E1000A] null network driver
00000000000i[E1000A] E1000 initialized
00000000000i[PLUGIN] init_dev of 'usb_ohci' plugin device by virtual method
00000000000i[DEV   ] PCI slot #3 used by plugin 'usb_ohci'
00000000000i[DEV   ] USB OHCI present at device 4, function 0
00000000000i[OHCI  ] USB OHCI initialized
00000000000i[PLUGIN] init_dev of 'usb_uhci' plugin device by virtual method
00000000000i[DEV   ] USB UHCI present at device 1, function 2
00000000000i[UHCI  ] USB UHCI initialized
00000000000i[PLUGIN] register state of 'svga_cirrus' plugin device by virtual method
00000000000i[PLUGIN] register state of 'pci' plugin device by virtual method
00000000000i[PLUGIN] register state of 'pci2isa' plugin device by virtual method
00000000000i[PLUGIN] register state of 'cmos' plugin device by virtual method
00000000000i[PLUGIN] register state of 'dma' plugin device by virtual method
00000000000i[PLUGIN] register state of 'pic' plugin device by virtual method
00000000000i[PLUGIN] register state of 'pit' plugin device by virtual method
00000000000i[PLUGIN] register state of 'floppy' plugin device by virtual method
00000000000i[PLUGIN] register state of 'unmapped' plugin device by virtual method
00000000000i[PLUGIN] register state of 'biosdev' plugin device by virtual method
00000000000i[PLUGIN] register state of 'speaker' plugin device by virtual method
00000000000i[PLUGIN] register state of 'extfpuirq' plugin device by virtual method
00000000000i[PLUGIN] register state of 'parallel' plugin device by virtual method
00000000000i[PLUGIN] register state of 'serial' plugin device by virtual method
00000000000i[PLUGIN] register state of 'gameport' plugin device by virtual method
00000000000i[PLUGIN] register state of 'iodebug' plugin device by virtual method
00000000000i[PLUGIN] register state of 'e1000' plugin device by virtual method
00000000000i[PLUGIN] register state of 'usb_ohci' plugin device by virtual method
00000000000i[PLUGIN] register state of 'usb_uhci' plugin device by virtual method
00000000000i[PLUGIN] register state of 'acpi' plugin device by virtual method
00000000000i[PLUGIN] register state of 'hpet' plugin device by virtual method
00000000000i[PLUGIN] register state of 'ioapic' plugin device by virtual method
00000000000i[PLUGIN] register state of 'keyboard' plugin device by virtual method
00000000000i[PLUGIN] register state of 'harddrv' plugin device by virtual method
00000000000i[PLUGIN] register state of 'pci_ide' plugin device by virtual method
00000000000i[SYS   ] bx_pc_system_c::Reset(HARDWARE) called
00000000000i[CPU0  ] cpu hardware reset
00000000000i[APIC0 ] allocate APIC id=0 (MMIO enabled) to 0x0000fee00000
00000000000i[CPU0  ] CPUID[0x00000000]: 0000000d 756e6547 6c65746e 49656e69
00000000000i[CPU0  ] CPUID[0x00000001]: 0001067a 00010800 0408e3bd afebfbff
00000000000i[CPU0  ] CPUID[0x00000002]: 05b0b101 005657f0 00000000 2cb4304e
00000000000i[CPU0  ] CPUID[0x00000003]: 00000000 00000000 00000000 00000000
00000000000i[CPU0  ] CPUID[0x00000004]: 04000121 01c0003f 0000003f 00000001
00000000000i[CPU0  ] CPUID[0x00000005]: 00000040 00000040 00000003 03122220
00000000000i[CPU0  ] CPUID[0x00000006]: 00000003 00000002 00000003 00000000
00000000000i[CPU0  ] CPUID[0x00000007]: 00000000 00000000 00000000 00000000
00000000000i[CPU0  ] CPUID[0x00000008]: 00000000 00000000 00000000 00000000
00000000000i[CPU0  ] CPUID[0x00000009]: 00000000 00000000 00000000 00000000
00000000000i[CPU0  ] WARNING: Architectural Performance Monitoring is not implemented
00000000000i[CPU0  ] CPUID[0x0000000a]: 07280202 00000000 00000000 00000503
00000000000i[CPU0  ] CPUID[0x0000000b]: 00000000 00000000 00000000 00000000
00000000000i[CPU0  ] CPUID[0x0000000c]: 00000000 00000000 00000000 00000000
00000000000i[CPU0  ] CPUID[0x0000000d]: 00000003 00000240 00000240 00000000
00000000000i[CPU0  ] CPUID[0x80000000]: 80000008 00000000 00000000 00000000
00000000000i[CPU0  ] CPUID[0x80000001]: 00000000 00000000 00000001 20100000
00000000000i[CPU0  ] CPUID[0x80000002]: 65746e49 2952286c 726f4320 4d542865
00000000000i[CPU0  ] CPUID[0x80000003]: 44203229 43206f75 20205550 54202020
00000000000i[CPU0  ] CPUID[0x80000004]: 30303639 20402020 30382e32 007a4847
00000000000i[CPU0  ] CPUID[0x80000005]: 00000000 00000000 00000000 00000000
00000000000i[CPU0  ] CPUID[0x80000006]: 00000000 00000000 18008040 00000000
00000000000i[CPU0  ] CPUID[0x80000007]: 00000000 00000000 00000000 00000000
00000000000i[CPU0  ] CPUID[0x80000008]: 00003028 00000200 00000000 00000000
00000000000i[CPU0  ] CPU Features supported:
00000000000i[CPU0  ] 		x87
00000000000i[CPU0  ] 		486ni
00000000000i[CPU0  ] 		pentium_ni
00000000000i[CPU0  ] 		p6ni
00000000000i[CPU0  ] 		mmx
00000000000i[CPU0  ] 		debugext
00000000000i[CPU0  ] 		vme
00000000000i[CPU0  ] 		pse
00000000000i[CPU0  ] 		pae
00000000000i[CPU0  ] 		pge
00000000000i[CPU0  ] 		mtrr
00000000000i[CPU0  ] 		pat
00000000000i[CPU0  ] 		sysenter_sysexit
00000000000i[CPU0  ] 		clflush
00000000000i[CPU0  ] 		sse
00000000000i[CPU0  ] 		sse2
00000000000i[CPU0  ] 		sse3
00000000000i[CPU0  ] 		ssse3
00000000000i[CPU0  ] 		sse4_1
00000000000i[CPU0  ] 		mwait
00000000000i[CPU0  ] 		longmode
00000000000i[CPU0  ] 		lm_lahf_sahf
00000000000i[CPU0  ] 		nx
00000000000i[CPU0  ] 		cmpxhg16b
00000000000i[CPU0  ] 		xsave
00000000000i[CPU0  ] 		vmx
00000000000i[CPU0  ] 		xapic
00000000000i[PLUGIN] reset of 'svga_cirrus' plugin device by virtual method
00000000000i[PLUGIN] reset of 'pci' plugin device by virtual method
00000000000i[PLUGIN] reset of 'pci2isa' plugin device by virtual method
00000000000i[PLUGIN] reset of 'cmos' plugin device by virtual method
00000000000i[PLUGIN] reset of 'dma' plugin device by virtual method
00000000000i[PLUGIN] reset of 'pic' plugin device by virtual method
00000000000i[PLUGIN] reset of 'pit' plugin device by virtual method
00000000000i[PLUGIN] reset of 'floppy' plugin device by virtual method
00000000000i[PLUGIN] reset of 'acpi' plugin device by virtual method
00000000000i[PLUGIN] reset of 'hpet' plugin device by virtual method
00000000000i[PLUGIN] reset of 'ioapic' plugin device by virtual method
00000000000i[PLUGIN] reset of 'keyboard' plugin device by virtual method
00000000000i[PLUGIN] reset of 'harddrv' plugin device by virtual method
00000000000i[PLUGIN] reset of 'pci_ide' plugin device by virtual method
00000000000i[PLUGIN] reset of 'unmapped' plugin device by virtual method
00000000000i[PLUGIN] reset of 'biosdev' plugin device by virtual method
00000000000i[PLUGIN] reset of 'speaker' plugin device by virtual method
00000000000i[PLUGIN] reset of 'extfpuirq' plugin device by virtual method
00000000000i[PLUGIN] reset of 'parallel' plugin device by virtual method
00000000000i[PLUGIN] reset of 'serial' plugin device by virtual method
00000000000i[PLUGIN] reset of 'gameport' plugin device by virtual method
00000000000i[PLUGIN] reset of 'iodebug' plugin device by virtual method
00000000000i[PLUGIN] reset of 'e1000' plugin device by virtual method
00000000000i[PLUGIN] reset of 'usb_ohci' plugin device by virtual method
00000000000i[PLUGIN] reset of 'usb_uhci' plugin device by virtual method
00000000000i[      ] Using debugger log file C:\Users\olusa\OneDrive\Documents\GitHub\BlockyOS\Build\Build-2026-02-18-53\debugger.log
00000000000i[WINGUI] dimension update x=720 y=400 fontheight=16 fontwidth=9 bpp=8
00000001740i[BIOS  ] BIOS BUILD DATE: 02/16/25
00000316540i[KBD   ] reset-disable command received
00000320310i[BIOS  ] Starting rombios32
00000320748i[BIOS  ] Shutdown flag 0
00000321356i[BIOS  ] ram_size=0x40000000
00000321834i[BIOS  ] ram_end=1024MB
00000421949i[BIOS  ] Found 1 cpu(s)
00000435907i[BIOS  ] bios_table_addr: 0x000fa168 end=0x000fcc00
00000763723i[PCI   ] i440FX PMC write to PAM register 59 (TLB Flush)
00001091658i[P2ISA ] PCI IRQ routing: PIRQA# set to 0x0b
00001091682i[P2ISA ] PCI IRQ routing: PIRQB# set to 0x09
00001091706i[P2ISA ] PCI IRQ routing: PIRQC# set to 0x0b
00001091730i[P2ISA ] PCI IRQ routing: PIRQD# set to 0x09
00001091740i[P2ISA ] write: ELCR2 = 0x0a
00001092509i[BIOS  ] PIIX3/PIIX4 init: elcr=00 0a
00001106315i[BIOS  ] PCI: bus=0 devfn=0x00: vendor_id=0x8086 device_id=0x1237 class=0x0600
00001108659i[BIOS  ] PCI: bus=0 devfn=0x08: vendor_id=0x8086 device_id=0x7000 class=0x0601
00001110842i[BIOS  ] PCI: bus=0 devfn=0x09: vendor_id=0x8086 device_id=0x7010 class=0x0101
00001111077i[PIDE  ] BAR #4: i/o base address = 0xc000
00001111693i[BIOS  ] region 4: 0x0000c000
00001113728i[BIOS  ] PCI: bus=0 devfn=0x0a: vendor_id=0x8086 device_id=0x7020 class=0x0c03
00001113941i[UHCI  ] BAR #4: i/o base address = 0xc020
00001114557i[BIOS  ] region 4: 0x0000c020
00001114685i[UHCI  ] new IRQ line = 9
00001116607i[BIOS  ] PCI: bus=0 devfn=0x0b: vendor_id=0x8086 device_id=0x7113 class=0x0680
00001116883i[ACPI  ] new IRQ line = 11
00001116897i[ACPI  ] new IRQ line = 9
00001116925i[ACPI  ] new PM base address: 0xb000
00001116939i[ACPI  ] new SM base address: 0xb100
00001116967i[PCI   ] setting SMRAM control register to 0x4a
00001281102i[CPU0  ] Enter to System Management Mode
00001281102i[CPU0  ] enter_system_management_mode: temporary disable VMX while in SMM mode
00001281112i[CPU0  ] RSM: Resuming from System Management Mode
00001445168i[PCI   ] setting SMRAM control register to 0x0a
00001447171i[BIOS  ] PCI: bus=0 devfn=0x10: vendor_id=0x1013 device_id=0x00b8 class=0x0300
00001447277i[MEM0  ] Register memory access handlers: 0x0000c0000000 - 0x0000c1ffffff
00001447277i[CIRRUS] BAR #0: mem base address = 0xc0000000
00001447945i[BIOS  ] region 0: 0xc0000000
00001448038i[MEM0  ] Register memory access handlers: 0x0000c2000000 - 0x0000c2000fff
00001448038i[CIRRUS] BAR #1: mem base address = 0xc2000000
00001448706i[BIOS  ] region 1: 0xc2000000
00001448909i[MEM0  ] Register memory access handlers: 0x0000c2010000 - 0x0000c201ffff
00001448909i[CIRRUS] new ROM address = 0xc2010000
00001449577i[BIOS  ] region 6: 0xc2010000
00001449665i[PCI   ] i440FX PMC write to PAM register 5a (TLB Flush)
00001531603i[PCI   ] i440FX PMC write to PAM register 5a (TLB Flush)
00001531653i[PCI   ] i440FX PMC write to PAM register 5a (TLB Flush)
00001613591i[PCI   ] i440FX PMC write to PAM register 5a (TLB Flush)
00001613642i[PCI   ] i440FX PMC write to PAM register 5b (TLB Flush)
00001623900i[PCI   ] i440FX PMC write to PAM register 5b (TLB Flush)
00001624925i[BIOS  ] PCI ROM copied to 0xc0000 (size=0x08800)
00001627088i[BIOS  ] PCI: bus=0 devfn=0x18: vendor_id=0x8086 device_id=0x100e class=0x0200
00001627194i[MEM0  ] Register memory access handlers: 0x0000c2020000 - 0x0000c203ffff
00001627194i[E1000A] BAR #0: mem base address = 0xc2020000
00001627862i[BIOS  ] region 0: 0xc2020000
00001627954i[E1000A] BAR #1: i/o base address = 0xc040
00001628570i[BIOS  ] region 1: 0x0000c040
00001628779i[E1000A] new IRQ line = 11
00001630872i[BIOS  ] PCI: bus=0 devfn=0x20: vendor_id=0x11c1 device_id=0x5803 class=0x0c03
00001630978i[MEM0  ] Register memory access handlers: 0x0000c2040000 - 0x0000c2040fff
00001630978i[OHCI  ] BAR #0: mem base address = 0xc2040000
00001631646i[BIOS  ] region 0: 0xc2040000
00001658171i[BIOS  ] MP table addr=0x000fa240 MPC table addr=0x000fa170 size=0xc8
00001659878i[BIOS  ] SMBIOS table addr=0x000fa250
00001661977i[BIOS  ] ACPI tables: RSDP addr=0x000fa370 ACPI DATA addr=0x3fff0000 size=0xff8
00001664985i[BIOS  ] Firmware waking vector 0x3fff00cc
00001667239i[PCI   ] i440FX PMC write to PAM register 59 (TLB Flush)
00001667969i[BIOS  ] bios_table_cur_addr: 0x000fa394
00001770996i[VBIOS ] VGABios ID: vgabios.c 2025-01-08
00001938926i[BIOS  ] ata0-0: PCHS=1040/16/63 translation=lba LCHS=1024/16/63
00005497972i[BIOS  ] IDE time out
00035768886i[BIOS  ] Booting from 0000:7c00
00035768943i[CPU0  ] [35768943] Stopped on MAGIC BREAKPOINT
00035777259i[CPU0  ] [35777259] Stopped on MAGIC BREAKPOINT
00035861926i[CPU0  ] [35861926] Stopped on MAGIC BREAKPOINT
