
C:\GitHub\BlockyOS\Build\Build-2026-05-22-39\objs\blob.efi:     file format pei-x86-64
C:\GitHub\BlockyOS\Build\Build-2026-05-22-39\objs\blob.efi
architecture: i386:x86-64, flags 0x00000102:
EXEC_P, D_PAGED
start address 0x0000000000004000

Characteristics 0x20f
	relocations stripped
	executable
	line numbers stripped
	symbols stripped
	debugging information removed

Time/Date		Thu Jan 01 00:00:00 1970
Magic			020b	(PE32+)
MajorLinkerVersion	2
MinorLinkerVersion	46
SizeOfCode		0000000000000000
SizeOfInitializedData	0000000000000000
SizeOfUninitializedData	0000000000000000
AddressOfEntryPoint	0000000000004000
BaseOfCode		0000000000000000
ImageBase		0000000000000000
SectionAlignment	00001000
FileAlignment		00000200
MajorOSystemVersion	0
MinorOSystemVersion	0
MajorImageVersion	0
MinorImageVersion	0
MajorSubsystemVersion	0
MinorSubsystemVersion	0
Win32Version		00000000
SizeOfImage		00000000
SizeOfHeaders		00000000
CheckSum		0000ab4f
Subsystem		0000000a	(EFI application)
DllCharacteristics	00000000
SizeOfStackReserve	0000000000000000
SizeOfStackCommit	0000000000000000
SizeOfHeapReserve	0000000000000000
SizeOfHeapCommit	0000000000000000
LoaderFlags		00000000
NumberOfRvaAndSizes	00000010

The Data Directory
Entry 0 0000000000000000 00000000 Export Directory [.edata (or where ever we found it)]
Entry 1 0000000000000000 00000000 Import Directory [parts of .idata]
Entry 2 0000000000000000 00000000 Resource Directory [.rsrc]
Entry 3 0000000000000000 00000000 Exception Directory [.pdata]
Entry 4 0000000000000000 00000000 Security Directory
Entry 5 0000000000000000 00000000 Base Relocation Directory [.reloc]
Entry 6 0000000000000000 00000000 Debug Directory
Entry 7 0000000000000000 00000000 Description Directory
Entry 8 0000000000000000 00000000 Special Directory
Entry 9 0000000000000000 00000000 Thread Storage Directory [.tls]
Entry a 0000000000000000 00000000 Load Configuration Directory
Entry b 0000000000000000 00000000 Bound Import Directory
Entry c 0000000000000000 00000000 Import Address Table Directory
Entry d 0000000000000000 00000000 Delay Import Directory
Entry e 0000000000000000 00000000 CLR Runtime Header
Entry f 0000000000000000 00000000 Reserved

Sections:
Idx Name          Size      VMA               LMA               File off  Algn
SYMBOL TABLE:
no symbols


