=== Partition FS Driver Session ===
[2026-04-28 00:48:15] [INFO] Partition FS Driver Started
[2026-04-28 00:48:16] [WARNING] >> [SEEK] Offset=512 Origin=Begin  (Caller: FS.ps1: line 180)
[2026-04-28 00:48:16] [INFO] GPT detected: EntriesLBA=2, EntryCount=3, EntrySize=128
[2026-04-28 00:48:16] [WARNING] >> [SEEK] Offset=1024 Origin=Begin  (Caller: FS.ps1: line 204)
[2026-04-28 00:48:16] [INFO] Selected partition:
[2026-04-28 00:48:16] [INFO]   Index   : 0
[2026-04-28 00:48:16] [INFO]   Name    : Boot
[2026-04-28 00:48:16] [INFO]   Attr    : 0x0001000000000001
[2026-04-28 00:48:16] [INFO]   StartLBA: 2048
[2026-04-28 00:48:16] [INFO]   EndLBA  : 526335
[2026-04-28 00:48:16] [INFO]   Size    : 268435456 bytes
[2026-04-28 00:48:16] [INFO] Formatting as FAT32
[2026-04-28 00:48:16] [INFO] Writing Boot Sector at: 1048576
[2026-04-28 00:48:16] [WARNING] >> [SEEK] Offset=1048576 Origin=Begin  (Caller: FS.ps1: line 673)
[2026-04-28 00:48:16] [WARNING] >> [WRITE] (Position=1048576  Count=512  Caller=FS.ps1: line 674)
[2026-04-28 00:48:16] [INFO] Writing FSINFO Sector...
[2026-04-28 00:48:16] [WARNING] >> [SEEK] Offset=1049088 Origin=Begin  (Caller: FS.ps1: line 685)
[2026-04-28 00:48:16] [WARNING] >> [WRITE] (Position=1049088  Count=512  Caller=FS.ps1: line 686)
[2026-04-28 00:48:17] [WARNING] >> [SEEK] Offset=1064960 Origin=Begin  (Caller: FS.ps1: line 718)
[2026-04-28 00:48:17] [WARNING] >> [WRITE] (Position=1064960  Count=262144  Caller=FS.ps1: line 719)
[2026-04-28 00:48:17] [WARNING] >> [SEEK] Offset=1327104 Origin=Begin  (Caller: FS.ps1: line 718)
[2026-04-28 00:48:17] [WARNING] >> [WRITE] (Position=1327104  Count=262144  Caller=FS.ps1: line 719)
[2026-04-28 00:48:17] [INFO] Partition FS Driver Completed Successfully
