===== Step 1: Compile Bootloaders =====
===== Step 1.1: Compile Legacy BootLoader Blob =====
Legacy bootloader compiled: C:\Users\olusa\OneDrive\Documents\GitHub\BlockyOS\Build\Build-2026-04-20-42\boot-part\legacyblob.bin
===== Step 1.2: Compile UEFI BootLoader Blob =====
UEFI bootloader compiled: C:\Users\olusa\OneDrive\Documents\GitHub\BlockyOS\Build\Build-2026-04-20-42\boot-part\blob.efi
===== Step 2: Create Disk Layout (GPT) =====
Creating GPT disk: C:\Users\olusa\OneDrive\Documents\GitHub\BlockyOS\Build\Build-2026-04-20-42\disk.img
===== Step 3: Combine Boot Partition (Legacy + UEFI) =====
Boot partition: Legacy (512) + UEFI (278528) + Padding (33275392) = 33554432 bytes
===== Step 4: Assemble Final Disk =====
Boot partition written to disk (32 MB).
Disk image finalized: C:\Users\olusa\OneDrive\Documents\GitHub\BlockyOS\Build\Build-2026-04-20-42\disk.img
===== Step 5: Format Boot Partition (FAT32) =====
Formatting boot partition with FAT32...
Boot partition formatted successfully
Command:  qemu-system-x86_64 -drive if=pflash,format=raw,readonly=on,file=C:\Users\olusa\OneDrive\Documents\GitHub\BlockyOS\compile\toolchain\uefi\OVMF_CODE_4M.fd -drive if=pflash,format=raw,file=C:\Users\olusa\OneDrive\Documents\GitHub\BlockyOS\compile\toolchain\uefi\OVMF_VARS_4M.fd -drive file=C:\Users\olusa\OneDrive\Documents\GitHub\BlockyOS\Build\Build-2026-04-20-42\disk.img,format=raw,if=ide -vga cirrus -full-screen -cpu host -m 1024 -chardev file,id=dbg,path=C:\Users\olusa\OneDrive\Documents\GitHub\BlockyOS\Build\Build-2026-04-20-42\emudebug.log -dump-vmstate C:\Users\olusa\OneDrive\Documents\GitHub\BlockyOS\Build\Build-2026-04-20-42\qemudump.json -device isa-debugcon,iobase=0xE9,chardev=dbg -usb -debugcon stdio -d guest_errors,unimp,pcall,io
Log items (comma separated):
out_asm         show generated host assembly code for each compiled TB
in_asm          show target assembly code for each compiled TB
op              show micro ops for each compiled TB
op_opt          show micro ops after optimization
op_ind          show micro ops before indirect lowering
op_plugin       show micro ops before plugin injection
int             show interrupts/exceptions in short format
exec            show trace before each executed TB (lots of logs)
cpu             show CPU registers before entering a TB (lots of logs)
fpu             include FPU registers in the 'cpu' logging
mmu             log MMU-related activities
pcall           x86 only: show protected mode far calls/returns/exceptions
cpu_reset       show CPU state before CPU resets
unimp           log unimplemented functionality
guest_errors    log when the guest OS does something invalid (eg accessing a
non-existent register)
page            dump pages at beginning of user mode emulation
nochain         do not chain compiled TBs so that "exec" and "cpu" show
complete traces
plugin          output from TCG plugins
strace          log every user-mode syscall, its input, and its result
tid             open a separate log file per thread; filename must contain '%d'
vpu             include VPU registers in the 'cpu' logging
invalid_mem     log invalid memory accesses
trace:PATTERN   enable trace events

Use "-d trace:help" to get a list of trace events.

