Stale source detected for C:\Users\olusa\OneDrive\Documents\GitHub\BlockyOS\src\Boot\UEFI\boot.c. source=2026-04-19T17:11:44.5317712Z, stored=04/19/2026 17:11:44, delta=+3600.532 sec
C:\Users\olusa\OneDrive\Documents\GitHub\BlockyOS\src\Boot\UEFI\gcc.ps1 -c C:\Users\olusa\OneDrive\Documents\GitHub\BlockyOS\src\Boot\UEFI\boot.c -o C:\Users\olusa\OneDrive\Documents\GitHub\BlockyOS\Build\Build-2026-04-20-42\objs\UEFI.c.boot.o -I C:\Users\olusa\OneDrive\Documents\GitHub\BlockyOS/src/ -I C:\Users\olusa\OneDrive\Documents\GitHub\BlockyOS\compile\toolchain\build\gnu-efi-4.0.4\x86_64\\include\efi\ -I C:\Users\olusa\OneDrive\Documents\GitHub\BlockyOS\compile\toolchain\build\gnu-efi-4.0.4\x86_64\include\efi\x86_64\ -I C:\Users\olusa\OneDrive\Documents\GitHub\BlockyOS\compile\toolchain\build\gnu-efi-4.0.4\x86_64\include\efi\legacy\ -I C:\Users\olusa\OneDrive\Documents\GitHub\BlockyOS\compile\toolchain\build\gnu-efi-4.0.4\x86_64\include\efi\protocol\ -nostdlib -fdiagnostics-color=always -fshort-wchar -fno-strict-aliasing -fno-stack-protector -fno-stack-check -ffreestanding -Wno-builtin-declaration-mismatch -m64 -D __x86_64__ -D __x86_64__ -D HAVE_USE_MS_ABI -mno-red-zone -maccumulate-outgoing-args

Compiled and updated timestamp for C:\Users\olusa\OneDrive\Documents\GitHub\BlockyOS\src\Boot\UEFI\boot.c
C:\Users\olusa\OneDrive\Documents\GitHub\BlockyOS\src\Boot\UEFI\gcc.ps1 -nostdlib --sysroot=C:\Users\olusa\OneDrive\Documents\GitHub\BlockyOS\compile\toolchain\build\gnu-efi-4.0.4\x86_64\ -Bsymbolic -Wl,-Map,C:\Users\olusa\OneDrive\Documents\GitHub\BlockyOS\Build\Build-2026-04-20-42\uefi-map.log -Wl,-T,C:\Users\olusa\OneDrive\Documents\GitHub\BlockyOS\compile\toolchain\build\gnu-efi-4.0.4\x86_64\/lib/elf_x86_64_efi.lds C:\Users\olusa\OneDrive\Documents\GitHub\BlockyOS\compile\toolchain\build\gnu-efi-4.0.4\x86_64\/lib/crt0-efi-x86_64.o C:\Users\olusa\OneDrive\Documents\GitHub\BlockyOS\compile\toolchain\build\gnu-efi-4.0.4\x86_64\/lib/reloc_x86_64.o C:\Users\olusa\OneDrive\Documents\GitHub\BlockyOS\Build\Build-2026-04-20-42\objs\UEFI.c.boot.o -L C:\Users\olusa\OneDrive\Documents\GitHub\BlockyOS\compile\toolchain\build\gnu-efi-4.0.4\x86_64\/lib/ -l efi -l gnuefi-o C:\Users\olusa\OneDrive\Documents\GitHub\BlockyOS\Build\Build-2026-04-20-42\objs\blob.bin
C:/Users/olusa/OneDrive/Documents/GitHub/BlockyOS/compile/toolchain/prebuild/x86_64-elf/bin/../lib/gcc/x86_64-elf/15.2.0/../../../../x86_64-elf/bin/ld.exe: warning: C:\Users\olusa\OneDrive\Documents\GitHub\BlockyOS\Build\Build-2026-04-20-42\objs\UEFI.c.boot.o: missing .note.GNU-stack section implies executable stack
C:/Users/olusa/OneDrive/Documents/GitHub/BlockyOS/compile/toolchain/prebuild/x86_64-elf/bin/../lib/gcc/x86_64-elf/15.2.0/../../../../x86_64-elf/bin/ld.exe: NOTE: This behaviour is deprecated and will be removed in a future version of the linker
Updated timestamp for header file: C:\Users\olusa\OneDrive\Documents\GitHub\BlockyOS\src\Boot\UEFI\boot.c; source=2026-04-19T17:11:44.5317712Z, stored=04/19/2026 17:11:44, delta=+3600.532 sec
Updated timestamp for header file: C:\Users\olusa\OneDrive\Documents\GitHub\BlockyOS\src\Boot\UEFI\standard.h; source=2026-04-19T16:17:48.3498663Z, stored=04/19/2026 16:17:48, delta=+3600.350 sec
Updated timestamp for header file: C:\Users\olusa\OneDrive\Documents\GitHub\BlockyOS\compile\toolchain\build\gnu-efi-4.0.4\x86_64\include\efi\legacy\efilib.h; source=2026-04-19T13:34:57.4406675Z, stored=04/19/2026 13:34:57, delta=+3600.441 sec
Updated timestamp for header file: C:\Users\olusa\OneDrive\Documents\GitHub\BlockyOS\compile\toolchain\build\gnu-efi-4.0.4\x86_64\include\efi\protocol\adapterdebug.h; source=2026-04-19T13:34:57.3446664Z, stored=04/19/2026 13:34:57, delta=+3600.345 sec
Updated timestamp for header file: C:\Users\olusa\OneDrive\Documents\GitHub\BlockyOS\compile\toolchain\build\gnu-efi-4.0.4\x86_64\include\efi\protocol\eficonsplit.h; source=2026-04-19T13:34:57.3506682Z, stored=04/19/2026 13:34:57, delta=+3600.351 sec
Updated timestamp for header file: C:\Users\olusa\OneDrive\Documents\GitHub\BlockyOS\compile\toolchain\build\gnu-efi-4.0.4\x86_64\include\efi\protocol\efidbg.h; source=2026-04-19T13:34:57.3586671Z, stored=04/19/2026 13:34:57, delta=+3600.359 sec
Updated timestamp for header file: C:\Users\olusa\OneDrive\Documents\GitHub\BlockyOS\compile\toolchain\build\gnu-efi-4.0.4\x86_64\include\efi\protocol\efivar.h; source=2026-04-19T13:34:57.3646666Z, stored=04/19/2026 13:34:57, delta=+3600.365 sec
Updated timestamp for header file: C:\Users\olusa\OneDrive\Documents\GitHub\BlockyOS\compile\toolchain\build\gnu-efi-4.0.4\x86_64\include\efi\protocol\intload.h; source=2026-04-19T13:34:57.3716669Z, stored=04/19/2026 13:34:57, delta=+3600.372 sec
Updated timestamp for header file: C:\Users\olusa\OneDrive\Documents\GitHub\BlockyOS\compile\toolchain\build\gnu-efi-4.0.4\x86_64\include\efi\protocol\legacyboot.h; source=2026-04-19T13:34:57.3786685Z, stored=04/19/2026 13:34:57, delta=+3600.379 sec
Updated timestamp for header file: C:\Users\olusa\OneDrive\Documents\GitHub\BlockyOS\compile\toolchain\build\gnu-efi-4.0.4\x86_64\include\efi\protocol\piflash64.h; source=2026-04-19T13:34:57.3856696Z, stored=04/19/2026 13:34:57, delta=+3600.386 sec
Updated timestamp for header file: C:\Users\olusa\OneDrive\Documents\GitHub\BlockyOS\compile\toolchain\build\gnu-efi-4.0.4\x86_64\include\efi\protocol\vgaclass.h; source=2026-04-19T13:34:57.3926667Z, stored=04/19/2026 13:34:57, delta=+3600.393 sec
Updated timestamp for header file: C:\Users\olusa\OneDrive\Documents\GitHub\BlockyOS\compile\toolchain\build\gnu-efi-4.0.4\x86_64\include\efi\x86_64\efibind.h; source=2026-04-19T13:34:57.4066664Z, stored=04/19/2026 13:34:57, delta=+3600.407 sec
Updated timestamp for header file: C:\Users\olusa\OneDrive\Documents\GitHub\BlockyOS\compile\toolchain\build\gnu-efi-4.0.4\x86_64\include\efi\x86_64\efilibplat.h; source=2026-04-19T13:34:57.4126668Z, stored=04/19/2026 13:34:57, delta=+3600.413 sec
Updated timestamp for header file: C:\Users\olusa\OneDrive\Documents\GitHub\BlockyOS\compile\toolchain\build\gnu-efi-4.0.4\x86_64\include\efi\x86_64\efisetjmp_arch.h; source=2026-04-19T13:34:57.4196678Z, stored=04/19/2026 13:34:57, delta=+3600.420 sec
Updated timestamp for header file: C:\Users\olusa\OneDrive\Documents\GitHub\BlockyOS\compile\toolchain\build\gnu-efi-4.0.4\x86_64\include\efi\x86_64\pe.h; source=2026-04-19T13:34:57.4266673Z, stored=04/19/2026 13:34:57, delta=+3600.427 sec
Updated timestamp for header file: C:\Users\olusa\OneDrive\Documents\GitHub\BlockyOS\compile\toolchain\build\gnu-efi-4.0.4\x86_64\include\efi\efi_nii.h; source=2026-04-19T13:34:57.1006693Z, stored=04/19/2026 13:34:57, delta=+3600.101 sec
Updated timestamp for header file: C:\Users\olusa\OneDrive\Documents\GitHub\BlockyOS\compile\toolchain\build\gnu-efi-4.0.4\x86_64\include\efi\efi_pxe.h; source=2026-04-19T13:34:57.1106679Z, stored=04/19/2026 13:34:57, delta=+3600.111 sec
Updated timestamp for header file: C:\Users\olusa\OneDrive\Documents\GitHub\BlockyOS\compile\toolchain\build\gnu-efi-4.0.4\x86_64\include\efi\efi.h; source=2026-04-19T13:34:57.0946667Z, stored=04/19/2026 13:34:57, delta=+3600.095 sec
Updated timestamp for header file: C:\Users\olusa\OneDrive\Documents\GitHub\BlockyOS\compile\toolchain\build\gnu-efi-4.0.4\x86_64\include\efi\efiapi.h; source=2026-04-19T13:34:57.1196661Z, stored=04/19/2026 13:34:57, delta=+3600.120 sec
Updated timestamp for header file: C:\Users\olusa\OneDrive\Documents\GitHub\BlockyOS\compile\toolchain\build\gnu-efi-4.0.4\x86_64\include\efi\eficompiler.h; source=2026-04-19T13:34:57.1266668Z, stored=04/19/2026 13:34:57, delta=+3600.127 sec
Updated timestamp for header file: C:\Users\olusa\OneDrive\Documents\GitHub\BlockyOS\compile\toolchain\build\gnu-efi-4.0.4\x86_64\include\efi\eficon.h; source=2026-04-19T13:34:57.1336696Z, stored=04/19/2026 13:34:57, delta=+3600.134 sec
Updated timestamp for header file: C:\Users\olusa\OneDrive\Documents\GitHub\BlockyOS\compile\toolchain\build\gnu-efi-4.0.4\x86_64\include\efi\eficonex.h; source=2026-04-19T13:34:57.1416686Z, stored=04/19/2026 13:34:57, delta=+3600.142 sec
Updated timestamp for header file: C:\Users\olusa\OneDrive\Documents\GitHub\BlockyOS\compile\toolchain\build\gnu-efi-4.0.4\x86_64\include\efi\efidebug.h; source=2026-04-19T13:34:57.1496690Z, stored=04/19/2026 13:34:57, delta=+3600.150 sec
Updated timestamp for header file: C:\Users\olusa\OneDrive\Documents\GitHub\BlockyOS\compile\toolchain\build\gnu-efi-4.0.4\x86_64\include\efi\efidef.h; source=2026-04-19T13:34:57.1576666Z, stored=04/19/2026 13:34:57, delta=+3600.158 sec
Updated timestamp for header file: C:\Users\olusa\OneDrive\Documents\GitHub\BlockyOS\compile\toolchain\build\gnu-efi-4.0.4\x86_64\include\efi\efidevp.h; source=2026-04-19T13:34:57.1636663Z, stored=04/19/2026 13:34:57, delta=+3600.164 sec
Updated timestamp for header file: C:\Users\olusa\OneDrive\Documents\GitHub\BlockyOS\compile\toolchain\build\gnu-efi-4.0.4\x86_64\include\efi\efierr.h; source=2026-04-19T13:34:57.1736671Z, stored=04/19/2026 13:34:57, delta=+3600.174 sec
Updated timestamp for header file: C:\Users\olusa\OneDrive\Documents\GitHub\BlockyOS\compile\toolchain\build\gnu-efi-4.0.4\x86_64\include\efi\efifs.h; source=2026-04-19T13:34:57.1796663Z, stored=04/19/2026 13:34:57, delta=+3600.180 sec
Updated timestamp for header file: C:\Users\olusa\OneDrive\Documents\GitHub\BlockyOS\compile\toolchain\build\gnu-efi-4.0.4\x86_64\include\efi\efigpt.h; source=2026-04-19T13:34:57.1856668Z, stored=04/19/2026 13:34:57, delta=+3600.186 sec
Updated timestamp for header file: C:\Users\olusa\OneDrive\Documents\GitHub\BlockyOS\compile\toolchain\build\gnu-efi-4.0.4\x86_64\include\efi\efiip.h; source=2026-04-19T13:34:57.1916670Z, stored=04/19/2026 13:34:57, delta=+3600.192 sec
Updated timestamp for header file: C:\Users\olusa\OneDrive\Documents\GitHub\BlockyOS\compile\toolchain\build\gnu-efi-4.0.4\x86_64\include\efi\efilib.h; source=2026-04-19T13:34:57.1986674Z, stored=04/19/2026 13:34:57, delta=+3600.199 sec
Updated timestamp for header file: C:\Users\olusa\OneDrive\Documents\GitHub\BlockyOS\compile\toolchain\build\gnu-efi-4.0.4\x86_64\include\efi\efilink.h; source=2026-04-19T13:34:57.2046666Z, stored=04/19/2026 13:34:57, delta=+3600.205 sec
Updated timestamp for header file: C:\Users\olusa\OneDrive\Documents\GitHub\BlockyOS\compile\toolchain\build\gnu-efi-4.0.4\x86_64\include\efi\efimp.h; source=2026-04-19T13:34:57.2106668Z, stored=04/19/2026 13:34:57, delta=+3600.211 sec
Updated timestamp for header file: C:\Users\olusa\OneDrive\Documents\GitHub\BlockyOS\compile\toolchain\build\gnu-efi-4.0.4\x86_64\include\efi\efinet.h; source=2026-04-19T13:34:57.2166680Z, stored=04/19/2026 13:34:57, delta=+3600.217 sec
Updated timestamp for header file: C:\Users\olusa\OneDrive\Documents\GitHub\BlockyOS\compile\toolchain\build\gnu-efi-4.0.4\x86_64\include\efi\efipart.h; source=2026-04-19T13:34:57.2236662Z, stored=04/19/2026 13:34:57, delta=+3600.224 sec
Updated timestamp for header file: C:\Users\olusa\OneDrive\Documents\GitHub\BlockyOS\compile\toolchain\build\gnu-efi-4.0.4\x86_64\include\efi\efipciio.h; source=2026-04-19T13:34:57.2296735Z, stored=04/19/2026 13:34:57, delta=+3600.230 sec
Updated timestamp for header file: C:\Users\olusa\OneDrive\Documents\GitHub\BlockyOS\compile\toolchain\build\gnu-efi-4.0.4\x86_64\include\efi\efipoint.h; source=2026-04-19T13:34:57.2356665Z, stored=04/19/2026 13:34:57, delta=+3600.236 sec
Updated timestamp for header file: C:\Users\olusa\OneDrive\Documents\GitHub\BlockyOS\compile\toolchain\build\gnu-efi-4.0.4\x86_64\include\efi\efiprot.h; source=2026-04-19T13:34:57.2426672Z, stored=04/19/2026 13:34:57, delta=+3600.243 sec
Updated timestamp for header file: C:\Users\olusa\OneDrive\Documents\GitHub\BlockyOS\compile\toolchain\build\gnu-efi-4.0.4\x86_64\include\efi\efipxebc.h; source=2026-04-19T13:34:57.2486664Z, stored=04/19/2026 13:34:57, delta=+3600.249 sec
Updated timestamp for header file: C:\Users\olusa\OneDrive\Documents\GitHub\BlockyOS\compile\toolchain\build\gnu-efi-4.0.4\x86_64\include\efi\efirtlib.h; source=2026-04-19T13:34:57.2546664Z, stored=04/19/2026 13:34:57, delta=+3600.255 sec
Updated timestamp for header file: C:\Users\olusa\OneDrive\Documents\GitHub\BlockyOS\compile\toolchain\build\gnu-efi-4.0.4\x86_64\include\efi\efiser.h; source=2026-04-19T13:34:57.2606663Z, stored=04/19/2026 13:34:57, delta=+3600.261 sec
Updated timestamp for header file: C:\Users\olusa\OneDrive\Documents\GitHub\BlockyOS\compile\toolchain\build\gnu-efi-4.0.4\x86_64\include\efi\efisetjmp.h; source=2026-04-19T13:34:57.2666664Z, stored=04/19/2026 13:34:57, delta=+3600.267 sec
Updated timestamp for header file: C:\Users\olusa\OneDrive\Documents\GitHub\BlockyOS\compile\toolchain\build\gnu-efi-4.0.4\x86_64\include\efi\efishell.h; source=2026-04-19T13:34:57.2736690Z, stored=04/19/2026 13:34:57, delta=+3600.274 sec
Updated timestamp for header file: C:\Users\olusa\OneDrive\Documents\GitHub\BlockyOS\compile\toolchain\build\gnu-efi-4.0.4\x86_64\include\efi\efishellintf.h; source=2026-04-19T13:34:57.2796663Z, stored=04/19/2026 13:34:57, delta=+3600.280 sec
Updated timestamp for header file: C:\Users\olusa\OneDrive\Documents\GitHub\BlockyOS\compile\toolchain\build\gnu-efi-4.0.4\x86_64\include\efi\efistdarg.h; source=2026-04-19T13:34:57.2856667Z, stored=04/19/2026 13:34:57, delta=+3600.286 sec
Updated timestamp for header file: C:\Users\olusa\OneDrive\Documents\GitHub\BlockyOS\compile\toolchain\build\gnu-efi-4.0.4\x86_64\include\efi\efitcp.h; source=2026-04-19T13:34:57.2936707Z, stored=04/19/2026 13:34:57, delta=+3600.294 sec
Updated timestamp for header file: C:\Users\olusa\OneDrive\Documents\GitHub\BlockyOS\compile\toolchain\build\gnu-efi-4.0.4\x86_64\include\efi\efiudp.h; source=2026-04-19T13:34:57.3006661Z, stored=04/19/2026 13:34:57, delta=+3600.301 sec
Updated timestamp for header file: C:\Users\olusa\OneDrive\Documents\GitHub\BlockyOS\compile\toolchain\build\gnu-efi-4.0.4\x86_64\include\efi\efiui.h; source=2026-04-19T13:34:57.3066663Z, stored=04/19/2026 13:34:57, delta=+3600.307 sec
Updated timestamp for header file: C:\Users\olusa\OneDrive\Documents\GitHub\BlockyOS\compile\toolchain\build\gnu-efi-4.0.4\x86_64\include\efi\lib.h; source=2026-04-19T13:34:57.3126675Z, stored=04/19/2026 13:34:57, delta=+3600.313 sec
Updated timestamp for header file: C:\Users\olusa\OneDrive\Documents\GitHub\BlockyOS\compile\toolchain\build\gnu-efi-4.0.4\x86_64\include\efi\libsmbios.h; source=2026-04-19T13:34:57.3186674Z, stored=04/19/2026 13:34:57, delta=+3600.319 sec
Updated timestamp for header file: C:\Users\olusa\OneDrive\Documents\GitHub\BlockyOS\compile\toolchain\build\gnu-efi-4.0.4\x86_64\include\efi\pci22.h; source=2026-04-19T13:34:57.3246663Z, stored=04/19/2026 13:34:57, delta=+3600.325 sec
Updated timestamp for header file: C:\Users\olusa\OneDrive\Documents\GitHub\BlockyOS\compile\toolchain\build\gnu-efi-4.0.4\x86_64\include\efi\romload.h; source=2026-04-19T13:34:57.3306669Z, stored=04/19/2026 13:34:57, delta=+3600.331 sec
