===== Step 1: Compile Bootloaders =====
===== Step 1.1: Compile Legacy BootLoader Blob =====
Legacy bootloader compiled: C:\GitHub\BlockyOS\Build\Build-2026-05-22-05\boot-part\legacyblob.bin
===== Step 1.2: Compile UEFI BootLoader Blob =====
UEFI bootloader compiled: C:\GitHub\BlockyOS\Build\Build-2026-05-22-05\boot-part\efi\boot\bootx64.efi
===== Step 2: Create Disk Layout (GPT) =====
Creating GPT disk: C:\GitHub\BlockyOS\Build\Build-2026-05-22-05\disk.img
===== Step 3: Format Boot Partition (FAT32) =====
Formatting boot partition with FAT32...
Boot partition formatted successfully
===== Step 4: Validating Image =====
Double-verifying Image
Command:  qemu-system-x86_64 -vga std -cpu qemu64 -m 2048 -machine q35 -smp 4 -net none -serial stdio -L C:\GitHub\BlockyOS\compile\toolchain\uefi\default\debug -drive if=pflash,format=raw,readonly=on,file=C:\GitHub\BlockyOS\compile\toolchain\uefi\default\debug\OVMF_CODE.fd -drive unit=0,file=C:\GitHub\BlockyOS\Build\Build-2026-05-22-05\disk.img,format=raw,if=none,id=maindrive -device virtio-blk-pci,drive=maindrive -debugcon file:C:\GitHub\BlockyOS\Build\Build-2026-05-22-05\debugger.log -global isa-debugcon.iobase=0x402 -usb -usbdevice keyboard -usbdevice mouse -display sdl -vga cirrus -drive if=pflash,format=raw,file=C:\GitHub\BlockyOS\compile\toolchain\uefi\default\debug\OVMF_VARS.fd 
[2J[001;001H[=3h[2J[001;001H[2J[001;001H[8;031;100t[2J[001;001H[2J[001;001H[8;056;240t[2J[001;001HBdsDxe: loading Boot0002 "UEFI Misc Device" from PciRoot(0x0)/Pci(0x2,0x0)
BdsDxe: starting Boot0002 "UEFI Misc Device" from PciRoot(0x0)/Pci(0x2,0x0)
Sanity Check[0]
DEBUG: 0x7E315F98; 0x7F5EC018
GUID:
Allocating 64 item(s) of 2 bytes    Out Buffer: 0x7E15F018
Setting 128 bytes to 0
[C:\GitHub\BlockyOS\src\Boot\UEFI\tools\tools.c:4]{}
[C:\GitHub\BlockyOS\src\Boot\UEFI\tools\tools.c:11]   Freeing Buffer    0x7E15F018
Intitialising GNU-EFI
Post GNU-EFI Init
Allocating 1 item(s) of 136 bytes    Out Buffer: 0x7E15F018
Setting 136 bytes to 0
[C:\GitHub\BlockyOS\src\Boot\UEFI\bthelper.c:238]
Loading Device Tree
Call Error#0: 3    Call Error#1: 3    
Loading Node    ??    [Media(Unknown)]
[WARNING] Zero-length device path node, aborting walkCall #2    "Media(Unknown)"
Call Error#3: 3    Call Error#4: 3    Call Error#5: 3    Call Error#6: 3    Call Error#7: 3    Call Error#8: 3    Call Error#9: 3    
Loading Node    ??    [MemMap(FFC00000-FFC83FFF)]Call #10    "MemMap(FFC00000-FFC83FFF)"
Call Error#11: 3    Call Error#12: 3    Call Error#13: 3    Call Error#14: 3    Call Error#15: 3    Call Error#16: 3    Call Error#17: 3    Call Error#18: 3    Call Error#19: 3    Call Error#20: 3    Call Error#21: 3    Call Error#22: 3    Call Error#23: 3    Call Error#24: 3    Call Error#25: 3    Call Error#26: 3    Call Error#27: 3    Call Error#28: 3    Call Error#29: 3    Call Error#30: 3    Call Error#31: 3    Call Error#32: 3    Call Error#33: 3    Call Error#34: 3    Call Error#35: 3    Call Error#36: 3    Call Error#37: 3    Call Error#38: 3    Call Error#39: 3    Call Error#40: 3    Call Error#41: 3    Call Error#42: 3    Call Error#43: 3    Call Error#44: 3    Call Error#45: 3    Call Error#46: 3    Call Error#47: 3    Call Error#48: 3    Call Error#49: 3    Call Error#50: 3    
Loading Node    ??    [ACPI(HID=0A0341D0    UID=00000000)]Call #51    "ACPI(HID=0A0341D0    UID=00000000)"
Call Error#52: 3    Call Error#53: 3    Call Error#54: 3    Call Error#55: 3    Call Error#56: 3    Call Error#57: 3    Call Error#58: 3    Call Error#59: 3    Call Error#60: 3    Call Error#61: 3    Call Error#62: 3    Call Error#63: 3    Call Error#64: 3    Call Error#65: 3    Call Error#66: 3    Call Error#67: 3    Call Error#68: 3    Call Error#69: 3    Call Error#70: 3    Call Error#71: 3    Call Error#72: 3    Call Error#73: 3    
Loading Node    ??    [Hardware(Unknown)]
[WARNING] Zero-length device path node, aborting walkCall #74    "Hardware(Unknown)"
Call Error#75: 3    Call Error#76: 3    Call Error#77: 3    
Loading Node    ??    [Hardware(Unknown)]
[WARNING] Zero-length device path node, aborting walkCall #78    "Hardware(Unknown)"

Loading Node    ??    [Hardware(Unknown)]
[WARNING] Zero-length device path node, aborting walkCall #79    "Hardware(Unknown)"
Call Error#80: 3    Call Error#81: 3    Call Error#82: 3    Call Error#83: 3    Call Error#84: 3    
Loading Node    ??    [Hardware(Unknown)]
[WARNING] Zero-length device path node, aborting walkCall #85    "Hardware(Unknown)"

Loading Node    ??    [Hardware(Unknown)]
[WARNING] Zero-length device path node, aborting walkCall #86    "Hardware(Unknown)"

Loading Node    ??    [Hardware(Unknown)]
[WARNING] Zero-length device path node, aborting walkCall #87    "Hardware(Unknown)"
Call Error#88: 3    Call Error#89: 3    Call Error#90: 3    Call Error#91: 3    Call Error#92: 3    Call Error#93: 3    Call Error#94: 3    Call Error#95: 3    Call Error#96: 3    Call Error#97: 3    Call Error#98: 3    Call Error#99: 3    Call Error#100: 3    Call Error#101: 3    Call Error#102: 3    Call Error#103: 3    Call Error#104: 3    Call Error#105: 3    Call Error#106: 3    Call Error#107: 3    Call Error#108: 3    Call Error#109: 3    Call Error#110: 3    Call Error#111: 3    Call Error#112: 3    Call Error#113: 3    Call Error#114: 3    Call Error#115: 3    Call Error#116: 3    Call Error#117: 3    Call Error#118: 3    Call Error#119: 3    Call Error#120: 3    Call Error#121: 3    Call Error#122: 3    Call Error#123: 3    Call Error#124: 3    Call Error#125: 3    Call Error#126: 3    Call Error#127: 3    Call Error#128: 3    Call Error#129: 3    Call Error#130: 3    Call Error#131: 3    Call Error#132: 3    Call Error#133: 3    Call Error#134: 3    Call Error#135: 3    Call Error#136: 3    Call Error#137: 3    Call Error#138: 3    Call Error#139: 3    Call Error#140: 3    Call Error#141: 3    Call Error#142: 3    Call Error#143: 3    
Loading Node    ??    [ACPI(HID=0A0341D0    UID=00000000)]
Loading Node!!!! X64 Exception Type - 0E(#PF - Page-Fault)  CPU Apic ID - 00000000 !!!!
ExceptionData - 0000000000000000  I:0 R:0 U:0 W:0 P:0 PK:0 SS:0 SGX:0
RIP  - 000000007FE36168, CS  - 0000000000000038, RFLAGS - 0000000000010202
RAX  - 0000000000000004, RCX - 0000000000000010, RDX - 000000007FE2767C
RBX  - 0000000000000002, RSP - 000000007FE27590, RBP - 000000007FE275E0
RSI  - 000000007FE2767C, RDI - 0000000000000002
R8   - 0000000000000002, R9  - 000000007E157B18, R10 - 0000000000000000
R11  - 0000000000000002, R12 - 0000000000000002, R13 - 000000007FE2767C
R14  - 000000007FE2767C, R15 - 0000000000000002
DS   - 0000000000000030, ES  - 0000000000000030, FS  - 0000000000000030
GS   - 0000000000000030, SS  - 0000000000000030
CR0  - 0000000080010033, CR2 - FFFFFFFFFFFFFFEA, CR3 - 000000007F801000
CR4  - 0000000000000668, CR8 - 0000000000000000
DR0  - 0000000000000000, DR1 - 0000000000000000, DR2 - 0000000000000000
DR3  - 0000000000000000, DR6 - 00000000FFFF0FF0, DR7 - 0000000000000400
GDTR - 000000007F5D8000 0000000000000057, LDTR - 0000000000000000
IDTR - 000000007BB5AF58 0000000000000FFF,   TR - 0000000000000048
FXSAVE_STATE - 000000007F5D7460
!!!! Find image based on IP(0x7FE36168) /workspaces/BlockyOS/edk2/Build/OvmfX64/DEBUG_GCC/X64/MdeModulePkg/Core/Dxe/DxeMain/DEBUG/DxeCore.dll (ImageBase=000000007FE28000, EntryPoint=000000007FE3F0A8) !!!!
