=== GPT/MBR Driver Session ===
[2026-05-06 00:06:48] [INFO] Driver started
[2026-05-06 00:06:48] [INFO] Loaded 3 partition definitions
[2026-05-06 00:06:48] [INFO] Computed disk layout:
[2026-05-06 00:06:48] [INFO]   First usable LBA : 2048
[2026-05-06 00:06:48] [INFO]   Last usable LBA  : 5265407
[2026-05-06 00:06:48] [INFO]   Total sectors    : 5265410
[2026-05-06 00:06:48] [INFO]   Entry sectors    : 1
[2026-05-06 00:06:48] [INFO] Creating disk image: C:\Users\olusa\OneDrive\Documents\GitHub\BlockyOS\Build\Build-2026-05-06-46\disk.img
[2026-05-06 00:06:48] [INFO] Writing protective MBR
[2026-05-06 00:06:48] [INFO] >> [SEEK] Offset=0 Origin=Begin  (Caller: GPT.ps1: line 502)
[2026-05-06 00:06:48] [INFO] >> ([WRITE] Position=0  Count=512  Caller=GPT.ps1: line 542)
[2026-05-06 00:06:48] [INFO] Writing primary GPT header and entries
[2026-05-06 00:06:48] [INFO] >> [SEEK] Offset=1024 Origin=Begin  (Caller: GPT.ps1: line 502)
[2026-05-06 00:06:48] [INFO] >> ([WRITE] Position=1024  Count=384  Caller=GPT.ps1: line 723)
[2026-05-06 00:06:48] [INFO] >> [SEEK] Offset=512 Origin=Begin  (Caller: GPT.ps1: line 502)
[2026-05-06 00:06:48] [INFO] >> ([WRITE] Position=512  Count=512  Caller=GPT.ps1: line 766)
[2026-05-06 00:06:48] [INFO] Writing backup GPT header and entries
[2026-05-06 00:06:48] [INFO] >> [SEEK] Offset=2695888896 Origin=Begin  (Caller: GPT.ps1: line 502)
[2026-05-06 00:06:48] [INFO] >> ([WRITE] Position=2695888896  Count=384  Caller=GPT.ps1: line 723)
[2026-05-06 00:06:48] [INFO] >> [SEEK] Offset=2695889408 Origin=Begin  (Caller: GPT.ps1: line 502)
[2026-05-06 00:06:57] [INFO] >> ([WRITE] Position=2695889408  Count=512  Caller=GPT.ps1: line 794)
[2026-05-06 00:06:57] [INFO] Disk build complete
