
C:\Users\olusa\OneDrive\Documents\GitHub\BlockyOS\Build\Build-2026-05-06-46\objs\blob.efi:     file format pei-x86-64
C:\Users\olusa\OneDrive\Documents\GitHub\BlockyOS\Build\Build-2026-05-06-46\objs\blob.efi
architecture: i386:x86-64, flags 0x00000133:
HAS_RELOC, EXEC_P, HAS_SYMS, HAS_LOCALS, D_PAGED
start address 0x0000000000003000

Characteristics 0x206
	executable
	line numbers stripped
	debugging information removed

Time/Date		Thu Jan 01 00:00:00 1970
Magic			020b	(PE32+)
MajorLinkerVersion	2
MinorLinkerVersion	46
SizeOfCode		000000000001ae00
SizeOfInitializedData	0000000000003200
SizeOfUninitializedData	0000000000000000
AddressOfEntryPoint	0000000000003000
BaseOfCode		0000000000003000
ImageBase		0000000000000000
SectionAlignment	00001000
FileAlignment		00000200
MajorOSystemVersion	0
MinorOSystemVersion	0
MajorImageVersion	0
MinorImageVersion	0
MajorSubsystemVersion	0
MinorSubsystemVersion	0
Win32Version		00000000
SizeOfImage		00023000
SizeOfHeaders		00000400
CheckSum		0003195b
Subsystem		0000000a	(EFI application)
DllCharacteristics	00000000
SizeOfStackReserve	0000000000000000
SizeOfStackCommit	0000000000000000
SizeOfHeapReserve	0000000000000000
SizeOfHeapCommit	0000000000000000
LoaderFlags		00000000
NumberOfRvaAndSizes	00000010

The Data Directory
Entry 0 0000000000000000 00000000 Export Directory [.edata (or where ever we found it)]
Entry 1 0000000000000000 00000000 Import Directory [parts of .idata]
Entry 2 0000000000000000 00000000 Resource Directory [.rsrc]
Entry 3 0000000000000000 00000000 Exception Directory [.pdata]
Entry 4 0000000000000000 00000000 Security Directory
Entry 5 000000000001f000 0000000c Base Relocation Directory [.reloc]
Entry 6 0000000000000000 00000000 Debug Directory
Entry 7 0000000000000000 00000000 Description Directory
Entry 8 0000000000000000 00000000 Special Directory
Entry 9 0000000000000000 00000000 Thread Storage Directory [.tls]
Entry a 0000000000000000 00000000 Load Configuration Directory
Entry b 0000000000000000 00000000 Bound Import Directory
Entry c 0000000000000000 00000000 Import Address Table Directory
Entry d 0000000000000000 00000000 Delay Import Directory
Entry e 0000000000000000 00000000 CLR Runtime Header
Entry f 0000000000000000 00000000 Reserved


PE File Base Relocations (interpreted .reloc section contents)

Virtual Address: 00000004 Chunk size 12 (0xc) Number of fixups 2
	reloc    0 offset    0 [   4] ABSOLUTE
	reloc    1 offset    0 [   4] ABSOLUTE

Sections:
Idx Name          Size      VMA               LMA               File off  Algn
  0 .text         0001ad50  0000000000003000  0000000000003000  00000400  2**4
                  CONTENTS, ALLOC, LOAD, READONLY, CODE
  1 .data         00000d90  000000000001e000  000000000001e000  0001b200  2**4
                  CONTENTS, ALLOC, LOAD, DATA
  2 .reloc        0000000c  000000000001f000  000000000001f000  0001c000  2**2
                  CONTENTS, ALLOC, LOAD, READONLY, DATA
  3 .rodata       00002070  0000000000020000  0000000000020000  0001c200  2**2
                  CONTENTS, ALLOC, LOAD, READONLY, DATA
SYMBOL TABLE:
[  0](sec  1)(fl 0x00)(ty   20)(scl   3) (nx 1) 0x0000000000003f01 __dirr_matches
AUX tagndx 0 ttlsiz 0x83 lnnos 0 next 0
[  2](sec  1)(fl 0x00)(ty   20)(scl   3) (nx 1) 0x0000000000003f84 __dirr_push
AUX tagndx 0 ttlsiz 0x141 lnnos 0 next 0
[  4](sec  1)(fl 0x00)(ty   20)(scl   3) (nx 1) 0x00000000000040c5 __dirr_pop
AUX tagndx 0 ttlsiz 0x76 lnnos 0 next 0
[  6](sec  1)(fl 0x00)(ty   20)(scl   3) (nx 1) 0x0000000000004aa4 load64
AUX tagndx 0 ttlsiz 0xb3 lnnos 0 next 0
[  8](sec  1)(fl 0x00)(ty   20)(scl   3) (nx 1) 0x0000000000004b57 store32
AUX tagndx 0 ttlsiz 0x5b lnnos 0 next 0
[ 10](sec  1)(fl 0x00)(ty   20)(scl   3) (nx 1) 0x0000000000004bb2 store64
AUX tagndx 0 ttlsiz 0xba lnnos 0 next 0
[ 12](sec  1)(fl 0x00)(ty   20)(scl   3) (nx 1) 0x0000000000004c6c rotr64
AUX tagndx 0 ttlsiz 0x20 lnnos 0 next 0
[ 14](sec  1)(fl 0x00)(ty   20)(scl   3) (nx 1) 0x0000000000004c8c secure_zero_memory
AUX tagndx 0 ttlsiz 0x2c lnnos 0 next 0
[ 16](sec  2)(fl 0x00)(ty    0)(scl   3) (nx 0) 0x0000000000000008 memset_v.0
[ 17](sec  4)(fl 0x00)(ty    0)(scl   3) (nx 0) 0x0000000000000aa0 blake2b_IV
[ 18](sec  4)(fl 0x00)(ty    0)(scl   3) (nx 0) 0x0000000000000ae0 blake2b_sigma
[ 19](sec  1)(fl 0x00)(ty   20)(scl   3) (nx 1) 0x0000000000004cb8 blake2b_set_lastnode
AUX tagndx 0 ttlsiz 0x1b lnnos 0 next 0
[ 21](sec  1)(fl 0x00)(ty   20)(scl   3) (nx 1) 0x0000000000004cd3 blake2b_is_lastblock
AUX tagndx 0 ttlsiz 0x1f lnnos 0 next 0
[ 23](sec  1)(fl 0x00)(ty   20)(scl   3) (nx 1) 0x0000000000004cf2 blake2b_set_lastblock
AUX tagndx 0 ttlsiz 0x36 lnnos 0 next 0
[ 25](sec  1)(fl 0x00)(ty   20)(scl   3) (nx 1) 0x0000000000004d28 blake2b_increment_counter
AUX tagndx 0 ttlsiz 0x4f lnnos 0 next 0
[ 27](sec  1)(fl 0x00)(ty   20)(scl   3) (nx 1) 0x0000000000004d77 blake2b_init0
AUX tagndx 0 ttlsiz 0x5f lnnos 0 next 0
[ 29](sec  1)(fl 0x00)(ty   20)(scl   3) (nx 1) 0x00000000000050fb blake2b_compress
AUX tagndx 0 ttlsiz 0x6ce7 lnnos 0 next 0
[ 31](sec  1)(fl 0x00)(ty   20)(scl   3) (nx 1) 0x000000000000c241 store32
AUX tagndx 0 ttlsiz 0x5b lnnos 0 next 0
[ 33](sec  1)(fl 0x00)(ty   20)(scl   3) (nx 1) 0x000000000000c29c secure_zero_memory
AUX tagndx 0 ttlsiz 0x2c lnnos 0 next 0
[ 35](sec  2)(fl 0x00)(ty    0)(scl   3) (nx 0) 0x0000000000000010 memset_v.0
[ 36](sec  1)(fl 0x00)(ty   20)(scl   3) (nx 1) 0x000000000000c2c8 blake2bp_init_leaf_param
AUX tagndx 0 ttlsiz 0x41 lnnos 0 next 0
[ 38](sec  1)(fl 0x00)(ty   20)(scl   3) (nx 1) 0x000000000000c309 blake2bp_init_leaf
AUX tagndx 0 ttlsiz 0xdb lnnos 0 next 0
[ 40](sec  1)(fl 0x00)(ty   20)(scl   3) (nx 1) 0x000000000000c3e4 blake2bp_init_root
AUX tagndx 0 ttlsiz 0xd4 lnnos 0 next 0
[ 42](sec  1)(fl 0x00)(ty   20)(scl   3) (nx 1) 0x000000000000ce50 load32
AUX tagndx 0 ttlsiz 0x59 lnnos 0 next 0
[ 44](sec  1)(fl 0x00)(ty   20)(scl   3) (nx 1) 0x000000000000cea9 store16
AUX tagndx 0 ttlsiz 0x46 lnnos 0 next 0
[ 46](sec  1)(fl 0x00)(ty   20)(scl   3) (nx 1) 0x000000000000ceef store32
AUX tagndx 0 ttlsiz 0x5b lnnos 0 next 0
[ 48](sec  1)(fl 0x00)(ty   20)(scl   3) (nx 1) 0x000000000000cf4a rotr32
AUX tagndx 0 ttlsiz 0x1c lnnos 0 next 0
[ 50](sec  1)(fl 0x00)(ty   20)(scl   3) (nx 1) 0x000000000000cf66 secure_zero_memory
AUX tagndx 0 ttlsiz 0x2c lnnos 0 next 0
[ 52](sec  2)(fl 0x00)(ty    0)(scl   3) (nx 0) 0x0000000000000018 memset_v.0
[ 53](sec  4)(fl 0x00)(ty    0)(scl   3) (nx 0) 0x0000000000000ba0 blake2s_IV
[ 54](sec  4)(fl 0x00)(ty    0)(scl   3) (nx 0) 0x0000000000000bc0 blake2s_sigma
[ 55](sec  1)(fl 0x00)(ty   20)(scl   3) (nx 1) 0x000000000000cf92 blake2s_set_lastnode
AUX tagndx 0 ttlsiz 0x1a lnnos 0 next 0
[ 57](sec  1)(fl 0x00)(ty   20)(scl   3) (nx 1) 0x000000000000cfac blake2s_is_lastblock
AUX tagndx 0 ttlsiz 0x1d lnnos 0 next 0
[ 59](sec  1)(fl 0x00)(ty   20)(scl   3) (nx 1) 0x000000000000cfc9 blake2s_set_lastblock
AUX tagndx 0 ttlsiz 0x35 lnnos 0 next 0
[ 61](sec  1)(fl 0x00)(ty   20)(scl   3) (nx 1) 0x000000000000cffe blake2s_increment_counter
AUX tagndx 0 ttlsiz 0x45 lnnos 0 next 0
[ 63](sec  1)(fl 0x00)(ty   20)(scl   3) (nx 1) 0x000000000000d043 blake2s_init0
AUX tagndx 0 ttlsiz 0x5d lnnos 0 next 0
[ 65](sec  1)(fl 0x00)(ty   20)(scl   3) (nx 1) 0x000000000000d34e blake2s_compress
AUX tagndx 0 ttlsiz 0x3b6a lnnos 0 next 0
[ 67](sec  1)(fl 0x00)(ty   20)(scl   3) (nx 1) 0x0000000000011289 store16
AUX tagndx 0 ttlsiz 0x46 lnnos 0 next 0
[ 69](sec  1)(fl 0x00)(ty   20)(scl   3) (nx 1) 0x00000000000112cf store32
AUX tagndx 0 ttlsiz 0x5b lnnos 0 next 0
[ 71](sec  1)(fl 0x00)(ty   20)(scl   3) (nx 1) 0x000000000001132a secure_zero_memory
AUX tagndx 0 ttlsiz 0x2c lnnos 0 next 0
[ 73](sec  2)(fl 0x00)(ty    0)(scl   3) (nx 0) 0x0000000000000020 memset_v.0
[ 74](sec  1)(fl 0x00)(ty   20)(scl   3) (nx 1) 0x0000000000011356 blake2sp_init_leaf_param
AUX tagndx 0 ttlsiz 0x3e lnnos 0 next 0
[ 76](sec  1)(fl 0x00)(ty   20)(scl   3) (nx 1) 0x0000000000011394 blake2sp_init_leaf
AUX tagndx 0 ttlsiz 0xc1 lnnos 0 next 0
[ 78](sec  1)(fl 0x00)(ty   20)(scl   3) (nx 1) 0x0000000000011455 blake2sp_init_root
AUX tagndx 0 ttlsiz 0xba lnnos 0 next 0
[ 80](sec  1)(fl 0x00)(ty   20)(scl   3) (nx 1) 0x0000000000011e4d load32
AUX tagndx 0 ttlsiz 0x59 lnnos 0 next 0
[ 82](sec  1)(fl 0x00)(ty   20)(scl   3) (nx 1) 0x0000000000011ea6 store32
AUX tagndx 0 ttlsiz 0x5b lnnos 0 next 0
[ 84](sec  1)(fl 0x00)(ty   20)(scl   3) (nx 1) 0x0000000000011f01 secure_zero_memory
AUX tagndx 0 ttlsiz 0x2c lnnos 0 next 0
[ 86](sec  2)(fl 0x00)(ty    0)(scl   3) (nx 0) 0x0000000000000028 memset_v.0
[ 87](sec  1)(fl 0x00)(ty   20)(scl   3) (nx 1) 0x00000000000124ee load16
AUX tagndx 0 ttlsiz 0x33 lnnos 0 next 0
[ 89](sec  1)(fl 0x00)(ty   20)(scl   3) (nx 1) 0x0000000000012521 store16
AUX tagndx 0 ttlsiz 0x46 lnnos 0 next 0
[ 91](sec  1)(fl 0x00)(ty   20)(scl   3) (nx 1) 0x0000000000012567 store32
AUX tagndx 0 ttlsiz 0x5b lnnos 0 next 0
[ 93](sec  1)(fl 0x00)(ty   20)(scl   3) (nx 1) 0x00000000000125c2 secure_zero_memory
AUX tagndx 0 ttlsiz 0x2c lnnos 0 next 0
[ 95](sec  2)(fl 0x00)(ty    0)(scl   3) (nx 0) 0x0000000000000030 memset_v.0
[ 96](sec  1)(fl 0x00)(ty   20)(scl   3) (nx 1) 0x0000000000012eaf strtok_k.localalias
AUX tagndx 0 ttlsiz 0x1f4 lnnos 0 next 0
[ 98](sec  1)(fl 0x00)(ty   20)(scl   3) (nx 1) 0x000000000001322e match_rec.localalias
AUX tagndx 0 ttlsiz 0x134 lnnos 0 next 0
[100](sec  1)(fl 0x00)(ty   20)(scl   3) (nx 1) 0x00000000000155d0 ValueToHex.part.0
AUX tagndx 0 ttlsiz 0x9e lnnos 0 next 0
[102](sec  4)(fl 0x00)(ty    0)(scl   3) (nx 0) 0x0000000000001070 Hex
[103](sec  1)(fl 0x00)(ty   20)(scl   3) (nx 1) 0x0000000000015670 ValueToString.part.0
AUX tagndx 0 ttlsiz 0x11b lnnos 0 next 0
[105](sec  4)(fl 0x00)(ty    0)(scl   3) (nx 0) 0x000000000000106a ca.0
[106](sec  1)(fl 0x00)(ty   20)(scl   3) (nx 1) 0x0000000000015790 PPUTC
AUX tagndx 0 ttlsiz 0xba lnnos 0 next 0
[108](sec  1)(fl 0x00)(ty   20)(scl   3) (nx 1) 0x0000000000017440 PPUTC
AUX tagndx 0 ttlsiz 0xba lnnos 0 next 0
[110](sec  1)(fl 0x00)(ty   20)(scl   3) (nx 1) 0x0000000000017500 _Print
AUX tagndx 0 ttlsiz 0xe1b lnnos 0 next 0
[112](sec  1)(fl 0x00)(ty   20)(scl   3) (nx 1) 0x0000000000018740 _DevPathEndInstance
AUX tagndx 0 ttlsiz 0xe lnnos 0 next 0
[114](sec  1)(fl 0x00)(ty   20)(scl   3) (nx 1) 0x0000000000018750 _DevPathBssBss
AUX tagndx 0 ttlsiz 0x92 lnnos 0 next 0
[116](sec  1)(fl 0x00)(ty   20)(scl   3) (nx 1) 0x00000000000187f0 _DevPathMediaProtocol
AUX tagndx 0 ttlsiz 0x12 lnnos 0 next 0
[118](sec  1)(fl 0x00)(ty   20)(scl   3) (nx 1) 0x0000000000018810 _DevPathFilePath
AUX tagndx 0 ttlsiz 0x12 lnnos 0 next 0
[120](sec  1)(fl 0x00)(ty   20)(scl   3) (nx 1) 0x0000000000018830 _DevPathCDROM
AUX tagndx 0 ttlsiz 0x11 lnnos 0 next 0
[122](sec  1)(fl 0x00)(ty   20)(scl   3) (nx 1) 0x0000000000018850 _DevPathSata
AUX tagndx 0 ttlsiz 0x1b lnnos 0 next 0
[124](sec  1)(fl 0x00)(ty   20)(scl   3) (nx 1) 0x0000000000018870 _DevPathUart
AUX tagndx 0 ttlsiz 0x105 lnnos 0 next 0
[126](sec  4)(fl 0x00)(ty    0)(scl   3) (nx 0) 0x000000000000185a CSWTCH.43
[127](sec  1)(fl 0x00)(ty   20)(scl   3) (nx 1) 0x0000000000018980 _DevPathInfiniBand
AUX tagndx 0 ttlsiz 0x2e lnnos 0 next 0
[129](sec  1)(fl 0x00)(ty   20)(scl   3) (nx 1) 0x00000000000189b0 _DevPathUri
AUX tagndx 0 ttlsiz 0x12 lnnos 0 next 0
[131](sec  1)(fl 0x00)(ty   20)(scl   3) (nx 1) 0x00000000000189d0 _DevPathMacAddr
AUX tagndx 0 ttlsiz 0xb3 lnnos 0 next 0
[133](sec  1)(fl 0x00)(ty   20)(scl   3) (nx 1) 0x0000000000018a90 _DevPathI2O
AUX tagndx 0 ttlsiz 0x11 lnnos 0 next 0
[135](sec  1)(fl 0x00)(ty   20)(scl   3) (nx 1) 0x0000000000018ab0 _DevPathUsb
AUX tagndx 0 ttlsiz 0x16 lnnos 0 next 0
[137](sec  1)(fl 0x00)(ty   20)(scl   3) (nx 1) 0x0000000000018ad0 _DevPath1394
AUX tagndx 0 ttlsiz 0x12 lnnos 0 next 0
[139](sec  1)(fl 0x00)(ty   20)(scl   3) (nx 1) 0x0000000000018af0 _DevPathFibre
AUX tagndx 0 ttlsiz 0x30 lnnos 0 next 0
[141](sec  1)(fl 0x00)(ty   20)(scl   3) (nx 1) 0x0000000000018b20 _DevPathScsi
AUX tagndx 0 ttlsiz 0x16 lnnos 0 next 0
[143](sec  1)(fl 0x00)(ty   20)(scl   3) (nx 1) 0x0000000000018b40 _DevPathAtapi
AUX tagndx 0 ttlsiz 0x36 lnnos 0 next 0
[145](sec  1)(fl 0x00)(ty   20)(scl   3) (nx 1) 0x0000000000018b80 _DevPathAcpi
AUX tagndx 0 ttlsiz 0x163 lnnos 0 next 0
[147](sec  1)(fl 0x00)(ty   20)(scl   3) (nx 1) 0x0000000000018cf0 _DevPathController
AUX tagndx 0 ttlsiz 0x11 lnnos 0 next 0
[149](sec  1)(fl 0x00)(ty   20)(scl   3) (nx 1) 0x0000000000018d10 _DevPathMemMap
AUX tagndx 0 ttlsiz 0x19 lnnos 0 next 0
[151](sec  1)(fl 0x00)(ty   20)(scl   3) (nx 1) 0x0000000000018d30 _DevPathPccard
AUX tagndx 0 ttlsiz 0x12 lnnos 0 next 0
[153](sec  1)(fl 0x00)(ty   20)(scl   3) (nx 1) 0x0000000000018d50 _DevPathPci
AUX tagndx 0 ttlsiz 0x16 lnnos 0 next 0
[155](sec  1)(fl 0x00)(ty   20)(scl   3) (nx 1) 0x0000000000018d70 _DevPathNodeUnknown
AUX tagndx 0 ttlsiz 0x137 lnnos 0 next 0
[157](sec  1)(fl 0x00)(ty   20)(scl   3) (nx 1) 0x0000000000018eb0 _DevPathVendor
AUX tagndx 0 ttlsiz 0xa9 lnnos 0 next 0
[159](sec  1)(fl 0x00)(ty   20)(scl   3) (nx 1) 0x0000000000018f60 _DevPathHardDrive
AUX tagndx 0 ttlsiz 0x49 lnnos 0 next 0
[161](sec  1)(fl 0x00)(ty   20)(scl   3) (nx 1) 0x0000000000018fb0 CatPrintIPv6.isra.0
AUX tagndx 0 ttlsiz 0xb1 lnnos 0 next 0
[163](sec  1)(fl 0x00)(ty   20)(scl   3) (nx 1) 0x0000000000019070 _DevPathIPv6
AUX tagndx 0 ttlsiz 0x279 lnnos 0 next 0
[165](sec  1)(fl 0x00)(ty   20)(scl   3) (nx 1) 0x00000000000192f0 _DevPathIPv4
AUX tagndx 0 ttlsiz 0x294 lnnos 0 next 0
[167](sec  2)(fl 0x00)(ty    0)(scl   3) (nx 0) 0x0000000000000a60 KnownGuids
[168](sec  2)(fl 0x00)(ty    0)(scl   3) (nx 0) 0x0000000000000a40 ShellInterfaceProtocol
[169](sec  2)(fl 0x00)(ty    0)(scl   3) (nx 0) 0x0000000000000a30 SEnvId
[170](sec  2)(fl 0x00)(ty    0)(scl   3) (nx 0) 0x0000000000000a10 SProtId
[171](sec  2)(fl 0x00)(ty    0)(scl   3) (nx 0) 0x0000000000000a20 SMapId
[172](sec  2)(fl 0x00)(ty    0)(scl   3) (nx 0) 0x0000000000000a00 SAliasId
[173](sec  2)(fl 0x00)(ty    0)(scl   3) (nx 0) 0x0000000000000000 dummy0
[174](sec  2)(fl 0x00)(ty    0)(scl   3) (nx 0) 0x0000000000000004 dummy1
[175](sec  1)(fl 0x00)(ty   20)(scl   2) (nx 1) 0x00000000000149e0 StpnCpy
AUX tagndx 0 ttlsiz 0x5 lnnos 0 next 0
[177](sec  1)(fl 0x00)(ty   20)(scl   2) (nx 1) 0x0000000000003a2c __fdirlist
AUX tagndx 0 ttlsiz 0x3b6 lnnos 0 next 0
[179](sec  1)(fl 0x00)(ty   20)(scl   2) (nx 1) 0x0000000000002508 __fuloaddir
AUX tagndx 0 ttlsiz 0x1ee lnnos 0 next 0
[181](sec  1)(fl 0x00)(ty   20)(scl   2) (nx 1) 0x0000000000001ce8 __fread1
AUX tagndx 0 ttlsiz 0x233 lnnos 0 next 0
[183](sec  1)(fl 0x00)(ty   20)(scl   2) (nx 1) 0x0000000000015340 InitializeLibPlatform
AUX tagndx 0 ttlsiz 0x1 lnnos 0 next 0
[185](sec  1)(fl 0x00)(ty   20)(scl   2) (nx 1) 0x0000000000014b00 AsciiStrnCmp
AUX tagndx 0 ttlsiz 0x43 lnnos 0 next 0
[187](sec  1)(fl 0x00)(ty   20)(scl   2) (nx 1) 0x00000000000146b0 BCDtoDecimal
AUX tagndx 0 ttlsiz 0x9 lnnos 0 next 0
[189](sec  1)(fl 0x00)(ty   20)(scl   2) (nx 1) 0x0000000000019ef0 LibCreateProtocolNotifyEvent
AUX tagndx 0 ttlsiz 0x79 lnnos 0 next 0
[191](sec  1)(fl 0x00)(ty   20)(scl   2) (nx 1) 0x000000000001ad00 LShiftU64
AUX tagndx 0 ttlsiz 0x9 lnnos 0 next 0
[193](sec  1)(fl 0x00)(ty   20)(scl   2) (nx 1) 0x000000000001194f blake2sp_final
AUX tagndx 0 ttlsiz 0x19c lnnos 0 next 0
[195](sec  1)(fl 0x00)(ty   20)(scl   2) (nx 1) 0x00000000000149f0 StrCat
AUX tagndx 0 ttlsiz 0x5 lnnos 0 next 0
[197](sec  1)(fl 0x00)(ty   20)(scl   2) (nx 1) 0x0000000000000d82 __ffremove
AUX tagndx 0 ttlsiz 0x68 lnnos 0 next 0
[199](sec  1)(fl 0x00)(ty   20)(scl   2) (nx 1) 0x0000000000013ce0 InitializeLib
AUX tagndx 0 ttlsiz 0xf5 lnnos 0 next 0
[201](sec  1)(fl 0x00)(ty   20)(scl   2) (nx 1) 0x0000000000014eb0 RtCopyMem
AUX tagndx 0 ttlsiz 0x71 lnnos 0 next 0
[203](sec  1)(fl 0x00)(ty   20)(scl   2) (nx 1) 0x0000000000014bf0 Atoi
AUX tagndx 0 ttlsiz 0x53 lnnos 0 next 0
[205](sec  1)(fl 0x00)(ty   20)(scl   2) (nx 1) 0x0000000000016040 DbgPrint
AUX tagndx 0 ttlsiz 0x1230 lnnos 0 next 0
[207](sec  1)(fl 0x00)(ty   20)(scl   2) (nx 1) 0x0000000000002e4d _freadinfo
AUX tagndx 0 ttlsiz 0x28 lnnos 0 next 0
[209](sec  1)(fl 0x00)(ty   20)(scl   2) (nx 1) 0x0000000000010fe9 blake2s_final
AUX tagndx 0 ttlsiz 0x145 lnnos 0 next 0
[211](sec  1)(fl 0x00)(ty   20)(scl   2) (nx 1) 0x0000000000017270 DumpHex
AUX tagndx 0 ttlsiz 0x1a9 lnnos 0 next 0
[213](sec  1)(fl 0x00)(ty   20)(scl   2) (nx 1) 0x0000000000014940 LibStubStrLwrUpr
AUX tagndx 0 ttlsiz 0x1 lnnos 0 next 0
[215](sec  1)(fl 0x00)(ty   20)(scl   2) (nx 1) 0x000000000000d128 blake2s_init
AUX tagndx 0 ttlsiz 0xcb lnnos 0 next 0
[217](sec  1)(fl 0x00)(ty   20)(scl   2) (nx 1) 0x0000000000014ab0 AsciiStrCmp
AUX tagndx 0 ttlsiz 0x42 lnnos 0 next 0
[219](sec  1)(fl 0x00)(ty   20)(scl   2) (nx 1) 0x000000000001a300 LibLocateProtocol
AUX tagndx 0 ttlsiz 0x96 lnnos 0 next 0
[221](sec  1)(fl 0x00)(ty   20)(scl   2) (nx 1) 0x000000000000d0a0 blake2s_init_param
AUX tagndx 0 ttlsiz 0x88 lnnos 0 next 0
[223](sec  1)(fl 0x00)(ty   20)(scl   2) (nx 1) 0x00000000000134e2 __calloc
AUX tagndx 0 ttlsiz 0x48 lnnos 0 next 0
[225](sec  1)(fl 0x00)(ty   20)(scl   2) (nx 1) 0x000000000001a050 WaitForEventWithTimeout
AUX tagndx 0 ttlsiz 0x95 lnnos 0 next 0
[227](sec  1)(fl 0x00)(ty   20)(scl   2) (nx 1) 0x0000000000012b3a strcheck
AUX tagndx 0 ttlsiz 0x53 lnnos 0 next 0
[229](sec  1)(fl 0x00)(ty   20)(scl   2) (nx 1) 0x0000000000014970 StrLwr
AUX tagndx 0 ttlsiz 0x19 lnnos 0 next 0
[231](sec  1)(fl 0x00)(ty   20)(scl   2) (nx 1) 0x000000000001a100 CompareGuid_1
AUX tagndx 0 ttlsiz 0x5 lnnos 0 next 0
[233](sec  1)(fl 0x00)(ty   20)(scl   2) (nx 1) 0x0000000000014a40 StrDuplicate
AUX tagndx 0 ttlsiz 0x3d lnnos 0 next 0
[235](sec  1)(fl 0x00)(ty   20)(scl   2) (nx 1) 0x0000000000015fa0 TimeToString
AUX tagndx 0 ttlsiz 0x9c lnnos 0 next 0
[237](sec  1)(fl 0x00)(ty   20)(scl   2) (nx 1) 0x0000000000015ac0 Print
AUX tagndx 0 ttlsiz 0xb3 lnnos 0 next 0
[239](sec  1)(fl 0x00)(ty   20)(scl   2) (nx 1) 0x00000000000123d3 blake2xb
AUX tagndx 0 ttlsiz 0x11b lnnos 0 next 0
[241](sec  1)(fl 0x00)(ty   20)(scl   2) (nx 1) 0x00000000000131b4 str_tolower
AUX tagndx 0 ttlsiz 0x7a lnnos 0 next 0
[243](sec  1)(fl 0x00)(ty   20)(scl   2) (nx 1) 0x00000000000045c2 DisableVerbose
AUX tagndx 0 ttlsiz 0x17 lnnos 0 next 0
[245](sec  1)(fl 0x00)(ty   20)(scl   2) (nx 1) 0x00000000000028bc fsloadh
AUX tagndx 0 ttlsiz 0x12b lnnos 0 next 0
[247](sec  1)(fl 0x00)(ty   20)(scl   2) (nx 1) 0x0000000000012e09 strtok_i
AUX tagndx 0 ttlsiz 0xa6 lnnos 0 next 0
[249](sec  1)(fl 0x00)(ty   20)(scl   2) (nx 1) 0x0000000000013fc0 CopyMem_1
AUX tagndx 0 ttlsiz 0x5 lnnos 0 next 0
[251](sec  1)(fl 0x00)(ty   20)(scl   2) (nx 1) 0x00000000000142a0 LibGetVariable
AUX tagndx 0 ttlsiz 0x13 lnnos 0 next 0
[253](sec  1)(fl 0x00)(ty   20)(scl   2) (nx 1) 0x0000000000014330 LibSetNVVariable
AUX tagndx 0 ttlsiz 0x27 lnnos 0 next 0
[255](sec  1)(fl 0x00)(ty   20)(scl   2) (nx 1) 0x0000000000013871 efi_main
AUX tagndx 0 ttlsiz 0x1e7 lnnos 0 next 0
[257](sec  1)(fl 0x00)(ty   20)(scl   2) (nx 1) 0x0000000000019da0 LibMatchDevicePaths
AUX tagndx 0 ttlsiz 0x73 lnnos 0 next 0
[259](sec  1)(fl 0x00)(ty   20)(scl   2) (nx 1) 0x000000000000469e startup
AUX tagndx 0 ttlsiz 0x1dc lnnos 0 next 0
[261](sec  1)(fl 0x00)(ty   20)(scl   2) (nx 1) 0x000000000001ad10 RShiftU64
AUX tagndx 0 ttlsiz 0x9 lnnos 0 next 0
[263](sec  1)(fl 0x00)(ty   20)(scl   2) (nx 1) 0x0000000000013e30 memcpy
AUX tagndx 0 ttlsiz 0x23 lnnos 0 next 0
[265](sec  1)(fl 0x00)(ty   20)(scl   2) (nx 1) 0x000000000001362e __strspn
AUX tagndx 0 ttlsiz 0x6a lnnos 0 next 0
[267](sec  1)(fl 0x00)(ty   20)(scl   2) (nx 1) 0x0000000000015850 UnicodeSPrint
AUX tagndx 0 ttlsiz 0x8a lnnos 0 next 0
[269](sec  1)(fl 0x00)(ty   20)(scl   2) (nx 1) 0x0000000000000cb2 allocatecluster
AUX tagndx 0 ttlsiz 0xd0 lnnos 0 next 0
[271](sec  1)(fl 0x00)(ty   20)(scl   2) (nx 1) 0x0000000000011f59 blake2xb_init_key
AUX tagndx 0 ttlsiz 0x22d lnnos 0 next 0
[273](sec  1)(fl 0x00)(ty   20)(scl   2) (nx 1) 0x0000000000019590 DevicePathFromHandle
AUX tagndx 0 ttlsiz 0x34 lnnos 0 next 0
[275](sec  1)(fl 0x00)(ty   20)(scl   2) (nx 1) 0x000000000001179c blake2sp_update
AUX tagndx 0 ttlsiz 0x1b3 lnnos 0 next 0
[277](sec  1)(fl 0x00)(ty   20)(scl   2) (nx 1) 0x0000000000019ae0 AppendDevicePathInstance
AUX tagndx 0 ttlsiz 0xf0 lnnos 0 next 0
[279](sec  1)(fl 0x00)(ty   20)(scl   2) (nx 1) 0x0000000000013174 tolower
AUX tagndx 0 ttlsiz 0x16 lnnos 0 next 0
[281](sec  1)(fl 0x00)(ty   20)(scl   2) (nx 1) 0x00000000000153a0 _SPrint
AUX tagndx 0 ttlsiz 0x119 lnnos 0 next 0
[283](sec  1)(fl 0x00)(ty   20)(scl   2) (nx 1) 0x0000000000014a10 StrnLen
AUX tagndx 0 ttlsiz 0x5 lnnos 0 next 0
[285](sec  1)(fl 0x00)(ty   20)(scl   2) (nx 1) 0x000000000000498d writeblock
AUX tagndx 0 ttlsiz 0xdc lnnos 0 next 0
[287](sec  1)(fl 0x00)(ty   20)(scl   2) (nx 1) 0x0000000000015270 RtStrLen
AUX tagndx 0 ttlsiz 0x21 lnnos 0 next 0
[289](sec  1)(fl 0x00)(ty   20)(scl   2) (nx 1) 0x0000000000013362 __pattmatch
AUX tagndx 0 ttlsiz 0x118 lnnos 0 next 0
[291](sec  1)(fl 0x00)(ty   20)(scl   2) (nx 1) 0x000000000001112e blake2s
AUX tagndx 0 ttlsiz 0x15b lnnos 0 next 0
[293](sec  1)(fl 0x00)(ty   20)(scl   2) (nx 1) 0x0000000000013fd0 CopyMemC
AUX tagndx 0 ttlsiz 0x5 lnnos 0 next 0
[295](sec  1)(fl 0x00)(ty   20)(scl   2) (nx 1) 0x0000000000015120 RtStpnCpy
AUX tagndx 0 ttlsiz 0x7a lnnos 0 next 0
[297](sec  1)(fl 0x00)(ty   20)(scl   2) (nx 1) 0x0000000000012b8d strchecki
AUX tagndx 0 ttlsiz 0x54 lnnos 0 next 0
[299](sec  1)(fl 0x00)(ty   20)(scl   2) (nx 1) 0x00000000000029e7 fsuloadh
AUX tagndx 0 ttlsiz 0x246 lnnos 0 next 0
[301](sec  1)(fl 0x00)(ty   20)(scl   2) (nx 1) 0x0000000000000e90 __ffremovelh
AUX tagndx 0 ttlsiz 0xfb lnnos 0 next 0
[303](sec  1)(fl 0x00)(ty   20)(scl   2) (nx 1) 0x0000000000015970 PoolPrint
AUX tagndx 0 ttlsiz 0x94 lnnos 0 next 0
[305](sec  1)(fl 0x00)(ty   20)(scl   2) (nx 1) 0x0000000000010eb8 blake2s_update
AUX tagndx 0 ttlsiz 0x131 lnnos 0 next 0
[307](sec  1)(fl 0x00)(ty   20)(scl   2) (nx 1) 0x000000000000413b __dirr_free
AUX tagndx 0 ttlsiz 0xa5 lnnos 0 next 0
[309](sec  1)(fl 0x00)(ty   20)(scl   2) (nx 1) 0x0000000000014a30 StrSize
AUX tagndx 0 ttlsiz 0x5 lnnos 0 next 0
[311](sec  1)(fl 0x00)(ty   20)(scl   2) (nx 1) 0x0000000000004e65 blake2b_init
AUX tagndx 0 ttlsiz 0xe5 lnnos 0 next 0
[313](sec  1)(fl 0x00)(ty   20)(scl   2) (nx 1) 0x00000000000045ab EnableVerbose
AUX tagndx 0 ttlsiz 0x17 lnnos 0 next 0
[315](sec  1)(fl 0x00)(ty   20)(scl   2) (nx 1) 0x0000000000012d19 readbuf
AUX tagndx 0 ttlsiz 0xf0 lnnos 0 next 0
[317](sec  1)(fl 0x00)(ty   20)(scl   2) (nx 1) 0x0000000000015380 _DbgOut
AUX tagndx 0 ttlsiz 0x1b lnnos 0 next 0
[319](sec  1)(fl 0x00)(ty   20)(scl   2) (nx 1) 0x0000000000019f70 WaitForSingleEvent
AUX tagndx 0 ttlsiz 0xdc lnnos 0 next 0
[321](sec  1)(fl 0x00)(ty   20)(scl   2) (nx 1) 0x00000000000149d0 StpCpy
AUX tagndx 0 ttlsiz 0x5 lnnos 0 next 0
[323](sec  1)(fl 0x00)(ty   20)(scl   2) (nx 1) 0x0000000000003330 __fgetparent
AUX tagndx 0 ttlsiz 0xd1 lnnos 0 next 0
[325](sec  1)(fl 0x00)(ty   20)(scl   2) (nx 1) 0x0000000000004393 __fprint_info
AUX tagndx 0 ttlsiz 0x1fc lnnos 0 next 0
[327](sec  1)(fl 0x00)(ty   20)(scl   2) (nx 1) 0x0000000000000f8b __fcreate
AUX tagndx 0 ttlsiz 0x5a4 lnnos 0 next 0
[329](sec  1)(fl 0x00)(ty   20)(scl   2) (nx 1) 0x0000000000002162 __fpush1
AUX tagndx 0 ttlsiz 0x24d lnnos 0 next 0
[331](sec  1)(fl 0x00)(ty   20)(scl   2) (nx 1) 0x0000000000013ee0 ReallocatePool_1
AUX tagndx 0 ttlsiz 0x91 lnnos 0 next 0
[333](sec  1)(fl 0x00)(ty   20)(scl   2) (nx 1) 0x000000000001ad30 DivU64x32
AUX tagndx 0 ttlsiz 0x1c lnnos 0 next 0
[335](sec  1)(fl 0x00)(ty   20)(scl   2) (nx 1) 0x00000000000150f0 RtStpCpy
AUX tagndx 0 ttlsiz 0x29 lnnos 0 next 0
[337](sec  1)(fl 0x00)(ty   20)(scl   2) (nx 1) 0x000000000000194d __finit
AUX tagndx 0 ttlsiz 0x39b lnnos 0 next 0
[339](sec  1)(fl 0x00)(ty   20)(scl   2) (nx 1) 0x0000000000013ff0 GrowBuffer
AUX tagndx 0 ttlsiz 0xd7 lnnos 0 next 0
[341](sec  1)(fl 0x00)(ty   20)(scl   2) (nx 1) 0x000000000000caee blake2bp
AUX tagndx 0 ttlsiz 0x362 lnnos 0 next 0
[343](sec  1)(fl 0x00)(ty   20)(scl   2) (nx 1) 0x00000000000000fb checkdisk
AUX tagndx 0 ttlsiz 0xa5 lnnos 0 next 0
[345](sec  1)(fl 0x00)(ty   20)(scl   2) (nx 1) 0x0000000000013f80 FreePool
AUX tagndx 0 ttlsiz 0x16 lnnos 0 next 0
[347](sec  1)(fl 0x00)(ty   20)(scl   2) (nx 1) 0x0000000000013fa0 ZeroMem
AUX tagndx 0 ttlsiz 0x5 lnnos 0 next 0
[349](sec  1)(fl 0x00)(ty   20)(scl   2) (nx 1) 0x00000000000196c0 DevicePathSize
AUX tagndx 0 ttlsiz 0x3f lnnos 0 next 0
[351](sec  1)(fl 0x00)(ty   20)(scl   2) (nx 1) 0x0000000000019680 DevicePathInstanceCount
AUX tagndx 0 ttlsiz 0x40 lnnos 0 next 0
[353](sec  1)(fl 0x00)(ty   20)(scl   2) (nx 1) 0x000000000000c79c blake2bp_update
AUX tagndx 0 ttlsiz 0x1b3 lnnos 0 next 0
[355](sec  1)(fl 0x00)(ty   20)(scl   2) (nx 1) 0x00000000000041e0 __dirr
AUX tagndx 0 ttlsiz 0x1b3 lnnos 0 next 0
[357](sec  1)(fl 0x00)(ty   20)(scl   2) (nx 1) 0x0000000000015e50 ValueToString
AUX tagndx 0 ttlsiz 0x17 lnnos 0 next 0
[359](sec  1)(fl 0x00)(ty   20)(scl   2) (nx 1) 0x000000000001aa60 LibUninstallProtocolInterfaces
AUX tagndx 0 ttlsiz 0xbd lnnos 0 next 0
[361](sec  1)(fl 0x00)(ty   20)(scl   2) (nx 1) 0x00000000000152a0 RtStrnLen
AUX tagndx 0 ttlsiz 0x29 lnnos 0 next 0
[363](sec  1)(fl 0x00)(ty   20)(scl   2) (nx 1) 0x0000000000014360 LibSetVariable
AUX tagndx 0 ttlsiz 0x27 lnnos 0 next 0
[365](sec  1)(fl 0x00)(ty   20)(scl   2) (nx 1) 0x0000000000014b50 xtoi
AUX tagndx 0 ttlsiz 0x91 lnnos 0 next 0
[367](sec  1)(fl 0x00)(ty   20)(scl   2) (nx 1) 0x0000000000015e70 FloatToString
AUX tagndx 0 ttlsiz 0x121 lnnos 0 next 0
[369](sec  1)(fl 0x00)(ty   20)(scl   2) (nx 1) 0x00000000000045d9 startup_me
AUX tagndx 0 ttlsiz 0xc5 lnnos 0 next 0
[371](sec  1)(fl 0x00)(ty   20)(scl   2) (nx 1) 0x0000000000012186 blake2xb_update
AUX tagndx 0 ttlsiz 0x2d lnnos 0 next 0
[373](sec  1)(fl 0x00)(ty   20)(scl   2) (nx 1) 0x00000000000183e0 VPoolPrint
AUX tagndx 0 ttlsiz 0x3d lnnos 0 next 0
[375](sec  1)(fl 0x00)(ty   20)(scl   2) (nx 1) 0x000000000001a7b0 LibFileSystemInfo
AUX tagndx 0 ttlsiz 0x7a lnnos 0 next 0
[377](sec  1)(fl 0x00)(ty   20)(scl   2) (nx 1) 0x0000000000012eaf strtok_k
AUX tagndx 0 ttlsiz 0x1f4 lnnos 0 next 0
[379](sec  1)(fl 0x00)(ty   20)(scl   2) (nx 1) 0x000000000001150f blake2sp_init
AUX tagndx 0 ttlsiz 0xf5 lnnos 0 next 0
[381](sec  1)(fl 0x00)(ty   20)(scl   2) (nx 1) 0x000000000000152f __faddr
AUX tagndx 0 ttlsiz 0x41e lnnos 0 next 0
[383](sec  1)(fl 0x00)(ty   20)(scl   2) (nx 1) 0x0000000000015cd0 IPrintAt
AUX tagndx 0 ttlsiz 0x94 lnnos 0 next 0
[385](sec  1)(fl 0x00)(ty   20)(scl   2) (nx 1) 0x0000000000014c50 MetaMatch
AUX tagndx 0 ttlsiz 0x12d lnnos 0 next 0
[387](sec  1)(fl 0x00)(ty   20)(scl   2) (nx 1) 0x0000000000014850 StrnCmp
AUX tagndx 0 ttlsiz 0x43 lnnos 0 next 0
[389](sec  1)(fl 0x00)(ty   20)(scl   2) (nx 1) 0x00000000000121b3 blake2xb_final
AUX tagndx 0 ttlsiz 0x220 lnnos 0 next 0
[391](sec  1)(fl 0x00)(ty   20)(scl   2) (nx 1) 0x00000000000001a0 makeGPTeNSTR
AUX tagndx 0 ttlsiz 0x7d lnnos 0 next 0
[393](sec  1)(fl 0x00)(ty   20)(scl   2) (nx 1) 0x000000000001a110 IsZeroGuid
AUX tagndx 0 ttlsiz 0x5 lnnos 0 next 0
[395](sec  1)(fl 0x00)(ty   20)(scl   2) (nx 1) 0x00000000000007dc fmount
AUX tagndx 0 ttlsiz 0x4d6 lnnos 0 next 0
[397](sec  1)(fl 0x00)(ty   20)(scl   2) (nx 1) 0x0000000000011aeb blake2sp
AUX tagndx 0 ttlsiz 0x362 lnnos 0 next 0
[399](sec  1)(fl 0x00)(ty   20)(scl   2) (nx 1) 0x0000000000014d80 LibStubMetaiMatch
AUX tagndx 0 ttlsiz 0x9c lnnos 0 next 0
[401](sec  1)(fl 0x00)(ty   20)(scl   2) (nx 1) 0x0000000000011f2d blake2xb_init
AUX tagndx 0 ttlsiz 0x2c lnnos 0 next 0
[403](sec  1)(fl 0x00)(ty   20)(scl   2) (nx 1) 0x0000000000000040 _relocate
AUX tagndx 0 ttlsiz 0xbb lnnos 0 next 0
[405](sec  1)(fl 0x00)(ty   20)(scl   2) (nx 1) 0x0000000000018630 Output
AUX tagndx 0 ttlsiz 0x1d lnnos 0 next 0
[407](sec  1)(fl 0x00)(ty   20)(scl   2) (nx 1) 0x00000000000003db formatpart
AUX tagndx 0 ttlsiz 0x1d3 lnnos 0 next 0
[409](sec  1)(fl 0x00)(ty    0)(scl   2) (nx 0) 0x0000000000000000 _start
[410](sec  1)(fl 0x00)(ty   20)(scl   2) (nx 1) 0x0000000000015a10 CatPrint
AUX tagndx 0 ttlsiz 0xa4 lnnos 0 next 0
[412](sec  1)(fl 0x00)(ty   20)(scl   2) (nx 1) 0x000000000001322e match_rec
AUX tagndx 0 ttlsiz 0x134 lnnos 0 next 0
[414](sec  1)(fl 0x00)(ty   20)(scl   2) (nx 1) 0x0000000000019a10 UnpackDevicePath
AUX tagndx 0 ttlsiz 0xce lnnos 0 next 0
[416](sec  1)(fl 0x00)(ty   20)(scl   2) (nx 1) 0x00000000000127fc blake2xs_final
AUX tagndx 0 ttlsiz 0x223 lnnos 0 next 0
[418](sec  1)(fl 0x00)(ty   20)(scl   2) (nx 1) 0x0000000000014f40 RtCompareMem
AUX tagndx 0 ttlsiz 0x43 lnnos 0 next 0
[420](sec  1)(fl 0x00)(ty   20)(scl   2) (nx 1) 0x0000000000004dd6 blake2b_init_param
AUX tagndx 0 ttlsiz 0x8f lnnos 0 next 0
[422](sec  1)(fl 0x00)(ty   20)(scl   2) (nx 1) 0x0000000000014a20 StrLen
AUX tagndx 0 ttlsiz 0x5 lnnos 0 next 0
[424](sec  1)(fl 0x00)(ty   20)(scl   2) (nx 1) 0x0000000000014f90 RtCompareGuid
AUX tagndx 0 ttlsiz 0x30 lnnos 0 next 0
[426](sec  1)(fl 0x00)(ty   20)(scl   2) (nx 1) 0x00000000000136f4 getDriveMediaID
AUX tagndx 0 ttlsiz 0x120 lnnos 0 next 0
[428](sec  1)(fl 0x00)(ty   20)(scl   2) (nx 1) 0x00000000000140d0 LibMemoryMap
AUX tagndx 0 ttlsiz 0xe1 lnnos 0 next 0
[430](sec  1)(fl 0x00)(ty   20)(scl   2) (nx 1) 0x000000000001a730 LibFileInfo
AUX tagndx 0 ttlsiz 0x7a lnnos 0 next 0
[432](sec  1)(fl 0x00)(ty   20)(scl   2) (nx 1) 0x00000000000151a0 RtStrCat
AUX tagndx 0 ttlsiz 0x49 lnnos 0 next 0
[434](sec  1)(fl 0x00)(ty   20)(scl   2) (nx 1) 0x0000000000012c1e isascii
AUX tagndx 0 ttlsiz 0x14 lnnos 0 next 0
[436](sec  1)(fl 0x00)(ty   20)(scl   2) (nx 1) 0x000000000001a6e0 LibOpenRoot
AUX tagndx 0 ttlsiz 0x4f lnnos 0 next 0
[438](sec  1)(fl 0x00)(ty   20)(scl   2) (nx 1) 0x0000000000003401 __fdiradd
AUX tagndx 0 ttlsiz 0x43e lnnos 0 next 0
[440](sec  1)(fl 0x00)(ty   20)(scl   2) (nx 1) 0x00000000000130a3 strtok_d
AUX tagndx 0 ttlsiz 0x4a lnnos 0 next 0
[442](sec  1)(fl 0x00)(ty   20)(scl   2) (nx 1) 0x00000000000135e2 __strdup
AUX tagndx 0 ttlsiz 0x4c lnnos 0 next 0
[444](sec  1)(fl 0x00)(ty   20)(scl   2) (nx 1) 0x000000000000bde2 blake2b_update
AUX tagndx 0 ttlsiz 0x143 lnnos 0 next 0
[446](sec  1)(fl 0x00)(ty   20)(scl   2) (nx 1) 0x00000000000148a0 LibStubStriCmp
AUX tagndx 0 ttlsiz 0x9c lnnos 0 next 0
[448](sec  1)(fl 0x00)(ty   20)(scl   2) (nx 1) 0x0000000000014fc0 RtIsZeroGuid
AUX tagndx 0 ttlsiz 0xc lnnos 0 next 0
[450](sec  1)(fl 0x00)(ty   20)(scl   2) (nx 1) 0x00000000000006e3 getloc
AUX tagndx 0 ttlsiz 0x52 lnnos 0 next 0
[452](sec  1)(fl 0x00)(ty   20)(scl   2) (nx 1) 0x000000000000487a readblock
AUX tagndx 0 ttlsiz 0x113 lnnos 0 next 0
[454](sec  1)(fl 0x00)(ty   20)(scl   2) (nx 1) 0x0000000000013566 __memcpy
AUX tagndx 0 ttlsiz 0x49 lnnos 0 next 0
[456](sec  1)(fl 0x00)(ty   20)(scl   2) (nx 1) 0x0000000000013a60 _entry
AUX tagndx 0 ttlsiz 0x134 lnnos 0 next 0
[458](sec  1)(fl 0x00)(ty   20)(scl   2) (nx 1) 0x000000000000d1f3 blake2s_init_key
AUX tagndx 0 ttlsiz 0x15b lnnos 0 next 0
[460](sec  1)(fl 0x00)(ty   20)(scl   2) (nx 1) 0x0000000000019e20 LibDuplicateDevicePathInstance
AUX tagndx 0 ttlsiz 0x6b lnnos 0 next 0
[462](sec  1)(fl 0x00)(ty   20)(scl   2) (nx 1) 0x000000000001ad20 MultU64x32
AUX tagndx 0 ttlsiz 0x8 lnnos 0 next 0
[464](sec  1)(fl 0x00)(ty   20)(scl   2) (nx 1) 0x0000000000012be1 memdup
AUX tagndx 0 ttlsiz 0x3d lnnos 0 next 0
[466](sec  1)(fl 0x00)(ty   20)(scl   2) (nx 1) 0x0000000000015c20 IPrint
AUX tagndx 0 ttlsiz 0xa6 lnnos 0 next 0
[468](sec  1)(fl 0x00)(ty   20)(scl   2) (nx 1) 0x0000000000014390 LibInsertToTailOfBootOrder
AUX tagndx 0 ttlsiz 0x15e lnnos 0 next 0
[470](sec  1)(fl 0x00)(ty   20)(scl   2) (nx 1) 0x0000000000015300 RtBCDtoDecimal
AUX tagndx 0 ttlsiz 0xf lnnos 0 next 0
[472](sec  1)(fl 0x00)(ty   20)(scl   2) (nx 1) 0x000000000001352a __memset
AUX tagndx 0 ttlsiz 0x3c lnnos 0 next 0
[474](sec  1)(fl 0x00)(ty   20)(scl   2) (nx 1) 0x00000000000130ed trng__
AUX tagndx 0 ttlsiz 0x87 lnnos 0 next 0
[476](sec  1)(fl 0x00)(ty   20)(scl   2) (nx 1) 0x0000000000013de0 memset
AUX tagndx 0 ttlsiz 0x42 lnnos 0 next 0
[478](sec  1)(fl 0x00)(ty   20)(scl   2) (nx 1) 0x000000000001a3a0 LibLocateHandleByDiskSignature
AUX tagndx 0 ttlsiz 0x340 lnnos 0 next 0
[480](sec  1)(fl 0x00)(ty   20)(scl   2) (nx 1) 0x0000000000019bd0 LibDevicePathToInterface
AUX tagndx 0 ttlsiz 0x85 lnnos 0 next 0
[482](sec  1)(fl 0x00)(ty   20)(scl   2) (nx 1) 0x000000000000c1f9 blake2
AUX tagndx 0 ttlsiz 0x48 lnnos 0 next 0
[484](sec  1)(fl 0x00)(ty   20)(scl   2) (nx 1) 0x00000000000198e0 AppendDevicePathNode
AUX tagndx 0 ttlsiz 0x78 lnnos 0 next 0
[486](sec  1)(fl 0x00)(ty   20)(scl   2) (nx 1) 0x00000000000146a0 DecimaltoBCD
AUX tagndx 0 ttlsiz 0x9 lnnos 0 next 0
[488](sec  1)(fl 0x00)(ty   20)(scl   2) (nx 1) 0x0000000000013fe0 CompareMem
AUX tagndx 0 ttlsiz 0x5 lnnos 0 next 0
[490](sec  1)(fl 0x00)(ty   20)(scl   2) (nx 1) 0x0000000000002c2d __freadinfo
AUX tagndx 0 ttlsiz 0xce lnnos 0 next 0
[492](sec  1)(fl 0x00)(ty   20)(scl   2) (nx 1) 0x0000000000014e20 MetaiMatch
AUX tagndx 0 ttlsiz 0x1c lnnos 0 next 0
[494](sec  1)(fl 0x00)(ty   20)(scl   2) (nx 1) 0x0000000000002cfb __fupdatetstamp
AUX tagndx 0 ttlsiz 0x12a lnnos 0 next 0
[496](sec  1)(fl 0x00)(ty   20)(scl   2) (nx 1) 0x0000000000014fe0 RtStrCmp
AUX tagndx 0 ttlsiz 0x5a lnnos 0 next 0
[498](sec  1)(fl 0x00)(ty   20)(scl   2) (nx 1) 0x00000000000154c0 _PoolPrint
AUX tagndx 0 ttlsiz 0x10f lnnos 0 next 0
[500](sec  1)(fl 0x00)(ty   20)(scl   2) (nx 1) 0x000000000000c5ad blake2bp_init_key
AUX tagndx 0 ttlsiz 0x1ef lnnos 0 next 0
[502](sec  1)(fl 0x00)(ty   20)(scl   2) (nx 1) 0x0000000000015d70 AsciiPrint
AUX tagndx 0 ttlsiz 0xb2 lnnos 0 next 0
[504](sec  1)(fl 0x00)(ty   20)(scl   2) (nx 1) 0x000000000001a240 LibLocateHandle
AUX tagndx 0 ttlsiz 0xb9 lnnos 0 next 0
[506](sec  1)(fl 0x00)(ty   20)(scl   2) (nx 1) 0x00000000000135af __strlen
AUX tagndx 0 ttlsiz 0x33 lnnos 0 next 0
[508](sec  1)(fl 0x00)(ty   20)(scl   2) (nx 1) 0x000000000001a8b0 LibInstallProtocolInterfaces
AUX tagndx 0 ttlsiz 0x1a3 lnnos 0 next 0
[510](sec  1)(fl 0x00)(ty   20)(scl   2) (nx 1) 0x0000000000001f1b __ffindh
AUX tagndx 0 ttlsiz 0xe9 lnnos 0 next 0
[512](sec  1)(fl 0x00)(ty   20)(scl   2) (nx 1) 0x000000000000c09e blake2b
AUX tagndx 0 ttlsiz 0x15b lnnos 0 next 0
[514](sec  1)(fl 0x00)(ty   20)(scl   2) (nx 1) 0x0000000000002e75 _fseek
AUX tagndx 0 ttlsiz 0x1f lnnos 0 next 0
[516](sec  1)(fl 0x00)(ty   20)(scl   2) (nx 1) 0x0000000000013fb0 SetMem
AUX tagndx 0 ttlsiz 0x9 lnnos 0 next 0
[518](sec  1)(fl 0x00)(ty   20)(scl   2) (nx 1) 0x0000000000013c90 EFIDebugVariable
AUX tagndx 0 ttlsiz 0x4f lnnos 0 next 0
[520](sec  1)(fl 0x00)(ty   20)(scl   2) (nx 1) 0x0000000000014840 StrCmp
AUX tagndx 0 ttlsiz 0x5 lnnos 0 next 0
[522](sec  1)(fl 0x00)(ty   20)(scl   2) (nx 1) 0x0000000000014e80 RtSetMem
AUX tagndx 0 ttlsiz 0x30 lnnos 0 next 0
[524](sec  1)(fl 0x00)(ty   20)(scl   2) (nx 1) 0x000000000000212d __ffind
AUX tagndx 0 ttlsiz 0x35 lnnos 0 next 0
[526](sec  1)(fl 0x00)(ty   20)(scl   2) (nx 1) 0x000000000000458f configureBlockSize
AUX tagndx 0 ttlsiz 0x1c lnnos 0 next 0
[528](sec  1)(fl 0x00)(ty   20)(scl   2) (nx 1) 0x000000000001ab20 LibReinstallProtocolInterfaces
AUX tagndx 0 ttlsiz 0x1da lnnos 0 next 0
[530](sec  1)(fl 0x00)(ty   20)(scl   2) (nx 1) 0x0000000000002004 __ffindhi
AUX tagndx 0 ttlsiz 0xf1 lnnos 0 next 0
[532](sec  1)(fl 0x00)(ty   20)(scl   2) (nx 1) 0x000000000000383f __ftest
AUX tagndx 0 ttlsiz 0x1ed lnnos 0 next 0
[534](sec  1)(fl 0x00)(ty   20)(scl   2) (nx 1) 0x0000000000014e40 RtZeroMem
AUX tagndx 0 ttlsiz 0x32 lnnos 0 next 0
[536](sec  1)(fl 0x00)(ty   20)(scl   2) (nx 1) 0x0000000000000dea __ffremoveh
AUX tagndx 0 ttlsiz 0x76 lnnos 0 next 0
[538](sec  1)(fl 0x00)(ty   20)(scl   2) (nx 1) 0x0000000000014a00 StrnCat
AUX tagndx 0 ttlsiz 0x5 lnnos 0 next 0
[540](sec  1)(fl 0x00)(ty   20)(scl   2) (nx 1) 0x0000000000014f30 RtCopyMemC
AUX tagndx 0 ttlsiz 0x5 lnnos 0 next 0
[542](sec  1)(fl 0x00)(ty   20)(scl   2) (nx 1) 0x0000000000015b80 PrintAt
AUX tagndx 0 ttlsiz 0x9e lnnos 0 next 0
[544](sec  1)(fl 0x00)(ty   20)(scl   2) (nx 1) 0x0000000000000735 queryfs
AUX tagndx 0 ttlsiz 0xa7 lnnos 0 next 0
[546](sec  1)(fl 0x00)(ty   20)(scl   2) (nx 1) 0x00000000000149c0 StrnCpy
AUX tagndx 0 ttlsiz 0x5 lnnos 0 next 0
[548](sec  1)(fl 0x00)(ty   20)(scl   2) (nx 1) 0x000000000000021d loadpart
AUX tagndx 0 ttlsiz 0x1be lnnos 0 next 0
[550](sec  1)(fl 0x00)(ty   20)(scl   2) (nx 1) 0x0000000000002e94 _fseeko
AUX tagndx 0 ttlsiz 0x2a lnnos 0 next 0
[552](sec  1)(fl 0x00)(ty   20)(scl   2) (nx 1) 0x0000000000018420 _IPrint
AUX tagndx 0 ttlsiz 0xf1 lnnos 0 next 0
[554](sec  1)(fl 0x00)(ty   20)(scl   2) (nx 1) 0x00000000000026f6 __fdirrefresh
AUX tagndx 0 ttlsiz 0x1c6 lnnos 0 next 0
[556](sec  1)(fl 0x00)(ty   20)(scl   2) (nx 1) 0x00000000000152d0 RtStrSize
AUX tagndx 0 ttlsiz 0x2e lnnos 0 next 0
[558](sec  1)(fl 0x00)(ty   20)(scl   2) (nx 1) 0x00000000000141c0 LibGetVariableAndSize
AUX tagndx 0 ttlsiz 0xd5 lnnos 0 next 0
[560](sec  1)(fl 0x00)(ty   20)(scl   2) (nx 1) 0x0000000000015310 RtDecimaltoBCD
AUX tagndx 0 ttlsiz 0x23 lnnos 0 next 0
[562](sec  1)(fl 0x00)(ty   20)(scl   2) (nx 1) 0x00000000000020f5 __ffindi
AUX tagndx 0 ttlsiz 0x38 lnnos 0 next 0
[564](sec  1)(fl 0x00)(ty   20)(scl   2) (nx 1) 0x0000000000018390 UnicodeVSPrint
AUX tagndx 0 ttlsiz 0x42 lnnos 0 next 0
[566](sec  1)(fl 0x00)(ty   20)(scl   2) (nx 1) 0x000000000000c4b8 blake2bp_init
AUX tagndx 0 ttlsiz 0xf5 lnnos 0 next 0
[568](sec  1)(fl 0x00)(ty   20)(scl   2) (nx 1) 0x0000000000014990 StrUpr
AUX tagndx 0 ttlsiz 0x19 lnnos 0 next 0
[570](sec  1)(fl 0x00)(ty   20)(scl   2) (nx 1) 0x0000000000018550 AsciiVSPrint
AUX tagndx 0 ttlsiz 0xdb lnnos 0 next 0
[572](sec  1)(fl 0x00)(ty   20)(scl   2) (nx 1) 0x000000000001a0f0 InitializeGuid
AUX tagndx 0 ttlsiz 0x1 lnnos 0 next 0
[574](sec  1)(fl 0x00)(ty   20)(scl   2) (nx 1) 0x0000000000018720 Input
AUX tagndx 0 ttlsiz 0x20 lnnos 0 next 0
[576](sec  1)(fl 0x00)(ty   20)(scl   2) (nx 1) 0x000000000001318a isdigit
AUX tagndx 0 ttlsiz 0x2a lnnos 0 next 0
[578](sec  1)(fl 0x00)(ty   20)(scl   2) (nx 1) 0x00000000000005ae queryparttablefs
AUX tagndx 0 ttlsiz 0x135 lnnos 0 next 0
[580](sec  1)(fl 0x00)(ty   20)(scl   2) (nx 1) 0x0000000000014750 LibGetUiString
AUX tagndx 0 ttlsiz 0xc7 lnnos 0 next 0
[582](sec  1)(fl 0x00)(ty   20)(scl   2) (nx 1) 0x0000000000013698 __memcmp
AUX tagndx 0 ttlsiz 0x5c lnnos 0 next 0
[584](sec  1)(fl 0x00)(ty   20)(scl   2) (nx 1) 0x0000000000002ebe _fpush1
AUX tagndx 0 ttlsiz 0x261 lnnos 0 next 0
[586](sec  1)(fl 0x00)(ty   20)(scl   2) (nx 1) 0x00000000000158e0 AsciiSPrint
AUX tagndx 0 ttlsiz 0x8a lnnos 0 next 0
[588](sec  1)(fl 0x00)(ty   20)(scl   2) (nx 1) 0x0000000000013814 ValidateImageHandle
AUX tagndx 0 ttlsiz 0x5d lnnos 0 next 0
[590](sec  1)(fl 0x00)(ty   20)(scl   2) (nx 1) 0x0000000000015040 RtStrCpy
AUX tagndx 0 ttlsiz 0x39 lnnos 0 next 0
[592](sec  1)(fl 0x00)(ty   20)(scl   2) (nx 1) 0x000000000001a830 LibFileSystemVolumeLabelInfo
AUX tagndx 0 ttlsiz 0x7a lnnos 0 next 0
[594](sec  1)(fl 0x00)(ty   20)(scl   2) (nx 1) 0x000000000000311f _fread1
AUX tagndx 0 ttlsiz 0x211 lnnos 0 next 0
[596](sec  1)(fl 0x00)(ty   20)(scl   2) (nx 1) 0x0000000000012a1f blake2xs
AUX tagndx 0 ttlsiz 0x11b lnnos 0 next 0
[598](sec  1)(fl 0x00)(ty   20)(scl   2) (nx 1) 0x00000000000125ee blake2xs_init
AUX tagndx 0 ttlsiz 0x2c lnnos 0 next 0
[600](sec  1)(fl 0x00)(ty   20)(scl   2) (nx 1) 0x000000000000bf25 blake2b_final
AUX tagndx 0 ttlsiz 0x179 lnnos 0 next 0
[602](sec  1)(fl 0x00)(ty   20)(scl   2) (nx 1) 0x0000000000018320 _PoolCatPrint
AUX tagndx 0 ttlsiz 0x64 lnnos 0 next 0
[604](sec  1)(fl 0x00)(ty   20)(scl   2) (nx 1) 0x0000000000011604 blake2sp_init_key
AUX tagndx 0 ttlsiz 0x198 lnnos 0 next 0
[606](sec  1)(fl 0x00)(ty   20)(scl   2) (nx 1) 0x0000000000015080 RtStrnCpy
AUX tagndx 0 ttlsiz 0x6f lnnos 0 next 0
[608](sec  1)(fl 0x00)(ty   20)(scl   2) (nx 1) 0x00000000000151f0 RtStrnCat
AUX tagndx 0 ttlsiz 0x78 lnnos 0 next 0
[610](sec  1)(fl 0x00)(ty   20)(scl   2) (nx 1) 0x0000000000004f4a blake2b_init_key
AUX tagndx 0 ttlsiz 0x1b1 lnnos 0 next 0
[612](sec  1)(fl 0x00)(ty   20)(scl   2) (nx 1) 0x00000000000142c0 LibDeleteVariable
AUX tagndx 0 ttlsiz 0x6c lnnos 0 next 0
[614](sec  1)(fl 0x00)(ty   20)(scl   2) (nx 1) 0x00000000000146c0 LibGetSystemConfigurationTable
AUX tagndx 0 ttlsiz 0x90 lnnos 0 next 0
[616](sec  1)(fl 0x00)(ty   20)(scl   2) (nx 1) 0x0000000000018650 IInput
AUX tagndx 0 ttlsiz 0xc6 lnnos 0 next 0
[618](sec  1)(fl 0x00)(ty   20)(scl   2) (nx 1) 0x0000000000013e90 AllocateZeroPool
AUX tagndx 0 ttlsiz 0x47 lnnos 0 next 0
[620](sec  1)(fl 0x00)(ty   20)(scl   2) (nx 1) 0x0000000000000e60 __ffremovel
AUX tagndx 0 ttlsiz 0x30 lnnos 0 next 0
[622](sec  1)(fl 0x00)(ty   20)(scl   2) (nx 1) 0x0000000000014950 StriCmp
AUX tagndx 0 ttlsiz 0x1b lnnos 0 next 0
[624](sec  1)(fl 0x00)(ty   20)(scl   2) (nx 1) 0x00000000000144f0 ValidMBR
AUX tagndx 0 ttlsiz 0x1a1 lnnos 0 next 0
[626](sec  1)(fl 0x00)(ty   20)(scl   2) (nx 1) 0x0000000000012c32 __getfcode
AUX tagndx 0 ttlsiz 0xe7 lnnos 0 next 0
[628](sec  1)(fl 0x00)(ty   20)(scl   2) (nx 1) 0x0000000000015e30 ValueToHex
AUX tagndx 0 ttlsiz 0x17 lnnos 0 next 0
[630](sec  1)(fl 0x00)(ty   20)(scl   2) (nx 1) 0x000000000001a120 GuidToString
AUX tagndx 0 ttlsiz 0xe3 lnnos 0 next 0
[632](sec  1)(fl 0x00)(ty   20)(scl   2) (nx 1) 0x0000000000019700 DuplicateDevicePath
AUX tagndx 0 ttlsiz 0x68 lnnos 0 next 0
[634](sec  1)(fl 0x00)(ty   20)(scl   2) (nx 1) 0x000000000001261a blake2xs_init_key
AUX tagndx 0 ttlsiz 0x1b5 lnnos 0 next 0
[636](sec  1)(fl 0x00)(ty   20)(scl   2) (nx 1) 0x0000000000019ea0 StatusToString
AUX tagndx 0 ttlsiz 0x50 lnnos 0 next 0
[638](sec  1)(fl 0x00)(ty   20)(scl   2) (nx 1) 0x0000000000002e25 _dreadinfo
AUX tagndx 0 ttlsiz 0x28 lnnos 0 next 0
[640](sec  1)(fl 0x00)(ty   20)(scl   2) (nx 1) 0x00000000000127cf blake2xs_update
AUX tagndx 0 ttlsiz 0x2d lnnos 0 next 0
[642](sec  1)(fl 0x00)(ty   20)(scl   2) (nx 1) 0x000000000001347a __realloc
AUX tagndx 0 ttlsiz 0x68 lnnos 0 next 0
[644](sec  1)(fl 0x00)(ty   20)(scl   2) (nx 1) 0x0000000000013e60 AllocatePool
AUX tagndx 0 ttlsiz 0x30 lnnos 0 next 0
[646](sec  1)(fl 0x00)(ty   20)(scl   2) (nx 1) 0x00000000000149b0 StrCpy
AUX tagndx 0 ttlsiz 0x5 lnnos 0 next 0
[648](sec  1)(fl 0x00)(ty   20)(scl   2) (nx 1) 0x0000000000018520 VPrint
AUX tagndx 0 ttlsiz 0x27 lnnos 0 next 0
[650](sec  1)(fl 0x00)(ty   20)(scl   2) (nx 1) 0x0000000000019c60 DevicePathToStr
AUX tagndx 0 ttlsiz 0x13d lnnos 0 next 0
[652](sec  1)(fl 0x00)(ty   20)(scl   2) (nx 1) 0x0000000000004a69 dispose
AUX tagndx 0 ttlsiz 0x3b lnnos 0 next 0
[654](sec  1)(fl 0x00)(ty   20)(scl   2) (nx 1) 0x0000000000013ba0 InitializeUnicodeSupport
AUX tagndx 0 ttlsiz 0xed lnnos 0 next 0
[656](sec  1)(fl 0x00)(ty   20)(scl   2) (nx 1) 0x0000000000014a80 AsciiStrLen
AUX tagndx 0 ttlsiz 0x21 lnnos 0 next 0
[658](sec  1)(fl 0x00)(ty   20)(scl   2) (nx 1) 0x000000000000c94f blake2bp_final
AUX tagndx 0 ttlsiz 0x19f lnnos 0 next 0
[660](sec  1)(fl 0x00)(ty   20)(scl   2) (nx 1) 0x0000000000003de2 __dirr_init
AUX tagndx 0 ttlsiz 0x11f lnnos 0 next 0
[662](sec  1)(fl 0x00)(ty   20)(scl   2) (nx 1) 0x0000000000019960 FileDevicePath
AUX tagndx 0 ttlsiz 0xac lnnos 0 next 0
[664](sec  1)(fl 0x00)(ty   20)(scl   2) (nx 1) 0x00000000000023af __floaddir
AUX tagndx 0 ttlsiz 0x159 lnnos 0 next 0
[666](sec  1)(fl 0x00)(ty   20)(scl   2) (nx 1) 0x0000000000019770 AppendDevicePath
AUX tagndx 0 ttlsiz 0x16d lnnos 0 next 0
[668](sec  1)(fl 0x00)(ty   20)(scl   2) (nx 1) 0x00000000000195d0 DevicePathInstance
AUX tagndx 0 ttlsiz 0xb0 lnnos 0 next 0
[670](sec  2)(fl 0x00)(ty    0)(scl   2) (nx 0) 0x00000000000002b0 gEfiMpServicesProtocolGuid
[671](sec  2)(fl 0x00)(ty    0)(scl   2) (nx 0) 0x0000000000000d48 LibInitialized
[672](sec  2)(fl 0x00)(ty    0)(scl   2) (nx 0) 0x0000000000000320 gEfiPlatformDriverOverrideProtocolGuid
[673](sec  2)(fl 0x00)(ty    0)(scl   2) (nx 0) 0x0000000000000d80 GuidList
[674](sec  2)(fl 0x00)(ty    0)(scl   2) (nx 0) 0x0000000000000380 gEfiPciIoProtocolGuid
[675](sec  2)(fl 0x00)(ty    0)(scl   2) (nx 0) 0x0000000000000080 gEfiDebugSupportProtocolGuid
[676](sec  2)(fl 0x00)(ty    0)(scl   2) (nx 0) 0x0000000000000250 ErrorOutSpliterProtocol
[677](sec  2)(fl 0x00)(ty    0)(scl   2) (nx 0) 0x0000000000000520 EndInstanceDevicePath
[678](sec  2)(fl 0x00)(ty    0)(scl   2) (nx 0) 0x0000000000000110 Ip4ServiceBindingProtocol
[679](sec  2)(fl 0x00)(ty    0)(scl   2) (nx 0) 0x0000000000000d38 ST
[680](sec  2)(fl 0x00)(ty    0)(scl   2) (nx 0) 0x0000000000000d60 LibRuntimeDebugOut
[681](sec  2)(fl 0x00)(ty    0)(scl   2) (nx 0) 0x0000000000000260 TextOutSpliterProtocol
[682](sec  4)(fl 0x00)(ty    0)(scl   2) (nx 0) 0x0000000000000000 _DYNAMIC
[683](sec  2)(fl 0x00)(ty    0)(scl   2) (nx 0) 0x0000000000000360 gEfiDriverBindingProtocolGuid
[684](sec  2)(fl 0x00)(ty    0)(scl   2) (nx 0) 0x0000000000000060 ShellProtocolGuid
[685](sec  2)(fl 0x00)(ty    0)(scl   2) (nx 0) 0x00000000000000a0 AbsolutePointerProtocol
[686](sec  1)(fl 0x00)(ty    0)(scl   2) (nx 0) 0x000000000001ad50 _etext
[687](sec  2)(fl 0x00)(ty    0)(scl   2) (nx 0) 0x0000000000000300 gEfiDriverFamilyOverrideProtocolGuid
[688](sec  2)(fl 0x00)(ty    0)(scl   2) (nx 0) 0x0000000000000340 gEfiComponentName2ProtocolGuid
[689](sec  2)(fl 0x00)(ty    0)(scl   2) (nx 0) 0x0000000000000100 Ip4Protocol
[690](sec  2)(fl 0x00)(ty    0)(scl   2) (nx 0) 0x00000000000002e0 gEfiFileInfoGuid
[691](sec  2)(fl 0x00)(ty    0)(scl   2) (nx 0) 0x00000000000000c0 Tcp4Protocol
[692](sec  2)(fl 0x00)(ty    0)(scl   2) (nx 0) 0x0000000000000d58 LibRuntimeRaiseTPL
[693](sec  2)(fl 0x00)(ty    0)(scl   2) (nx 0) 0x0000000000000540 UnicodeInterface
[694](sec  2)(fl 0x00)(ty    0)(scl   2) (nx 0) 0x00000000000000b0 SimplePointerProtocol
[695](sec  2)(fl 0x00)(ty    0)(scl   2) (nx 0) 0x0000000000000d20 __DTOR_END__
[696](sec  2)(fl 0x00)(ty    0)(scl   2) (nx 0) 0x0000000000000d20 __fini_array_end
[697](sec  2)(fl 0x00)(ty    0)(scl   2) (nx 0) 0x0000000000000390 gEFiUiInterfaceProtocolGuid
[698](sec  2)(fl 0x00)(ty    0)(scl   2) (nx 0) 0x0000000000000d20 gZeroGuid
[699](sec  2)(fl 0x00)(ty    0)(scl   2) (nx 0) 0x0000000000000528 RootDevicePath
[700](sec  2)(fl 0x00)(ty    0)(scl   2) (nx 0) 0x0000000000000120 EfiDtbTableGuid
[701](sec  2)(fl 0x00)(ty    0)(scl   2) (nx 0) 0x00000000000003f0 gEfiUnicodeCollationProtocolGuid
[702](sec  2)(fl 0x00)(ty    0)(scl   2) (nx 0) 0x0000000000000450 gEfiDxeServicesTableGuid
[703](sec  2)(fl 0x00)(ty    0)(scl   2) (nx 0) 0x0000000000000480 gEfiBlockIo2ProtocolGuid
[704](sec  2)(fl 0x00)(ty    0)(scl   2) (nx 0) 0x0000000000000280 LegacyBootProtocol
[705](sec  2)(fl 0x00)(ty    0)(scl   2) (nx 0) 0x0000000000000160 AcpiTableGuid
[706](sec  2)(fl 0x00)(ty    0)(scl   2) (nx 0) 0x0000000000000220 gEfiEdidDiscoveredProtocolGuid
[707](sec  2)(fl 0x00)(ty    0)(scl   2) (nx 0) 0x00000000000003a0 gEfiNetworkInterfaceIdentifierProtocolGuid
[708](sec  2)(fl 0x00)(ty    0)(scl   2) (nx 0) 0x0000000000000524 EndDevicePath
[709](sec  2)(fl 0x00)(ty    0)(scl   2) (nx 0) 0x0000000000000290 VariableStoreProtocol
[710](sec  2)(fl 0x00)(ty    0)(scl   2) (nx 0) 0x0000000000000760 ErrorCodeTable
[711](sec  2)(fl 0x00)(ty    0)(scl   2) (nx 0) 0x0000000000000400 gEfiDeviceIoProtocolGuid
[712](sec  2)(fl 0x00)(ty    0)(scl   2) (nx 0) 0x0000000000000470 gEfiDiskIoProtocolGuid
[713](sec  2)(fl 0x00)(ty    0)(scl   2) (nx 0) 0x0000000000000598 EFIDebug
[714](sec  2)(fl 0x00)(ty    0)(scl   2) (nx 0) 0x0000000000000070 SimpleTextInputExProtocol
[715](sec  2)(fl 0x00)(ty    0)(scl   2) (nx 0) 0x00000000000001c0 gEfiVT100PlusGuid
[716](sec  2)(fl 0x00)(ty    0)(scl   2) (nx 0) 0x0000000000000440 gEfiSimpleFileSystemProtocolGuid
[717](sec  2)(fl 0x00)(ty    0)(scl   2) (nx 0) 0x00000000000004d0 gEfiDevicePathUtilitiesProtocolGuid
[718](sec  2)(fl 0x00)(ty    0)(scl   2) (nx 0) 0x00000000000001d0 gEfiVT100Guid
[719](sec  2)(fl 0x00)(ty    0)(scl   2) (nx 0) 0x0000000000000510 gEfiGlobalVariableGuid
[720](sec  2)(fl 0x00)(ty    0)(scl   2) (nx 0) 0x0000000000000d20 __CTOR_LIST__
[721](sec  2)(fl 0x00)(ty    0)(scl   2) (nx 0) 0x0000000000000330 gEfiHashProtocolGuid
[722](sec  2)(fl 0x00)(ty    0)(scl   2) (nx 0) 0x00000000000002d0 gEfiFileSystemInfoGuid
[723](sec  2)(fl 0x00)(ty    0)(scl   2) (nx 0) 0x0000000000000090 gEfiDebugImageInfoTableGuid
[724](sec  2)(fl 0x00)(ty    0)(scl   2) (nx 0) 0x00000000000004c0 gEfiLoadedImageProtocolGuid
[725](sec  2)(fl 0x00)(ty    0)(scl   2) (nx 0) 0x00000000000001b0 gEfiVTUTF8Guid
[726](sec  2)(fl 0x00)(ty    0)(scl   2) (nx 0) 0x00000000000002c0 gEfiFileSystemVolumeLabelInfoIdGuid
[727](sec  2)(fl 0x00)(ty    0)(scl   2) (nx 0) 0x00000000000001e0 gEfiPcAnsiGuid
[728](sec  2)(fl 0x00)(ty    0)(scl   2) (nx 0) 0x00000000000003c0 gEfiPxeBaseCodeProtocolGuid
[729](sec  1)(fl 0x00)(ty    0)(scl   2) (nx 0) 0x0000000000000000 _text
[730](sec  2)(fl 0x00)(ty    0)(scl   2) (nx 0) 0x0000000000000d20 __fini_array_start
[731](sec  2)(fl 0x00)(ty    0)(scl   2) (nx 0) 0x00000000000004b0 gEfiSimpleTextInProtocolGuid
[732](sec  2)(fl 0x00)(ty    0)(scl   2) (nx 0) 0x00000000000000f0 Udp4ServiceBindingProtocol
[733](sec  2)(fl 0x00)(ty    0)(scl   2) (nx 0) 0x0000000000000490 gEfiBlockIoProtocolGuid
[734](sec  2)(fl 0x00)(ty    0)(scl   2) (nx 0) 0x0000000000000200 gEfiEdidOverrideProtocolGuid
[735](sec  2)(fl 0x00)(ty    0)(scl   2) (nx 0) 0x0000000000000560 LibStubUnicodeInterface
[736](sec  2)(fl 0x00)(ty    0)(scl   2) (nx 0) 0x00000000000002f0 gEfiEbcProtocolGuid
[737](sec  2)(fl 0x00)(ty    0)(scl   2) (nx 0) 0x0000000000000d20 __init_array_end
[738](sec  2)(fl 0x00)(ty    0)(scl   2) (nx 0) 0x0000000000000d30 BS
[739](sec  2)(fl 0x00)(ty    0)(scl   2) (nx 0) 0x0000000000000170 MpsTableGuid
[740](sec  2)(fl 0x00)(ty    0)(scl   2) (nx 0) 0x0000000000000210 gEfiEdidActiveProtocolGuid
[741](sec  2)(fl 0x00)(ty    0)(scl   2) (nx 0) 0x00000000000004f0 gEfiDevicePathToTextProtocolGuid
[742](sec  2)(fl 0x00)(ty    0)(scl   2) (nx 0) 0x0000000000000240 TextInSpliterProtocol
[743](sec  2)(fl 0x00)(ty    0)(scl   2) (nx 0) 0x0000000000000d20 __CTOR_END__
[744](sec  2)(fl 0x00)(ty    0)(scl   2) (nx 0) 0x0000000000000d20 __DTOR_LIST__
[745](sec  2)(fl 0x00)(ty    0)(scl   2) (nx 0) 0x000000000000052c PoolAllocationType
[746](sec  2)(fl 0x00)(ty    0)(scl   2) (nx 0) 0x00000000000003e0 gEfiSerialIoProtocolGuid
[747](sec  2)(fl 0x00)(ty    0)(scl   2) (nx 0) 0x0000000000000130 SalSystemTableGuid
[748](sec  2)(fl 0x00)(ty    0)(scl   2) (nx 0) 0x0000000000000420 gEfiLoadFileProtocolGuid
[749](sec  2)(fl 0x00)(ty    0)(scl   2) (nx 0) 0x00000000000003b0 gEfiPxeBaseCodeCallbackProtocolGuid
[750](sec  2)(fl 0x00)(ty    0)(scl   2) (nx 0) 0x0000000000000310 gEfiBusSpecificDriverOverrideProtocolGuid
[751](sec  2)(fl 0x00)(ty    0)(scl   2) (nx 0) 0x00000000000000e0 Udp4Protocol
[752](sec  2)(fl 0x00)(ty    0)(scl   2) (nx 0) 0x0000000000000150 gEfiSmbiosTableGuid
[753](sec  2)(fl 0x00)(ty    0)(scl   2) (nx 0) 0x0000000000000050 ShellParametersProtocolGuid
[754](sec  2)(fl 0x00)(ty    0)(scl   2) (nx 0) 0x0000000000000d68 LibFwInstance
[755](sec  2)(fl 0x00)(ty    0)(scl   2) (nx 0) 0x0000000000000000 _data
[756](sec  2)(fl 0x00)(ty    0)(scl   2) (nx 0) 0x0000000000000350 gEfiComponentNameProtocolGuid
[757](sec  2)(fl 0x00)(ty    0)(scl   2) (nx 0) 0x0000000000000040 ShellDynamicCommandProtocolGuid
[758](sec  2)(fl 0x00)(ty    0)(scl   2) (nx 0) 0x0000000000000500 gEfiDevicePathProtocolGuid
[759](sec  2)(fl 0x00)(ty    0)(scl   2) (nx 0) 0x00000000000004e0 gEfiDevicePathFromTextProtocolGuid
[760](sec  2)(fl 0x00)(ty    0)(scl   2) (nx 0) 0x0000000000000410 gEfiLoadFile2ProtocolGuid
[761](sec  2)(fl 0x00)(ty    0)(scl   2) (nx 0) 0x0000000000000d70 RT
[762](sec  2)(fl 0x00)(ty    0)(scl   2) (nx 0) 0x0000000000000140 gEfiSmbios3TableGuid
[763](sec  2)(fl 0x00)(ty    0)(scl   2) (nx 0) 0x0000000000000370 gEfiPciRootBridgeIoProtocolGuid
[764](sec  2)(fl 0x00)(ty    0)(scl   2) (nx 0) 0x0000000000000d90 _edata
[765](sec  2)(fl 0x00)(ty    0)(scl   2) (nx 0) 0x00000000000001f0 AdapterDebugProtocol
[766](sec  2)(fl 0x00)(ty    0)(scl   2) (nx 0) 0x0000000000000d50 LibRuntimeRestoreTPL
[767](sec  2)(fl 0x00)(ty    0)(scl   2) (nx 0) 0x00000000000003d0 gEfiSimpleNetworkProtocolGuid
[768](sec  2)(fl 0x00)(ty    0)(scl   2) (nx 0) 0x0000000000000190 EfiPartTypeLegacyMbrGuid
[769](sec  2)(fl 0x00)(ty    0)(scl   2) (nx 0) 0x0000000000000430 gEfiLoadedImageDevicePathProtocolGuid
[770](sec  2)(fl 0x00)(ty    0)(scl   2) (nx 0) 0x0000000000000d40 LibImageHandle
[771](sec  2)(fl 0x00)(ty    0)(scl   2) (nx 0) 0x0000000000000270 VgaClassProtocol
[772](sec  2)(fl 0x00)(ty    0)(scl   2) (nx 0) 0x0000000000000460 gEfiDiskIo2ProtocolGuid
[773](sec  2)(fl 0x00)(ty    0)(scl   2) (nx 0) 0x0000000000000d20 __init_array_start
[774](sec  2)(fl 0x00)(ty    0)(scl   2) (nx 0) 0x0000000000000230 gEfiGraphicsOutputProtocolGuid
[775](sec  2)(fl 0x00)(ty    0)(scl   2) (nx 0) 0x00000000000000d0 Tcp4ServiceBindingProtocol
[776](sec  2)(fl 0x00)(ty    0)(scl   2) (nx 0) 0x00000000000004a0 gEfiSimpleTextOutProtocolGuid
[777](sec  2)(fl 0x00)(ty    0)(scl   2) (nx 0) 0x00000000000005a0 DevPathTable
[778](sec  2)(fl 0x00)(ty    0)(scl   2) (nx 0) 0x00000000000001a0 EfiPartTypeSystemPartitionGuid
[779](sec  2)(fl 0x00)(ty    0)(scl   2) (nx 0) 0x0000000000000180 UnknownDevice
[780](sec  2)(fl 0x00)(ty    0)(scl   2) (nx 0) 0x00000000000002a0 InternalShellProtocol


