Archive member included to satisfy reference by file (symbol)

C:\Users\olusa\OneDrive\Documents\GitHub\BlockyOS\compile\toolchain\build\gnu-efi-4.0.4\x86_64\/lib/\libefi.a(data.o)
                              C:\Users\olusa\OneDrive\Documents\GitHub\BlockyOS\Build\Build-2026-05-06-46\objs\UEFI.c.raw.o (BS)
C:\Users\olusa\OneDrive\Documents\GitHub\BlockyOS\compile\toolchain\build\gnu-efi-4.0.4\x86_64\/lib/\libefi.a(entry.o)
                              C:\Users\olusa\OneDrive\Documents\GitHub\BlockyOS\compile\toolchain\build\gnu-efi-4.0.4\x86_64\/lib/crt0-efi-x86_64.o (_entry)
C:\Users\olusa\OneDrive\Documents\GitHub\BlockyOS\compile\toolchain\build\gnu-efi-4.0.4\x86_64\/lib/\libefi.a(init.o)
                              C:\Users\olusa\OneDrive\Documents\GitHub\BlockyOS\Build\Build-2026-05-06-46\objs\UEFI.c.boot.o (InitializeLib)
C:\Users\olusa\OneDrive\Documents\GitHub\BlockyOS\compile\toolchain\build\gnu-efi-4.0.4\x86_64\/lib/\libefi.a(misc.o)
                              C:\Users\olusa\OneDrive\Documents\GitHub\BlockyOS\Build\Build-2026-05-06-46\objs\UEFI.c.frat.o (AllocatePool)
C:\Users\olusa\OneDrive\Documents\GitHub\BlockyOS\compile\toolchain\build\gnu-efi-4.0.4\x86_64\/lib/\libefi.a(str.o)
                              C:\Users\olusa\OneDrive\Documents\GitHub\BlockyOS\compile\toolchain\build\gnu-efi-4.0.4\x86_64\/lib/\libefi.a(data.o) (LibStubStriCmp)
C:\Users\olusa\OneDrive\Documents\GitHub\BlockyOS\compile\toolchain\build\gnu-efi-4.0.4\x86_64\/lib/\libefi.a(efirtlib.o)
                              C:\Users\olusa\OneDrive\Documents\GitHub\BlockyOS\compile\toolchain\build\gnu-efi-4.0.4\x86_64\/lib/\libefi.a(misc.o) (RtZeroMem)
C:\Users\olusa\OneDrive\Documents\GitHub\BlockyOS\compile\toolchain\build\gnu-efi-4.0.4\x86_64\/lib/\libefi.a(rtstr.o)
                              C:\Users\olusa\OneDrive\Documents\GitHub\BlockyOS\compile\toolchain\build\gnu-efi-4.0.4\x86_64\/lib/\libefi.a(str.o) (RtStrCmp)
C:\Users\olusa\OneDrive\Documents\GitHub\BlockyOS\compile\toolchain\build\gnu-efi-4.0.4\x86_64\/lib/\libefi.a(rtdata.o)
                              C:\Users\olusa\OneDrive\Documents\GitHub\BlockyOS\compile\toolchain\build\gnu-efi-4.0.4\x86_64\/lib/\libefi.a(init.o) (EFIDebug)
C:\Users\olusa\OneDrive\Documents\GitHub\BlockyOS\compile\toolchain\build\gnu-efi-4.0.4\x86_64\/lib/\libefi.a(initplat.o)
                              C:\Users\olusa\OneDrive\Documents\GitHub\BlockyOS\compile\toolchain\build\gnu-efi-4.0.4\x86_64\/lib/\libefi.a(init.o) (InitializeLibPlatform)
C:\Users\olusa\OneDrive\Documents\GitHub\BlockyOS\compile\toolchain\build\gnu-efi-4.0.4\x86_64\/lib/\libefi.a(print.o)
                              C:\Users\olusa\OneDrive\Documents\GitHub\BlockyOS\Build\Build-2026-05-06-46\objs\UEFI.c.frat.o (Print)
C:\Users\olusa\OneDrive\Documents\GitHub\BlockyOS\compile\toolchain\build\gnu-efi-4.0.4\x86_64\/lib/\libefi.a(va_print.o)
                              C:\Users\olusa\OneDrive\Documents\GitHub\BlockyOS\compile\toolchain\build\gnu-efi-4.0.4\x86_64\/lib/\libefi.a(print.o) (_PoolCatPrint)
C:\Users\olusa\OneDrive\Documents\GitHub\BlockyOS\compile\toolchain\build\gnu-efi-4.0.4\x86_64\/lib/\libefi.a(console.o)
                              C:\Users\olusa\OneDrive\Documents\GitHub\BlockyOS\compile\toolchain\build\gnu-efi-4.0.4\x86_64\/lib/\libefi.a(print.o) (Input)
C:\Users\olusa\OneDrive\Documents\GitHub\BlockyOS\compile\toolchain\build\gnu-efi-4.0.4\x86_64\/lib/\libefi.a(dpath.o)
                              C:\Users\olusa\OneDrive\Documents\GitHub\BlockyOS\compile\toolchain\build\gnu-efi-4.0.4\x86_64\/lib/\libefi.a(misc.o) (DevicePathFromHandle)
C:\Users\olusa\OneDrive\Documents\GitHub\BlockyOS\compile\toolchain\build\gnu-efi-4.0.4\x86_64\/lib/\libefi.a(error.o)
                              C:\Users\olusa\OneDrive\Documents\GitHub\BlockyOS\compile\toolchain\build\gnu-efi-4.0.4\x86_64\/lib/\libefi.a(print.o) (StatusToString)
C:\Users\olusa\OneDrive\Documents\GitHub\BlockyOS\compile\toolchain\build\gnu-efi-4.0.4\x86_64\/lib/\libefi.a(event.o)
                              C:\Users\olusa\OneDrive\Documents\GitHub\BlockyOS\compile\toolchain\build\gnu-efi-4.0.4\x86_64\/lib/\libefi.a(console.o) (WaitForSingleEvent)
C:\Users\olusa\OneDrive\Documents\GitHub\BlockyOS\compile\toolchain\build\gnu-efi-4.0.4\x86_64\/lib/\libefi.a(guid.o)
                              C:\Users\olusa\OneDrive\Documents\GitHub\BlockyOS\compile\toolchain\build\gnu-efi-4.0.4\x86_64\/lib/\libefi.a(init.o) (InitializeGuid)
C:\Users\olusa\OneDrive\Documents\GitHub\BlockyOS\compile\toolchain\build\gnu-efi-4.0.4\x86_64\/lib/\libefi.a(hand.o)
                              C:\Users\olusa\OneDrive\Documents\GitHub\BlockyOS\compile\toolchain\build\gnu-efi-4.0.4\x86_64\/lib/\libefi.a(init.o) (LibLocateHandle)
C:\Users\olusa\OneDrive\Documents\GitHub\BlockyOS\compile\toolchain\build\gnu-efi-4.0.4\x86_64\/lib/\libefi.a(math.o)
                              C:\Users\olusa\OneDrive\Documents\GitHub\BlockyOS\compile\toolchain\build\gnu-efi-4.0.4\x86_64\/lib/\libefi.a(print.o) (RShiftU64)

There are no discarded input sections

Memory Configuration

Name             Origin             Length             Attributes
*default*        0x0000000000000000 0xffffffffffffffff

Linker script and memory map

                0x0000000000000000                . = 0x0
                0x0000000000000000                ImageBase = .

.hash
 *(.hash)

.gnu.hash
 *(.gnu.hash)
                0x0000000000000000                . = ALIGN (0x1000)

.eh_frame       0x0000000000000000     0x2f00
 *(.eh_frame)
 .eh_frame      0x0000000000000000       0x30 C:\Users\olusa\OneDrive\Documents\GitHub\BlockyOS\compile\toolchain\build\gnu-efi-4.0.4\x86_64\/lib/reloc_x86_64.o
 .eh_frame      0x0000000000000030      0x600 C:\Users\olusa\OneDrive\Documents\GitHub\BlockyOS\Build\Build-2026-05-06-46\objs\UEFI.c.frat.o
                                        0x618 (size before relaxing)
 .eh_frame      0x0000000000000630      0x100 C:\Users\olusa\OneDrive\Documents\GitHub\BlockyOS\Build\Build-2026-05-06-46\objs\UEFI.c.raw.o
                                        0x118 (size before relaxing)
 .eh_frame      0x0000000000000730      0x240 C:\Users\olusa\OneDrive\Documents\GitHub\BlockyOS\Build\Build-2026-05-06-46\objs\UEFI.c.blake2b-ref.o
                                        0x258 (size before relaxing)
 .eh_frame      0x0000000000000970      0x140 C:\Users\olusa\OneDrive\Documents\GitHub\BlockyOS\Build\Build-2026-05-06-46\objs\UEFI.c.blake2bp-ref.o
                                        0x158 (size before relaxing)
 .eh_frame      0x0000000000000ab0      0x220 C:\Users\olusa\OneDrive\Documents\GitHub\BlockyOS\Build\Build-2026-05-06-46\objs\UEFI.c.blake2s-ref.o
                                        0x238 (size before relaxing)
 .eh_frame      0x0000000000000cd0      0x160 C:\Users\olusa\OneDrive\Documents\GitHub\BlockyOS\Build\Build-2026-05-06-46\objs\UEFI.c.blake2sp-ref.o
                                        0x178 (size before relaxing)
 .eh_frame      0x0000000000000e30      0x100 C:\Users\olusa\OneDrive\Documents\GitHub\BlockyOS\Build\Build-2026-05-06-46\objs\UEFI.c.blake2xb-ref.o
                                        0x118 (size before relaxing)
 .eh_frame      0x0000000000000f30      0x120 C:\Users\olusa\OneDrive\Documents\GitHub\BlockyOS\Build\Build-2026-05-06-46\objs\UEFI.c.blake2xs-ref.o
                                        0x138 (size before relaxing)
 .eh_frame      0x0000000000001050      0x328 C:\Users\olusa\OneDrive\Documents\GitHub\BlockyOS\Build\Build-2026-05-06-46\objs\UEFI.c.tools.o
                                        0x340 (size before relaxing)
 .eh_frame      0x0000000000001378       0x20 C:\Users\olusa\OneDrive\Documents\GitHub\BlockyOS\Build\Build-2026-05-06-46\objs\UEFI.c.boot.o
                                         0x38 (size before relaxing)
 .eh_frame      0x0000000000001398       0x40 C:\Users\olusa\OneDrive\Documents\GitHub\BlockyOS\compile\toolchain\build\gnu-efi-4.0.4\x86_64\/lib/\libefi.a(entry.o)
                                         0x58 (size before relaxing)
 .eh_frame      0x00000000000013d8       0xd8 C:\Users\olusa\OneDrive\Documents\GitHub\BlockyOS\compile\toolchain\build\gnu-efi-4.0.4\x86_64\/lib/\libefi.a(init.o)
                                         0xf0 (size before relaxing)
 .eh_frame      0x00000000000014b0      0x400 C:\Users\olusa\OneDrive\Documents\GitHub\BlockyOS\compile\toolchain\build\gnu-efi-4.0.4\x86_64\/lib/\libefi.a(misc.o)
                                        0x418 (size before relaxing)
 .eh_frame      0x00000000000018b0      0x2c8 C:\Users\olusa\OneDrive\Documents\GitHub\BlockyOS\compile\toolchain\build\gnu-efi-4.0.4\x86_64\/lib/\libefi.a(str.o)
                                        0x2e0 (size before relaxing)
 .eh_frame      0x0000000000001b78       0x90 C:\Users\olusa\OneDrive\Documents\GitHub\BlockyOS\compile\toolchain\build\gnu-efi-4.0.4\x86_64\/lib/\libefi.a(efirtlib.o)
                                         0xa8 (size before relaxing)
 .eh_frame      0x0000000000001c08      0x150 C:\Users\olusa\OneDrive\Documents\GitHub\BlockyOS\compile\toolchain\build\gnu-efi-4.0.4\x86_64\/lib/\libefi.a(rtstr.o)
                                        0x168 (size before relaxing)
 .eh_frame      0x0000000000001d58       0x18 C:\Users\olusa\OneDrive\Documents\GitHub\BlockyOS\compile\toolchain\build\gnu-efi-4.0.4\x86_64\/lib/\libefi.a(initplat.o)
                                         0x30 (size before relaxing)
 .eh_frame      0x0000000000001d70      0x3d0 C:\Users\olusa\OneDrive\Documents\GitHub\BlockyOS\compile\toolchain\build\gnu-efi-4.0.4\x86_64\/lib/\libefi.a(print.o)
                                        0x3e8 (size before relaxing)
 .eh_frame      0x0000000000002140      0x1e0 C:\Users\olusa\OneDrive\Documents\GitHub\BlockyOS\compile\toolchain\build\gnu-efi-4.0.4\x86_64\/lib/\libefi.a(va_print.o)
                                        0x1f8 (size before relaxing)
 .eh_frame      0x0000000000002320       0x80 C:\Users\olusa\OneDrive\Documents\GitHub\BlockyOS\compile\toolchain\build\gnu-efi-4.0.4\x86_64\/lib/\libefi.a(console.o)
                                         0x98 (size before relaxing)
 .eh_frame      0x00000000000023a0      0x718 C:\Users\olusa\OneDrive\Documents\GitHub\BlockyOS\compile\toolchain\build\gnu-efi-4.0.4\x86_64\/lib/\libefi.a(dpath.o)
                                        0x730 (size before relaxing)
 .eh_frame      0x0000000000002ab8       0x18 C:\Users\olusa\OneDrive\Documents\GitHub\BlockyOS\compile\toolchain\build\gnu-efi-4.0.4\x86_64\/lib/\libefi.a(error.o)
                                         0x30 (size before relaxing)
 .eh_frame      0x0000000000002ad0       0xc8 C:\Users\olusa\OneDrive\Documents\GitHub\BlockyOS\compile\toolchain\build\gnu-efi-4.0.4\x86_64\/lib/\libefi.a(event.o)
                                         0xe0 (size before relaxing)
 .eh_frame      0x0000000000002b98       0x90 C:\Users\olusa\OneDrive\Documents\GitHub\BlockyOS\compile\toolchain\build\gnu-efi-4.0.4\x86_64\/lib/\libefi.a(guid.o)
                                         0xa8 (size before relaxing)
 .eh_frame      0x0000000000002c28      0x288 C:\Users\olusa\OneDrive\Documents\GitHub\BlockyOS\compile\toolchain\build\gnu-efi-4.0.4\x86_64\/lib/\libefi.a(hand.o)
                                        0x2a0 (size before relaxing)
 .eh_frame      0x0000000000002eb0       0x50 C:\Users\olusa\OneDrive\Documents\GitHub\BlockyOS\compile\toolchain\build\gnu-efi-4.0.4\x86_64\/lib/\libefi.a(math.o)
                                         0x68 (size before relaxing)

.eh_frame_hdr
 *(.eh_frame_hdr)

.gcc_except_table
 *(.gcc_except_table*)
                0x0000000000003000                . = ALIGN (0x1000)

.text           0x0000000000003000    0x1ad50
                0x0000000000003000                _text = .
 *(.text)
 .text          0x0000000000003000       0x29 C:\Users\olusa\OneDrive\Documents\GitHub\BlockyOS\compile\toolchain\build\gnu-efi-4.0.4\x86_64\/lib/crt0-efi-x86_64.o
                0x0000000000003000                _start
 *fill*         0x0000000000003029       0x17 
 .text          0x0000000000003040       0xbb C:\Users\olusa\OneDrive\Documents\GitHub\BlockyOS\compile\toolchain\build\gnu-efi-4.0.4\x86_64\/lib/reloc_x86_64.o
                0x0000000000003040                _relocate
 .text          0x00000000000030fb     0x4494 C:\Users\olusa\OneDrive\Documents\GitHub\BlockyOS\Build\Build-2026-05-06-46\objs\UEFI.c.frat.o
                0x00000000000030fb                checkdisk
                0x00000000000031a0                makeGPTeNSTR
                0x000000000000321d                loadpart
                0x00000000000033db                formatpart
                0x00000000000035ae                queryparttablefs
                0x00000000000036e3                getloc
                0x0000000000003735                queryfs
                0x00000000000037dc                fmount
                0x0000000000003cb2                allocatecluster
                0x0000000000003d82                __ffremove
                0x0000000000003dea                __ffremoveh
                0x0000000000003e60                __ffremovel
                0x0000000000003e90                __ffremovelh
                0x0000000000003f8b                __fcreate
                0x000000000000452f                __faddr
                0x000000000000494d                __finit
                0x0000000000004ce8                __fread1
                0x0000000000004f1b                __ffindh
                0x0000000000005004                __ffindhi
                0x00000000000050f5                __ffindi
                0x000000000000512d                __ffind
                0x0000000000005162                __fpush1
                0x00000000000053af                __floaddir
                0x0000000000005508                __fuloaddir
                0x00000000000056f6                __fdirrefresh
                0x00000000000058bc                fsloadh
                0x00000000000059e7                fsuloadh
                0x0000000000005c2d                __freadinfo
                0x0000000000005cfb                __fupdatetstamp
                0x0000000000005e25                _dreadinfo
                0x0000000000005e4d                _freadinfo
                0x0000000000005e75                _fseek
                0x0000000000005e94                _fseeko
                0x0000000000005ebe                _fpush1
                0x000000000000611f                _fread1
                0x0000000000006330                __fgetparent
                0x0000000000006401                __fdiradd
                0x000000000000683f                __ftest
                0x0000000000006a2c                __fdirlist
                0x0000000000006de2                __dirr_init
                0x000000000000713b                __dirr_free
                0x00000000000071e0                __dirr
                0x0000000000007393                __fprint_info
 .text          0x000000000000758f      0x515 C:\Users\olusa\OneDrive\Documents\GitHub\BlockyOS\Build\Build-2026-05-06-46\objs\UEFI.c.raw.o
                0x000000000000758f                configureBlockSize
                0x00000000000075ab                EnableVerbose
                0x00000000000075c2                DisableVerbose
                0x00000000000075d9                startup_me
                0x000000000000769e                startup
                0x000000000000787a                readblock
                0x000000000000798d                writeblock
                0x0000000000007a69                dispose
 .text          0x0000000000007aa4     0x779d C:\Users\olusa\OneDrive\Documents\GitHub\BlockyOS\Build\Build-2026-05-06-46\objs\UEFI.c.blake2b-ref.o
                0x0000000000007dd6                blake2b_init_param
                0x0000000000007e65                blake2b_init
                0x0000000000007f4a                blake2b_init_key
                0x000000000000ede2                blake2b_update
                0x000000000000ef25                blake2b_final
                0x000000000000f09e                blake2b
                0x000000000000f1f9                blake2
 .text          0x000000000000f241      0xc0f C:\Users\olusa\OneDrive\Documents\GitHub\BlockyOS\Build\Build-2026-05-06-46\objs\UEFI.c.blake2bp-ref.o
                0x000000000000f4b8                blake2bp_init
                0x000000000000f5ad                blake2bp_init_key
                0x000000000000f79c                blake2bp_update
                0x000000000000f94f                blake2bp_final
                0x000000000000faee                blake2bp
 .text          0x000000000000fe50     0x4439 C:\Users\olusa\OneDrive\Documents\GitHub\BlockyOS\Build\Build-2026-05-06-46\objs\UEFI.c.blake2s-ref.o
                0x00000000000100a0                blake2s_init_param
                0x0000000000010128                blake2s_init
                0x00000000000101f3                blake2s_init_key
                0x0000000000013eb8                blake2s_update
                0x0000000000013fe9                blake2s_final
                0x000000000001412e                blake2s
 .text          0x0000000000014289      0xbc4 C:\Users\olusa\OneDrive\Documents\GitHub\BlockyOS\Build\Build-2026-05-06-46\objs\UEFI.c.blake2sp-ref.o
                0x000000000001450f                blake2sp_init
                0x0000000000014604                blake2sp_init_key
                0x000000000001479c                blake2sp_update
                0x000000000001494f                blake2sp_final
                0x0000000000014aeb                blake2sp
 .text          0x0000000000014e4d      0x6a1 C:\Users\olusa\OneDrive\Documents\GitHub\BlockyOS\Build\Build-2026-05-06-46\objs\UEFI.c.blake2xb-ref.o
                0x0000000000014f2d                blake2xb_init
                0x0000000000014f59                blake2xb_init_key
                0x0000000000015186                blake2xb_update
                0x00000000000151b3                blake2xb_final
                0x00000000000153d3                blake2xb
 .text          0x00000000000154ee      0x64c C:\Users\olusa\OneDrive\Documents\GitHub\BlockyOS\Build\Build-2026-05-06-46\objs\UEFI.c.blake2xs-ref.o
                0x00000000000155ee                blake2xs_init
                0x000000000001561a                blake2xs_init_key
                0x00000000000157cf                blake2xs_update
                0x00000000000157fc                blake2xs_final
                0x0000000000015a1f                blake2xs
 .text          0x0000000000015b3a      0xd37 C:\Users\olusa\OneDrive\Documents\GitHub\BlockyOS\Build\Build-2026-05-06-46\objs\UEFI.c.tools.o
                0x0000000000015b3a                strcheck
                0x0000000000015b8d                strchecki
                0x0000000000015be1                memdup
                0x0000000000015c1e                isascii
                0x0000000000015c32                __getfcode
                0x0000000000015d19                readbuf
                0x0000000000015e09                strtok_i
                0x0000000000015eaf                strtok_k
                0x00000000000160a3                strtok_d
                0x00000000000160ed                trng__
                0x0000000000016174                tolower
                0x000000000001618a                isdigit
                0x00000000000161b4                str_tolower
                0x000000000001622e                match_rec
                0x0000000000016362                __pattmatch
                0x000000000001647a                __realloc
                0x00000000000164e2                __calloc
                0x000000000001652a                __memset
                0x0000000000016566                __memcpy
                0x00000000000165af                __strlen
                0x00000000000165e2                __strdup
                0x000000000001662e                __strspn
                0x0000000000016698                __memcmp
                0x00000000000166f4                getDriveMediaID
                0x0000000000016814                ValidateImageHandle
 .text          0x0000000000016871      0x1e7 C:\Users\olusa\OneDrive\Documents\GitHub\BlockyOS\Build\Build-2026-05-06-46\objs\UEFI.c.boot.o
                0x0000000000016871                efi_main
 .text          0x0000000000016a58        0x0 C:\Users\olusa\OneDrive\Documents\GitHub\BlockyOS\compile\toolchain\build\gnu-efi-4.0.4\x86_64\/lib/\libefi.a(data.o)
 *fill*         0x0000000000016a58        0x8 
 .text          0x0000000000016a60      0x134 C:\Users\olusa\OneDrive\Documents\GitHub\BlockyOS\compile\toolchain\build\gnu-efi-4.0.4\x86_64\/lib/\libefi.a(entry.o)
                0x0000000000016a60                _entry
 *fill*         0x0000000000016b94        0xc 
 .text          0x0000000000016ba0      0x2b3 C:\Users\olusa\OneDrive\Documents\GitHub\BlockyOS\compile\toolchain\build\gnu-efi-4.0.4\x86_64\/lib/\libefi.a(init.o)
                0x0000000000016ba0                InitializeUnicodeSupport
                0x0000000000016c90                EFIDebugVariable
                0x0000000000016ce0                InitializeLib
                0x0000000000016de0                memset
                0x0000000000016e30                memcpy
 *fill*         0x0000000000016e53        0xd 
 .text          0x0000000000016e60      0x9b7 C:\Users\olusa\OneDrive\Documents\GitHub\BlockyOS\compile\toolchain\build\gnu-efi-4.0.4\x86_64\/lib/\libefi.a(misc.o)
                0x0000000000016e60                AllocatePool
                0x0000000000016e90                AllocateZeroPool
                0x0000000000016ee0                ReallocatePool_1
                0x0000000000016f80                FreePool
                0x0000000000016fa0                ZeroMem
                0x0000000000016fb0                SetMem
                0x0000000000016fc0                CopyMem_1
                0x0000000000016fd0                CopyMemC
                0x0000000000016fe0                CompareMem
                0x0000000000016ff0                GrowBuffer
                0x00000000000170d0                LibMemoryMap
                0x00000000000171c0                LibGetVariableAndSize
                0x00000000000172a0                LibGetVariable
                0x00000000000172c0                LibDeleteVariable
                0x0000000000017330                LibSetNVVariable
                0x0000000000017360                LibSetVariable
                0x0000000000017390                LibInsertToTailOfBootOrder
                0x00000000000174f0                ValidMBR
                0x00000000000176a0                DecimaltoBCD
                0x00000000000176b0                BCDtoDecimal
                0x00000000000176c0                LibGetSystemConfigurationTable
                0x0000000000017750                LibGetUiString
 *fill*         0x0000000000017817       0x29 
 .text          0x0000000000017840      0x5fc C:\Users\olusa\OneDrive\Documents\GitHub\BlockyOS\compile\toolchain\build\gnu-efi-4.0.4\x86_64\/lib/\libefi.a(str.o)
                0x0000000000017840                StrCmp
                0x0000000000017850                StrnCmp
                0x00000000000178a0                LibStubStriCmp
                0x0000000000017940                LibStubStrLwrUpr
                0x0000000000017950                StriCmp
                0x0000000000017970                StrLwr
                0x0000000000017990                StrUpr
                0x00000000000179b0                StrCpy
                0x00000000000179c0                StrnCpy
                0x00000000000179d0                StpCpy
                0x00000000000179e0                StpnCpy
                0x00000000000179f0                StrCat
                0x0000000000017a00                StrnCat
                0x0000000000017a10                StrnLen
                0x0000000000017a20                StrLen
                0x0000000000017a30                StrSize
                0x0000000000017a40                StrDuplicate
                0x0000000000017a80                AsciiStrLen
                0x0000000000017ab0                AsciiStrCmp
                0x0000000000017b00                AsciiStrnCmp
                0x0000000000017b50                xtoi
                0x0000000000017bf0                Atoi
                0x0000000000017c50                MetaMatch
                0x0000000000017d80                LibStubMetaiMatch
                0x0000000000017e20                MetaiMatch
 *fill*         0x0000000000017e3c        0x4 
 .text          0x0000000000017e40      0x18c C:\Users\olusa\OneDrive\Documents\GitHub\BlockyOS\compile\toolchain\build\gnu-efi-4.0.4\x86_64\/lib/\libefi.a(efirtlib.o)
                0x0000000000017e40                RtZeroMem
                0x0000000000017e80                RtSetMem
                0x0000000000017eb0                RtCopyMem
                0x0000000000017f30                RtCopyMemC
                0x0000000000017f40                RtCompareMem
                0x0000000000017f90                RtCompareGuid
                0x0000000000017fc0                RtIsZeroGuid
 *fill*         0x0000000000017fcc       0x14 
 .text          0x0000000000017fe0      0x353 C:\Users\olusa\OneDrive\Documents\GitHub\BlockyOS\compile\toolchain\build\gnu-efi-4.0.4\x86_64\/lib/\libefi.a(rtstr.o)
                0x0000000000017fe0                RtStrCmp
                0x0000000000018040                RtStrCpy
                0x0000000000018080                RtStrnCpy
                0x00000000000180f0                RtStpCpy
                0x0000000000018120                RtStpnCpy
                0x00000000000181a0                RtStrCat
                0x00000000000181f0                RtStrnCat
                0x0000000000018270                RtStrLen
                0x00000000000182a0                RtStrnLen
                0x00000000000182d0                RtStrSize
                0x0000000000018300                RtBCDtoDecimal
                0x0000000000018310                RtDecimaltoBCD
 .text          0x0000000000018333        0x0 C:\Users\olusa\OneDrive\Documents\GitHub\BlockyOS\compile\toolchain\build\gnu-efi-4.0.4\x86_64\/lib/\libefi.a(rtdata.o)
 *fill*         0x0000000000018333        0xd 
 .text          0x0000000000018340        0x1 C:\Users\olusa\OneDrive\Documents\GitHub\BlockyOS\compile\toolchain\build\gnu-efi-4.0.4\x86_64\/lib/\libefi.a(initplat.o)
                0x0000000000018340                InitializeLibPlatform
 *fill*         0x0000000000018341       0x3f 
 .text          0x0000000000018380     0x2099 C:\Users\olusa\OneDrive\Documents\GitHub\BlockyOS\compile\toolchain\build\gnu-efi-4.0.4\x86_64\/lib/\libefi.a(print.o)
                0x0000000000018380                _DbgOut
                0x00000000000183a0                _SPrint
                0x00000000000184c0                _PoolPrint
                0x0000000000018850                UnicodeSPrint
                0x00000000000188e0                AsciiSPrint
                0x0000000000018970                PoolPrint
                0x0000000000018a10                CatPrint
                0x0000000000018ac0                Print
                0x0000000000018b80                PrintAt
                0x0000000000018c20                IPrint
                0x0000000000018cd0                IPrintAt
                0x0000000000018d70                AsciiPrint
                0x0000000000018e30                ValueToHex
                0x0000000000018e50                ValueToString
                0x0000000000018e70                FloatToString
                0x0000000000018fa0                TimeToString
                0x0000000000019040                DbgPrint
                0x000000000001a270                DumpHex
 *fill*         0x000000000001a419       0x27 
 .text          0x000000000001a440     0x11eb C:\Users\olusa\OneDrive\Documents\GitHub\BlockyOS\compile\toolchain\build\gnu-efi-4.0.4\x86_64\/lib/\libefi.a(va_print.o)
                0x000000000001b320                _PoolCatPrint
                0x000000000001b390                UnicodeVSPrint
                0x000000000001b3e0                VPoolPrint
                0x000000000001b420                _IPrint
                0x000000000001b520                VPrint
                0x000000000001b550                AsciiVSPrint
 *fill*         0x000000000001b62b        0x5 
 .text          0x000000000001b630      0x110 C:\Users\olusa\OneDrive\Documents\GitHub\BlockyOS\compile\toolchain\build\gnu-efi-4.0.4\x86_64\/lib/\libefi.a(console.o)
                0x000000000001b630                Output
                0x000000000001b650                IInput
                0x000000000001b720                Input
 .text          0x000000000001b740     0x174b C:\Users\olusa\OneDrive\Documents\GitHub\BlockyOS\compile\toolchain\build\gnu-efi-4.0.4\x86_64\/lib/\libefi.a(dpath.o)
                0x000000000001c590                DevicePathFromHandle
                0x000000000001c5d0                DevicePathInstance
                0x000000000001c680                DevicePathInstanceCount
                0x000000000001c6c0                DevicePathSize
                0x000000000001c700                DuplicateDevicePath
                0x000000000001c770                AppendDevicePath
                0x000000000001c8e0                AppendDevicePathNode
                0x000000000001c960                FileDevicePath
                0x000000000001ca10                UnpackDevicePath
                0x000000000001cae0                AppendDevicePathInstance
                0x000000000001cbd0                LibDevicePathToInterface
                0x000000000001cc60                DevicePathToStr
                0x000000000001cda0                LibMatchDevicePaths
                0x000000000001ce20                LibDuplicateDevicePathInstance
 *fill*         0x000000000001ce8b       0x15 
 .text          0x000000000001cea0       0x50 C:\Users\olusa\OneDrive\Documents\GitHub\BlockyOS\compile\toolchain\build\gnu-efi-4.0.4\x86_64\/lib/\libefi.a(error.o)
                0x000000000001cea0                StatusToString
 .text          0x000000000001cef0      0x1f5 C:\Users\olusa\OneDrive\Documents\GitHub\BlockyOS\compile\toolchain\build\gnu-efi-4.0.4\x86_64\/lib/\libefi.a(event.o)
                0x000000000001cef0                LibCreateProtocolNotifyEvent
                0x000000000001cf70                WaitForSingleEvent
                0x000000000001d050                WaitForEventWithTimeout
 *fill*         0x000000000001d0e5        0xb 
 .text          0x000000000001d0f0      0x113 C:\Users\olusa\OneDrive\Documents\GitHub\BlockyOS\compile\toolchain\build\gnu-efi-4.0.4\x86_64\/lib/\libefi.a(guid.o)
                0x000000000001d0f0                InitializeGuid
                0x000000000001d100                CompareGuid_1
                0x000000000001d110                IsZeroGuid
                0x000000000001d120                GuidToString
 *fill*         0x000000000001d203       0x3d 
 .text          0x000000000001d240      0xaba C:\Users\olusa\OneDrive\Documents\GitHub\BlockyOS\compile\toolchain\build\gnu-efi-4.0.4\x86_64\/lib/\libefi.a(hand.o)
                0x000000000001d240                LibLocateHandle
                0x000000000001d300                LibLocateProtocol
                0x000000000001d3a0                LibLocateHandleByDiskSignature
                0x000000000001d6e0                LibOpenRoot
                0x000000000001d730                LibFileInfo
                0x000000000001d7b0                LibFileSystemInfo
                0x000000000001d830                LibFileSystemVolumeLabelInfo
                0x000000000001d8b0                LibInstallProtocolInterfaces
                0x000000000001da60                LibUninstallProtocolInterfaces
                0x000000000001db20                LibReinstallProtocolInterfaces
 *fill*         0x000000000001dcfa        0x6 
 .text          0x000000000001dd00       0x4c C:\Users\olusa\OneDrive\Documents\GitHub\BlockyOS\compile\toolchain\build\gnu-efi-4.0.4\x86_64\/lib/\libefi.a(math.o)
                0x000000000001dd00                LShiftU64
                0x000000000001dd10                RShiftU64
                0x000000000001dd20                MultU64x32
                0x000000000001dd30                DivU64x32
 *(.text.*)
 *(.gnu.linkonce.t.*)
 *(.plt)
                0x000000000001dd50                . = ALIGN (0x10)
 *fill*         0x000000000001dd4c        0x4 
                0x000000000001dd50                _etext = .
                0x000000000001ad50                _text_size = (_etext - _text)

.iplt           0x000000000001dd50        0x0
 .iplt          0x000000000001dd50        0x0 C:\Users\olusa\OneDrive\Documents\GitHub\BlockyOS\compile\toolchain\build\gnu-efi-4.0.4\x86_64\/lib/crt0-efi-x86_64.o

.rela.dyn       0x000000000001dd50        0x0
 .rela.iplt     0x000000000001dd50        0x0 C:\Users\olusa\OneDrive\Documents\GitHub\BlockyOS\compile\toolchain\build\gnu-efi-4.0.4\x86_64\/lib/crt0-efi-x86_64.o
                0x000000000001e000                . = ALIGN (0x1000)

.data           0x000000000001e000      0xd90
                0x000000000001e000                _data = .
 *(.got.plt)
 .got.plt       0x000000000001e000        0x0 C:\Users\olusa\OneDrive\Documents\GitHub\BlockyOS\compile\toolchain\build\gnu-efi-4.0.4\x86_64\/lib/crt0-efi-x86_64.o
 *(.got)
 .got           0x000000000001e000        0x0 C:\Users\olusa\OneDrive\Documents\GitHub\BlockyOS\compile\toolchain\build\gnu-efi-4.0.4\x86_64\/lib/crt0-efi-x86_64.o
 *(.data*)
 .data          0x000000000001e000        0x8 C:\Users\olusa\OneDrive\Documents\GitHub\BlockyOS\compile\toolchain\build\gnu-efi-4.0.4\x86_64\/lib/crt0-efi-x86_64.o
 .data          0x000000000001e008        0x0 C:\Users\olusa\OneDrive\Documents\GitHub\BlockyOS\compile\toolchain\build\gnu-efi-4.0.4\x86_64\/lib/reloc_x86_64.o
 .data          0x000000000001e008        0x0 C:\Users\olusa\OneDrive\Documents\GitHub\BlockyOS\Build\Build-2026-05-06-46\objs\UEFI.c.frat.o
 .data          0x000000000001e008        0x0 C:\Users\olusa\OneDrive\Documents\GitHub\BlockyOS\Build\Build-2026-05-06-46\objs\UEFI.c.raw.o
 .data          0x000000000001e008        0x0 C:\Users\olusa\OneDrive\Documents\GitHub\BlockyOS\Build\Build-2026-05-06-46\objs\UEFI.c.blake2b-ref.o
 .data.rel.ro   0x000000000001e008        0x8 C:\Users\olusa\OneDrive\Documents\GitHub\BlockyOS\Build\Build-2026-05-06-46\objs\UEFI.c.blake2b-ref.o
 .data          0x000000000001e010        0x0 C:\Users\olusa\OneDrive\Documents\GitHub\BlockyOS\Build\Build-2026-05-06-46\objs\UEFI.c.blake2bp-ref.o
 .data.rel.ro   0x000000000001e010        0x8 C:\Users\olusa\OneDrive\Documents\GitHub\BlockyOS\Build\Build-2026-05-06-46\objs\UEFI.c.blake2bp-ref.o
 .data          0x000000000001e018        0x0 C:\Users\olusa\OneDrive\Documents\GitHub\BlockyOS\Build\Build-2026-05-06-46\objs\UEFI.c.blake2s-ref.o
 .data.rel.ro   0x000000000001e018        0x8 C:\Users\olusa\OneDrive\Documents\GitHub\BlockyOS\Build\Build-2026-05-06-46\objs\UEFI.c.blake2s-ref.o
 .data          0x000000000001e020        0x0 C:\Users\olusa\OneDrive\Documents\GitHub\BlockyOS\Build\Build-2026-05-06-46\objs\UEFI.c.blake2sp-ref.o
 .data.rel.ro   0x000000000001e020        0x8 C:\Users\olusa\OneDrive\Documents\GitHub\BlockyOS\Build\Build-2026-05-06-46\objs\UEFI.c.blake2sp-ref.o
 .data          0x000000000001e028        0x0 C:\Users\olusa\OneDrive\Documents\GitHub\BlockyOS\Build\Build-2026-05-06-46\objs\UEFI.c.blake2xb-ref.o
 .data.rel.ro   0x000000000001e028        0x8 C:\Users\olusa\OneDrive\Documents\GitHub\BlockyOS\Build\Build-2026-05-06-46\objs\UEFI.c.blake2xb-ref.o
 .data          0x000000000001e030        0x0 C:\Users\olusa\OneDrive\Documents\GitHub\BlockyOS\Build\Build-2026-05-06-46\objs\UEFI.c.blake2xs-ref.o
 .data.rel.ro   0x000000000001e030        0x8 C:\Users\olusa\OneDrive\Documents\GitHub\BlockyOS\Build\Build-2026-05-06-46\objs\UEFI.c.blake2xs-ref.o
 .data          0x000000000001e038        0x0 C:\Users\olusa\OneDrive\Documents\GitHub\BlockyOS\Build\Build-2026-05-06-46\objs\UEFI.c.tools.o
 .data          0x000000000001e038        0x0 C:\Users\olusa\OneDrive\Documents\GitHub\BlockyOS\Build\Build-2026-05-06-46\objs\UEFI.c.boot.o
 *fill*         0x000000000001e038        0x8 
 .data          0x000000000001e040      0x4f0 C:\Users\olusa\OneDrive\Documents\GitHub\BlockyOS\compile\toolchain\build\gnu-efi-4.0.4\x86_64\/lib/\libefi.a(data.o)
                0x000000000001e040                ShellDynamicCommandProtocolGuid
                0x000000000001e050                ShellParametersProtocolGuid
                0x000000000001e060                ShellProtocolGuid
                0x000000000001e070                SimpleTextInputExProtocol
                0x000000000001e080                gEfiDebugSupportProtocolGuid
                0x000000000001e090                gEfiDebugImageInfoTableGuid
                0x000000000001e0a0                AbsolutePointerProtocol
                0x000000000001e0b0                SimplePointerProtocol
                0x000000000001e0c0                Tcp4Protocol
                0x000000000001e0d0                Tcp4ServiceBindingProtocol
                0x000000000001e0e0                Udp4Protocol
                0x000000000001e0f0                Udp4ServiceBindingProtocol
                0x000000000001e100                Ip4Protocol
                0x000000000001e110                Ip4ServiceBindingProtocol
                0x000000000001e120                EfiDtbTableGuid
                0x000000000001e130                SalSystemTableGuid
                0x000000000001e140                gEfiSmbios3TableGuid
                0x000000000001e150                gEfiSmbiosTableGuid
                0x000000000001e160                AcpiTableGuid
                0x000000000001e170                MpsTableGuid
                0x000000000001e180                UnknownDevice
                0x000000000001e190                EfiPartTypeLegacyMbrGuid
                0x000000000001e1a0                EfiPartTypeSystemPartitionGuid
                0x000000000001e1b0                gEfiVTUTF8Guid
                0x000000000001e1c0                gEfiVT100PlusGuid
                0x000000000001e1d0                gEfiVT100Guid
                0x000000000001e1e0                gEfiPcAnsiGuid
                0x000000000001e1f0                AdapterDebugProtocol
                0x000000000001e200                gEfiEdidOverrideProtocolGuid
                0x000000000001e210                gEfiEdidActiveProtocolGuid
                0x000000000001e220                gEfiEdidDiscoveredProtocolGuid
                0x000000000001e230                gEfiGraphicsOutputProtocolGuid
                0x000000000001e240                TextInSpliterProtocol
                0x000000000001e250                ErrorOutSpliterProtocol
                0x000000000001e260                TextOutSpliterProtocol
                0x000000000001e270                VgaClassProtocol
                0x000000000001e280                LegacyBootProtocol
                0x000000000001e290                VariableStoreProtocol
                0x000000000001e2a0                InternalShellProtocol
                0x000000000001e2b0                gEfiMpServicesProtocolGuid
                0x000000000001e2c0                gEfiFileSystemVolumeLabelInfoIdGuid
                0x000000000001e2d0                gEfiFileSystemInfoGuid
                0x000000000001e2e0                gEfiFileInfoGuid
                0x000000000001e2f0                gEfiEbcProtocolGuid
                0x000000000001e300                gEfiDriverFamilyOverrideProtocolGuid
                0x000000000001e310                gEfiBusSpecificDriverOverrideProtocolGuid
                0x000000000001e320                gEfiPlatformDriverOverrideProtocolGuid
                0x000000000001e330                gEfiHashProtocolGuid
                0x000000000001e340                gEfiComponentName2ProtocolGuid
                0x000000000001e350                gEfiComponentNameProtocolGuid
                0x000000000001e360                gEfiDriverBindingProtocolGuid
                0x000000000001e370                gEfiPciRootBridgeIoProtocolGuid
                0x000000000001e380                gEfiPciIoProtocolGuid
                0x000000000001e390                gEFiUiInterfaceProtocolGuid
                0x000000000001e3a0                gEfiNetworkInterfaceIdentifierProtocolGuid
                0x000000000001e3b0                gEfiPxeBaseCodeCallbackProtocolGuid
                0x000000000001e3c0                gEfiPxeBaseCodeProtocolGuid
                0x000000000001e3d0                gEfiSimpleNetworkProtocolGuid
                0x000000000001e3e0                gEfiSerialIoProtocolGuid
                0x000000000001e3f0                gEfiUnicodeCollationProtocolGuid
                0x000000000001e400                gEfiDeviceIoProtocolGuid
                0x000000000001e410                gEfiLoadFile2ProtocolGuid
                0x000000000001e420                gEfiLoadFileProtocolGuid
                0x000000000001e430                gEfiLoadedImageDevicePathProtocolGuid
                0x000000000001e440                gEfiSimpleFileSystemProtocolGuid
                0x000000000001e450                gEfiDxeServicesTableGuid
                0x000000000001e460                gEfiDiskIo2ProtocolGuid
                0x000000000001e470                gEfiDiskIoProtocolGuid
                0x000000000001e480                gEfiBlockIo2ProtocolGuid
                0x000000000001e490                gEfiBlockIoProtocolGuid
                0x000000000001e4a0                gEfiSimpleTextOutProtocolGuid
                0x000000000001e4b0                gEfiSimpleTextInProtocolGuid
                0x000000000001e4c0                gEfiLoadedImageProtocolGuid
                0x000000000001e4d0                gEfiDevicePathUtilitiesProtocolGuid
                0x000000000001e4e0                gEfiDevicePathFromTextProtocolGuid
                0x000000000001e4f0                gEfiDevicePathToTextProtocolGuid
                0x000000000001e500                gEfiDevicePathProtocolGuid
                0x000000000001e510                gEfiGlobalVariableGuid
                0x000000000001e520                EndInstanceDevicePath
                0x000000000001e524                EndDevicePath
                0x000000000001e528                RootDevicePath
                0x000000000001e52c                PoolAllocationType
 *fill*         0x000000000001e530       0x10 
 .data.rel.local
                0x000000000001e540       0x58 C:\Users\olusa\OneDrive\Documents\GitHub\BlockyOS\compile\toolchain\build\gnu-efi-4.0.4\x86_64\/lib/\libefi.a(data.o)
                0x000000000001e540                UnicodeInterface
                0x000000000001e560                LibStubUnicodeInterface
 .data          0x000000000001e598        0x0 C:\Users\olusa\OneDrive\Documents\GitHub\BlockyOS\compile\toolchain\build\gnu-efi-4.0.4\x86_64\/lib/\libefi.a(entry.o)
 .data          0x000000000001e598        0x0 C:\Users\olusa\OneDrive\Documents\GitHub\BlockyOS\compile\toolchain\build\gnu-efi-4.0.4\x86_64\/lib/\libefi.a(init.o)
 .data          0x000000000001e598        0x0 C:\Users\olusa\OneDrive\Documents\GitHub\BlockyOS\compile\toolchain\build\gnu-efi-4.0.4\x86_64\/lib/\libefi.a(misc.o)
 .data          0x000000000001e598        0x0 C:\Users\olusa\OneDrive\Documents\GitHub\BlockyOS\compile\toolchain\build\gnu-efi-4.0.4\x86_64\/lib/\libefi.a(str.o)
 .data          0x000000000001e598        0x0 C:\Users\olusa\OneDrive\Documents\GitHub\BlockyOS\compile\toolchain\build\gnu-efi-4.0.4\x86_64\/lib/\libefi.a(efirtlib.o)
 .data          0x000000000001e598        0x0 C:\Users\olusa\OneDrive\Documents\GitHub\BlockyOS\compile\toolchain\build\gnu-efi-4.0.4\x86_64\/lib/\libefi.a(rtstr.o)
 .data          0x000000000001e598        0x8 C:\Users\olusa\OneDrive\Documents\GitHub\BlockyOS\compile\toolchain\build\gnu-efi-4.0.4\x86_64\/lib/\libefi.a(rtdata.o)
                0x000000000001e598                EFIDebug
 .data          0x000000000001e5a0        0x0 C:\Users\olusa\OneDrive\Documents\GitHub\BlockyOS\compile\toolchain\build\gnu-efi-4.0.4\x86_64\/lib/\libefi.a(initplat.o)
 .data          0x000000000001e5a0        0x0 C:\Users\olusa\OneDrive\Documents\GitHub\BlockyOS\compile\toolchain\build\gnu-efi-4.0.4\x86_64\/lib/\libefi.a(print.o)
 .data          0x000000000001e5a0        0x0 C:\Users\olusa\OneDrive\Documents\GitHub\BlockyOS\compile\toolchain\build\gnu-efi-4.0.4\x86_64\/lib/\libefi.a(va_print.o)
 .data          0x000000000001e5a0        0x0 C:\Users\olusa\OneDrive\Documents\GitHub\BlockyOS\compile\toolchain\build\gnu-efi-4.0.4\x86_64\/lib/\libefi.a(console.o)
 .data          0x000000000001e5a0        0x0 C:\Users\olusa\OneDrive\Documents\GitHub\BlockyOS\compile\toolchain\build\gnu-efi-4.0.4\x86_64\/lib/\libefi.a(dpath.o)
 .data.rel.local
                0x000000000001e5a0      0x1c0 C:\Users\olusa\OneDrive\Documents\GitHub\BlockyOS\compile\toolchain\build\gnu-efi-4.0.4\x86_64\/lib/\libefi.a(dpath.o)
                0x000000000001e5a0                DevPathTable
 .data          0x000000000001e760        0x0 C:\Users\olusa\OneDrive\Documents\GitHub\BlockyOS\compile\toolchain\build\gnu-efi-4.0.4\x86_64\/lib/\libefi.a(error.o)
 .data.rel.local
                0x000000000001e760      0x2a0 C:\Users\olusa\OneDrive\Documents\GitHub\BlockyOS\compile\toolchain\build\gnu-efi-4.0.4\x86_64\/lib/\libefi.a(error.o)
                0x000000000001e760                ErrorCodeTable
 .data          0x000000000001ea00        0x0 C:\Users\olusa\OneDrive\Documents\GitHub\BlockyOS\compile\toolchain\build\gnu-efi-4.0.4\x86_64\/lib/\libefi.a(event.o)
 .data          0x000000000001ea00       0x50 C:\Users\olusa\OneDrive\Documents\GitHub\BlockyOS\compile\toolchain\build\gnu-efi-4.0.4\x86_64\/lib/\libefi.a(guid.o)
 *fill*         0x000000000001ea50       0x10 
 .data.rel.ro.local
                0x000000000001ea60      0x2c0 C:\Users\olusa\OneDrive\Documents\GitHub\BlockyOS\compile\toolchain\build\gnu-efi-4.0.4\x86_64\/lib/\libefi.a(guid.o)
 .data          0x000000000001ed20        0x0 C:\Users\olusa\OneDrive\Documents\GitHub\BlockyOS\compile\toolchain\build\gnu-efi-4.0.4\x86_64\/lib/\libefi.a(hand.o)
 .data          0x000000000001ed20        0x0 C:\Users\olusa\OneDrive\Documents\GitHub\BlockyOS\compile\toolchain\build\gnu-efi-4.0.4\x86_64\/lib/\libefi.a(math.o)
 *(.sdata)
                0x000000000001ed20                . = ALIGN (0x10)
                0x000000000001ed20                __init_array_start = .
 *(SORT_BY_NAME(.init_array.*))
 *(.init_array)
                0x000000000001ed20                __init_array_end = .
                0x000000000001ed20                . = ALIGN (0x10)
                0x000000000001ed20                __CTOR_LIST__ = .
 *(SORT_BY_NAME(.ctors.*))
 *(.ctors)
                0x000000000001ed20                __CTOR_END__ = .
                0x000000000001ed20                . = ALIGN (0x10)
                0x000000000001ed20                __DTOR_LIST__ = .
 *(SORT_BY_NAME(.dtors.*))
 *(.dtors)
                0x000000000001ed20                __DTOR_END__ = .
                0x000000000001ed20                . = ALIGN (0x10)
                0x000000000001ed20                __fini_array_start = .
 *(SORT_BY_NAME(.fini_array.*))
 *(.fini_array)
                0x000000000001ed20                __fini_array_end = .
 *(.sbss)
 *(.scommon)
 *(.dynbss)
 *(.bss*)
 .bss           0x000000000001ed20        0x0 C:\Users\olusa\OneDrive\Documents\GitHub\BlockyOS\compile\toolchain\build\gnu-efi-4.0.4\x86_64\/lib/crt0-efi-x86_64.o
 .bss           0x000000000001ed20        0x0 C:\Users\olusa\OneDrive\Documents\GitHub\BlockyOS\compile\toolchain\build\gnu-efi-4.0.4\x86_64\/lib/reloc_x86_64.o
 .bss           0x000000000001ed20        0x0 C:\Users\olusa\OneDrive\Documents\GitHub\BlockyOS\Build\Build-2026-05-06-46\objs\UEFI.c.frat.o
 .bss           0x000000000001ed20        0x0 C:\Users\olusa\OneDrive\Documents\GitHub\BlockyOS\Build\Build-2026-05-06-46\objs\UEFI.c.raw.o
 .bss           0x000000000001ed20        0x0 C:\Users\olusa\OneDrive\Documents\GitHub\BlockyOS\Build\Build-2026-05-06-46\objs\UEFI.c.blake2b-ref.o
 .bss           0x000000000001ed20        0x0 C:\Users\olusa\OneDrive\Documents\GitHub\BlockyOS\Build\Build-2026-05-06-46\objs\UEFI.c.blake2bp-ref.o
 .bss           0x000000000001ed20        0x0 C:\Users\olusa\OneDrive\Documents\GitHub\BlockyOS\Build\Build-2026-05-06-46\objs\UEFI.c.blake2s-ref.o
 .bss           0x000000000001ed20        0x0 C:\Users\olusa\OneDrive\Documents\GitHub\BlockyOS\Build\Build-2026-05-06-46\objs\UEFI.c.blake2sp-ref.o
 .bss           0x000000000001ed20        0x0 C:\Users\olusa\OneDrive\Documents\GitHub\BlockyOS\Build\Build-2026-05-06-46\objs\UEFI.c.blake2xb-ref.o
 .bss           0x000000000001ed20        0x0 C:\Users\olusa\OneDrive\Documents\GitHub\BlockyOS\Build\Build-2026-05-06-46\objs\UEFI.c.blake2xs-ref.o
 .bss           0x000000000001ed20        0x0 C:\Users\olusa\OneDrive\Documents\GitHub\BlockyOS\Build\Build-2026-05-06-46\objs\UEFI.c.tools.o
 .bss           0x000000000001ed20        0x0 C:\Users\olusa\OneDrive\Documents\GitHub\BlockyOS\Build\Build-2026-05-06-46\objs\UEFI.c.boot.o
 .bss           0x000000000001ed20       0x29 C:\Users\olusa\OneDrive\Documents\GitHub\BlockyOS\compile\toolchain\build\gnu-efi-4.0.4\x86_64\/lib/\libefi.a(data.o)
                0x000000000001ed20                gZeroGuid
                0x000000000001ed30                BS
                0x000000000001ed38                ST
                0x000000000001ed40                LibImageHandle
                0x000000000001ed48                LibInitialized
 .bss           0x000000000001ed49        0x0 C:\Users\olusa\OneDrive\Documents\GitHub\BlockyOS\compile\toolchain\build\gnu-efi-4.0.4\x86_64\/lib/\libefi.a(entry.o)
 .bss           0x000000000001ed49        0x0 C:\Users\olusa\OneDrive\Documents\GitHub\BlockyOS\compile\toolchain\build\gnu-efi-4.0.4\x86_64\/lib/\libefi.a(init.o)
 .bss           0x000000000001ed49        0x0 C:\Users\olusa\OneDrive\Documents\GitHub\BlockyOS\compile\toolchain\build\gnu-efi-4.0.4\x86_64\/lib/\libefi.a(misc.o)
 .bss           0x000000000001ed49        0x0 C:\Users\olusa\OneDrive\Documents\GitHub\BlockyOS\compile\toolchain\build\gnu-efi-4.0.4\x86_64\/lib/\libefi.a(str.o)
 .bss           0x000000000001ed49        0x0 C:\Users\olusa\OneDrive\Documents\GitHub\BlockyOS\compile\toolchain\build\gnu-efi-4.0.4\x86_64\/lib/\libefi.a(efirtlib.o)
 .bss           0x000000000001ed49        0x0 C:\Users\olusa\OneDrive\Documents\GitHub\BlockyOS\compile\toolchain\build\gnu-efi-4.0.4\x86_64\/lib/\libefi.a(rtstr.o)
 *fill*         0x000000000001ed49        0x7 
 .bss           0x000000000001ed50       0x28 C:\Users\olusa\OneDrive\Documents\GitHub\BlockyOS\compile\toolchain\build\gnu-efi-4.0.4\x86_64\/lib/\libefi.a(rtdata.o)
                0x000000000001ed50                LibRuntimeRestoreTPL
                0x000000000001ed58                LibRuntimeRaiseTPL
                0x000000000001ed60                LibRuntimeDebugOut
                0x000000000001ed68                LibFwInstance
                0x000000000001ed70                RT
 .bss           0x000000000001ed78        0x0 C:\Users\olusa\OneDrive\Documents\GitHub\BlockyOS\compile\toolchain\build\gnu-efi-4.0.4\x86_64\/lib/\libefi.a(initplat.o)
 .bss           0x000000000001ed78        0x0 C:\Users\olusa\OneDrive\Documents\GitHub\BlockyOS\compile\toolchain\build\gnu-efi-4.0.4\x86_64\/lib/\libefi.a(print.o)
 .bss           0x000000000001ed78        0x0 C:\Users\olusa\OneDrive\Documents\GitHub\BlockyOS\compile\toolchain\build\gnu-efi-4.0.4\x86_64\/lib/\libefi.a(va_print.o)
 .bss           0x000000000001ed78        0x0 C:\Users\olusa\OneDrive\Documents\GitHub\BlockyOS\compile\toolchain\build\gnu-efi-4.0.4\x86_64\/lib/\libefi.a(console.o)
 .bss           0x000000000001ed78        0x0 C:\Users\olusa\OneDrive\Documents\GitHub\BlockyOS\compile\toolchain\build\gnu-efi-4.0.4\x86_64\/lib/\libefi.a(dpath.o)
 .bss           0x000000000001ed78        0x0 C:\Users\olusa\OneDrive\Documents\GitHub\BlockyOS\compile\toolchain\build\gnu-efi-4.0.4\x86_64\/lib/\libefi.a(error.o)
 .bss           0x000000000001ed78        0x0 C:\Users\olusa\OneDrive\Documents\GitHub\BlockyOS\compile\toolchain\build\gnu-efi-4.0.4\x86_64\/lib/\libefi.a(event.o)
 *fill*         0x000000000001ed78        0x8 
 .bss           0x000000000001ed80       0x10 C:\Users\olusa\OneDrive\Documents\GitHub\BlockyOS\compile\toolchain\build\gnu-efi-4.0.4\x86_64\/lib/\libefi.a(guid.o)
                0x000000000001ed80                GuidList
 .bss           0x000000000001ed90        0x0 C:\Users\olusa\OneDrive\Documents\GitHub\BlockyOS\compile\toolchain\build\gnu-efi-4.0.4\x86_64\/lib/\libefi.a(hand.o)
 .bss           0x000000000001ed90        0x0 C:\Users\olusa\OneDrive\Documents\GitHub\BlockyOS\compile\toolchain\build\gnu-efi-4.0.4\x86_64\/lib/\libefi.a(math.o)
 *(COMMON)
 *(.rel.local)

.igot.plt       0x000000000001ed90        0x0
 .igot.plt      0x000000000001ed90        0x0 C:\Users\olusa\OneDrive\Documents\GitHub\BlockyOS\compile\toolchain\build\gnu-efi-4.0.4\x86_64\/lib/crt0-efi-x86_64.o

.note.gnu.build-id
 *(.note.gnu.build-id)
                0x000000000001ed90                _edata = .
                0x0000000000001040                _data_size = (_edata - _etext)
                0x000000000001f000                . = ALIGN (0x1000)

.reloc          0x000000000001f000        0xc
 *(.reloc)
 .reloc         0x000000000001f000        0xc C:\Users\olusa\OneDrive\Documents\GitHub\BlockyOS\compile\toolchain\build\gnu-efi-4.0.4\x86_64\/lib/crt0-efi-x86_64.o
                0x0000000000020000                . = ALIGN (0x1000)
                0x0000000000020000                _DYNAMIC = .

.dynamic
 *(.dynamic)
                0x0000000000020000                . = ALIGN (0x1000)

.rela           0x0000000000020000        0x0
 *(.rela.text*)
 .rela.text     0x0000000000020000        0x0 C:\Users\olusa\OneDrive\Documents\GitHub\BlockyOS\compile\toolchain\build\gnu-efi-4.0.4\x86_64\/lib/crt0-efi-x86_64.o
 *(.rela.data*)
 *(.rela.got)
 .rela.got      0x0000000000020000        0x0 C:\Users\olusa\OneDrive\Documents\GitHub\BlockyOS\compile\toolchain\build\gnu-efi-4.0.4\x86_64\/lib/crt0-efi-x86_64.o
 *(.rela.dyn)
 *(.rela.stab)
 *(.rela.init_array*)
 *(.rela.fini_array*)
 *(.rela.ctors*)
 *(.rela.dtors*)
                0x0000000000020000                . = ALIGN (0x1000)

.rela.plt
 *(.rela.plt)
                0x0000000000020000                . = ALIGN (0x1000)

.rodata         0x0000000000020000     0x2070
 *(.rodata*)
 .rodata        0x0000000000020000      0x90c C:\Users\olusa\OneDrive\Documents\GitHub\BlockyOS\Build\Build-2026-05-06-46\objs\UEFI.c.frat.o
 *fill*         0x000000000002090c        0x4 
 .rodata        0x0000000000020910      0x174 C:\Users\olusa\OneDrive\Documents\GitHub\BlockyOS\Build\Build-2026-05-06-46\objs\UEFI.c.raw.o
 *fill*         0x0000000000020a84       0x1c 
 .rodata        0x0000000000020aa0      0x100 C:\Users\olusa\OneDrive\Documents\GitHub\BlockyOS\Build\Build-2026-05-06-46\objs\UEFI.c.blake2b-ref.o
 .rodata        0x0000000000020ba0       0xc0 C:\Users\olusa\OneDrive\Documents\GitHub\BlockyOS\Build\Build-2026-05-06-46\objs\UEFI.c.blake2s-ref.o
 .rodata        0x0000000000020c60       0xa2 C:\Users\olusa\OneDrive\Documents\GitHub\BlockyOS\Build\Build-2026-05-06-46\objs\UEFI.c.tools.o
 *fill*         0x0000000000020d02        0x6 
 .rodata        0x0000000000020d08      0x120 C:\Users\olusa\OneDrive\Documents\GitHub\BlockyOS\Build\Build-2026-05-06-46\objs\UEFI.c.boot.o
 .rodata        0x0000000000020e28       0x1c C:\Users\olusa\OneDrive\Documents\GitHub\BlockyOS\compile\toolchain\build\gnu-efi-4.0.4\x86_64\/lib/\libefi.a(init.o)
 .rodata        0x0000000000020e44       0x14 C:\Users\olusa\OneDrive\Documents\GitHub\BlockyOS\compile\toolchain\build\gnu-efi-4.0.4\x86_64\/lib/\libefi.a(misc.o)
 *fill*         0x0000000000020e58        0x8 
 .rodata        0x0000000000020e60      0x250 C:\Users\olusa\OneDrive\Documents\GitHub\BlockyOS\compile\toolchain\build\gnu-efi-4.0.4\x86_64\/lib/\libefi.a(print.o)
 .rodata        0x00000000000210b0      0x180 C:\Users\olusa\OneDrive\Documents\GitHub\BlockyOS\compile\toolchain\build\gnu-efi-4.0.4\x86_64\/lib/\libefi.a(va_print.o)
 .rodata        0x0000000000021230        0x8 C:\Users\olusa\OneDrive\Documents\GitHub\BlockyOS\compile\toolchain\build\gnu-efi-4.0.4\x86_64\/lib/\libefi.a(console.o)
 .rodata        0x0000000000021238      0x628 C:\Users\olusa\OneDrive\Documents\GitHub\BlockyOS\compile\toolchain\build\gnu-efi-4.0.4\x86_64\/lib/\libefi.a(dpath.o)
 .rodata        0x0000000000021860      0x516 C:\Users\olusa\OneDrive\Documents\GitHub\BlockyOS\compile\toolchain\build\gnu-efi-4.0.4\x86_64\/lib/\libefi.a(error.o)
 *fill*         0x0000000000021d76        0x2 
 .rodata        0x0000000000021d78      0x2f8 C:\Users\olusa\OneDrive\Documents\GitHub\BlockyOS\compile\toolchain\build\gnu-efi-4.0.4\x86_64\/lib/\libefi.a(guid.o)
                0x0000000000023000                . = ALIGN (0x1000)

.dynsym
 *(.dynsym)
                0x0000000000023000                . = ALIGN (0x1000)

.dynstr
 *(.dynstr)
                0x0000000000023000                . = ALIGN (0x1000)

.ignored.reloc  0x0000000000023000        0x0
 *(.rela.reloc)
 *(.note.GNU-stack)
 .note.GNU-stack
                0x0000000000023000        0x0 C:\Users\olusa\OneDrive\Documents\GitHub\BlockyOS\compile\toolchain\build\gnu-efi-4.0.4\x86_64\/lib/crt0-efi-x86_64.o
 .note.GNU-stack
                0x0000000000023000        0x0 C:\Users\olusa\OneDrive\Documents\GitHub\BlockyOS\compile\toolchain\build\gnu-efi-4.0.4\x86_64\/lib/reloc_x86_64.o
 .note.GNU-stack
                0x0000000000023000        0x0 C:\Users\olusa\OneDrive\Documents\GitHub\BlockyOS\compile\toolchain\build\gnu-efi-4.0.4\x86_64\/lib/\libefi.a(data.o)
 .note.GNU-stack
                0x0000000000023000        0x0 C:\Users\olusa\OneDrive\Documents\GitHub\BlockyOS\compile\toolchain\build\gnu-efi-4.0.4\x86_64\/lib/\libefi.a(entry.o)
 .note.GNU-stack
                0x0000000000023000        0x0 C:\Users\olusa\OneDrive\Documents\GitHub\BlockyOS\compile\toolchain\build\gnu-efi-4.0.4\x86_64\/lib/\libefi.a(init.o)
 .note.GNU-stack
                0x0000000000023000        0x0 C:\Users\olusa\OneDrive\Documents\GitHub\BlockyOS\compile\toolchain\build\gnu-efi-4.0.4\x86_64\/lib/\libefi.a(misc.o)
 .note.GNU-stack
                0x0000000000023000        0x0 C:\Users\olusa\OneDrive\Documents\GitHub\BlockyOS\compile\toolchain\build\gnu-efi-4.0.4\x86_64\/lib/\libefi.a(str.o)
 .note.GNU-stack
                0x0000000000023000        0x0 C:\Users\olusa\OneDrive\Documents\GitHub\BlockyOS\compile\toolchain\build\gnu-efi-4.0.4\x86_64\/lib/\libefi.a(efirtlib.o)
 .note.GNU-stack
                0x0000000000023000        0x0 C:\Users\olusa\OneDrive\Documents\GitHub\BlockyOS\compile\toolchain\build\gnu-efi-4.0.4\x86_64\/lib/\libefi.a(rtstr.o)
 .note.GNU-stack
                0x0000000000023000        0x0 C:\Users\olusa\OneDrive\Documents\GitHub\BlockyOS\compile\toolchain\build\gnu-efi-4.0.4\x86_64\/lib/\libefi.a(rtdata.o)
 .note.GNU-stack
                0x0000000000023000        0x0 C:\Users\olusa\OneDrive\Documents\GitHub\BlockyOS\compile\toolchain\build\gnu-efi-4.0.4\x86_64\/lib/\libefi.a(initplat.o)
 .note.GNU-stack
                0x0000000000023000        0x0 C:\Users\olusa\OneDrive\Documents\GitHub\BlockyOS\compile\toolchain\build\gnu-efi-4.0.4\x86_64\/lib/\libefi.a(print.o)
 .note.GNU-stack
                0x0000000000023000        0x0 C:\Users\olusa\OneDrive\Documents\GitHub\BlockyOS\compile\toolchain\build\gnu-efi-4.0.4\x86_64\/lib/\libefi.a(va_print.o)
 .note.GNU-stack
                0x0000000000023000        0x0 C:\Users\olusa\OneDrive\Documents\GitHub\BlockyOS\compile\toolchain\build\gnu-efi-4.0.4\x86_64\/lib/\libefi.a(console.o)
 .note.GNU-stack
                0x0000000000023000        0x0 C:\Users\olusa\OneDrive\Documents\GitHub\BlockyOS\compile\toolchain\build\gnu-efi-4.0.4\x86_64\/lib/\libefi.a(dpath.o)
 .note.GNU-stack
                0x0000000000023000        0x0 C:\Users\olusa\OneDrive\Documents\GitHub\BlockyOS\compile\toolchain\build\gnu-efi-4.0.4\x86_64\/lib/\libefi.a(error.o)
 .note.GNU-stack
                0x0000000000023000        0x0 C:\Users\olusa\OneDrive\Documents\GitHub\BlockyOS\compile\toolchain\build\gnu-efi-4.0.4\x86_64\/lib/\libefi.a(event.o)
 .note.GNU-stack
                0x0000000000023000        0x0 C:\Users\olusa\OneDrive\Documents\GitHub\BlockyOS\compile\toolchain\build\gnu-efi-4.0.4\x86_64\/lib/\libefi.a(guid.o)
 .note.GNU-stack
                0x0000000000023000        0x0 C:\Users\olusa\OneDrive\Documents\GitHub\BlockyOS\compile\toolchain\build\gnu-efi-4.0.4\x86_64\/lib/\libefi.a(hand.o)
 .note.GNU-stack
                0x0000000000023000        0x0 C:\Users\olusa\OneDrive\Documents\GitHub\BlockyOS\compile\toolchain\build\gnu-efi-4.0.4\x86_64\/lib/\libefi.a(math.o)

.comment        0x0000000000000000       0x31
 *(.comment)
 .comment       0x0000000000000000       0x31 C:\Users\olusa\OneDrive\Documents\GitHub\BlockyOS\compile\toolchain\build\gnu-efi-4.0.4\x86_64\/lib/reloc_x86_64.o
                                         0x20 (size before relaxing)
 .comment       0x0000000000000031        0x0 C:\Users\olusa\OneDrive\Documents\GitHub\BlockyOS\Build\Build-2026-05-06-46\objs\UEFI.c.frat.o
                                         0x13 (size before relaxing)
 .comment       0x0000000000000031        0x0 C:\Users\olusa\OneDrive\Documents\GitHub\BlockyOS\Build\Build-2026-05-06-46\objs\UEFI.c.raw.o
                                         0x13 (size before relaxing)
 .comment       0x0000000000000031        0x0 C:\Users\olusa\OneDrive\Documents\GitHub\BlockyOS\Build\Build-2026-05-06-46\objs\UEFI.c.blake2b-ref.o
                                         0x13 (size before relaxing)
 .comment       0x0000000000000031        0x0 C:\Users\olusa\OneDrive\Documents\GitHub\BlockyOS\Build\Build-2026-05-06-46\objs\UEFI.c.blake2bp-ref.o
                                         0x13 (size before relaxing)
 .comment       0x0000000000000031        0x0 C:\Users\olusa\OneDrive\Documents\GitHub\BlockyOS\Build\Build-2026-05-06-46\objs\UEFI.c.blake2s-ref.o
                                         0x13 (size before relaxing)
 .comment       0x0000000000000031        0x0 C:\Users\olusa\OneDrive\Documents\GitHub\BlockyOS\Build\Build-2026-05-06-46\objs\UEFI.c.blake2sp-ref.o
                                         0x13 (size before relaxing)
 .comment       0x0000000000000031        0x0 C:\Users\olusa\OneDrive\Documents\GitHub\BlockyOS\Build\Build-2026-05-06-46\objs\UEFI.c.blake2xb-ref.o
                                         0x13 (size before relaxing)
 .comment       0x0000000000000031        0x0 C:\Users\olusa\OneDrive\Documents\GitHub\BlockyOS\Build\Build-2026-05-06-46\objs\UEFI.c.blake2xs-ref.o
                                         0x13 (size before relaxing)
 .comment       0x0000000000000031        0x0 C:\Users\olusa\OneDrive\Documents\GitHub\BlockyOS\Build\Build-2026-05-06-46\objs\UEFI.c.tools.o
                                         0x13 (size before relaxing)
 .comment       0x0000000000000031        0x0 C:\Users\olusa\OneDrive\Documents\GitHub\BlockyOS\Build\Build-2026-05-06-46\objs\UEFI.c.boot.o
                                         0x13 (size before relaxing)
 .comment       0x0000000000000031        0x0 C:\Users\olusa\OneDrive\Documents\GitHub\BlockyOS\compile\toolchain\build\gnu-efi-4.0.4\x86_64\/lib/\libefi.a(data.o)
                                         0x20 (size before relaxing)
 .comment       0x0000000000000031        0x0 C:\Users\olusa\OneDrive\Documents\GitHub\BlockyOS\compile\toolchain\build\gnu-efi-4.0.4\x86_64\/lib/\libefi.a(entry.o)
                                         0x20 (size before relaxing)
 .comment       0x0000000000000031        0x0 C:\Users\olusa\OneDrive\Documents\GitHub\BlockyOS\compile\toolchain\build\gnu-efi-4.0.4\x86_64\/lib/\libefi.a(init.o)
                                         0x20 (size before relaxing)
 .comment       0x0000000000000031        0x0 C:\Users\olusa\OneDrive\Documents\GitHub\BlockyOS\compile\toolchain\build\gnu-efi-4.0.4\x86_64\/lib/\libefi.a(misc.o)
                                         0x20 (size before relaxing)
 .comment       0x0000000000000031        0x0 C:\Users\olusa\OneDrive\Documents\GitHub\BlockyOS\compile\toolchain\build\gnu-efi-4.0.4\x86_64\/lib/\libefi.a(str.o)
                                         0x20 (size before relaxing)
 .comment       0x0000000000000031        0x0 C:\Users\olusa\OneDrive\Documents\GitHub\BlockyOS\compile\toolchain\build\gnu-efi-4.0.4\x86_64\/lib/\libefi.a(efirtlib.o)
                                         0x20 (size before relaxing)
 .comment       0x0000000000000031        0x0 C:\Users\olusa\OneDrive\Documents\GitHub\BlockyOS\compile\toolchain\build\gnu-efi-4.0.4\x86_64\/lib/\libefi.a(rtstr.o)
                                         0x20 (size before relaxing)
 .comment       0x0000000000000031        0x0 C:\Users\olusa\OneDrive\Documents\GitHub\BlockyOS\compile\toolchain\build\gnu-efi-4.0.4\x86_64\/lib/\libefi.a(rtdata.o)
                                         0x20 (size before relaxing)
 .comment       0x0000000000000031        0x0 C:\Users\olusa\OneDrive\Documents\GitHub\BlockyOS\compile\toolchain\build\gnu-efi-4.0.4\x86_64\/lib/\libefi.a(initplat.o)
                                         0x20 (size before relaxing)
 .comment       0x0000000000000031        0x0 C:\Users\olusa\OneDrive\Documents\GitHub\BlockyOS\compile\toolchain\build\gnu-efi-4.0.4\x86_64\/lib/\libefi.a(print.o)
                                         0x20 (size before relaxing)
 .comment       0x0000000000000031        0x0 C:\Users\olusa\OneDrive\Documents\GitHub\BlockyOS\compile\toolchain\build\gnu-efi-4.0.4\x86_64\/lib/\libefi.a(va_print.o)
                                         0x20 (size before relaxing)
 .comment       0x0000000000000031        0x0 C:\Users\olusa\OneDrive\Documents\GitHub\BlockyOS\compile\toolchain\build\gnu-efi-4.0.4\x86_64\/lib/\libefi.a(console.o)
                                         0x20 (size before relaxing)
 .comment       0x0000000000000031        0x0 C:\Users\olusa\OneDrive\Documents\GitHub\BlockyOS\compile\toolchain\build\gnu-efi-4.0.4\x86_64\/lib/\libefi.a(dpath.o)
                                         0x20 (size before relaxing)
 .comment       0x0000000000000031        0x0 C:\Users\olusa\OneDrive\Documents\GitHub\BlockyOS\compile\toolchain\build\gnu-efi-4.0.4\x86_64\/lib/\libefi.a(error.o)
                                         0x20 (size before relaxing)
 .comment       0x0000000000000031        0x0 C:\Users\olusa\OneDrive\Documents\GitHub\BlockyOS\compile\toolchain\build\gnu-efi-4.0.4\x86_64\/lib/\libefi.a(event.o)
                                         0x20 (size before relaxing)
 .comment       0x0000000000000031        0x0 C:\Users\olusa\OneDrive\Documents\GitHub\BlockyOS\compile\toolchain\build\gnu-efi-4.0.4\x86_64\/lib/\libefi.a(guid.o)
                                         0x20 (size before relaxing)
 .comment       0x0000000000000031        0x0 C:\Users\olusa\OneDrive\Documents\GitHub\BlockyOS\compile\toolchain\build\gnu-efi-4.0.4\x86_64\/lib/\libefi.a(hand.o)
                                         0x20 (size before relaxing)
 .comment       0x0000000000000031        0x0 C:\Users\olusa\OneDrive\Documents\GitHub\BlockyOS\compile\toolchain\build\gnu-efi-4.0.4\x86_64\/lib/\libefi.a(math.o)
                                         0x20 (size before relaxing)
LOAD C:\Users\olusa\OneDrive\Documents\GitHub\BlockyOS\compile\toolchain\build\gnu-efi-4.0.4\x86_64\/lib/crt0-efi-x86_64.o
LOAD C:\Users\olusa\OneDrive\Documents\GitHub\BlockyOS\compile\toolchain\build\gnu-efi-4.0.4\x86_64\/lib/reloc_x86_64.o
LOAD C:\Users\olusa\OneDrive\Documents\GitHub\BlockyOS\Build\Build-2026-05-06-46\objs\UEFI.c.frat.o
LOAD C:\Users\olusa\OneDrive\Documents\GitHub\BlockyOS\Build\Build-2026-05-06-46\objs\UEFI.c.raw.o
LOAD C:\Users\olusa\OneDrive\Documents\GitHub\BlockyOS\Build\Build-2026-05-06-46\objs\UEFI.c.blake2b-ref.o
LOAD C:\Users\olusa\OneDrive\Documents\GitHub\BlockyOS\Build\Build-2026-05-06-46\objs\UEFI.c.blake2bp-ref.o
LOAD C:\Users\olusa\OneDrive\Documents\GitHub\BlockyOS\Build\Build-2026-05-06-46\objs\UEFI.c.blake2s-ref.o
LOAD C:\Users\olusa\OneDrive\Documents\GitHub\BlockyOS\Build\Build-2026-05-06-46\objs\UEFI.c.blake2sp-ref.o
LOAD C:\Users\olusa\OneDrive\Documents\GitHub\BlockyOS\Build\Build-2026-05-06-46\objs\UEFI.c.blake2xb-ref.o
LOAD C:\Users\olusa\OneDrive\Documents\GitHub\BlockyOS\Build\Build-2026-05-06-46\objs\UEFI.c.blake2xs-ref.o
LOAD C:\Users\olusa\OneDrive\Documents\GitHub\BlockyOS\Build\Build-2026-05-06-46\objs\UEFI.c.tools.o
LOAD C:\Users\olusa\OneDrive\Documents\GitHub\BlockyOS\Build\Build-2026-05-06-46\objs\UEFI.c.boot.o
LOAD C:\Users\olusa\OneDrive\Documents\GitHub\BlockyOS\compile\toolchain\build\gnu-efi-4.0.4\x86_64\/lib/\libefi.a
LOAD C:\Users\olusa\OneDrive\Documents\GitHub\BlockyOS\compile\toolchain\build\gnu-efi-4.0.4\x86_64\/lib/\libgnuefi.a
OUTPUT(C:\Users\olusa\OneDrive\Documents\GitHub\BlockyOS\Build\Build-2026-05-06-46\objs\blob.so elf64-x86-64)

.debug_line     0x0000000000000000     0x61e2
 .debug_line    0x0000000000000000       0x5b C:\Users\olusa\OneDrive\Documents\GitHub\BlockyOS\compile\toolchain\build\gnu-efi-4.0.4\x86_64\/lib/crt0-efi-x86_64.o
 .debug_line    0x000000000000005b      0x178 C:\Users\olusa\OneDrive\Documents\GitHub\BlockyOS\compile\toolchain\build\gnu-efi-4.0.4\x86_64\/lib/reloc_x86_64.o
 .debug_line    0x00000000000001d3       0x73 C:\Users\olusa\OneDrive\Documents\GitHub\BlockyOS\compile\toolchain\build\gnu-efi-4.0.4\x86_64\/lib/\libefi.a(data.o)
 .debug_line    0x0000000000000246      0x1dc C:\Users\olusa\OneDrive\Documents\GitHub\BlockyOS\compile\toolchain\build\gnu-efi-4.0.4\x86_64\/lib/\libefi.a(entry.o)
 .debug_line    0x0000000000000422      0x2d2 C:\Users\olusa\OneDrive\Documents\GitHub\BlockyOS\compile\toolchain\build\gnu-efi-4.0.4\x86_64\/lib/\libefi.a(init.o)
 .debug_line    0x00000000000006f4      0x9f9 C:\Users\olusa\OneDrive\Documents\GitHub\BlockyOS\compile\toolchain\build\gnu-efi-4.0.4\x86_64\/lib/\libefi.a(misc.o)
 .debug_line    0x00000000000010ed      0x592 C:\Users\olusa\OneDrive\Documents\GitHub\BlockyOS\compile\toolchain\build\gnu-efi-4.0.4\x86_64\/lib/\libefi.a(str.o)
 .debug_line    0x000000000000167f      0x1fb C:\Users\olusa\OneDrive\Documents\GitHub\BlockyOS\compile\toolchain\build\gnu-efi-4.0.4\x86_64\/lib/\libefi.a(efirtlib.o)
 .debug_line    0x000000000000187a      0x447 C:\Users\olusa\OneDrive\Documents\GitHub\BlockyOS\compile\toolchain\build\gnu-efi-4.0.4\x86_64\/lib/\libefi.a(rtstr.o)
 .debug_line    0x0000000000001cc1       0x6e C:\Users\olusa\OneDrive\Documents\GitHub\BlockyOS\compile\toolchain\build\gnu-efi-4.0.4\x86_64\/lib/\libefi.a(rtdata.o)
 .debug_line    0x0000000000001d2f       0x7f C:\Users\olusa\OneDrive\Documents\GitHub\BlockyOS\compile\toolchain\build\gnu-efi-4.0.4\x86_64\/lib/\libefi.a(initplat.o)
 .debug_line    0x0000000000001dae     0x15c6 C:\Users\olusa\OneDrive\Documents\GitHub\BlockyOS\compile\toolchain\build\gnu-efi-4.0.4\x86_64\/lib/\libefi.a(print.o)
 .debug_line    0x0000000000003374      0xf43 C:\Users\olusa\OneDrive\Documents\GitHub\BlockyOS\compile\toolchain\build\gnu-efi-4.0.4\x86_64\/lib/\libefi.a(va_print.o)
 .debug_line    0x00000000000042b7      0x151 C:\Users\olusa\OneDrive\Documents\GitHub\BlockyOS\compile\toolchain\build\gnu-efi-4.0.4\x86_64\/lib/\libefi.a(console.o)
 .debug_line    0x0000000000004408     0x10ca C:\Users\olusa\OneDrive\Documents\GitHub\BlockyOS\compile\toolchain\build\gnu-efi-4.0.4\x86_64\/lib/\libefi.a(dpath.o)
 .debug_line    0x00000000000054d2       0xbf C:\Users\olusa\OneDrive\Documents\GitHub\BlockyOS\compile\toolchain\build\gnu-efi-4.0.4\x86_64\/lib/\libefi.a(error.o)
 .debug_line    0x0000000000005591      0x1c7 C:\Users\olusa\OneDrive\Documents\GitHub\BlockyOS\compile\toolchain\build\gnu-efi-4.0.4\x86_64\/lib/\libefi.a(event.o)
 .debug_line    0x0000000000005758      0x145 C:\Users\olusa\OneDrive\Documents\GitHub\BlockyOS\compile\toolchain\build\gnu-efi-4.0.4\x86_64\/lib/\libefi.a(guid.o)
 .debug_line    0x000000000000589d      0x893 C:\Users\olusa\OneDrive\Documents\GitHub\BlockyOS\compile\toolchain\build\gnu-efi-4.0.4\x86_64\/lib/\libefi.a(hand.o)
 .debug_line    0x0000000000006130       0xb2 C:\Users\olusa\OneDrive\Documents\GitHub\BlockyOS\compile\toolchain\build\gnu-efi-4.0.4\x86_64\/lib/\libefi.a(math.o)

.debug_line_str
                0x0000000000000000      0xbf5
 .debug_line_str
                0x0000000000000000      0xbf5 C:\Users\olusa\OneDrive\Documents\GitHub\BlockyOS\compile\toolchain\build\gnu-efi-4.0.4\x86_64\/lib/crt0-efi-x86_64.o
                                         0xd4 (size before relaxing)
 .debug_line_str
                0x0000000000000bf5        0x0 C:\Users\olusa\OneDrive\Documents\GitHub\BlockyOS\compile\toolchain\build\gnu-efi-4.0.4\x86_64\/lib/reloc_x86_64.o
                                        0x2ee (size before relaxing)
 .debug_line_str
                0x0000000000000bf5        0x0 C:\Users\olusa\OneDrive\Documents\GitHub\BlockyOS\compile\toolchain\build\gnu-efi-4.0.4\x86_64\/lib/\libefi.a(data.o)
                                        0x2c6 (size before relaxing)
 .debug_line_str
                0x0000000000000bf5        0x0 C:\Users\olusa\OneDrive\Documents\GitHub\BlockyOS\compile\toolchain\build\gnu-efi-4.0.4\x86_64\/lib/\libefi.a(entry.o)
                                        0x2cc (size before relaxing)
 .debug_line_str
                0x0000000000000bf5        0x0 C:\Users\olusa\OneDrive\Documents\GitHub\BlockyOS\compile\toolchain\build\gnu-efi-4.0.4\x86_64\/lib/\libefi.a(init.o)
                                        0x2de (size before relaxing)
 .debug_line_str
                0x0000000000000bf5        0x0 C:\Users\olusa\OneDrive\Documents\GitHub\BlockyOS\compile\toolchain\build\gnu-efi-4.0.4\x86_64\/lib/\libefi.a(misc.o)
                                        0x2dd (size before relaxing)
 .debug_line_str
                0x0000000000000bf5        0x0 C:\Users\olusa\OneDrive\Documents\GitHub\BlockyOS\compile\toolchain\build\gnu-efi-4.0.4\x86_64\/lib/\libefi.a(str.o)
                                        0x2b2 (size before relaxing)
 .debug_line_str
                0x0000000000000bf5        0x0 C:\Users\olusa\OneDrive\Documents\GitHub\BlockyOS\compile\toolchain\build\gnu-efi-4.0.4\x86_64\/lib/\libefi.a(efirtlib.o)
                                        0x2b6 (size before relaxing)
 .debug_line_str
                0x0000000000000bf5        0x0 C:\Users\olusa\OneDrive\Documents\GitHub\BlockyOS\compile\toolchain\build\gnu-efi-4.0.4\x86_64\/lib/\libefi.a(rtstr.o)
                                        0x2a6 (size before relaxing)
 .debug_line_str
                0x0000000000000bf5        0x0 C:\Users\olusa\OneDrive\Documents\GitHub\BlockyOS\compile\toolchain\build\gnu-efi-4.0.4\x86_64\/lib/\libefi.a(rtdata.o)
                                        0x2d3 (size before relaxing)
 .debug_line_str
                0x0000000000000bf5        0x0 C:\Users\olusa\OneDrive\Documents\GitHub\BlockyOS\compile\toolchain\build\gnu-efi-4.0.4\x86_64\/lib/\libefi.a(initplat.o)
                                        0x2d1 (size before relaxing)
 .debug_line_str
                0x0000000000000bf5        0x0 C:\Users\olusa\OneDrive\Documents\GitHub\BlockyOS\compile\toolchain\build\gnu-efi-4.0.4\x86_64\/lib/\libefi.a(print.o)
                                        0x361 (size before relaxing)
 .debug_line_str
                0x0000000000000bf5        0x0 C:\Users\olusa\OneDrive\Documents\GitHub\BlockyOS\compile\toolchain\build\gnu-efi-4.0.4\x86_64\/lib/\libefi.a(va_print.o)
                                        0x359 (size before relaxing)
 .debug_line_str
                0x0000000000000bf5        0x0 C:\Users\olusa\OneDrive\Documents\GitHub\BlockyOS\compile\toolchain\build\gnu-efi-4.0.4\x86_64\/lib/\libefi.a(console.o)
                                        0x2c9 (size before relaxing)
 .debug_line_str
                0x0000000000000bf5        0x0 C:\Users\olusa\OneDrive\Documents\GitHub\BlockyOS\compile\toolchain\build\gnu-efi-4.0.4\x86_64\/lib/\libefi.a(dpath.o)
                                        0x2ba (size before relaxing)
 .debug_line_str
                0x0000000000000bf5        0x0 C:\Users\olusa\OneDrive\Documents\GitHub\BlockyOS\compile\toolchain\build\gnu-efi-4.0.4\x86_64\/lib/\libefi.a(error.o)
                                        0x29d (size before relaxing)
 .debug_line_str
                0x0000000000000bf5        0x0 C:\Users\olusa\OneDrive\Documents\GitHub\BlockyOS\compile\toolchain\build\gnu-efi-4.0.4\x86_64\/lib/\libefi.a(event.o)
                                        0x2c3 (size before relaxing)
 .debug_line_str
                0x0000000000000bf5        0x0 C:\Users\olusa\OneDrive\Documents\GitHub\BlockyOS\compile\toolchain\build\gnu-efi-4.0.4\x86_64\/lib/\libefi.a(guid.o)
                                        0x2af (size before relaxing)
 .debug_line_str
                0x0000000000000bf5        0x0 C:\Users\olusa\OneDrive\Documents\GitHub\BlockyOS\compile\toolchain\build\gnu-efi-4.0.4\x86_64\/lib/\libefi.a(hand.o)
                                        0x2ce (size before relaxing)
 .debug_line_str
                0x0000000000000bf5        0x0 C:\Users\olusa\OneDrive\Documents\GitHub\BlockyOS\compile\toolchain\build\gnu-efi-4.0.4\x86_64\/lib/\libefi.a(math.o)
                                        0x23c (size before relaxing)

.debug_info     0x0000000000000000    0x1e187
 .debug_info    0x0000000000000000       0x28 C:\Users\olusa\OneDrive\Documents\GitHub\BlockyOS\compile\toolchain\build\gnu-efi-4.0.4\x86_64\/lib/crt0-efi-x86_64.o
 .debug_info    0x0000000000000028     0x18f6 C:\Users\olusa\OneDrive\Documents\GitHub\BlockyOS\compile\toolchain\build\gnu-efi-4.0.4\x86_64\/lib/reloc_x86_64.o
 .debug_info    0x000000000000191e     0x2329 C:\Users\olusa\OneDrive\Documents\GitHub\BlockyOS\compile\toolchain\build\gnu-efi-4.0.4\x86_64\/lib/\libefi.a(data.o)
 .debug_info    0x0000000000003c47     0x1ad8 C:\Users\olusa\OneDrive\Documents\GitHub\BlockyOS\compile\toolchain\build\gnu-efi-4.0.4\x86_64\/lib/\libefi.a(entry.o)
 .debug_info    0x000000000000571f     0x1f35 C:\Users\olusa\OneDrive\Documents\GitHub\BlockyOS\compile\toolchain\build\gnu-efi-4.0.4\x86_64\/lib/\libefi.a(init.o)
 .debug_info    0x0000000000007654     0x2f7c C:\Users\olusa\OneDrive\Documents\GitHub\BlockyOS\compile\toolchain\build\gnu-efi-4.0.4\x86_64\/lib/\libefi.a(misc.o)
 .debug_info    0x000000000000a5d0      0xdb9 C:\Users\olusa\OneDrive\Documents\GitHub\BlockyOS\compile\toolchain\build\gnu-efi-4.0.4\x86_64\/lib/\libefi.a(str.o)
 .debug_info    0x000000000000b389      0x4fe C:\Users\olusa\OneDrive\Documents\GitHub\BlockyOS\compile\toolchain\build\gnu-efi-4.0.4\x86_64\/lib/\libefi.a(efirtlib.o)
 .debug_info    0x000000000000b887      0x752 C:\Users\olusa\OneDrive\Documents\GitHub\BlockyOS\compile\toolchain\build\gnu-efi-4.0.4\x86_64\/lib/\libefi.a(rtstr.o)
 .debug_info    0x000000000000bfd9      0xa44 C:\Users\olusa\OneDrive\Documents\GitHub\BlockyOS\compile\toolchain\build\gnu-efi-4.0.4\x86_64\/lib/\libefi.a(rtdata.o)
 .debug_info    0x000000000000ca1d     0x1789 C:\Users\olusa\OneDrive\Documents\GitHub\BlockyOS\compile\toolchain\build\gnu-efi-4.0.4\x86_64\/lib/\libefi.a(initplat.o)
 .debug_info    0x000000000000e1a6     0x380c C:\Users\olusa\OneDrive\Documents\GitHub\BlockyOS\compile\toolchain\build\gnu-efi-4.0.4\x86_64\/lib/\libefi.a(print.o)
 .debug_info    0x00000000000119b2     0x2bf8 C:\Users\olusa\OneDrive\Documents\GitHub\BlockyOS\compile\toolchain\build\gnu-efi-4.0.4\x86_64\/lib/\libefi.a(va_print.o)
 .debug_info    0x00000000000145aa     0x1988 C:\Users\olusa\OneDrive\Documents\GitHub\BlockyOS\compile\toolchain\build\gnu-efi-4.0.4\x86_64\/lib/\libefi.a(console.o)
 .debug_info    0x0000000000015f32     0x3fab C:\Users\olusa\OneDrive\Documents\GitHub\BlockyOS\compile\toolchain\build\gnu-efi-4.0.4\x86_64\/lib/\libefi.a(dpath.o)
 .debug_info    0x0000000000019edd      0x1de C:\Users\olusa\OneDrive\Documents\GitHub\BlockyOS\compile\toolchain\build\gnu-efi-4.0.4\x86_64\/lib/\libefi.a(error.o)
 .debug_info    0x000000000001a0bb     0x1af1 C:\Users\olusa\OneDrive\Documents\GitHub\BlockyOS\compile\toolchain\build\gnu-efi-4.0.4\x86_64\/lib/\libefi.a(event.o)
 .debug_info    0x000000000001bbac      0x607 C:\Users\olusa\OneDrive\Documents\GitHub\BlockyOS\compile\toolchain\build\gnu-efi-4.0.4\x86_64\/lib/\libefi.a(guid.o)
 .debug_info    0x000000000001c1b3     0x1e31 C:\Users\olusa\OneDrive\Documents\GitHub\BlockyOS\compile\toolchain\build\gnu-efi-4.0.4\x86_64\/lib/\libefi.a(hand.o)
 .debug_info    0x000000000001dfe4      0x1a3 C:\Users\olusa\OneDrive\Documents\GitHub\BlockyOS\compile\toolchain\build\gnu-efi-4.0.4\x86_64\/lib/\libefi.a(math.o)

.debug_abbrev   0x0000000000000000     0x3537
 .debug_abbrev  0x0000000000000000       0x14 C:\Users\olusa\OneDrive\Documents\GitHub\BlockyOS\compile\toolchain\build\gnu-efi-4.0.4\x86_64\/lib/crt0-efi-x86_64.o
 .debug_abbrev  0x0000000000000014      0x21d C:\Users\olusa\OneDrive\Documents\GitHub\BlockyOS\compile\toolchain\build\gnu-efi-4.0.4\x86_64\/lib/reloc_x86_64.o
 .debug_abbrev  0x0000000000000231      0x220 C:\Users\olusa\OneDrive\Documents\GitHub\BlockyOS\compile\toolchain\build\gnu-efi-4.0.4\x86_64\/lib/\libefi.a(data.o)
 .debug_abbrev  0x0000000000000451      0x2f3 C:\Users\olusa\OneDrive\Documents\GitHub\BlockyOS\compile\toolchain\build\gnu-efi-4.0.4\x86_64\/lib/\libefi.a(entry.o)
 .debug_abbrev  0x0000000000000744      0x326 C:\Users\olusa\OneDrive\Documents\GitHub\BlockyOS\compile\toolchain\build\gnu-efi-4.0.4\x86_64\/lib/\libefi.a(init.o)
 .debug_abbrev  0x0000000000000a6a      0x51a C:\Users\olusa\OneDrive\Documents\GitHub\BlockyOS\compile\toolchain\build\gnu-efi-4.0.4\x86_64\/lib/\libefi.a(misc.o)
 .debug_abbrev  0x0000000000000f84      0x2e7 C:\Users\olusa\OneDrive\Documents\GitHub\BlockyOS\compile\toolchain\build\gnu-efi-4.0.4\x86_64\/lib/\libefi.a(str.o)
 .debug_abbrev  0x000000000000126b      0x1e0 C:\Users\olusa\OneDrive\Documents\GitHub\BlockyOS\compile\toolchain\build\gnu-efi-4.0.4\x86_64\/lib/\libefi.a(efirtlib.o)
 .debug_abbrev  0x000000000000144b      0x21d C:\Users\olusa\OneDrive\Documents\GitHub\BlockyOS\compile\toolchain\build\gnu-efi-4.0.4\x86_64\/lib/\libefi.a(rtstr.o)
 .debug_abbrev  0x0000000000001668      0x164 C:\Users\olusa\OneDrive\Documents\GitHub\BlockyOS\compile\toolchain\build\gnu-efi-4.0.4\x86_64\/lib/\libefi.a(rtdata.o)
 .debug_abbrev  0x00000000000017cc      0x1a9 C:\Users\olusa\OneDrive\Documents\GitHub\BlockyOS\compile\toolchain\build\gnu-efi-4.0.4\x86_64\/lib/\libefi.a(initplat.o)
 .debug_abbrev  0x0000000000001975      0x5ac C:\Users\olusa\OneDrive\Documents\GitHub\BlockyOS\compile\toolchain\build\gnu-efi-4.0.4\x86_64\/lib/\libefi.a(print.o)
 .debug_abbrev  0x0000000000001f21      0x4ec C:\Users\olusa\OneDrive\Documents\GitHub\BlockyOS\compile\toolchain\build\gnu-efi-4.0.4\x86_64\/lib/\libefi.a(va_print.o)
 .debug_abbrev  0x000000000000240d      0x270 C:\Users\olusa\OneDrive\Documents\GitHub\BlockyOS\compile\toolchain\build\gnu-efi-4.0.4\x86_64\/lib/\libefi.a(console.o)
 .debug_abbrev  0x000000000000267d      0x4e0 C:\Users\olusa\OneDrive\Documents\GitHub\BlockyOS\compile\toolchain\build\gnu-efi-4.0.4\x86_64\/lib/\libefi.a(dpath.o)
 .debug_abbrev  0x0000000000002b5d      0x12b C:\Users\olusa\OneDrive\Documents\GitHub\BlockyOS\compile\toolchain\build\gnu-efi-4.0.4\x86_64\/lib/\libefi.a(error.o)
 .debug_abbrev  0x0000000000002c88      0x2b1 C:\Users\olusa\OneDrive\Documents\GitHub\BlockyOS\compile\toolchain\build\gnu-efi-4.0.4\x86_64\/lib/\libefi.a(event.o)
 .debug_abbrev  0x0000000000002f39      0x205 C:\Users\olusa\OneDrive\Documents\GitHub\BlockyOS\compile\toolchain\build\gnu-efi-4.0.4\x86_64\/lib/\libefi.a(guid.o)
 .debug_abbrev  0x000000000000313e      0x356 C:\Users\olusa\OneDrive\Documents\GitHub\BlockyOS\compile\toolchain\build\gnu-efi-4.0.4\x86_64\/lib/\libefi.a(hand.o)
 .debug_abbrev  0x0000000000003494       0xa3 C:\Users\olusa\OneDrive\Documents\GitHub\BlockyOS\compile\toolchain\build\gnu-efi-4.0.4\x86_64\/lib/\libefi.a(math.o)

.debug_aranges  0x0000000000000000      0x3a0
 .debug_aranges
                0x0000000000000000       0x30 C:\Users\olusa\OneDrive\Documents\GitHub\BlockyOS\compile\toolchain\build\gnu-efi-4.0.4\x86_64\/lib/crt0-efi-x86_64.o
 .debug_aranges
                0x0000000000000030       0x30 C:\Users\olusa\OneDrive\Documents\GitHub\BlockyOS\compile\toolchain\build\gnu-efi-4.0.4\x86_64\/lib/reloc_x86_64.o
 .debug_aranges
                0x0000000000000060       0x20 C:\Users\olusa\OneDrive\Documents\GitHub\BlockyOS\compile\toolchain\build\gnu-efi-4.0.4\x86_64\/lib/\libefi.a(data.o)
 .debug_aranges
                0x0000000000000080       0x30 C:\Users\olusa\OneDrive\Documents\GitHub\BlockyOS\compile\toolchain\build\gnu-efi-4.0.4\x86_64\/lib/\libefi.a(entry.o)
 .debug_aranges
                0x00000000000000b0       0x30 C:\Users\olusa\OneDrive\Documents\GitHub\BlockyOS\compile\toolchain\build\gnu-efi-4.0.4\x86_64\/lib/\libefi.a(init.o)
 .debug_aranges
                0x00000000000000e0       0x30 C:\Users\olusa\OneDrive\Documents\GitHub\BlockyOS\compile\toolchain\build\gnu-efi-4.0.4\x86_64\/lib/\libefi.a(misc.o)
 .debug_aranges
                0x0000000000000110       0x30 C:\Users\olusa\OneDrive\Documents\GitHub\BlockyOS\compile\toolchain\build\gnu-efi-4.0.4\x86_64\/lib/\libefi.a(str.o)
 .debug_aranges
                0x0000000000000140       0x30 C:\Users\olusa\OneDrive\Documents\GitHub\BlockyOS\compile\toolchain\build\gnu-efi-4.0.4\x86_64\/lib/\libefi.a(efirtlib.o)
 .debug_aranges
                0x0000000000000170       0x30 C:\Users\olusa\OneDrive\Documents\GitHub\BlockyOS\compile\toolchain\build\gnu-efi-4.0.4\x86_64\/lib/\libefi.a(rtstr.o)
 .debug_aranges
                0x00000000000001a0       0x20 C:\Users\olusa\OneDrive\Documents\GitHub\BlockyOS\compile\toolchain\build\gnu-efi-4.0.4\x86_64\/lib/\libefi.a(rtdata.o)
 .debug_aranges
                0x00000000000001c0       0x30 C:\Users\olusa\OneDrive\Documents\GitHub\BlockyOS\compile\toolchain\build\gnu-efi-4.0.4\x86_64\/lib/\libefi.a(initplat.o)
 .debug_aranges
                0x00000000000001f0       0x30 C:\Users\olusa\OneDrive\Documents\GitHub\BlockyOS\compile\toolchain\build\gnu-efi-4.0.4\x86_64\/lib/\libefi.a(print.o)
 .debug_aranges
                0x0000000000000220       0x30 C:\Users\olusa\OneDrive\Documents\GitHub\BlockyOS\compile\toolchain\build\gnu-efi-4.0.4\x86_64\/lib/\libefi.a(va_print.o)
 .debug_aranges
                0x0000000000000250       0x30 C:\Users\olusa\OneDrive\Documents\GitHub\BlockyOS\compile\toolchain\build\gnu-efi-4.0.4\x86_64\/lib/\libefi.a(console.o)
 .debug_aranges
                0x0000000000000280       0x30 C:\Users\olusa\OneDrive\Documents\GitHub\BlockyOS\compile\toolchain\build\gnu-efi-4.0.4\x86_64\/lib/\libefi.a(dpath.o)
 .debug_aranges
                0x00000000000002b0       0x30 C:\Users\olusa\OneDrive\Documents\GitHub\BlockyOS\compile\toolchain\build\gnu-efi-4.0.4\x86_64\/lib/\libefi.a(error.o)
 .debug_aranges
                0x00000000000002e0       0x30 C:\Users\olusa\OneDrive\Documents\GitHub\BlockyOS\compile\toolchain\build\gnu-efi-4.0.4\x86_64\/lib/\libefi.a(event.o)
 .debug_aranges
                0x0000000000000310       0x30 C:\Users\olusa\OneDrive\Documents\GitHub\BlockyOS\compile\toolchain\build\gnu-efi-4.0.4\x86_64\/lib/\libefi.a(guid.o)
 .debug_aranges
                0x0000000000000340       0x30 C:\Users\olusa\OneDrive\Documents\GitHub\BlockyOS\compile\toolchain\build\gnu-efi-4.0.4\x86_64\/lib/\libefi.a(hand.o)
 .debug_aranges
                0x0000000000000370       0x30 C:\Users\olusa\OneDrive\Documents\GitHub\BlockyOS\compile\toolchain\build\gnu-efi-4.0.4\x86_64\/lib/\libefi.a(math.o)

.debug_str      0x0000000000000000     0x3507
 .debug_str     0x0000000000000000     0x3507 C:\Users\olusa\OneDrive\Documents\GitHub\BlockyOS\compile\toolchain\build\gnu-efi-4.0.4\x86_64\/lib/crt0-efi-x86_64.o
                                         0xe0 (size before relaxing)
 .debug_str     0x0000000000003507        0x0 C:\Users\olusa\OneDrive\Documents\GitHub\BlockyOS\compile\toolchain\build\gnu-efi-4.0.4\x86_64\/lib/reloc_x86_64.o
                                       0x137e (size before relaxing)
 .debug_str     0x0000000000003507        0x0 C:\Users\olusa\OneDrive\Documents\GitHub\BlockyOS\compile\toolchain\build\gnu-efi-4.0.4\x86_64\/lib/\libefi.a(data.o)
                                       0x1c9e (size before relaxing)
 .debug_str     0x0000000000003507        0x0 C:\Users\olusa\OneDrive\Documents\GitHub\BlockyOS\compile\toolchain\build\gnu-efi-4.0.4\x86_64\/lib/\libefi.a(entry.o)
                                       0x13f7 (size before relaxing)
 .debug_str     0x0000000000003507        0x0 C:\Users\olusa\OneDrive\Documents\GitHub\BlockyOS\compile\toolchain\build\gnu-efi-4.0.4\x86_64\/lib/\libefi.a(init.o)
                                       0x1697 (size before relaxing)
 .debug_str     0x0000000000003507        0x0 C:\Users\olusa\OneDrive\Documents\GitHub\BlockyOS\compile\toolchain\build\gnu-efi-4.0.4\x86_64\/lib/\libefi.a(misc.o)
                                       0x1955 (size before relaxing)
 .debug_str     0x0000000000003507        0x0 C:\Users\olusa\OneDrive\Documents\GitHub\BlockyOS\compile\toolchain\build\gnu-efi-4.0.4\x86_64\/lib/\libefi.a(str.o)
                                        0x457 (size before relaxing)
 .debug_str     0x0000000000003507        0x0 C:\Users\olusa\OneDrive\Documents\GitHub\BlockyOS\compile\toolchain\build\gnu-efi-4.0.4\x86_64\/lib/\libefi.a(efirtlib.o)
                                        0x268 (size before relaxing)
 .debug_str     0x0000000000003507        0x0 C:\Users\olusa\OneDrive\Documents\GitHub\BlockyOS\compile\toolchain\build\gnu-efi-4.0.4\x86_64\/lib/\libefi.a(rtstr.o)
                                        0x261 (size before relaxing)
 .debug_str     0x0000000000003507        0x0 C:\Users\olusa\OneDrive\Documents\GitHub\BlockyOS\compile\toolchain\build\gnu-efi-4.0.4\x86_64\/lib/\libefi.a(rtdata.o)
                                        0x7ff (size before relaxing)
 .debug_str     0x0000000000003507        0x0 C:\Users\olusa\OneDrive\Documents\GitHub\BlockyOS\compile\toolchain\build\gnu-efi-4.0.4\x86_64\/lib/\libefi.a(initplat.o)
                                       0x130b (size before relaxing)
 .debug_str     0x0000000000003507        0x0 C:\Users\olusa\OneDrive\Documents\GitHub\BlockyOS\compile\toolchain\build\gnu-efi-4.0.4\x86_64\/lib/\libefi.a(print.o)
                                       0x16b8 (size before relaxing)
 .debug_str     0x0000000000003507        0x0 C:\Users\olusa\OneDrive\Documents\GitHub\BlockyOS\compile\toolchain\build\gnu-efi-4.0.4\x86_64\/lib/\libefi.a(va_print.o)
                                       0x1593 (size before relaxing)
 .debug_str     0x0000000000003507        0x0 C:\Users\olusa\OneDrive\Documents\GitHub\BlockyOS\compile\toolchain\build\gnu-efi-4.0.4\x86_64\/lib/\libefi.a(console.o)
                                       0x132c (size before relaxing)
 .debug_str     0x0000000000003507        0x0 C:\Users\olusa\OneDrive\Documents\GitHub\BlockyOS\compile\toolchain\build\gnu-efi-4.0.4\x86_64\/lib/\libefi.a(dpath.o)
                                       0x182b (size before relaxing)
 .debug_str     0x0000000000003507        0x0 C:\Users\olusa\OneDrive\Documents\GitHub\BlockyOS\compile\toolchain\build\gnu-efi-4.0.4\x86_64\/lib/\libefi.a(error.o)
                                        0x1f6 (size before relaxing)
 .debug_str     0x0000000000003507        0x0 C:\Users\olusa\OneDrive\Documents\GitHub\BlockyOS\compile\toolchain\build\gnu-efi-4.0.4\x86_64\/lib/\libefi.a(event.o)
                                       0x13cd (size before relaxing)
 .debug_str     0x0000000000003507        0x0 C:\Users\olusa\OneDrive\Documents\GitHub\BlockyOS\compile\toolchain\build\gnu-efi-4.0.4\x86_64\/lib/\libefi.a(guid.o)
                                        0x676 (size before relaxing)
 .debug_str     0x0000000000003507        0x0 C:\Users\olusa\OneDrive\Documents\GitHub\BlockyOS\compile\toolchain\build\gnu-efi-4.0.4\x86_64\/lib/\libefi.a(hand.o)
                                       0x1345 (size before relaxing)
 .debug_str     0x0000000000003507        0x0 C:\Users\olusa\OneDrive\Documents\GitHub\BlockyOS\compile\toolchain\build\gnu-efi-4.0.4\x86_64\/lib/\libefi.a(math.o)
                                        0x1e7 (size before relaxing)

.debug_loclists
                0x0000000000000000     0x660a
 .debug_loclists
                0x0000000000000000      0x141 C:\Users\olusa\OneDrive\Documents\GitHub\BlockyOS\compile\toolchain\build\gnu-efi-4.0.4\x86_64\/lib/reloc_x86_64.o
 .debug_loclists
                0x0000000000000141       0xf4 C:\Users\olusa\OneDrive\Documents\GitHub\BlockyOS\compile\toolchain\build\gnu-efi-4.0.4\x86_64\/lib/\libefi.a(entry.o)
 .debug_loclists
                0x0000000000000235      0x274 C:\Users\olusa\OneDrive\Documents\GitHub\BlockyOS\compile\toolchain\build\gnu-efi-4.0.4\x86_64\/lib/\libefi.a(init.o)
 .debug_loclists
                0x00000000000004a9      0xd1d C:\Users\olusa\OneDrive\Documents\GitHub\BlockyOS\compile\toolchain\build\gnu-efi-4.0.4\x86_64\/lib/\libefi.a(misc.o)
 .debug_loclists
                0x00000000000011c6      0x60e C:\Users\olusa\OneDrive\Documents\GitHub\BlockyOS\compile\toolchain\build\gnu-efi-4.0.4\x86_64\/lib/\libefi.a(str.o)
 .debug_loclists
                0x00000000000017d4      0x46d C:\Users\olusa\OneDrive\Documents\GitHub\BlockyOS\compile\toolchain\build\gnu-efi-4.0.4\x86_64\/lib/\libefi.a(efirtlib.o)
 .debug_loclists
                0x0000000000001c41      0x685 C:\Users\olusa\OneDrive\Documents\GitHub\BlockyOS\compile\toolchain\build\gnu-efi-4.0.4\x86_64\/lib/\libefi.a(rtstr.o)
 .debug_loclists
                0x00000000000022c6     0x14ff C:\Users\olusa\OneDrive\Documents\GitHub\BlockyOS\compile\toolchain\build\gnu-efi-4.0.4\x86_64\/lib/\libefi.a(print.o)
 .debug_loclists
                0x00000000000037c5      0xbd7 C:\Users\olusa\OneDrive\Documents\GitHub\BlockyOS\compile\toolchain\build\gnu-efi-4.0.4\x86_64\/lib/\libefi.a(va_print.o)
 .debug_loclists
                0x000000000000439c      0x140 C:\Users\olusa\OneDrive\Documents\GitHub\BlockyOS\compile\toolchain\build\gnu-efi-4.0.4\x86_64\/lib/\libefi.a(console.o)
 .debug_loclists
                0x00000000000044dc     0x1799 C:\Users\olusa\OneDrive\Documents\GitHub\BlockyOS\compile\toolchain\build\gnu-efi-4.0.4\x86_64\/lib/\libefi.a(dpath.o)
 .debug_loclists
                0x0000000000005c75       0x62 C:\Users\olusa\OneDrive\Documents\GitHub\BlockyOS\compile\toolchain\build\gnu-efi-4.0.4\x86_64\/lib/\libefi.a(error.o)
 .debug_loclists
                0x0000000000005cd7      0x1f8 C:\Users\olusa\OneDrive\Documents\GitHub\BlockyOS\compile\toolchain\build\gnu-efi-4.0.4\x86_64\/lib/\libefi.a(event.o)
 .debug_loclists
                0x0000000000005ecf       0xd6 C:\Users\olusa\OneDrive\Documents\GitHub\BlockyOS\compile\toolchain\build\gnu-efi-4.0.4\x86_64\/lib/\libefi.a(guid.o)
 .debug_loclists
                0x0000000000005fa5      0x64a C:\Users\olusa\OneDrive\Documents\GitHub\BlockyOS\compile\toolchain\build\gnu-efi-4.0.4\x86_64\/lib/\libefi.a(hand.o)
 .debug_loclists
                0x00000000000065ef       0x1b C:\Users\olusa\OneDrive\Documents\GitHub\BlockyOS\compile\toolchain\build\gnu-efi-4.0.4\x86_64\/lib/\libefi.a(math.o)

.debug_rnglists
                0x0000000000000000      0x478
 .debug_rnglists
                0x0000000000000000       0x3a C:\Users\olusa\OneDrive\Documents\GitHub\BlockyOS\compile\toolchain\build\gnu-efi-4.0.4\x86_64\/lib/\libefi.a(entry.o)
 .debug_rnglists
                0x000000000000003a       0xa1 C:\Users\olusa\OneDrive\Documents\GitHub\BlockyOS\compile\toolchain\build\gnu-efi-4.0.4\x86_64\/lib/\libefi.a(misc.o)
 .debug_rnglists
                0x00000000000000db       0x25 C:\Users\olusa\OneDrive\Documents\GitHub\BlockyOS\compile\toolchain\build\gnu-efi-4.0.4\x86_64\/lib/\libefi.a(str.o)
 .debug_rnglists
                0x0000000000000100       0x28 C:\Users\olusa\OneDrive\Documents\GitHub\BlockyOS\compile\toolchain\build\gnu-efi-4.0.4\x86_64\/lib/\libefi.a(efirtlib.o)
 .debug_rnglists
                0x0000000000000128       0x61 C:\Users\olusa\OneDrive\Documents\GitHub\BlockyOS\compile\toolchain\build\gnu-efi-4.0.4\x86_64\/lib/\libefi.a(rtstr.o)
 .debug_rnglists
                0x0000000000000189      0x15f C:\Users\olusa\OneDrive\Documents\GitHub\BlockyOS\compile\toolchain\build\gnu-efi-4.0.4\x86_64\/lib/\libefi.a(print.o)
 .debug_rnglists
                0x00000000000002e8      0x106 C:\Users\olusa\OneDrive\Documents\GitHub\BlockyOS\compile\toolchain\build\gnu-efi-4.0.4\x86_64\/lib/\libefi.a(va_print.o)
 .debug_rnglists
                0x00000000000003ee       0x8a C:\Users\olusa\OneDrive\Documents\GitHub\BlockyOS\compile\toolchain\build\gnu-efi-4.0.4\x86_64\/lib/\libefi.a(dpath.o)
