
[273:    :9:    :4:    :1:    :1:    :25]
>> 
e.disk -pp C:/GitHub/BlockyOS/Build/Build-nodate/disk.img -pt ROOT -bs 2048 -lb 32 -v 1:0 
[C:\GitHub\BlockyOS\tools\filesystem\frat.c:196]  >>  Mounting FS Root: [C:/GitHub/BlockyOS/Build/Build-nodate/disk.img]
Verifying Disk GPT
GPT Dump:
    Sig: "EFI PART"
    Rev: 65536
    Header-Size: 92
    Header Checksum: 2621714706
    localLBA: 1
    altLBA: 2230273
    firstUsable: 2048
    lastUsable: 2230271
    Disk-GUID: 
    Partition-Table: 2
    # of Partition-Entries: 2
    Partition-Entry Size: 128
    Partition-Table Checksum: 896708427
GPT Exists? true
[C:\GitHub\BlockyOS\tools\filesystem\frat.c:137]  >>  Querying Part Table
[C:\GitHub\BlockyOS\tools\filesystem\frat.c:145]  >>  GPT-Entry: BOOT{2048:133119 -> 131071}
[C:\GitHub\BlockyOS\tools\filesystem\frat.c:159]  >>  Querying FS at 2048
FS-Root Blob:
    Version: [0:131072]
    Sig: 
    Configured Log Sectors: 2
    Configured Block Size: 0
    Configured Cluster-Map Size: 16711743
[C:\GitHub\BlockyOS\tools\filesystem\frat.c:145]  >>  GPT-Entry: ROOT{133120:2230271 -> 2097151}
[C:\GitHub\BlockyOS\tools\filesystem\frat.c:159]  >>  Querying FS at 133120
FS-Root Blob:
    Version: [0:1]
    Sig: FRAT_FILESYSTEM
    Configured Log Sectors: 32
    Configured Block Size: 2048
    Configured Cluster-Map Size: 20480
[C:\GitHub\BlockyOS\tools\filesystem\frat.c:184]  >>  FS Found at [133120]:
	Version-Code: [0:1]
	Configured Block-Size: 2048
	Configured Cluster-Size: 20480
	Configured # of Log-Sectors: 32
	Configured Log-Size: 576
[C:\GitHub\BlockyOS\tools\filesystem\frat.c:210]  >>  Found Formatted Partition: 133120:2230271 -> 2097151
[C:\GitHub\BlockyOS\tools\filesystem\frat.c:223]  >>  Root: 133120:2230271 -> 2097151 LBAs
	Version-Code: [0:1]
	Configured Block-Size: 2048
	Configured Cluster-Size: 20480
	Configured # of Log-Sectors: 20480
	Configured Log-Size: 32
    Verifying FS Root Items #items: 1024
[0]: ""
>> 

>> 
create -la fc -p SYSD/ -n KBOOT.app 
00000206f52d5f1b:fc	00000206f52d5f21:SYSD/	00000206f52d5f2a:KBOOT.app	
[	SYSD/KBOOT.app]
Mounting File [SYSD/KBOOT.app] with "fc"
Creating File at: ./SYSD/KBOOT.app
Root is 00000206f52d9080
	Fcode: [7249923597544166348:105411854310845]
Mounting Dir [SYSD] with Args: "dc"
Root is 00000206f52d9080
Refreshing Dir SYSD
Adding Entry:[7249923597544166348:105411854310845] to Dir [SYSD:[655946151726387169:223579696255234]
Refreshing Dir SYSD
Un-Mounting Directory [SYSD]
Initialising File MetaData: ./\SYSD/KBOOT.app
Root is 00000206f52d9080
Un-Mounting File [7249923597544166348:105411854310845]
[0]: ""
>> 

>> 
open -p SYSD/KBOOT.app -a KBOOTAPP -la f 
Mounting File [SYSD/KBOOT.app] with "f"
Root is 00000206f52d9080
[0]: ""
>> 

>> 
fwrite -pp C:/GitHub/BlockyOS/Build/Build-nodate/root-part/kboot.app -ia %KBOOTAPP% -p 0 -n 0 
Reading File Info
Root is 00000206f52d9080
Adding FS Table Entry: [7249923597544166348:105411854310845], Type: FILE
	Writing 0x00-Block: 225432
Writing File Block at 225432, Item: 1.	Root: [7249923597544166348:105411854310845]
Adding FS Table Entry: [7249923597544166348:105411854310845], Type: FILE
	Writing 0x00-Block: 225433
Writing File Block at 225433, Item: 2.	Root: [7249923597544166348:105411854310845]
Adding FS Table Entry: [7249923597544166348:105411854310845], Type: FILE
	Writing 0x00-Block: 225434
Writing File Block at 225434, Item: 3.	Root: [7249923597544166348:105411854310845]
Adding FS Table Entry: [7249923597544166348:105411854310845], Type: FILE
	Writing 0x00-Block: 225435
Writing File Block at 225435, Item: 4.	Root: [7249923597544166348:105411854310845]
Adding FS Table Entry: [7249923597544166348:105411854310845], Type: FILE
	Writing 0x00-Block: 225436
Writing File Block at 225436, Item: 5.	Root: [7249923597544166348:105411854310845]
Adding FS Table Entry: [7249923597544166348:105411854310845], Type: FILE
	Writing 0x00-Block: 225437
Writing File Block at 225437, Item: 6.	Root: [7249923597544166348:105411854310845]
Adding FS Table Entry: [7249923597544166348:105411854310845], Type: FILE
	Writing 0x00-Block: 225438
Writing File Block at 225438, Item: 7.	Root: [7249923597544166348:105411854310845]
Adding FS Table Entry: [7249923597544166348:105411854310845], Type: FILE
	Writing 0x00-Block: 225439
Writing File Block at 225439, Item: 8.	Root: [7249923597544166348:105411854310845]
Adding FS Table Entry: [7249923597544166348:105411854310845], Type: FILE
	Writing 0x00-Block: 225440
Writing File Block at 225440, Item: 9.	Root: [7249923597544166348:105411854310845]
Adding FS Table Entry: [7249923597544166348:105411854310845], Type: FILE
	Writing 0x00-Block: 225441
Writing File Block at 225441, Item: 10.	Root: [7249923597544166348:105411854310845]
Adding FS Table Entry: [7249923597544166348:105411854310845], Type: FILE
	Writing 0x00-Block: 225442
Writing File Block at 225442, Item: 11.	Root: [7249923597544166348:105411854310845]
Adding FS Table Entry: [7249923597544166348:105411854310845], Type: FILE
	Writing 0x00-Block: 225443
Writing File Block at 225443, Item: 12.	Root: [7249923597544166348:105411854310845]
Adding FS Table Entry: [7249923597544166348:105411854310845], Type: FILE
	Writing 0x00-Block: 225444
Writing File Block at 225444, Item: 13.	Root: [7249923597544166348:105411854310845]
Adding FS Table Entry: [7249923597544166348:105411854310845], Type: FILE
	Writing 0x00-Block: 225445
Writing File Block at 225445, Item: 14.	Root: [7249923597544166348:105411854310845]
[0]: ""
>> 

>> 
exit
Un-Mounting File [7249923597544166348:105411854310845]