This file contains any messages produced by compilers while
running configure, to aid debugging if configure makes a mistake.

It was created by configure, which was
generated by GNU Autoconf 2.69.  Invocation command line was

  $ ../binutils-2.42/configure --host=x86_64-w64-mingw32 --target=x86_64-elf --prefix=/mnt/c/Users/PC/Documents/GitHub/BlockyOS/compile/toolchain/prebuild/binutils-2.42-build --disable-nls --disable-werror --enable-plugins --enable-64-bit-bfd --enable-targets=all

## --------- ##
## Platform. ##
## --------- ##

hostname = DESKTOP-QQFMLBR
uname -m = x86_64
uname -r = 6.6.87.2-microsoft-standard-WSL2
uname -s = Linux
uname -v = #1 SMP PREEMPT_DYNAMIC Thu Jun  5 18:30:46 UTC 2025

/usr/bin/uname -p = unknown
/bin/uname -X     = unknown

/bin/arch              = x86_64
/usr/bin/arch -k       = unknown
/usr/convex/getsysinfo = unknown
/usr/bin/hostinfo      = unknown
/bin/machine           = unknown
/usr/bin/oslevel       = unknown
/bin/universe          = unknown

PATH: /usr/local/sbin
PATH: /usr/local/bin
PATH: /usr/sbin
PATH: /usr/bin
PATH: /sbin
PATH: /bin
PATH: /usr/games
PATH: /usr/local/games
PATH: /usr/lib/wsl/lib
PATH: /mnt/c/Program Files/WindowsApps/TheDebianProject.DebianGNULinux_1.24.0.0_x64__76v4gfsz19hv4
PATH: /mnt/c/Program Files/Common Files/Oracle/Java/javapath
PATH: /mnt/c/VulkanSDK/1.4.341.1/Bin
PATH: /mnt/c/Windows/system32
PATH: /mnt/c/Windows
PATH: /mnt/c/Windows/System32/Wbem
PATH: /mnt/c/Windows/System32/WindowsPowerShell/v1.0/
PATH: /mnt/c/Windows/System32/OpenSSH/
PATH: /mnt/c/Program Files/PowerShell/7/
PATH: /mnt/c/Program Files/Cloudflare/Cloudflare WARP/
PATH: /mnt/c/msys64/mingw64/bin
PATH: /mnt/c/msys64/
PATH: /mnt/c/Program Files/GitHub CLI/
PATH: /mnt/c/Program Files/dotnet/
PATH: /mnt/c/Program Files/Git/cmd
PATH: /mnt/c/Users/PC/AppData/Local/Microsoft/WindowsApps
PATH: /mnt/c/Users/PC/.dotnet/tools
PATH: /mnt/c/Users/PC/AppData/Local/Programs/Microsoft VS Code/bin
PATH: /mnt/c/Users/PC/AppData/Local/GitHubDesktop/bin


## ----------- ##
## Core tests. ##
## ----------- ##

configure:2400: checking build system type
configure:2414: result: x86_64-pc-linux-gnu
configure:2461: checking host system type
configure:2474: result: x86_64-w64-mingw32
configure:2494: checking target system type
configure:2507: result: x86_64-pc-elf
configure:2561: checking for a BSD-compatible install
configure:2629: result: /usr/bin/install -c
configure:2640: checking whether ln works
configure:2662: result: yes
configure:2666: checking whether ln -s works
configure:2670: result: yes
configure:2677: checking for a sed that does not truncate output
configure:2741: result: /usr/bin/sed
configure:2750: checking for gawk
configure:2766: found /usr/bin/gawk
configure:2777: result: gawk
configure:4182: checking for x86_64-w64-mingw32-gcc
configure:4198: found /usr/bin/x86_64-w64-mingw32-gcc
configure:4209: result: x86_64-w64-mingw32-gcc
configure:4478: checking for C compiler version
configure:4487: x86_64-w64-mingw32-gcc --version >&5
x86_64-w64-mingw32-gcc (GCC) 14-win32
Copyright (C) 2024 Free Software Foundation, Inc.
This is free software; see the source for copying conditions.  There is NO
warranty; not even for MERCHANTABILITY or FITNESS FOR A PARTICULAR PURPOSE.

configure:4498: $? = 0
configure:4487: x86_64-w64-mingw32-gcc -v >&5
Using built-in specs.
COLLECT_GCC=x86_64-w64-mingw32-gcc
COLLECT_LTO_WRAPPER=/usr/lib/gcc/x86_64-w64-mingw32/14-win32/lto-wrapper
Target: x86_64-w64-mingw32
Configured with: /build/reproducible-path/gcc-mingw-w64-27+b1/src/configure --prefix=/usr --enable-shared --enable-static --disable-multilib --with-system-zlib --libexecdir=/usr/lib --without-included-gettext --libdir=/usr/lib --enable-libstdcxx-time=yes --with-tune=generic --with-headers --enable-version-specific-runtime-libs --enable-fully-dynamic-string --enable-libgomp --program-prefix=x86_64-w64-mingw32- --target=x86_64-w64-mingw32 --with-as=/usr/bin/x86_64-w64-mingw32-as --with-ld=/usr/bin/x86_64-w64-mingw32-ld --enable-libatomic --enable-libstdcxx-filesystem-ts=yes --enable-dependency-tracking SED=/bin/sed --enable-languages=c,c++,fortran,objc,obj-c++,ada --enable-lto --enable-threads=win32 --program-suffix=-win32
Thread model: win32
Supported LTO compression algorithms: zlib zstd
gcc version 14-win32 (GCC) 
configure:4498: $? = 0
configure:4487: x86_64-w64-mingw32-gcc -V >&5
x86_64-w64-mingw32-gcc: error: unrecognized command-line option '-V'
x86_64-w64-mingw32-gcc: fatal error: no input files
compilation terminated.
configure:4498: $? = 1
configure:4487: x86_64-w64-mingw32-gcc -qversion >&5
x86_64-w64-mingw32-gcc: error: unrecognized command-line option '-qversion'; did you mean '--version'?
x86_64-w64-mingw32-gcc: fatal error: no input files
compilation terminated.
configure:4498: $? = 1
configure:4518: checking whether the C compiler works
configure:4540: x86_64-w64-mingw32-gcc    conftest.c  >&5
configure:4544: $? = 0
configure:4592: result: yes
configure:4595: checking for C compiler default output file name
configure:4597: result: a.exe
configure:4603: checking for suffix of executables
configure:4610: x86_64-w64-mingw32-gcc -o conftest.exe    conftest.c  >&5
configure:4614: $? = 0
configure:4636: result: .exe
configure:4658: checking whether we are cross compiling
configure:4666: x86_64-w64-mingw32-gcc -o conftest.exe    conftest.c  >&5
configure:4670: $? = 0
configure:4677: ./conftest.exe
configure:4681: $? = 0
configure:4696: result: no
configure:4701: checking for suffix of object files
configure:4723: x86_64-w64-mingw32-gcc -c   conftest.c >&5
configure:4727: $? = 0
configure:4748: result: o
configure:4752: checking whether we are using the GNU C compiler
configure:4771: x86_64-w64-mingw32-gcc -c   conftest.c >&5
configure:4771: $? = 0
configure:4780: result: yes
configure:4789: checking whether x86_64-w64-mingw32-gcc accepts -g
configure:4809: x86_64-w64-mingw32-gcc -c -g  conftest.c >&5
configure:4809: $? = 0
configure:4850: result: yes
configure:4867: checking for x86_64-w64-mingw32-gcc option to accept ISO C89
configure:4930: x86_64-w64-mingw32-gcc  -c -g -O2  conftest.c >&5
configure:4930: $? = 0
configure:4943: result: none needed
configure:4963: checking for x86_64-w64-mingw32-gcc option to accept ISO C99
configure:5112: x86_64-w64-mingw32-gcc  -c -g -O2  conftest.c >&5
configure:5112: $? = 0
configure:5125: result: none needed
configure:5154: checking for x86_64-w64-mingw32-g++
configure:5170: found /usr/bin/x86_64-w64-mingw32-g++
configure:5181: result: x86_64-w64-mingw32-g++
configure:5252: checking for C++ compiler version
configure:5261: x86_64-w64-mingw32-g++ --version >&5
x86_64-w64-mingw32-g++ (GCC) 14-win32
Copyright (C) 2024 Free Software Foundation, Inc.
This is free software; see the source for copying conditions.  There is NO
warranty; not even for MERCHANTABILITY or FITNESS FOR A PARTICULAR PURPOSE.

configure:5272: $? = 0
configure:5261: x86_64-w64-mingw32-g++ -v >&5
Using built-in specs.
COLLECT_GCC=x86_64-w64-mingw32-g++
COLLECT_LTO_WRAPPER=/usr/lib/gcc/x86_64-w64-mingw32/14-win32/lto-wrapper
Target: x86_64-w64-mingw32
Configured with: /build/reproducible-path/gcc-mingw-w64-27+b1/src/configure --prefix=/usr --enable-shared --enable-static --disable-multilib --with-system-zlib --libexecdir=/usr/lib --without-included-gettext --libdir=/usr/lib --enable-libstdcxx-time=yes --with-tune=generic --with-headers --enable-version-specific-runtime-libs --enable-fully-dynamic-string --enable-libgomp --program-prefix=x86_64-w64-mingw32- --target=x86_64-w64-mingw32 --with-as=/usr/bin/x86_64-w64-mingw32-as --with-ld=/usr/bin/x86_64-w64-mingw32-ld --enable-libatomic --enable-libstdcxx-filesystem-ts=yes --enable-dependency-tracking SED=/bin/sed --enable-languages=c,c++,fortran,objc,obj-c++,ada --enable-lto --enable-threads=win32 --program-suffix=-win32
Thread model: win32
Supported LTO compression algorithms: zlib zstd
gcc version 14-win32 (GCC) 
configure:5272: $? = 0
configure:5261: x86_64-w64-mingw32-g++ -V >&5
x86_64-w64-mingw32-g++: error: unrecognized command-line option '-V'
x86_64-w64-mingw32-g++: fatal error: no input files
compilation terminated.
configure:5272: $? = 1
configure:5261: x86_64-w64-mingw32-g++ -qversion >&5
x86_64-w64-mingw32-g++: error: unrecognized command-line option '-qversion'; did you mean '--version'?
x86_64-w64-mingw32-g++: fatal error: no input files
compilation terminated.
configure:5272: $? = 1
configure:5276: checking whether we are using the GNU C++ compiler
configure:5295: x86_64-w64-mingw32-g++ -c   conftest.cpp >&5
configure:5295: $? = 0
configure:5304: result: yes
configure:5313: checking whether x86_64-w64-mingw32-g++ accepts -g
configure:5333: x86_64-w64-mingw32-g++ -c -g  conftest.cpp >&5
configure:5333: $? = 0
configure:5374: result: yes
configure:5423: checking whether g++ accepts -static-libstdc++ -static-libgcc
configure:5440: x86_64-w64-mingw32-g++ -o conftest.exe -g -O2   -static-libstdc++ -static-libgcc conftest.cpp  >&5
configure:5440: $? = 0
configure:5441: result: yes
configure:5465: checking for x86_64-w64-mingw32-gnatbind
configure:5495: result: no
configure:5505: checking for gnatbind
configure:5535: result: no
configure:5557: checking for x86_64-w64-mingw32-gnatmake
configure:5587: result: no
configure:5597: checking for gnatmake
configure:5627: result: no
configure:5646: checking whether compiler driver understands Ada and is recent enough
configure:5673: result: no
configure:5687: checking for x86_64-w64-mingw32-gdc
configure:5717: result: no
configure:5727: checking for gdc
configure:5757: result: no
configure:5776: checking whether the D compiler works
configure:5793: result: no
configure:5801: checking how to compare bootstrapped objects
configure:5826: result: cmp --ignore-initial=16 $$f1 $$f2
configure:7970: checking for objdir
configure:7985: result: .libs
configure:8601: checking for isl 0.15 or later
configure:8614: x86_64-w64-mingw32-gcc -o conftest.exe -g -O2      -lisl -lmpfr -lgmp conftest.c  -lisl -lgmp >&5
conftest.c:10:10: fatal error: isl/schedule.h: No such file or directory
   10 | #include <isl/schedule.h>
      |          ^~~~~~~~~~~~~~~~
compilation terminated.
configure:8614: $? = 1
configure: failed program was:
| /* confdefs.h */
| #define PACKAGE_NAME ""
| #define PACKAGE_TARNAME ""
| #define PACKAGE_VERSION ""
| #define PACKAGE_STRING ""
| #define PACKAGE_BUGREPORT ""
| #define PACKAGE_URL ""
| #define LT_OBJDIR ".libs/"
| /* end confdefs.h.  */
| #include <isl/schedule.h>
| int
| main ()
| {
| isl_options_set_schedule_serialize_sccs (NULL, 0);
|   ;
|   return 0;
| }
configure:8621: result: no
configure:8625: result: required isl version is 0.15 or later
configure:9859: checking for default BUILD_CONFIG
configure:9891: result: 
configure:9896: checking for --enable-vtable-verify
configure:9909: result: no
configure:10586: checking for bison
configure:10602: found /usr/bin/bison
configure:10613: result: bison -y
configure:10633: checking for bison
configure:10649: found /usr/bin/bison
configure:10660: result: bison
configure:10680: checking for gm4
configure:10710: result: no
configure:10680: checking for gnum4
configure:10710: result: no
configure:10680: checking for m4
configure:10696: found /usr/bin/m4
configure:10707: result: m4
configure:10727: checking for flex
configure:10743: found /usr/bin/flex
configure:10754: result: flex
configure:10775: checking for flex
configure:10791: found /usr/bin/flex
configure:10802: result: flex
configure:10822: checking for makeinfo
configure:10838: found /usr/bin/makeinfo
configure:10849: result: makeinfo
configure:10883: checking for expect
configure:10913: result: no
configure:10932: checking for runtest
configure:10962: result: no
configure:11038: checking for x86_64-w64-mingw32-ar
configure:11054: found /usr/bin/x86_64-w64-mingw32-ar
configure:11065: result: x86_64-w64-mingw32-ar
configure:11179: checking for x86_64-w64-mingw32-as
configure:11195: found /usr/bin/x86_64-w64-mingw32-as
configure:11206: result: x86_64-w64-mingw32-as
configure:11320: checking for x86_64-w64-mingw32-dlltool
configure:11336: found /usr/bin/x86_64-w64-mingw32-dlltool
configure:11347: result: x86_64-w64-mingw32-dlltool
configure:11461: checking for x86_64-w64-mingw32-dsymutil
configure:11491: result: no
configure:11560: checking for ld
configure:11587: result: /usr/bin/x86_64-w64-mingw32-ld
configure:11602: checking for x86_64-w64-mingw32-ld
configure:11629: result: /usr/bin/x86_64-w64-mingw32-ld
configure:11743: checking for x86_64-w64-mingw32-lipo
configure:11773: result: no
configure:11884: checking for x86_64-w64-mingw32-nm
configure:11900: found /usr/bin/x86_64-w64-mingw32-nm
configure:11911: result: x86_64-w64-mingw32-nm
configure:12025: checking for x86_64-w64-mingw32-ranlib
configure:12041: found /usr/bin/x86_64-w64-mingw32-ranlib
configure:12052: result: x86_64-w64-mingw32-ranlib
configure:12161: checking for x86_64-w64-mingw32-strip
configure:12177: found /usr/bin/x86_64-w64-mingw32-strip
configure:12188: result: x86_64-w64-mingw32-strip
configure:12297: checking for x86_64-w64-mingw32-windres
configure:12313: found /usr/bin/x86_64-w64-mingw32-windres
configure:12324: result: x86_64-w64-mingw32-windres
configure:12438: checking for x86_64-w64-mingw32-windmc
configure:12454: found /usr/bin/x86_64-w64-mingw32-windmc
configure:12465: result: x86_64-w64-mingw32-windmc
configure:12579: checking for x86_64-w64-mingw32-objcopy
configure:12595: found /usr/bin/x86_64-w64-mingw32-objcopy
configure:12606: result: x86_64-w64-mingw32-objcopy
configure:12720: checking for x86_64-w64-mingw32-objdump
configure:12736: found /usr/bin/x86_64-w64-mingw32-objdump
configure:12747: result: x86_64-w64-mingw32-objdump
configure:12861: checking for x86_64-w64-mingw32-otool
configure:12891: result: no
configure:13002: checking for x86_64-w64-mingw32-readelf
configure:13018: found /usr/bin/x86_64-w64-mingw32-readelf
configure:13029: result: x86_64-w64-mingw32-readelf
configure:13098: checking for -plugin option
configure:13116: checking for x86_64-w64-mingw32-ar
configure:13143: result: x86_64-w64-mingw32-ar
configure:13218: result: --plugin /usr/lib/gcc/x86_64-w64-mingw32/14-win32/liblto_plugin.so
configure:13326: checking for x86_64-elf-cc
configure:13356: result: no
configure:13326: checking for x86_64-elf-gcc
configure:13356: result: no
configure:13487: checking for x86_64-elf-c++
configure:13517: result: no
configure:13487: checking for x86_64-elf-g++
configure:13517: result: no
configure:13487: checking for x86_64-elf-cxx
configure:13517: result: no
configure:13487: checking for x86_64-elf-gxx
configure:13517: result: no
configure:13648: checking for x86_64-elf-gcc
configure:13678: result: no
configure:13804: checking for x86_64-elf-gfortran
configure:13834: result: no
configure:13965: checking for x86_64-elf-gccgo
configure:13995: result: no
configure:14126: checking for x86_64-elf-gdc
configure:14156: result: no
configure:14287: checking for x86_64-elf-gm2
configure:14317: result: no
configure:14528: checking for x86_64-elf-ar
configure:14558: result: no
configure:14758: checking for x86_64-elf-as
configure:14788: result: no
configure:14988: checking for x86_64-elf-dlltool
configure:15018: result: no
configure:15218: checking for x86_64-elf-dsymutil
configure:15248: result: no
configure:15448: checking for x86_64-elf-ld
configure:15478: result: no
configure:15678: checking for x86_64-elf-lipo
configure:15708: result: no
configure:15908: checking for x86_64-elf-nm
configure:15938: result: no
configure:16138: checking for x86_64-elf-objcopy
configure:16168: result: no
configure:16368: checking for x86_64-elf-objdump
configure:16398: result: no
configure:16598: checking for x86_64-elf-otool
configure:16628: result: no
configure:16828: checking for x86_64-elf-ranlib
configure:16858: result: no
configure:17058: checking for x86_64-elf-readelf
configure:17088: result: no
configure:17288: checking for x86_64-elf-strip
configure:17318: result: no
configure:17518: checking for x86_64-elf-windres
configure:17548: result: no
configure:17748: checking for x86_64-elf-windmc
configure:17778: result: no
configure:17845: checking where to find the target ar
configure:17855: result: pre-installed
configure:17887: checking where to find the target as
configure:17897: result: pre-installed
configure:17929: checking where to find the target cc
configure:17939: result: pre-installed
configure:17971: checking where to find the target c++
configure:17981: result: pre-installed
configure:18016: checking where to find the target c++ for libstdc++
configure:18026: result: pre-installed
configure:18061: checking where to find the target dlltool
configure:18071: result: pre-installed
configure:18103: checking where to find the target dsymutil
configure:18113: result: pre-installed
configure:18134: checking where to find the target gcc
configure:18144: result: pre-installed
configure:18176: checking where to find the target gfortran
configure:18186: result: pre-installed
configure:18221: checking where to find the target gccgo
configure:18231: result: pre-installed
configure:18266: checking where to find the target gdc
configure:18276: result: pre-installed
configure:18311: checking where to find the target gm2
configure:18321: result: pre-installed
configure:18356: checking where to find the target ld
configure:18366: result: pre-installed
configure:18398: checking where to find the target lipo
configure:18408: result: pre-installed
configure:18429: checking where to find the target nm
configure:18439: result: pre-installed
configure:18471: checking where to find the target objcopy
configure:18481: result: pre-installed
configure:18513: checking where to find the target objdump
configure:18523: result: pre-installed
configure:18555: checking where to find the target otool
configure:18565: result: pre-installed
configure:18586: checking where to find the target ranlib
configure:18596: result: pre-installed
configure:18628: checking where to find the target readelf
configure:18638: result: pre-installed
configure:18670: checking where to find the target strip
configure:18680: result: pre-installed
configure:18712: checking where to find the target windres
configure:18722: result: pre-installed
configure:18754: checking where to find the target windmc
configure:18764: result: pre-installed
configure:18824: checking whether to enable maintainer-specific portions of Makefiles
configure:18833: result: no
configure:19070: creating ./config.status

## ---------------------- ##
## Running config.status. ##
## ---------------------- ##

This file was extended by config.status, which was
generated by GNU Autoconf 2.69.  Invocation command line was

  CONFIG_FILES    = 
  CONFIG_HEADERS  = 
  CONFIG_LINKS    = 
  CONFIG_COMMANDS = 
  $ ./config.status 

on DESKTOP-QQFMLBR

config.status:1001: creating Makefile

## ---------------- ##
## Cache variables. ##
## ---------------- ##

ac_cv_build=x86_64-pc-linux-gnu
ac_cv_c_compiler_gnu=yes
ac_cv_cxx_compiler_gnu=yes
ac_cv_env_AR_FOR_TARGET_set=
ac_cv_env_AR_FOR_TARGET_value=
ac_cv_env_AR_set=
ac_cv_env_AR_value=
ac_cv_env_AS_FOR_TARGET_set=
ac_cv_env_AS_FOR_TARGET_value=
ac_cv_env_AS_set=
ac_cv_env_AS_value=
ac_cv_env_CCC_set=
ac_cv_env_CCC_value=
ac_cv_env_CC_FOR_TARGET_set=
ac_cv_env_CC_FOR_TARGET_value=
ac_cv_env_CC_set=
ac_cv_env_CC_value=
ac_cv_env_CFLAGS_set=
ac_cv_env_CFLAGS_value=
ac_cv_env_CPPFLAGS_set=
ac_cv_env_CPPFLAGS_value=
ac_cv_env_CXXFLAGS_set=
ac_cv_env_CXXFLAGS_value=
ac_cv_env_CXX_FOR_TARGET_set=
ac_cv_env_CXX_FOR_TARGET_value=
ac_cv_env_CXX_set=
ac_cv_env_CXX_value=
ac_cv_env_DLLTOOL_FOR_TARGET_set=
ac_cv_env_DLLTOOL_FOR_TARGET_value=
ac_cv_env_DLLTOOL_set=
ac_cv_env_DLLTOOL_value=
ac_cv_env_DSYMUTIL_FOR_TARGET_set=
ac_cv_env_DSYMUTIL_FOR_TARGET_value=
ac_cv_env_DSYMUTIL_set=
ac_cv_env_DSYMUTIL_value=
ac_cv_env_GCC_FOR_TARGET_set=
ac_cv_env_GCC_FOR_TARGET_value=
ac_cv_env_GDC_FOR_TARGET_set=
ac_cv_env_GDC_FOR_TARGET_value=
ac_cv_env_GFORTRAN_FOR_TARGET_set=
ac_cv_env_GFORTRAN_FOR_TARGET_value=
ac_cv_env_GM2_FOR_TARGET_set=
ac_cv_env_GM2_FOR_TARGET_value=
ac_cv_env_GOC_FOR_TARGET_set=
ac_cv_env_GOC_FOR_TARGET_value=
ac_cv_env_LDFLAGS_set=
ac_cv_env_LDFLAGS_value=
ac_cv_env_LD_FOR_TARGET_set=
ac_cv_env_LD_FOR_TARGET_value=
ac_cv_env_LD_set=
ac_cv_env_LD_value=
ac_cv_env_LIBS_set=
ac_cv_env_LIBS_value=
ac_cv_env_LIPO_FOR_TARGET_set=
ac_cv_env_LIPO_FOR_TARGET_value=
ac_cv_env_LIPO_set=
ac_cv_env_LIPO_value=
ac_cv_env_NM_FOR_TARGET_set=
ac_cv_env_NM_FOR_TARGET_value=
ac_cv_env_NM_set=
ac_cv_env_NM_value=
ac_cv_env_OBJCOPY_FOR_TARGET_set=
ac_cv_env_OBJCOPY_FOR_TARGET_value=
ac_cv_env_OBJCOPY_set=
ac_cv_env_OBJCOPY_value=
ac_cv_env_OBJDUMP_FOR_TARGET_set=
ac_cv_env_OBJDUMP_FOR_TARGET_value=
ac_cv_env_OBJDUMP_set=
ac_cv_env_OBJDUMP_value=
ac_cv_env_OTOOL_FOR_TARGET_set=
ac_cv_env_OTOOL_FOR_TARGET_value=
ac_cv_env_OTOOL_set=
ac_cv_env_OTOOL_value=
ac_cv_env_RANLIB_FOR_TARGET_set=
ac_cv_env_RANLIB_FOR_TARGET_value=
ac_cv_env_RANLIB_set=
ac_cv_env_RANLIB_value=
ac_cv_env_READELF_FOR_TARGET_set=
ac_cv_env_READELF_FOR_TARGET_value=
ac_cv_env_READELF_set=
ac_cv_env_READELF_value=
ac_cv_env_STRIP_FOR_TARGET_set=
ac_cv_env_STRIP_FOR_TARGET_value=
ac_cv_env_STRIP_set=
ac_cv_env_STRIP_value=
ac_cv_env_WINDMC_FOR_TARGET_set=
ac_cv_env_WINDMC_FOR_TARGET_value=
ac_cv_env_WINDMC_set=
ac_cv_env_WINDMC_value=
ac_cv_env_WINDRES_FOR_TARGET_set=
ac_cv_env_WINDRES_FOR_TARGET_value=
ac_cv_env_WINDRES_set=
ac_cv_env_WINDRES_value=
ac_cv_env_build_alias_set=
ac_cv_env_build_alias_value=
ac_cv_env_build_configargs_set=
ac_cv_env_build_configargs_value=
ac_cv_env_host_alias_set=set
ac_cv_env_host_alias_value=x86_64-w64-mingw32
ac_cv_env_host_configargs_set=
ac_cv_env_host_configargs_value=
ac_cv_env_target_alias_set=set
ac_cv_env_target_alias_value=x86_64-elf
ac_cv_env_target_configargs_set=
ac_cv_env_target_configargs_value=
ac_cv_exeext=.exe
ac_cv_host=x86_64-w64-mingw32
ac_cv_objext=o
ac_cv_path_SED=/usr/bin/sed
ac_cv_path_install='/usr/bin/install -c'
ac_cv_prog_AR=x86_64-w64-mingw32-ar
ac_cv_prog_AS=x86_64-w64-mingw32-as
ac_cv_prog_AWK=gawk
ac_cv_prog_BISON=bison
ac_cv_prog_CC=x86_64-w64-mingw32-gcc
ac_cv_prog_CXX=x86_64-w64-mingw32-g++
ac_cv_prog_DLLTOOL=x86_64-w64-mingw32-dlltool
ac_cv_prog_FLEX=flex
ac_cv_prog_LD=/usr/bin/x86_64-w64-mingw32-ld
ac_cv_prog_LEX=flex
ac_cv_prog_M4=m4
ac_cv_prog_MAKEINFO=makeinfo
ac_cv_prog_NM=x86_64-w64-mingw32-nm
ac_cv_prog_OBJCOPY=x86_64-w64-mingw32-objcopy
ac_cv_prog_OBJDUMP=x86_64-w64-mingw32-objdump
ac_cv_prog_RANLIB=x86_64-w64-mingw32-ranlib
ac_cv_prog_READELF=x86_64-w64-mingw32-readelf
ac_cv_prog_STRIP=x86_64-w64-mingw32-strip
ac_cv_prog_WINDMC=x86_64-w64-mingw32-windmc
ac_cv_prog_WINDRES=x86_64-w64-mingw32-windres
ac_cv_prog_YACC='bison -y'
ac_cv_prog_cc_c89=
ac_cv_prog_cc_c99=
ac_cv_prog_cc_g=yes
ac_cv_prog_cxx_g=yes
ac_cv_target=x86_64-pc-elf
acx_cv_cc_gcc_supports_ada=no
acx_cv_d_compiler_works=no
acx_cv_prog_LN=ln
gcc_cv_isl=no
gcc_cv_prog_cmp_skip='cmp --ignore-initial=16 $$f1 $$f2'
gcc_cv_tool_dirs=
gcc_cv_tool_prefix=/mnt/c/Users/PC/Documents/GitHub/BlockyOS/compile/toolchain/prebuild/binutils-2.42-build
lt_cv_objdir=.libs

## ----------------- ##
## Output variables. ##
## ----------------- ##

AR='x86_64-w64-mingw32-ar'
AR_FOR_BUILD='ar'
AR_FOR_TARGET='x86_64-elf-ar'
AR_PLUGIN_OPTION='--plugin /usr/lib/gcc/x86_64-w64-mingw32/14-win32/liblto_plugin.so'
AS='x86_64-w64-mingw32-as'
AS_FOR_BUILD='as'
AS_FOR_TARGET='x86_64-elf-as'
AWK='gawk'
BISON='bison'
BUILD_CONFIG=''
CC='x86_64-w64-mingw32-gcc'
CC_FOR_BUILD='gcc'
CC_FOR_TARGET='x86_64-elf-cc'
CFLAGS='-g -O2'
CFLAGS_FOR_BUILD=''
CFLAGS_FOR_TARGET='-g -O2'
COMPILER_AS_FOR_TARGET='$(AS_FOR_TARGET)'
COMPILER_LD_FOR_TARGET='$(LD_FOR_TARGET)'
COMPILER_NM_FOR_TARGET='$(NM_FOR_TARGET)'
CONFIGURE_GDB_TK=''
CPPFLAGS=''
CPPFLAGS_FOR_BUILD=''
CPP_FOR_BUILD='$(CC_FOR_BUILD) -E'
CXX='x86_64-w64-mingw32-g++'
CXXFLAGS='-g -O2'
CXXFLAGS_FOR_BUILD=''
CXXFLAGS_FOR_TARGET='-g -O2'
CXX_FOR_BUILD='g++'
CXX_FOR_TARGET='x86_64-elf-c++'
DEBUG_PREFIX_CFLAGS_FOR_TARGET=''
DEFS='-DPACKAGE_NAME=\"\" -DPACKAGE_TARNAME=\"\" -DPACKAGE_VERSION=\"\" -DPACKAGE_STRING=\"\" -DPACKAGE_BUGREPORT=\"\" -DPACKAGE_URL=\"\" -DLT_OBJDIR=\".libs/\"'
DLLTOOL='x86_64-w64-mingw32-dlltool'
DLLTOOL_FOR_BUILD='dlltool'
DLLTOOL_FOR_TARGET='x86_64-elf-dlltool'
DSYMUTIL='x86_64-w64-mingw32-dsymutil'
DSYMUTIL_FOR_BUILD='dsymutil'
DSYMUTIL_FOR_TARGET='x86_64-elf-dsymutil'
ECHO_C=''
ECHO_N='-n'
ECHO_T=''
EXEEXT='.exe'
EXPECT='expect'
FLAGS_FOR_TARGET=' -L$$r/$(HOST_SUBDIR)/ld'
FLEX='flex'
GCC_FOR_TARGET='x86_64-elf-gcc'
GCC_SHLIB_SUBDIR='/shlib'
GDB_TK=''
GDC='no'
GDCFLAGS='-g -O2'
GDC_FOR_BUILD='gdc'
GDC_FOR_TARGET='x86_64-elf-gdc'
GFORTRAN_FOR_BUILD='gfortran'
GFORTRAN_FOR_TARGET='x86_64-elf-gfortran'
GM2_FOR_TARGET='x86_64-elf-gm2'
GNATBIND='no'
GNATMAKE='no'
GOC_FOR_BUILD='gccgo'
GOC_FOR_TARGET='x86_64-elf-gccgo'
HAVE_CXX11=''
HAVE_CXX11_FOR_BUILD=''
INSTALL_DATA='${INSTALL} -m 644'
INSTALL_GDB_TK=''
INSTALL_PROGRAM='${INSTALL}'
INSTALL_SCRIPT='${INSTALL}'
LD='/usr/bin/x86_64-w64-mingw32-ld'
LDFLAGS=''
LDFLAGS_FOR_BUILD=''
LDFLAGS_FOR_TARGET=''
LD_FOR_BUILD='ld'
LD_FOR_TARGET='x86_64-elf-ld'
LEX='flex'
LIBOBJS=''
LIBS=''
LIPO='x86_64-w64-mingw32-lipo'
LIPO_FOR_TARGET='x86_64-elf-lipo'
LN='ln'
LN_S='ln -s'
LTLIBOBJS=''
M4='m4'
MAINT='#'
MAINTAINER_MODE_FALSE=''
MAINTAINER_MODE_TRUE='#'
MAKEINFO='makeinfo'
NM='x86_64-w64-mingw32-nm'
NM_FOR_BUILD='nm'
NM_FOR_TARGET='x86_64-elf-nm'
OBJCOPY='x86_64-w64-mingw32-objcopy'
OBJCOPY_FOR_TARGET='x86_64-elf-objcopy'
OBJDUMP='x86_64-w64-mingw32-objdump'
OBJDUMP_FOR_TARGET='x86_64-elf-objdump'
OBJEXT='o'
OTOOL='x86_64-w64-mingw32-otool'
OTOOL_FOR_TARGET='x86_64-elf-otool'
PACKAGE_BUGREPORT=''
PACKAGE_NAME=''
PACKAGE_STRING=''
PACKAGE_TARNAME=''
PACKAGE_URL=''
PACKAGE_VERSION=''
PATH_SEPARATOR=':'
PGO_BUILD_GEN_CFLAGS=''
PGO_BUILD_LTO_CFLAGS=''
PGO_BUILD_USE_CFLAGS=''
PICFLAG=''
PKG_CONFIG_PATH=''
RANLIB='x86_64-w64-mingw32-ranlib'
RANLIB_FOR_BUILD='ranlib'
RANLIB_FOR_TARGET='x86_64-elf-ranlib'
RANLIB_PLUGIN_OPTION='--plugin /usr/lib/gcc/x86_64-w64-mingw32/14-win32/liblto_plugin.so'
RAW_CXX_FOR_TARGET='x86_64-elf-c++'
READELF='x86_64-w64-mingw32-readelf'
READELF_FOR_TARGET='x86_64-elf-readelf'
RPATH_ENVVAR='PATH'
RUNTEST='runtest'
SED='/usr/bin/sed'
SHELL='/bin/bash'
STRIP='x86_64-w64-mingw32-strip'
STRIP_FOR_TARGET='x86_64-elf-strip'
SYSROOT_CFLAGS_FOR_TARGET=''
TOPLEVEL_CONFIGURE_ARGUMENTS='../binutils-2.42/configure --host=x86_64-w64-mingw32 --target=x86_64-elf --prefix=/mnt/c/Users/PC/Documents/GitHub/BlockyOS/compile/toolchain/prebuild/binutils-2.42-build --disable-nls --disable-werror --enable-plugins --enable-64-bit-bfd --enable-targets=all'
WINDMC='x86_64-w64-mingw32-windmc'
WINDMC_FOR_BUILD='windmc'
WINDMC_FOR_TARGET='x86_64-elf-windmc'
WINDRES='x86_64-w64-mingw32-windres'
WINDRES_FOR_BUILD='windres'
WINDRES_FOR_TARGET='x86_64-elf-windres'
YACC='bison -y'
ac_ct_CC=''
ac_ct_CXX=''
bindir='${exec_prefix}/bin'
build='x86_64-pc-linux-gnu'
build_alias=''
build_configargs=' --cache-file=./config.cache '\''--prefix=/mnt/c/Users/PC/Documents/GitHub/BlockyOS/compile/toolchain/prebuild/binutils-2.42-build'\'' '\''--disable-nls'\'' '\''--disable-werror'\'' '\''--enable-plugins'\'' '\''--enable-64-bit-bfd'\'' '\''--enable-targets=all'\'' --program-transform-name='\''s&^&x86_64-elf-&'\'' --disable-option-checking'
build_configdirs=' libiberty'
build_cpu='x86_64'
build_libsubdir='build-x86_64-pc-linux-gnu'
build_noncanonical='x86_64-pc-linux-gnu'
build_os='linux-gnu'
build_subdir='build-x86_64-pc-linux-gnu'
build_tooldir='${exec_prefix}/x86_64-elf'
build_vendor='pc'
compare_exclusions='gcc/cc*-checksum$(objext) | gcc/ada/*tools/* | gcc/m2/gm2-compiler-boot/M2Version* | gcc/m2/gm2-compiler-boot/SYSTEM* | gcc/m2/gm2version*'
configdirs=' libiberty opcodes bfd zlib libctf libsframe binutils gas ld gprof etc'
datadir='${datarootdir}'
datarootdir='${prefix}/share'
do_compare='cmp --ignore-initial=16 $$f1 $$f2'
docdir='${datarootdir}/doc/${PACKAGE}'
dvidir='${docdir}'
exec_prefix='${prefix}'
extra_host_libiberty_configure_flags=''
extra_host_zlib_configure_flags=''
extra_isl_gmp_configure_flags=''
extra_linker_plugin_configure_flags=''
extra_linker_plugin_flags=''
extra_mpc_gmp_configure_flags=''
extra_mpc_mpfr_configure_flags=''
extra_mpfr_configure_flags=''
gcc_host_pie=''
get_gcc_base_ver='cat'
gmpinc=''
gmplibs='-lmpfr -lgmp'
host='x86_64-w64-mingw32'
host_alias='x86_64-w64-mingw32'
host_configargs=' --cache-file=./config.cache  --with-gnu-as --with-gnu-ld '\''--prefix=/mnt/c/Users/PC/Documents/GitHub/BlockyOS/compile/toolchain/prebuild/binutils-2.42-build'\'' '\''--disable-nls'\'' '\''--disable-werror'\'' '\''--enable-plugins'\'' '\''--enable-64-bit-bfd'\'' '\''--enable-targets=all'\'' --program-transform-name='\''s&^&x86_64-elf-&'\'' --disable-option-checking'
host_cpu='x86_64'
host_libs_picflag=''
host_noncanonical='x86_64-w64-mingw32'
host_os='mingw32'
host_pie='no'
host_shared='no'
host_subdir='.'
host_vendor='w64'
htmldir='${docdir}'
includedir='${prefix}/include'
infodir='${datarootdir}/info'
islinc=''
isllibs=''
libdir='${exec_prefix}/lib'
libexecdir='${exec_prefix}/libexec'
localedir='${datarootdir}/locale'
localstatedir='${prefix}/var'
mandir='${datarootdir}/man'
oldincludedir='/usr/include'
pdfdir='${docdir}'
poststage1_ldflags='-static-libstdc++ -static-libgcc'
poststage1_libs=''
prefix='/mnt/c/Users/PC/Documents/GitHub/BlockyOS/compile/toolchain/prebuild/binutils-2.42-build'
program_transform_name='s&^&x86_64-elf-&'
psdir='${docdir}'
sbindir='${exec_prefix}/sbin'
sharedstatedir='${prefix}/com'
stage1_cflags='-g'
stage1_checking='--enable-checking=yes,types'
stage1_languages=',c,'
stage1_ldflags=''
stage1_libs=''
stage2_werror_flag=''
sysconfdir='${prefix}/etc'
target='x86_64-pc-elf'
target_alias='x86_64-elf'
target_configargs='--cache-file=./config.cache --enable-multilib --with-cross-host=x86_64-w64-mingw32   '\''--prefix=/mnt/c/Users/PC/Documents/GitHub/BlockyOS/compile/toolchain/prebuild/binutils-2.42-build'\'' '\''--disable-nls'\'' '\''--disable-werror'\'' '\''--enable-plugins'\'' '\''--enable-64-bit-bfd'\'' '\''--enable-targets=all'\'' --program-transform-name='\''s&^&x86_64-elf-&'\'' --disable-option-checking --disable-year2038'
target_configdirs=''
target_cpu='x86_64'
target_noncanonical='x86_64-elf'
target_os='elf'
target_subdir='x86_64-elf'
target_vendor='pc'
tooldir='${exec_prefix}/x86_64-elf'

## ------------------- ##
## File substitutions. ##
## ------------------- ##

alphaieee_frag='/dev/null'
host_makefile_frag='../binutils-2.42/config/mh-mingw'
ospace_frag='/dev/null'
serialization_dependencies='serdep.tmp'
target_makefile_frag='/dev/null'

## ----------- ##
## confdefs.h. ##
## ----------- ##

/* confdefs.h */
#define PACKAGE_NAME ""
#define PACKAGE_TARNAME ""
#define PACKAGE_VERSION ""
#define PACKAGE_STRING ""
#define PACKAGE_BUGREPORT ""
#define PACKAGE_URL ""
#define LT_OBJDIR ".libs/"

configure: exit 0
