===== Step 1: Compile Bootloaders =====
===== Step 1.1: Compile Legacy BootLoader Blob =====
Legacy bootloader compiled: C:\GitHub\BlockyOS\Build\Build-2026-05-18-07\boot-part\legacyblob.bin
===== Step 1.2: Compile UEFI BootLoader Blob =====
UEFI bootloader compiled: C:\GitHub\BlockyOS\Build\Build-2026-05-18-07\boot-part\efi\boot\bootx64.efi
===== Step 2: Create Disk Layout (GPT) =====
Creating GPT disk: C:\GitHub\BlockyOS\Build\Build-2026-05-18-07\disk.img
===== Step 3: Format Boot Partition (FAT32) =====
Formatting boot partition with FAT32...
Boot partition formatted successfully
===== Step 4: Validating Image =====
Double-verifying Image
Command:  qemu-system-x86_64 -vga std -cpu qemu64 -m 2048 -machine q35 -smp 2 -net none -serial stdio -L C:\GitHub\BlockyOS\compile\toolchain\uefi\default -drive if=pflash,format=raw,readonly=on,file=C:\GitHub\BlockyOS\compile\toolchain\uefi\default\OVMF_CODE.fd -drive unit=0,file=C:\GitHub\BlockyOS\Build\Build-2026-05-18-07\disk.img,format=raw,if=none,id=maindrive -device virtio-blk-pci,drive=maindrive -chardev file,id=dbg,path=C:\GitHub\BlockyOS\Build\Build-2026-05-18-07\debugger.log -usb -usbdevice keyboard -usbdevice mouse -display sdl -vga cirrus -drive if=pflash,format=raw,file=C:\GitHub\BlockyOS\compile\toolchain\uefi\default\OVMF_VARS.fd 
!!!! X64 Exception Type - 06(#UD - Invalid Opcode)  CPU Apic ID - 00000000 !!!!
RIP  - 0000000000030000, CS  - 0000000000000038, RFLAGS - 0000000000010246
RAX  - 0000000000000000, RCX - 0000000000000000, RDX - 0000000000000000
RBX  - FFFFFFFFFFFFFFFF, RSP - 000000007BEF8E58, RBP - 000000007BEF8FC0
RSI  - 000000007B4EBB98, RDI - 000000007BF1EAD8
R8   - 0000000000000000, R9  - 0000000003041001, R10 - 000000000000003C
R11  - 0000000000000000, R12 - 000000007BF150B8, R13 - 0000000000000001
R14  - 0000000000000000, R15 - 0000000000000600
DS   - 0000000000000030, ES  - 0000000000000030, FS  - 0000000000000030
GS   - 0000000000000030, SS  - 0000000000000030
CR0  - 0000000080010033, CR2 - 0000000000000000, CR3 - 000000007B801000
CR4  - 0000000000000668, CR8 - 0000000000000000
DR0  - 0000000000000000, DR1 - 0000000000000000, DR2 - 0000000000000000
DR3  - 0000000000000000, DR6 - 00000000FFFF0FF0, DR7 - 0000000000000400
GDTR - 000000007B5DF000 0000000000000057, LDTR - 0000000000000000
IDTR - 0000000077B7AF58 0000000000000FFF,   TR - 0000000000000048
FXSAVE_STATE - 000000007BEF8AB0
!!!! Can't find image information. !!!!
