=== GPT/MBR Driver Session ===
[2026-05-18 00:36:09] [INFO] Driver started
[2026-05-18 00:36:09] [INFO] Loaded 3 partition definitions
[2026-05-18 00:36:09] [INFO] Computed disk layout:
[2026-05-18 00:36:09] [INFO]   First usable LBA : 2048
[2026-05-18 00:36:09] [INFO]   Last usable LBA  : 2623488
[2026-05-18 00:36:09] [INFO]   Total sectors    : 2623491
[2026-05-18 00:36:09] [INFO]   Entry sectors    : 1
[2026-05-18 00:36:09] [INFO] Creating disk image: C:\GitHub\BlockyOS\Build\Build-2026-05-18-07\disk.img
[2026-05-18 00:36:09] [INFO] Writing protective MBR
[2026-05-18 00:36:10] [INFO] >> [SEEK] Offset=0 Origin=Begin  (Caller: GPT.ps1: line 503)
[2026-05-18 00:36:10] [INFO] >> ([WRITE] Position=0  Count=512  Caller=GPT.ps1: line 532)
[2026-05-18 00:36:10] [INFO] Writing primary GPT header and entries
[2026-05-18 00:36:10] [INFO] >> [SEEK] Offset=1024 Origin=Begin  (Caller: GPT.ps1: line 503)
[2026-05-18 00:36:10] [INFO] >> ([WRITE] Position=1024  Count=384  Caller=GPT.ps1: line 621)
[2026-05-18 00:36:10] [INFO] >> [SEEK] Offset=512 Origin=Begin  (Caller: GPT.ps1: line 503)
[2026-05-18 00:36:10] [INFO] >> ([WRITE] Position=512  Count=512  Caller=GPT.ps1: line 665)
[2026-05-18 00:36:10] [INFO] Writing backup GPT header and entries
[2026-05-18 00:36:10] [INFO] >> [SEEK] Offset=1343226368 Origin=Begin  (Caller: GPT.ps1: line 503)
[2026-05-18 00:36:10] [INFO] >> ([WRITE] Position=1343226368  Count=384  Caller=GPT.ps1: line 621)
[2026-05-18 00:36:10] [INFO] >> [SEEK] Offset=1343226880 Origin=Begin  (Caller: GPT.ps1: line 503)
[2026-05-18 00:36:17] [INFO] >> ([WRITE] Position=1343226880  Count=512  Caller=GPT.ps1: line 693)
[2026-05-18 00:36:17] [INFO] Disk build complete
