Archive member included to satisfy reference by file (symbol)

C:\GitHub\BlockyOS\compile\toolchain\gnu-efi-build\x86_64\/lib/\libefi.a(data.o)
                              C:\GitHub\BlockyOS\Build\Build-2026-05-18-07\objs\UEFI.c.tools.o (gEfiDevicePathProtocolGuid)
C:\GitHub\BlockyOS\compile\toolchain\gnu-efi-build\x86_64\/lib/\libefi.a(entry.o)
                              C:\GitHub\BlockyOS\compile\toolchain\gnu-efi-build\x86_64\lib/crt0-efi-x86_64.o (_entry)
C:\GitHub\BlockyOS\compile\toolchain\gnu-efi-build\x86_64\/lib/\libefi.a(guid.o)
                              C:\GitHub\BlockyOS\Build\Build-2026-05-18-07\objs\UEFI.c.tools.o (GuidToString)
C:\GitHub\BlockyOS\compile\toolchain\gnu-efi-build\x86_64\/lib/\libefi.a(init.o)
                              C:\GitHub\BlockyOS\Build\Build-2026-05-18-07\objs\UEFI.c.boot.o (InitializeLib)
C:\GitHub\BlockyOS\compile\toolchain\gnu-efi-build\x86_64\/lib/\libefi.a(misc.o)
                              C:\GitHub\BlockyOS\Build\Build-2026-05-18-07\objs\UEFI.c.frat.o (AllocatePool)
C:\GitHub\BlockyOS\compile\toolchain\gnu-efi-build\x86_64\/lib/\libefi.a(str.o)
                              C:\GitHub\BlockyOS\compile\toolchain\gnu-efi-build\x86_64\/lib/\libefi.a(data.o) (LibStubStriCmp)
C:\GitHub\BlockyOS\compile\toolchain\gnu-efi-build\x86_64\/lib/\libefi.a(efirtlib.o)
                              C:\GitHub\BlockyOS\compile\toolchain\gnu-efi-build\x86_64\/lib/\libefi.a(misc.o) (RtZeroMem)
C:\GitHub\BlockyOS\compile\toolchain\gnu-efi-build\x86_64\/lib/\libefi.a(rtstr.o)
                              C:\GitHub\BlockyOS\compile\toolchain\gnu-efi-build\x86_64\/lib/\libefi.a(str.o) (RtStrCmp)
C:\GitHub\BlockyOS\compile\toolchain\gnu-efi-build\x86_64\/lib/\libefi.a(rtdata.o)
                              C:\GitHub\BlockyOS\compile\toolchain\gnu-efi-build\x86_64\/lib/\libefi.a(init.o) (EFIDebug)
C:\GitHub\BlockyOS\compile\toolchain\gnu-efi-build\x86_64\/lib/\libefi.a(initplat.o)
                              C:\GitHub\BlockyOS\compile\toolchain\gnu-efi-build\x86_64\/lib/\libefi.a(init.o) (InitializeLibPlatform)
C:\GitHub\BlockyOS\compile\toolchain\gnu-efi-build\x86_64\/lib/\libefi.a(print.o)
                              C:\GitHub\BlockyOS\Build\Build-2026-05-18-07\objs\UEFI.c.bthelper.o (UnicodeSPrint)
C:\GitHub\BlockyOS\compile\toolchain\gnu-efi-build\x86_64\/lib/\libefi.a(va_print.o)
                              C:\GitHub\BlockyOS\compile\toolchain\gnu-efi-build\x86_64\/lib/\libefi.a(print.o) (_PoolCatPrint)
C:\GitHub\BlockyOS\compile\toolchain\gnu-efi-build\x86_64\/lib/\libefi.a(efi_stub.o)
                              C:\GitHub\BlockyOS\Build\Build-2026-05-18-07\objs\UEFI.c.tools.o (efi_call2)
C:\GitHub\BlockyOS\compile\toolchain\gnu-efi-build\x86_64\/lib/\libefi.a(console.o)
                              C:\GitHub\BlockyOS\compile\toolchain\gnu-efi-build\x86_64\/lib/\libefi.a(print.o) (Input)
C:\GitHub\BlockyOS\compile\toolchain\gnu-efi-build\x86_64\/lib/\libefi.a(dpath.o)
                              C:\GitHub\BlockyOS\compile\toolchain\gnu-efi-build\x86_64\/lib/\libefi.a(misc.o) (DevicePathFromHandle)
C:\GitHub\BlockyOS\compile\toolchain\gnu-efi-build\x86_64\/lib/\libefi.a(error.o)
                              C:\GitHub\BlockyOS\compile\toolchain\gnu-efi-build\x86_64\/lib/\libefi.a(print.o) (StatusToString)
C:\GitHub\BlockyOS\compile\toolchain\gnu-efi-build\x86_64\/lib/\libefi.a(event.o)
                              C:\GitHub\BlockyOS\compile\toolchain\gnu-efi-build\x86_64\/lib/\libefi.a(console.o) (WaitForSingleEvent)
C:\GitHub\BlockyOS\compile\toolchain\gnu-efi-build\x86_64\/lib/\libefi.a(hand.o)
                              C:\GitHub\BlockyOS\compile\toolchain\gnu-efi-build\x86_64\/lib/\libefi.a(init.o) (LibLocateHandle)
C:\GitHub\BlockyOS\compile\toolchain\gnu-efi-build\x86_64\/lib/\libefi.a(math.o)
                              C:\GitHub\BlockyOS\compile\toolchain\gnu-efi-build\x86_64\/lib/\libefi.a(print.o) (RShiftU64)
C:\GitHub\BlockyOS\compile\toolchain\gnu-efi-build\x86_64\/lib/\libgnuefi.a(reloc_x86_64.o)
                              C:\GitHub\BlockyOS\compile\toolchain\gnu-efi-build\x86_64\lib/crt0-efi-x86_64.o (_relocate)

There are no discarded input sections

Memory Configuration

Name             Origin             Length             Attributes
*default*        0x0000000000000000 0xffffffffffffffff

Linker script and memory map

                0x0000000000000000                . = 0x0
                0x0000000000000000                ImageBase = .

.hash
 *(.hash)

.gnu.hash
 *(.gnu.hash)
                0x0000000000000000                . = ALIGN (0x1000)

.eh_frame       0x0000000000000000     0x2f8c
 *(.eh_frame)
 .eh_frame      0x0000000000000000      0x620 C:\GitHub\BlockyOS\Build\Build-2026-05-18-07\objs\UEFI.c.frat.o
 .eh_frame      0x0000000000000620      0x160 C:\GitHub\BlockyOS\Build\Build-2026-05-18-07\objs\UEFI.c.raw.o
                                        0x178 (size before relaxing)
 .eh_frame      0x0000000000000780      0x240 C:\GitHub\BlockyOS\Build\Build-2026-05-18-07\objs\UEFI.c.blake2b-ref.o
                                        0x258 (size before relaxing)
 .eh_frame      0x00000000000009c0      0x140 C:\GitHub\BlockyOS\Build\Build-2026-05-18-07\objs\UEFI.c.blake2bp-ref.o
                                        0x158 (size before relaxing)
 .eh_frame      0x0000000000000b00      0x220 C:\GitHub\BlockyOS\Build\Build-2026-05-18-07\objs\UEFI.c.blake2s-ref.o
                                        0x238 (size before relaxing)
 .eh_frame      0x0000000000000d20      0x160 C:\GitHub\BlockyOS\Build\Build-2026-05-18-07\objs\UEFI.c.blake2sp-ref.o
                                        0x178 (size before relaxing)
 .eh_frame      0x0000000000000e80      0x100 C:\GitHub\BlockyOS\Build\Build-2026-05-18-07\objs\UEFI.c.blake2xb-ref.o
                                        0x118 (size before relaxing)
 .eh_frame      0x0000000000000f80      0x120 C:\GitHub\BlockyOS\Build\Build-2026-05-18-07\objs\UEFI.c.blake2xs-ref.o
                                        0x138 (size before relaxing)
 .eh_frame      0x00000000000010a0       0xb8 C:\GitHub\BlockyOS\Build\Build-2026-05-18-07\objs\UEFI.c.execload.o
                                         0xd0 (size before relaxing)
 .eh_frame      0x0000000000001158       0x20 C:\GitHub\BlockyOS\Build\Build-2026-05-18-07\objs\UEFI.c.socket.o
                                         0x38 (size before relaxing)
 .eh_frame      0x0000000000001178      0x128 C:\GitHub\BlockyOS\Build\Build-2026-05-18-07\objs\UEFI.c.sockets.o
                                        0x140 (size before relaxing)
 .eh_frame      0x00000000000012a0      0x3c8 C:\GitHub\BlockyOS\Build\Build-2026-05-18-07\objs\UEFI.c.tools.o
                                        0x3e0 (size before relaxing)
 .eh_frame      0x0000000000001668       0x48 C:\GitHub\BlockyOS\Build\Build-2026-05-18-07\objs\UEFI.c.boot.o
                                         0x60 (size before relaxing)
 .eh_frame      0x00000000000016b0       0xc8 C:\GitHub\BlockyOS\Build\Build-2026-05-18-07\objs\UEFI.c.bthelper.o
                                         0xe0 (size before relaxing)
 .eh_frame      0x0000000000001778       0x38 C:\GitHub\BlockyOS\compile\toolchain\gnu-efi-build\x86_64\/lib/\libefi.a(entry.o)
                                         0x50 (size before relaxing)
 .eh_frame      0x00000000000017b0       0x80 C:\GitHub\BlockyOS\compile\toolchain\gnu-efi-build\x86_64\/lib/\libefi.a(guid.o)
                                         0x98 (size before relaxing)
 .eh_frame      0x0000000000001830       0xc0 C:\GitHub\BlockyOS\compile\toolchain\gnu-efi-build\x86_64\/lib/\libefi.a(init.o)
                                         0xd8 (size before relaxing)
 .eh_frame      0x00000000000018f0      0x390 C:\GitHub\BlockyOS\compile\toolchain\gnu-efi-build\x86_64\/lib/\libefi.a(misc.o)
                                        0x3a8 (size before relaxing)
 .eh_frame      0x0000000000001c80      0x2d8 C:\GitHub\BlockyOS\compile\toolchain\gnu-efi-build\x86_64\/lib/\libefi.a(str.o)
                                        0x2f0 (size before relaxing)
 .eh_frame      0x0000000000001f58       0x90 C:\GitHub\BlockyOS\compile\toolchain\gnu-efi-build\x86_64\/lib/\libefi.a(efirtlib.o)
                                         0xa8 (size before relaxing)
 .eh_frame      0x0000000000001fe8      0x128 C:\GitHub\BlockyOS\compile\toolchain\gnu-efi-build\x86_64\/lib/\libefi.a(rtstr.o)
                                        0x140 (size before relaxing)
 .eh_frame      0x0000000000002110       0x18 C:\GitHub\BlockyOS\compile\toolchain\gnu-efi-build\x86_64\/lib/\libefi.a(initplat.o)
                                         0x30 (size before relaxing)
 .eh_frame      0x0000000000002128      0x390 C:\GitHub\BlockyOS\compile\toolchain\gnu-efi-build\x86_64\/lib/\libefi.a(print.o)
                                        0x3a8 (size before relaxing)
 .eh_frame      0x00000000000024b8      0x180 C:\GitHub\BlockyOS\compile\toolchain\gnu-efi-build\x86_64\/lib/\libefi.a(va_print.o)
                                        0x198 (size before relaxing)
 .eh_frame      0x0000000000002638       0x70 C:\GitHub\BlockyOS\compile\toolchain\gnu-efi-build\x86_64\/lib/\libefi.a(console.o)
                                         0x88 (size before relaxing)
 .eh_frame      0x00000000000026a8      0x5e0 C:\GitHub\BlockyOS\compile\toolchain\gnu-efi-build\x86_64\/lib/\libefi.a(dpath.o)
                                        0x5f8 (size before relaxing)
 .eh_frame      0x0000000000002c88       0x18 C:\GitHub\BlockyOS\compile\toolchain\gnu-efi-build\x86_64\/lib/\libefi.a(error.o)
                                         0x30 (size before relaxing)
 .eh_frame      0x0000000000002ca0       0x98 C:\GitHub\BlockyOS\compile\toolchain\gnu-efi-build\x86_64\/lib/\libefi.a(event.o)
                                         0xb0 (size before relaxing)
 .eh_frame      0x0000000000002d38      0x1f0 C:\GitHub\BlockyOS\compile\toolchain\gnu-efi-build\x86_64\/lib/\libefi.a(hand.o)
                                        0x208 (size before relaxing)
 .eh_frame      0x0000000000002f28       0x50 C:\GitHub\BlockyOS\compile\toolchain\gnu-efi-build\x86_64\/lib/\libefi.a(math.o)
                                         0x68 (size before relaxing)
 .eh_frame      0x0000000000002f78       0x14 C:\GitHub\BlockyOS\compile\toolchain\gnu-efi-build\x86_64\/lib/\libgnuefi.a(reloc_x86_64.o)
                                         0x30 (size before relaxing)

.eh_frame_hdr
 *(.eh_frame_hdr)

.gcc_except_table
 *(.gcc_except_table*)
                0x0000000000003000                . = ALIGN (0x1000)

.text           0x0000000000003000    0x1eba0
                0x0000000000003000                _text = .
 *(.text)
 .text          0x0000000000003000       0x29 C:\GitHub\BlockyOS\compile\toolchain\gnu-efi-build\x86_64\lib/crt0-efi-x86_64.o
                0x0000000000003000                _start
 .text          0x0000000000003029     0x49a9 C:\GitHub\BlockyOS\Build\Build-2026-05-18-07\objs\UEFI.c.frat.o
                0x0000000000003029                checkdisk
                0x00000000000031d3                loadpart
                0x0000000000003444                formatpart
                0x0000000000003a70                queryparttablefs
                0x0000000000003c5b                queryfs
                0x0000000000003d57                fmount
                0x0000000000004412                allocatecluster
                0x00000000000044e2                __ffremove
                0x000000000000454a                __ffremoveh
                0x00000000000045c0                __ffremovel
                0x00000000000045f0                __ffremovelh
                0x00000000000046eb                __fcreate
                0x0000000000004c8f                __faddr
                0x00000000000050c3                __finit
                0x0000000000005476                __fread1
                0x00000000000056c5                __ffindh
                0x00000000000057ae                __ffindhi
                0x000000000000589f                __ffindi
                0x00000000000058d7                __ffind
                0x000000000000590c                __fpush1
                0x0000000000005b6d                __floaddir
                0x0000000000005cc6                __fuloaddir
                0x0000000000005ef6                __fdirrefresh
                0x000000000000610e                fsloadh
                0x00000000000061b3                fsuloadh
                0x00000000000062e1                __freadinfo
                0x00000000000063cb                __fupdatetstamp
                0x0000000000006509                _dreadinfo
                0x0000000000006531                _freadinfo
                0x0000000000006559                _fseek
                0x0000000000006578                _fseeko
                0x00000000000065a2                _fpush1
                0x000000000000667f                _fread1
                0x000000000000670a                __fgetparent
                0x00000000000067db                __fdiradd
                0x0000000000006c19                __ftest
                0x0000000000006e09                __fdirlist
                0x00000000000071c0                __dirr_init
                0x0000000000007519                __dirr_free
                0x00000000000075be                __dirr
                0x0000000000007771                __fprint_info
                0x000000000000796d                getloc
 .text          0x00000000000079d2     0x1041 C:\GitHub\BlockyOS\Build\Build-2026-05-18-07\objs\UEFI.c.raw.o
                0x00000000000079d2                FindDiskHandleByGUID
                0x000000000000807a                DisableVerbose
                0x0000000000008091                EnableVerbose
                0x00000000000080a8                getblocksize
                0x00000000000080bd                setblocksize
                0x0000000000008101                startup
                0x0000000000008382                readblocks
                0x000000000000853e                writeblocks
                0x0000000000008744                readbytes
                0x0000000000008852                writebytes
                0x000000000000896b                dispose
 .text          0x0000000000008a13     0x779d C:\GitHub\BlockyOS\Build\Build-2026-05-18-07\objs\UEFI.c.blake2b-ref.o
                0x0000000000008d45                blake2b_init_param
                0x0000000000008dd4                blake2b_init
                0x0000000000008eb9                blake2b_init_key
                0x000000000000fd51                blake2b_update
                0x000000000000fe94                blake2b_final
                0x000000000001000d                blake2b
                0x0000000000010168                blake2
 .text          0x00000000000101b0      0xc0f C:\GitHub\BlockyOS\Build\Build-2026-05-18-07\objs\UEFI.c.blake2bp-ref.o
                0x0000000000010427                blake2bp_init
                0x000000000001051c                blake2bp_init_key
                0x000000000001070b                blake2bp_update
                0x00000000000108be                blake2bp_final
                0x0000000000010a5d                blake2bp
 .text          0x0000000000010dbf     0x4439 C:\GitHub\BlockyOS\Build\Build-2026-05-18-07\objs\UEFI.c.blake2s-ref.o
                0x000000000001100f                blake2s_init_param
                0x0000000000011097                blake2s_init
                0x0000000000011162                blake2s_init_key
                0x0000000000014e27                blake2s_update
                0x0000000000014f58                blake2s_final
                0x000000000001509d                blake2s
 .text          0x00000000000151f8      0xbc4 C:\GitHub\BlockyOS\Build\Build-2026-05-18-07\objs\UEFI.c.blake2sp-ref.o
                0x000000000001547e                blake2sp_init
                0x0000000000015573                blake2sp_init_key
                0x000000000001570b                blake2sp_update
                0x00000000000158be                blake2sp_final
                0x0000000000015a5a                blake2sp
 .text          0x0000000000015dbc      0x6a1 C:\GitHub\BlockyOS\Build\Build-2026-05-18-07\objs\UEFI.c.blake2xb-ref.o
                0x0000000000015e9c                blake2xb_init
                0x0000000000015ec8                blake2xb_init_key
                0x00000000000160f5                blake2xb_update
                0x0000000000016122                blake2xb_final
                0x0000000000016342                blake2xb
 .text          0x000000000001645d      0x64c C:\GitHub\BlockyOS\Build\Build-2026-05-18-07\objs\UEFI.c.blake2xs-ref.o
                0x000000000001655d                blake2xs_init
                0x0000000000016589                blake2xs_init_key
                0x000000000001673e                blake2xs_update
                0x000000000001676b                blake2xs_final
                0x000000000001698e                blake2xs
 .text          0x0000000000016aa9      0xd4f C:\GitHub\BlockyOS\Build\Build-2026-05-18-07\objs\UEFI.c.execload.o
                0x0000000000016aa9                srchSecRelocTable
                0x0000000000016bd6                srchSymbol
                0x0000000000016d41                srchSecSymTable
                0x0000000000016e6e                loadSection
                0x0000000000016f34                __resolve
 .text          0x00000000000177f8      0x202 C:\GitHub\BlockyOS\Build\Build-2026-05-18-07\objs\UEFI.c.socket.o
                0x00000000000177f8                socketopen
 .text          0x00000000000179fa      0xf1a C:\GitHub\BlockyOS\Build\Build-2026-05-18-07\objs\UEFI.c.sockets.o
                0x00000000000179fa                __fhandle_sckwrite
                0x0000000000017c13                __fhandle_sckread
                0x0000000000017e43                __fhandle_sckclose
                0x0000000000017f1d                __fhandle_sckOPENchild
                0x0000000000018286                __froot_sckread
                0x0000000000018312                __froot_sckwrite
                0x000000000001839e                __froot_sckclose
                0x000000000001847f                __froot_sckOPENchild
                0x00000000000186e6                __froot_sckopen
 .text          0x0000000000018914      0xef4 C:\GitHub\BlockyOS\Build\Build-2026-05-18-07\objs\UEFI.c.tools.o
                0x0000000000018914                _GUIDtoSTR
                0x000000000001895c                prGUID
                0x00000000000189c8                strcheck
                0x0000000000018a1b                strchecki
                0x0000000000018a6f                __memdup
                0x0000000000018aac                isascii
                0x0000000000018ac0                __getfcode
                0x0000000000018ba7                readbuf
                0x0000000000018ca0                strtok_i
                0x0000000000018d46                strtok_k
                0x0000000000018f3a                strtok_d
                0x0000000000018f84                trng__
                0x000000000001901c                tolower
                0x0000000000019032                isdigit
                0x000000000001905c                str_tolower
                0x00000000000190d6                match_rec
                0x000000000001920a                makeGPTeNSTR
                0x0000000000019287                __pattmatch
                0x000000000001939f                __realloc
                0x00000000000193cc                __calloc
                0x00000000000193ef                __memset
                0x0000000000019421                __memcpy
                0x000000000001944f                __strlen
                0x0000000000019482                __strdup
                0x00000000000194ce                __strspn
                0x0000000000019538                __memcmp
                0x0000000000019565                getDriveMediaID
                0x00000000000196db                ValidateImageHandle
                0x0000000000019737                IsPartition
                0x00000000000197a9                GetDevicePath
 .text          0x0000000000019808      0x2db C:\GitHub\BlockyOS\Build\Build-2026-05-18-07\objs\UEFI.c.boot.o
                0x0000000000019808                libinit
                0x00000000000198b5                efi_main
 .text          0x0000000000019ae3      0x9a7 C:\GitHub\BlockyOS\Build\Build-2026-05-18-07\objs\UEFI.c.bthelper.o
                0x0000000000019ae3                ProcessNode
                0x0000000000019c42                BuildDeviceTree
                0x0000000000019d1b                DebugDevicePath
                0x0000000000019dca                DescribeDeviceNode
                0x000000000001a161                getDevPath
                0x000000000001a209                loadDNodes
 .text          0x000000000001a48a        0x0 C:\GitHub\BlockyOS\compile\toolchain\gnu-efi-build\x86_64\/lib/\libefi.a(data.o)
 *fill*         0x000000000001a48a        0x6 
 .text          0x000000000001a490      0x13a C:\GitHub\BlockyOS\compile\toolchain\gnu-efi-build\x86_64\/lib/\libefi.a(entry.o)
                0x000000000001a490                _entry
 *fill*         0x000000000001a5ca        0x6 
 .text          0x000000000001a5d0      0x11c C:\GitHub\BlockyOS\compile\toolchain\gnu-efi-build\x86_64\/lib/\libefi.a(guid.o)
                0x000000000001a5d0                InitializeGuid
                0x000000000001a5e0                CompareGuid_1
                0x000000000001a5f0                IsZeroGuid
                0x000000000001a600                GuidToString
 *fill*         0x000000000001a6ec        0x4 
 .text          0x000000000001a6f0      0x304 C:\GitHub\BlockyOS\compile\toolchain\gnu-efi-build\x86_64\/lib/\libefi.a(init.o)
                0x000000000001a6f0                InitializeUnicodeSupport
                0x000000000001a7e0                EFIDebugVariable
                0x000000000001a830                InitializeLib
                0x000000000001a930                memset
                0x000000000001a9d0                memcpy
 *fill*         0x000000000001a9f4        0xc 
 .text          0x000000000001aa00      0xa6d C:\GitHub\BlockyOS\compile\toolchain\gnu-efi-build\x86_64\/lib/\libefi.a(misc.o)
                0x000000000001aa00                AllocatePool
                0x000000000001aa30                AllocateZeroPool
                0x000000000001aa90                ReallocatePool_1
                0x000000000001ab40                FreePool
                0x000000000001ab60                ZeroMem
                0x000000000001ab70                SetMem
                0x000000000001ab80                CopyMem_1
                0x000000000001ab90                CopyMemC
                0x000000000001aba0                CompareMem
                0x000000000001abb0                GrowBuffer
                0x000000000001aca0                LibMemoryMap
                0x000000000001ad90                LibGetVariableAndSize
                0x000000000001ae70                LibGetVariable
                0x000000000001ae90                LibDeleteVariable
                0x000000000001af10                LibSetNVVariable
                0x000000000001af40                LibSetVariable
                0x000000000001af70                LibInsertToTailOfBootOrder
                0x000000000001b110                ValidMBR
                0x000000000001b2d0                DecimaltoBCD
                0x000000000001b2e0                BCDtoDecimal
                0x000000000001b2f0                LibGetSystemConfigurationTable
                0x000000000001b3a0                LibGetUiString
 *fill*         0x000000000001b46d       0x13 
 .text          0x000000000001b480      0x63d C:\GitHub\BlockyOS\compile\toolchain\gnu-efi-build\x86_64\/lib/\libefi.a(str.o)
                0x000000000001b480                StrCmp
                0x000000000001b490                StrnCmp
                0x000000000001b4e0                LibStubStriCmp
                0x000000000001b580                LibStubStrLwrUpr
                0x000000000001b590                StriCmp
                0x000000000001b5b0                StrLwr
                0x000000000001b5d0                StrUpr
                0x000000000001b5f0                StrCpy
                0x000000000001b600                StrnCpy
                0x000000000001b610                StpCpy
                0x000000000001b620                StpnCpy
                0x000000000001b630                StrCat
                0x000000000001b640                StrnCat
                0x000000000001b650                StrnLen
                0x000000000001b660                StrLen
                0x000000000001b670                StrSize
                0x000000000001b680                StrDuplicate
                0x000000000001b6d0                AsciiStrLen
                0x000000000001b700                AsciiStrCmp
                0x000000000001b760                AsciiStrnCmp
                0x000000000001b7b0                xtoi
                0x000000000001b870                Atoi
                0x000000000001b8d0                MetaMatch
                0x000000000001ba00                LibStubMetaiMatch
                0x000000000001baa0                MetaiMatch
 *fill*         0x000000000001babd        0x3 
 .text          0x000000000001bac0      0x26c C:\GitHub\BlockyOS\compile\toolchain\gnu-efi-build\x86_64\/lib/\libefi.a(efirtlib.o)
                0x000000000001bac0                RtZeroMem
                0x000000000001bb50                RtSetMem
                0x000000000001bc00                RtCopyMem
                0x000000000001bc90                RtCopyMemC
                0x000000000001bca0                RtCompareMem
                0x000000000001bcf0                RtCompareGuid
                0x000000000001bd20                RtIsZeroGuid
 *fill*         0x000000000001bd2c       0x14 
 .text          0x000000000001bd40      0x393 C:\GitHub\BlockyOS\compile\toolchain\gnu-efi-build\x86_64\/lib/\libefi.a(rtstr.o)
                0x000000000001bd40                RtStrCmp
                0x000000000001bda0                RtStrCpy
                0x000000000001bde0                RtStrnCpy
                0x000000000001be60                RtStpCpy
                0x000000000001bea0                RtStpnCpy
                0x000000000001bf30                RtStrCat
                0x000000000001bf80                RtStrnCat
                0x000000000001c010                RtStrLen
                0x000000000001c040                RtStrnLen
                0x000000000001c070                RtStrSize
                0x000000000001c0a0                RtBCDtoDecimal
                0x000000000001c0b0                RtDecimaltoBCD
 .text          0x000000000001c0d3        0x0 C:\GitHub\BlockyOS\compile\toolchain\gnu-efi-build\x86_64\/lib/\libefi.a(rtdata.o)
 *fill*         0x000000000001c0d3        0xd 
 .text          0x000000000001c0e0        0x1 C:\GitHub\BlockyOS\compile\toolchain\gnu-efi-build\x86_64\/lib/\libefi.a(initplat.o)
                0x000000000001c0e0                InitializeLibPlatform
 *fill*         0x000000000001c0e1       0x1f 
 .text          0x000000000001c100     0x2097 C:\GitHub\BlockyOS\compile\toolchain\gnu-efi-build\x86_64\/lib/\libefi.a(print.o)
                0x000000000001c100                _DbgOut
                0x000000000001c120                _SPrint
                0x000000000001c230                _PoolPrint
                0x000000000001c5c0                UnicodeSPrint
                0x000000000001c640                AsciiSPrint
                0x000000000001c6c0                PoolPrint
                0x000000000001c750                CatPrint
                0x000000000001c800                Print
                0x000000000001c8b0                PrintAt
                0x000000000001c950                IPrint
                0x000000000001c9f0                IPrintAt
                0x000000000001ca80                AsciiPrint
                0x000000000001cb30                ValueToHex
                0x000000000001cb50                ValueToString
                0x000000000001cb70                FloatToString
                0x000000000001cca0                TimeToString
                0x000000000001cd40                DbgPrint
                0x000000000001dfb0                DumpHex
 *fill*         0x000000000001e197       0x29 
 .text          0x000000000001e1c0     0x1225 C:\GitHub\BlockyOS\compile\toolchain\gnu-efi-build\x86_64\/lib/\libefi.a(va_print.o)
                0x000000000001f0b0                _PoolCatPrint
                0x000000000001f130                UnicodeVSPrint
                0x000000000001f170                VPoolPrint
                0x000000000001f1c0                _IPrint
                0x000000000001f2c0                VPrint
                0x000000000001f2f0                AsciiVSPrint
 .text          0x000000000001f3e5      0x17b C:\GitHub\BlockyOS\compile\toolchain\gnu-efi-build\x86_64\/lib/\libefi.a(efi_stub.o)
                0x000000000001f3e5                efi_call0
                0x000000000001f3f0                efi_call1
                0x000000000001f3fe                efi_call2
                0x000000000001f40c                efi_call3
                0x000000000001f41d                efi_call4
                0x000000000001f431                efi_call5
                0x000000000001f44a                efi_call6
                0x000000000001f46d                efi_call7
                0x000000000001f49a                efi_call8
                0x000000000001f4d1                efi_call9
                0x000000000001f512                efi_call10
 .text          0x000000000001f560      0x11d C:\GitHub\BlockyOS\compile\toolchain\gnu-efi-build\x86_64\/lib/\libefi.a(console.o)
                0x000000000001f560                Output
                0x000000000001f580                IInput
                0x000000000001f660                Input
 *fill*         0x000000000001f67d        0x3 
 .text          0x000000000001f680     0x17ea C:\GitHub\BlockyOS\compile\toolchain\gnu-efi-build\x86_64\/lib/\libefi.a(dpath.o)
                0x0000000000020510                DevicePathFromHandle
                0x0000000000020550                DevicePathInstance
                0x0000000000020630                DevicePathInstanceCount
                0x0000000000020670                DevicePathSize
                0x00000000000206a0                DuplicateDevicePath
                0x0000000000020710                AppendDevicePath
                0x0000000000020880                AppendDevicePathNode
                0x0000000000020910                FileDevicePath
                0x00000000000209c0                UnpackDevicePath
                0x0000000000020ab0                AppendDevicePathInstance
                0x0000000000020bc0                LibDevicePathToInterface
                0x0000000000020c50                DevicePathToStr
                0x0000000000020d80                LibMatchDevicePaths
                0x0000000000020e00                LibDuplicateDevicePathInstance
 *fill*         0x0000000000020e6a       0x16 
 .text          0x0000000000020e80       0x50 C:\GitHub\BlockyOS\compile\toolchain\gnu-efi-build\x86_64\/lib/\libefi.a(error.o)
                0x0000000000020e80                StatusToString
 .text          0x0000000000020ed0      0x1e6 C:\GitHub\BlockyOS\compile\toolchain\gnu-efi-build\x86_64\/lib/\libefi.a(event.o)
                0x0000000000020ed0                LibCreateProtocolNotifyEvent
                0x0000000000020f50                WaitForSingleEvent
                0x0000000000021020                WaitForEventWithTimeout
 *fill*         0x00000000000210b6        0xa 
 .text          0x00000000000210c0      0x9cf C:\GitHub\BlockyOS\compile\toolchain\gnu-efi-build\x86_64\/lib/\libefi.a(hand.o)
                0x00000000000210c0                LibLocateHandle
                0x0000000000021170                LibLocateProtocol
                0x0000000000021210                LibLocateHandleByDiskSignature
                0x00000000000214f0                LibOpenRoot
                0x0000000000021540                LibFileInfo
                0x00000000000215b0                LibFileSystemInfo
                0x0000000000021620                LibFileSystemVolumeLabelInfo
                0x0000000000021690                LibInstallProtocolInterfaces
                0x0000000000021820                LibUninstallProtocolInterfaces
                0x00000000000218d0                LibReinstallProtocolInterfaces
 *fill*         0x0000000000021a8f        0x1 
 .text          0x0000000000021a90       0x4c C:\GitHub\BlockyOS\compile\toolchain\gnu-efi-build\x86_64\/lib/\libefi.a(math.o)
                0x0000000000021a90                LShiftU64
                0x0000000000021aa0                RShiftU64
                0x0000000000021ab0                MultU64x32
                0x0000000000021ac0                DivU64x32
 *fill*         0x0000000000021adc        0x4 
 .text          0x0000000000021ae0       0xbb C:\GitHub\BlockyOS\compile\toolchain\gnu-efi-build\x86_64\/lib/\libgnuefi.a(reloc_x86_64.o)
                0x0000000000021ae0                _relocate
 *(.text.*)
 *(.gnu.linkonce.t.*)
 *(.plt)
                0x0000000000021ba0                . = ALIGN (0x10)
 *fill*         0x0000000000021b9b        0x5 
                0x0000000000021ba0                _etext = .
                0x000000000001eba0                _text_size = (_etext - _text)

.iplt           0x0000000000021ba0        0x0
 .iplt          0x0000000000021ba0        0x0 C:\GitHub\BlockyOS\compile\toolchain\gnu-efi-build\x86_64\lib/crt0-efi-x86_64.o

.rela.dyn       0x0000000000021ba0        0x0
 .rela.iplt     0x0000000000021ba0        0x0 C:\GitHub\BlockyOS\compile\toolchain\gnu-efi-build\x86_64\lib/crt0-efi-x86_64.o
                0x0000000000022000                . = ALIGN (0x1000)

.data           0x0000000000022000     0x10a8
                0x0000000000022000                _data = .
 *(.got.plt)
 .got.plt       0x0000000000022000        0x0 C:\GitHub\BlockyOS\compile\toolchain\gnu-efi-build\x86_64\lib/crt0-efi-x86_64.o
 *(.got)
 .got           0x0000000000022000        0x0 C:\GitHub\BlockyOS\compile\toolchain\gnu-efi-build\x86_64\lib/crt0-efi-x86_64.o
 *(.data*)
 .data          0x0000000000022000        0x8 C:\GitHub\BlockyOS\compile\toolchain\gnu-efi-build\x86_64\lib/crt0-efi-x86_64.o
 .data          0x0000000000022008        0x0 C:\GitHub\BlockyOS\Build\Build-2026-05-18-07\objs\UEFI.c.frat.o
 .data          0x0000000000022008        0x0 C:\GitHub\BlockyOS\Build\Build-2026-05-18-07\objs\UEFI.c.raw.o
 .data          0x0000000000022008        0x0 C:\GitHub\BlockyOS\Build\Build-2026-05-18-07\objs\UEFI.c.blake2b-ref.o
 .data.rel.ro   0x0000000000022008        0x8 C:\GitHub\BlockyOS\Build\Build-2026-05-18-07\objs\UEFI.c.blake2b-ref.o
 .data          0x0000000000022010        0x0 C:\GitHub\BlockyOS\Build\Build-2026-05-18-07\objs\UEFI.c.blake2bp-ref.o
 .data.rel.ro   0x0000000000022010        0x8 C:\GitHub\BlockyOS\Build\Build-2026-05-18-07\objs\UEFI.c.blake2bp-ref.o
 .data          0x0000000000022018        0x0 C:\GitHub\BlockyOS\Build\Build-2026-05-18-07\objs\UEFI.c.blake2s-ref.o
 .data.rel.ro   0x0000000000022018        0x8 C:\GitHub\BlockyOS\Build\Build-2026-05-18-07\objs\UEFI.c.blake2s-ref.o
 .data          0x0000000000022020        0x0 C:\GitHub\BlockyOS\Build\Build-2026-05-18-07\objs\UEFI.c.blake2sp-ref.o
 .data.rel.ro   0x0000000000022020        0x8 C:\GitHub\BlockyOS\Build\Build-2026-05-18-07\objs\UEFI.c.blake2sp-ref.o
 .data          0x0000000000022028        0x0 C:\GitHub\BlockyOS\Build\Build-2026-05-18-07\objs\UEFI.c.blake2xb-ref.o
 .data.rel.ro   0x0000000000022028        0x8 C:\GitHub\BlockyOS\Build\Build-2026-05-18-07\objs\UEFI.c.blake2xb-ref.o
 .data          0x0000000000022030        0x0 C:\GitHub\BlockyOS\Build\Build-2026-05-18-07\objs\UEFI.c.blake2xs-ref.o
 .data.rel.ro   0x0000000000022030        0x8 C:\GitHub\BlockyOS\Build\Build-2026-05-18-07\objs\UEFI.c.blake2xs-ref.o
 .data          0x0000000000022038        0x0 C:\GitHub\BlockyOS\Build\Build-2026-05-18-07\objs\UEFI.c.execload.o
 *fill*         0x0000000000022038        0x8 
 .data.rel.ro.local
                0x0000000000022040       0x90 C:\GitHub\BlockyOS\Build\Build-2026-05-18-07\objs\UEFI.c.execload.o
 .data          0x00000000000220d0        0x0 C:\GitHub\BlockyOS\Build\Build-2026-05-18-07\objs\UEFI.c.socket.o
 *fill*         0x00000000000220d0       0x10 
 .data.rel.ro.local
                0x00000000000220e0       0x90 C:\GitHub\BlockyOS\Build\Build-2026-05-18-07\objs\UEFI.c.socket.o
 .data          0x0000000000022170        0x0 C:\GitHub\BlockyOS\Build\Build-2026-05-18-07\objs\UEFI.c.sockets.o
 *fill*         0x0000000000022170       0x10 
 .data.rel.ro.local
                0x0000000000022180       0x90 C:\GitHub\BlockyOS\Build\Build-2026-05-18-07\objs\UEFI.c.sockets.o
 .data          0x0000000000022210        0x0 C:\GitHub\BlockyOS\Build\Build-2026-05-18-07\objs\UEFI.c.tools.o
 .data          0x0000000000022210        0x0 C:\GitHub\BlockyOS\Build\Build-2026-05-18-07\objs\UEFI.c.boot.o
 *fill*         0x0000000000022210       0x10 
 .data.rel.ro.local
                0x0000000000022220       0x90 C:\GitHub\BlockyOS\Build\Build-2026-05-18-07\objs\UEFI.c.boot.o
 .data          0x00000000000222b0        0x1 C:\GitHub\BlockyOS\Build\Build-2026-05-18-07\objs\UEFI.c.bthelper.o
 *fill*         0x00000000000222b1        0xf 
 .data.rel.ro.local
                0x00000000000222c0       0x90 C:\GitHub\BlockyOS\Build\Build-2026-05-18-07\objs\UEFI.c.bthelper.o
 .data          0x0000000000022350      0x4f0 C:\GitHub\BlockyOS\compile\toolchain\gnu-efi-build\x86_64\/lib/\libefi.a(data.o)
                0x0000000000022350                ShellDynamicCommandProtocolGuid
                0x0000000000022360                ShellParametersProtocolGuid
                0x0000000000022370                ShellProtocolGuid
                0x0000000000022380                SimpleTextInputExProtocol
                0x0000000000022390                gEfiDebugSupportProtocolGuid
                0x00000000000223a0                gEfiDebugImageInfoTableGuid
                0x00000000000223b0                AbsolutePointerProtocol
                0x00000000000223c0                SimplePointerProtocol
                0x00000000000223d0                Tcp4Protocol
                0x00000000000223e0                Tcp4ServiceBindingProtocol
                0x00000000000223f0                Udp4Protocol
                0x0000000000022400                Udp4ServiceBindingProtocol
                0x0000000000022410                Ip4Protocol
                0x0000000000022420                Ip4ServiceBindingProtocol
                0x0000000000022430                EfiDtbTableGuid
                0x0000000000022440                SalSystemTableGuid
                0x0000000000022450                gEfiSmbios3TableGuid
                0x0000000000022460                gEfiSmbiosTableGuid
                0x0000000000022470                AcpiTableGuid
                0x0000000000022480                MpsTableGuid
                0x0000000000022490                UnknownDevice
                0x00000000000224a0                EfiPartTypeLegacyMbrGuid
                0x00000000000224b0                EfiPartTypeSystemPartitionGuid
                0x00000000000224c0                gEfiVTUTF8Guid
                0x00000000000224d0                gEfiVT100PlusGuid
                0x00000000000224e0                gEfiVT100Guid
                0x00000000000224f0                gEfiPcAnsiGuid
                0x0000000000022500                AdapterDebugProtocol
                0x0000000000022510                gEfiEdidOverrideProtocolGuid
                0x0000000000022520                gEfiEdidActiveProtocolGuid
                0x0000000000022530                gEfiEdidDiscoveredProtocolGuid
                0x0000000000022540                gEfiGraphicsOutputProtocolGuid
                0x0000000000022550                TextInSpliterProtocol
                0x0000000000022560                ErrorOutSpliterProtocol
                0x0000000000022570                TextOutSpliterProtocol
                0x0000000000022580                VgaClassProtocol
                0x0000000000022590                LegacyBootProtocol
                0x00000000000225a0                VariableStoreProtocol
                0x00000000000225b0                InternalShellProtocol
                0x00000000000225c0                gEfiMpServicesProtocolGuid
                0x00000000000225d0                gEfiFileSystemVolumeLabelInfoIdGuid
                0x00000000000225e0                gEfiFileSystemInfoGuid
                0x00000000000225f0                gEfiFileInfoGuid
                0x0000000000022600                gEfiEbcProtocolGuid
                0x0000000000022610                gEfiDriverFamilyOverrideProtocolGuid
                0x0000000000022620                gEfiBusSpecificDriverOverrideProtocolGuid
                0x0000000000022630                gEfiPlatformDriverOverrideProtocolGuid
                0x0000000000022640                gEfiHashProtocolGuid
                0x0000000000022650                gEfiComponentName2ProtocolGuid
                0x0000000000022660                gEfiComponentNameProtocolGuid
                0x0000000000022670                gEfiDriverBindingProtocolGuid
                0x0000000000022680                gEfiPciRootBridgeIoProtocolGuid
                0x0000000000022690                gEfiPciIoProtocolGuid
                0x00000000000226a0                gEFiUiInterfaceProtocolGuid
                0x00000000000226b0                gEfiNetworkInterfaceIdentifierProtocolGuid
                0x00000000000226c0                gEfiPxeBaseCodeCallbackProtocolGuid
                0x00000000000226d0                gEfiPxeBaseCodeProtocolGuid
                0x00000000000226e0                gEfiSimpleNetworkProtocolGuid
                0x00000000000226f0                gEfiSerialIoProtocolGuid
                0x0000000000022700                gEfiUnicodeCollationProtocolGuid
                0x0000000000022710                gEfiDeviceIoProtocolGuid
                0x0000000000022720                gEfiLoadFile2ProtocolGuid
                0x0000000000022730                gEfiLoadFileProtocolGuid
                0x0000000000022740                gEfiLoadedImageDevicePathProtocolGuid
                0x0000000000022750                gEfiSimpleFileSystemProtocolGuid
                0x0000000000022760                gEfiDxeServicesTableGuid
                0x0000000000022770                gEfiDiskIo2ProtocolGuid
                0x0000000000022780                gEfiDiskIoProtocolGuid
                0x0000000000022790                gEfiBlockIo2ProtocolGuid
                0x00000000000227a0                gEfiBlockIoProtocolGuid
                0x00000000000227b0                gEfiSimpleTextOutProtocolGuid
                0x00000000000227c0                gEfiSimpleTextInProtocolGuid
                0x00000000000227d0                gEfiLoadedImageProtocolGuid
                0x00000000000227e0                gEfiDevicePathUtilitiesProtocolGuid
                0x00000000000227f0                gEfiDevicePathFromTextProtocolGuid
                0x0000000000022800                gEfiDevicePathToTextProtocolGuid
                0x0000000000022810                gEfiDevicePathProtocolGuid
                0x0000000000022820                gEfiGlobalVariableGuid
                0x0000000000022830                EndInstanceDevicePath
                0x0000000000022834                EndDevicePath
                0x0000000000022838                RootDevicePath
                0x000000000002283c                PoolAllocationType
 .data.rel.local
                0x0000000000022840       0x58 C:\GitHub\BlockyOS\compile\toolchain\gnu-efi-build\x86_64\/lib/\libefi.a(data.o)
                0x0000000000022840                UnicodeInterface
                0x0000000000022860                LibStubUnicodeInterface
 .data          0x0000000000022898        0x0 C:\GitHub\BlockyOS\compile\toolchain\gnu-efi-build\x86_64\/lib/\libefi.a(entry.o)
 *fill*         0x0000000000022898        0x8 
 .data          0x00000000000228a0       0x50 C:\GitHub\BlockyOS\compile\toolchain\gnu-efi-build\x86_64\/lib/\libefi.a(guid.o)
 *fill*         0x00000000000228f0       0x10 
 .data.rel.ro.local
                0x0000000000022900      0x2c0 C:\GitHub\BlockyOS\compile\toolchain\gnu-efi-build\x86_64\/lib/\libefi.a(guid.o)
 .data          0x0000000000022bc0        0x0 C:\GitHub\BlockyOS\compile\toolchain\gnu-efi-build\x86_64\/lib/\libefi.a(init.o)
 .data          0x0000000000022bc0        0x0 C:\GitHub\BlockyOS\compile\toolchain\gnu-efi-build\x86_64\/lib/\libefi.a(misc.o)
 .data          0x0000000000022bc0        0x0 C:\GitHub\BlockyOS\compile\toolchain\gnu-efi-build\x86_64\/lib/\libefi.a(str.o)
 .data          0x0000000000022bc0        0x0 C:\GitHub\BlockyOS\compile\toolchain\gnu-efi-build\x86_64\/lib/\libefi.a(efirtlib.o)
 .data          0x0000000000022bc0        0x0 C:\GitHub\BlockyOS\compile\toolchain\gnu-efi-build\x86_64\/lib/\libefi.a(rtstr.o)
 .data          0x0000000000022bc0        0x8 C:\GitHub\BlockyOS\compile\toolchain\gnu-efi-build\x86_64\/lib/\libefi.a(rtdata.o)
                0x0000000000022bc0                EFIDebug
 .data          0x0000000000022bc8        0x0 C:\GitHub\BlockyOS\compile\toolchain\gnu-efi-build\x86_64\/lib/\libefi.a(initplat.o)
 .data          0x0000000000022bc8        0x0 C:\GitHub\BlockyOS\compile\toolchain\gnu-efi-build\x86_64\/lib/\libefi.a(print.o)
 .data          0x0000000000022bc8        0x0 C:\GitHub\BlockyOS\compile\toolchain\gnu-efi-build\x86_64\/lib/\libefi.a(va_print.o)
 .data          0x0000000000022bc8        0x0 C:\GitHub\BlockyOS\compile\toolchain\gnu-efi-build\x86_64\/lib/\libefi.a(efi_stub.o)
 .data          0x0000000000022bc8        0x0 C:\GitHub\BlockyOS\compile\toolchain\gnu-efi-build\x86_64\/lib/\libefi.a(console.o)
 .data          0x0000000000022bc8        0x0 C:\GitHub\BlockyOS\compile\toolchain\gnu-efi-build\x86_64\/lib/\libefi.a(dpath.o)
 *fill*         0x0000000000022bc8       0x18 
 .data.rel.local
                0x0000000000022be0      0x1c0 C:\GitHub\BlockyOS\compile\toolchain\gnu-efi-build\x86_64\/lib/\libefi.a(dpath.o)
                0x0000000000022be0                DevPathTable
 .data          0x0000000000022da0        0x0 C:\GitHub\BlockyOS\compile\toolchain\gnu-efi-build\x86_64\/lib/\libefi.a(error.o)
 .data.rel.local
                0x0000000000022da0      0x2a0 C:\GitHub\BlockyOS\compile\toolchain\gnu-efi-build\x86_64\/lib/\libefi.a(error.o)
                0x0000000000022da0                ErrorCodeTable
 .data          0x0000000000023040        0x0 C:\GitHub\BlockyOS\compile\toolchain\gnu-efi-build\x86_64\/lib/\libefi.a(event.o)
 .data          0x0000000000023040        0x0 C:\GitHub\BlockyOS\compile\toolchain\gnu-efi-build\x86_64\/lib/\libefi.a(hand.o)
 .data          0x0000000000023040        0x0 C:\GitHub\BlockyOS\compile\toolchain\gnu-efi-build\x86_64\/lib/\libefi.a(math.o)
 .data          0x0000000000023040        0x0 C:\GitHub\BlockyOS\compile\toolchain\gnu-efi-build\x86_64\/lib/\libgnuefi.a(reloc_x86_64.o)
 *(.sdata)
                0x0000000000023040                . = ALIGN (0x10)
                0x0000000000023040                __init_array_start = .
 *(SORT_BY_NAME(.init_array.*))
 *(.init_array)
                0x0000000000023040                __init_array_end = .
                0x0000000000023040                . = ALIGN (0x10)
                0x0000000000023040                __CTOR_LIST__ = .
 *(SORT_BY_NAME(.ctors.*))
 *(.ctors)
                0x0000000000023040                __CTOR_END__ = .
                0x0000000000023040                . = ALIGN (0x10)
                0x0000000000023040                __DTOR_LIST__ = .
 *(SORT_BY_NAME(.dtors.*))
 *(.dtors)
                0x0000000000023040                __DTOR_END__ = .
                0x0000000000023040                . = ALIGN (0x10)
                0x0000000000023040                __fini_array_start = .
 *(SORT_BY_NAME(.fini_array.*))
 *(.fini_array)
                0x0000000000023040                __fini_array_end = .
 *(.sbss)
 *(.scommon)
 *(.dynbss)
 *(.bss*)
 .bss           0x0000000000023040        0x0 C:\GitHub\BlockyOS\compile\toolchain\gnu-efi-build\x86_64\lib/crt0-efi-x86_64.o
 .bss           0x0000000000023040        0x0 C:\GitHub\BlockyOS\Build\Build-2026-05-18-07\objs\UEFI.c.frat.o
 .bss           0x0000000000023040        0x0 C:\GitHub\BlockyOS\Build\Build-2026-05-18-07\objs\UEFI.c.raw.o
 .bss           0x0000000000023040        0x0 C:\GitHub\BlockyOS\Build\Build-2026-05-18-07\objs\UEFI.c.blake2b-ref.o
 .bss           0x0000000000023040        0x0 C:\GitHub\BlockyOS\Build\Build-2026-05-18-07\objs\UEFI.c.blake2bp-ref.o
 .bss           0x0000000000023040        0x0 C:\GitHub\BlockyOS\Build\Build-2026-05-18-07\objs\UEFI.c.blake2s-ref.o
 .bss           0x0000000000023040        0x0 C:\GitHub\BlockyOS\Build\Build-2026-05-18-07\objs\UEFI.c.blake2sp-ref.o
 .bss           0x0000000000023040        0x0 C:\GitHub\BlockyOS\Build\Build-2026-05-18-07\objs\UEFI.c.blake2xb-ref.o
 .bss           0x0000000000023040        0x0 C:\GitHub\BlockyOS\Build\Build-2026-05-18-07\objs\UEFI.c.blake2xs-ref.o
 .bss           0x0000000000023040        0x0 C:\GitHub\BlockyOS\Build\Build-2026-05-18-07\objs\UEFI.c.execload.o
 .bss           0x0000000000023040        0x0 C:\GitHub\BlockyOS\Build\Build-2026-05-18-07\objs\UEFI.c.socket.o
 .bss           0x0000000000023040        0x0 C:\GitHub\BlockyOS\Build\Build-2026-05-18-07\objs\UEFI.c.sockets.o
 .bss           0x0000000000023040        0x0 C:\GitHub\BlockyOS\Build\Build-2026-05-18-07\objs\UEFI.c.tools.o
 .bss           0x0000000000023040        0x0 C:\GitHub\BlockyOS\Build\Build-2026-05-18-07\objs\UEFI.c.boot.o
 .bss           0x0000000000023040        0x0 C:\GitHub\BlockyOS\Build\Build-2026-05-18-07\objs\UEFI.c.bthelper.o
 .bss           0x0000000000023040       0x29 C:\GitHub\BlockyOS\compile\toolchain\gnu-efi-build\x86_64\/lib/\libefi.a(data.o)
                0x0000000000023040                gZeroGuid
                0x0000000000023050                BS
                0x0000000000023058                ST
                0x0000000000023060                LibImageHandle
                0x0000000000023068                LibInitialized
 .bss           0x0000000000023069        0x0 C:\GitHub\BlockyOS\compile\toolchain\gnu-efi-build\x86_64\/lib/\libefi.a(entry.o)
 *fill*         0x0000000000023069        0x7 
 .bss           0x0000000000023070       0x10 C:\GitHub\BlockyOS\compile\toolchain\gnu-efi-build\x86_64\/lib/\libefi.a(guid.o)
                0x0000000000023070                GuidList
 .bss           0x0000000000023080        0x0 C:\GitHub\BlockyOS\compile\toolchain\gnu-efi-build\x86_64\/lib/\libefi.a(init.o)
 .bss           0x0000000000023080        0x0 C:\GitHub\BlockyOS\compile\toolchain\gnu-efi-build\x86_64\/lib/\libefi.a(misc.o)
 .bss           0x0000000000023080        0x0 C:\GitHub\BlockyOS\compile\toolchain\gnu-efi-build\x86_64\/lib/\libefi.a(str.o)
 .bss           0x0000000000023080        0x0 C:\GitHub\BlockyOS\compile\toolchain\gnu-efi-build\x86_64\/lib/\libefi.a(efirtlib.o)
 .bss           0x0000000000023080        0x0 C:\GitHub\BlockyOS\compile\toolchain\gnu-efi-build\x86_64\/lib/\libefi.a(rtstr.o)
 .bss           0x0000000000023080       0x28 C:\GitHub\BlockyOS\compile\toolchain\gnu-efi-build\x86_64\/lib/\libefi.a(rtdata.o)
                0x0000000000023080                LibRuntimeRestoreTPL
                0x0000000000023088                LibRuntimeRaiseTPL
                0x0000000000023090                LibRuntimeDebugOut
                0x0000000000023098                LibFwInstance
                0x00000000000230a0                RT
 .bss           0x00000000000230a8        0x0 C:\GitHub\BlockyOS\compile\toolchain\gnu-efi-build\x86_64\/lib/\libefi.a(initplat.o)
 .bss           0x00000000000230a8        0x0 C:\GitHub\BlockyOS\compile\toolchain\gnu-efi-build\x86_64\/lib/\libefi.a(print.o)
 .bss           0x00000000000230a8        0x0 C:\GitHub\BlockyOS\compile\toolchain\gnu-efi-build\x86_64\/lib/\libefi.a(va_print.o)
 .bss           0x00000000000230a8        0x0 C:\GitHub\BlockyOS\compile\toolchain\gnu-efi-build\x86_64\/lib/\libefi.a(efi_stub.o)
 .bss           0x00000000000230a8        0x0 C:\GitHub\BlockyOS\compile\toolchain\gnu-efi-build\x86_64\/lib/\libefi.a(console.o)
 .bss           0x00000000000230a8        0x0 C:\GitHub\BlockyOS\compile\toolchain\gnu-efi-build\x86_64\/lib/\libefi.a(dpath.o)
 .bss           0x00000000000230a8        0x0 C:\GitHub\BlockyOS\compile\toolchain\gnu-efi-build\x86_64\/lib/\libefi.a(error.o)
 .bss           0x00000000000230a8        0x0 C:\GitHub\BlockyOS\compile\toolchain\gnu-efi-build\x86_64\/lib/\libefi.a(event.o)
 .bss           0x00000000000230a8        0x0 C:\GitHub\BlockyOS\compile\toolchain\gnu-efi-build\x86_64\/lib/\libefi.a(hand.o)
 .bss           0x00000000000230a8        0x0 C:\GitHub\BlockyOS\compile\toolchain\gnu-efi-build\x86_64\/lib/\libefi.a(math.o)
 .bss           0x00000000000230a8        0x0 C:\GitHub\BlockyOS\compile\toolchain\gnu-efi-build\x86_64\/lib/\libgnuefi.a(reloc_x86_64.o)
 *(COMMON)
 *(.rel.local)

.igot.plt       0x00000000000230a8        0x0
 .igot.plt      0x00000000000230a8        0x0 C:\GitHub\BlockyOS\compile\toolchain\gnu-efi-build\x86_64\lib/crt0-efi-x86_64.o

.note.gnu.build-id
 *(.note.gnu.build-id)
                0x00000000000230a8                _edata = .
                0x0000000000001508                _data_size = (_edata - _etext)
                0x0000000000024000                . = ALIGN (0x1000)

.reloc          0x0000000000024000        0xc
 *(.reloc)
 .reloc         0x0000000000024000        0xc C:\GitHub\BlockyOS\compile\toolchain\gnu-efi-build\x86_64\lib/crt0-efi-x86_64.o
                0x0000000000025000                . = ALIGN (0x1000)
                0x0000000000025000                _DYNAMIC = .

.dynamic
 *(.dynamic)
                0x0000000000025000                . = ALIGN (0x1000)

.rela           0x0000000000025000        0x0
 *(.rela.text*)
 .rela.text     0x0000000000025000        0x0 C:\GitHub\BlockyOS\compile\toolchain\gnu-efi-build\x86_64\lib/crt0-efi-x86_64.o
 *(.rela.data*)
 *(.rela.got)
 .rela.got      0x0000000000025000        0x0 C:\GitHub\BlockyOS\compile\toolchain\gnu-efi-build\x86_64\lib/crt0-efi-x86_64.o
 *(.rela.dyn)
 *(.rela.stab)
 *(.rela.init_array*)
 *(.rela.fini_array*)
 *(.rela.ctors*)
 *(.rela.dtors*)
                0x0000000000025000                . = ALIGN (0x1000)

.rela.plt
 *(.rela.plt)
                0x0000000000025000                . = ALIGN (0x1000)

.rodata         0x0000000000025000     0x341e
 *(.rodata*)
 .rodata        0x0000000000025000     0x11ac C:\GitHub\BlockyOS\Build\Build-2026-05-18-07\objs\UEFI.c.frat.o
 *fill*         0x00000000000261ac        0x4 
 .rodata        0x00000000000261b0      0x6aa C:\GitHub\BlockyOS\Build\Build-2026-05-18-07\objs\UEFI.c.raw.o
 *fill*         0x000000000002685a        0x6 
 .rodata        0x0000000000026860      0x100 C:\GitHub\BlockyOS\Build\Build-2026-05-18-07\objs\UEFI.c.blake2b-ref.o
 .rodata        0x0000000000026960       0xc0 C:\GitHub\BlockyOS\Build\Build-2026-05-18-07\objs\UEFI.c.blake2s-ref.o
 .rodata        0x0000000000026a20       0x15 C:\GitHub\BlockyOS\Build\Build-2026-05-18-07\objs\UEFI.c.execload.o
 *fill*         0x0000000000026a35        0x3 
 .rodata        0x0000000000026a38       0x6a C:\GitHub\BlockyOS\Build\Build-2026-05-18-07\objs\UEFI.c.socket.o
 *fill*         0x0000000000026aa2        0x6 
 .rodata        0x0000000000026aa8       0x3c C:\GitHub\BlockyOS\Build\Build-2026-05-18-07\objs\UEFI.c.sockets.o
 *fill*         0x0000000000026ae4        0x4 
 .rodata        0x0000000000026ae8       0xd8 C:\GitHub\BlockyOS\Build\Build-2026-05-18-07\objs\UEFI.c.tools.o
 .rodata        0x0000000000026bc0      0x1f4 C:\GitHub\BlockyOS\Build\Build-2026-05-18-07\objs\UEFI.c.boot.o
 *fill*         0x0000000000026db4        0x4 
 .rodata        0x0000000000026db8      0x404 C:\GitHub\BlockyOS\Build\Build-2026-05-18-07\objs\UEFI.c.bthelper.o
 *fill*         0x00000000000271bc        0x4 
 .rodata        0x00000000000271c0      0x2f8 C:\GitHub\BlockyOS\compile\toolchain\gnu-efi-build\x86_64\/lib/\libefi.a(guid.o)
 .rodata        0x00000000000274b8       0x1c C:\GitHub\BlockyOS\compile\toolchain\gnu-efi-build\x86_64\/lib/\libefi.a(init.o)
 .rodata        0x00000000000274d4       0x14 C:\GitHub\BlockyOS\compile\toolchain\gnu-efi-build\x86_64\/lib/\libefi.a(misc.o)
 *fill*         0x00000000000274e8        0x8 
 .rodata        0x00000000000274f0      0x25c C:\GitHub\BlockyOS\compile\toolchain\gnu-efi-build\x86_64\/lib/\libefi.a(print.o)
 *fill*         0x000000000002774c        0x4 
 .rodata        0x0000000000027750      0x184 C:\GitHub\BlockyOS\compile\toolchain\gnu-efi-build\x86_64\/lib/\libefi.a(va_print.o)
 .rodata        0x00000000000278d4        0x8 C:\GitHub\BlockyOS\compile\toolchain\gnu-efi-build\x86_64\/lib/\libefi.a(console.o)
 *fill*         0x00000000000278dc        0x4 
 .rodata        0x00000000000278e0      0x628 C:\GitHub\BlockyOS\compile\toolchain\gnu-efi-build\x86_64\/lib/\libefi.a(dpath.o)
 .rodata        0x0000000000027f08      0x516 C:\GitHub\BlockyOS\compile\toolchain\gnu-efi-build\x86_64\/lib/\libefi.a(error.o)
                0x0000000000029000                . = ALIGN (0x1000)

.dynsym
 *(.dynsym)
                0x0000000000029000                . = ALIGN (0x1000)

.dynstr
 *(.dynstr)
                0x0000000000029000                . = ALIGN (0x1000)

.ignored.reloc
 *(.rela.reloc)
 *(.note.GNU-stack)

.comment        0x0000000000000000       0x12
 *(.comment)
 .comment       0x0000000000000000       0x12 C:\GitHub\BlockyOS\Build\Build-2026-05-18-07\objs\UEFI.c.frat.o
                                         0x13 (size before relaxing)
 .comment       0x0000000000000012        0x0 C:\GitHub\BlockyOS\Build\Build-2026-05-18-07\objs\UEFI.c.raw.o
                                         0x13 (size before relaxing)
 .comment       0x0000000000000012        0x0 C:\GitHub\BlockyOS\Build\Build-2026-05-18-07\objs\UEFI.c.blake2b-ref.o
                                         0x13 (size before relaxing)
 .comment       0x0000000000000012        0x0 C:\GitHub\BlockyOS\Build\Build-2026-05-18-07\objs\UEFI.c.blake2bp-ref.o
                                         0x13 (size before relaxing)
 .comment       0x0000000000000012        0x0 C:\GitHub\BlockyOS\Build\Build-2026-05-18-07\objs\UEFI.c.blake2s-ref.o
                                         0x13 (size before relaxing)
 .comment       0x0000000000000012        0x0 C:\GitHub\BlockyOS\Build\Build-2026-05-18-07\objs\UEFI.c.blake2sp-ref.o
                                         0x13 (size before relaxing)
 .comment       0x0000000000000012        0x0 C:\GitHub\BlockyOS\Build\Build-2026-05-18-07\objs\UEFI.c.blake2xb-ref.o
                                         0x13 (size before relaxing)
 .comment       0x0000000000000012        0x0 C:\GitHub\BlockyOS\Build\Build-2026-05-18-07\objs\UEFI.c.blake2xs-ref.o
                                         0x13 (size before relaxing)
 .comment       0x0000000000000012        0x0 C:\GitHub\BlockyOS\Build\Build-2026-05-18-07\objs\UEFI.c.execload.o
                                         0x13 (size before relaxing)
 .comment       0x0000000000000012        0x0 C:\GitHub\BlockyOS\Build\Build-2026-05-18-07\objs\UEFI.c.socket.o
                                         0x13 (size before relaxing)
 .comment       0x0000000000000012        0x0 C:\GitHub\BlockyOS\Build\Build-2026-05-18-07\objs\UEFI.c.sockets.o
                                         0x13 (size before relaxing)
 .comment       0x0000000000000012        0x0 C:\GitHub\BlockyOS\Build\Build-2026-05-18-07\objs\UEFI.c.tools.o
                                         0x13 (size before relaxing)
 .comment       0x0000000000000012        0x0 C:\GitHub\BlockyOS\Build\Build-2026-05-18-07\objs\UEFI.c.boot.o
                                         0x13 (size before relaxing)
 .comment       0x0000000000000012        0x0 C:\GitHub\BlockyOS\Build\Build-2026-05-18-07\objs\UEFI.c.bthelper.o
                                         0x13 (size before relaxing)
 .comment       0x0000000000000012        0x0 C:\GitHub\BlockyOS\compile\toolchain\gnu-efi-build\x86_64\/lib/\libefi.a(data.o)
                                         0x13 (size before relaxing)
 .comment       0x0000000000000012        0x0 C:\GitHub\BlockyOS\compile\toolchain\gnu-efi-build\x86_64\/lib/\libefi.a(entry.o)
                                         0x13 (size before relaxing)
 .comment       0x0000000000000012        0x0 C:\GitHub\BlockyOS\compile\toolchain\gnu-efi-build\x86_64\/lib/\libefi.a(guid.o)
                                         0x13 (size before relaxing)
 .comment       0x0000000000000012        0x0 C:\GitHub\BlockyOS\compile\toolchain\gnu-efi-build\x86_64\/lib/\libefi.a(init.o)
                                         0x13 (size before relaxing)
 .comment       0x0000000000000012        0x0 C:\GitHub\BlockyOS\compile\toolchain\gnu-efi-build\x86_64\/lib/\libefi.a(misc.o)
                                         0x13 (size before relaxing)
 .comment       0x0000000000000012        0x0 C:\GitHub\BlockyOS\compile\toolchain\gnu-efi-build\x86_64\/lib/\libefi.a(str.o)
                                         0x13 (size before relaxing)
 .comment       0x0000000000000012        0x0 C:\GitHub\BlockyOS\compile\toolchain\gnu-efi-build\x86_64\/lib/\libefi.a(efirtlib.o)
                                         0x13 (size before relaxing)
 .comment       0x0000000000000012        0x0 C:\GitHub\BlockyOS\compile\toolchain\gnu-efi-build\x86_64\/lib/\libefi.a(rtstr.o)
                                         0x13 (size before relaxing)
 .comment       0x0000000000000012        0x0 C:\GitHub\BlockyOS\compile\toolchain\gnu-efi-build\x86_64\/lib/\libefi.a(rtdata.o)
                                         0x13 (size before relaxing)
 .comment       0x0000000000000012        0x0 C:\GitHub\BlockyOS\compile\toolchain\gnu-efi-build\x86_64\/lib/\libefi.a(initplat.o)
                                         0x13 (size before relaxing)
 .comment       0x0000000000000012        0x0 C:\GitHub\BlockyOS\compile\toolchain\gnu-efi-build\x86_64\/lib/\libefi.a(print.o)
                                         0x13 (size before relaxing)
 .comment       0x0000000000000012        0x0 C:\GitHub\BlockyOS\compile\toolchain\gnu-efi-build\x86_64\/lib/\libefi.a(va_print.o)
                                         0x13 (size before relaxing)
 .comment       0x0000000000000012        0x0 C:\GitHub\BlockyOS\compile\toolchain\gnu-efi-build\x86_64\/lib/\libefi.a(console.o)
                                         0x13 (size before relaxing)
 .comment       0x0000000000000012        0x0 C:\GitHub\BlockyOS\compile\toolchain\gnu-efi-build\x86_64\/lib/\libefi.a(dpath.o)
                                         0x13 (size before relaxing)
 .comment       0x0000000000000012        0x0 C:\GitHub\BlockyOS\compile\toolchain\gnu-efi-build\x86_64\/lib/\libefi.a(error.o)
                                         0x13 (size before relaxing)
 .comment       0x0000000000000012        0x0 C:\GitHub\BlockyOS\compile\toolchain\gnu-efi-build\x86_64\/lib/\libefi.a(event.o)
                                         0x13 (size before relaxing)
 .comment       0x0000000000000012        0x0 C:\GitHub\BlockyOS\compile\toolchain\gnu-efi-build\x86_64\/lib/\libefi.a(hand.o)
                                         0x13 (size before relaxing)
 .comment       0x0000000000000012        0x0 C:\GitHub\BlockyOS\compile\toolchain\gnu-efi-build\x86_64\/lib/\libefi.a(math.o)
                                         0x13 (size before relaxing)
 .comment       0x0000000000000012        0x0 C:\GitHub\BlockyOS\compile\toolchain\gnu-efi-build\x86_64\/lib/\libgnuefi.a(reloc_x86_64.o)
                                         0x13 (size before relaxing)
LOAD C:\GitHub\BlockyOS\compile\toolchain\gnu-efi-build\x86_64\lib/crt0-efi-x86_64.o
LOAD C:\GitHub\BlockyOS\Build\Build-2026-05-18-07\objs\UEFI.c.frat.o
LOAD C:\GitHub\BlockyOS\Build\Build-2026-05-18-07\objs\UEFI.c.raw.o
LOAD C:\GitHub\BlockyOS\Build\Build-2026-05-18-07\objs\UEFI.c.blake2b-ref.o
LOAD C:\GitHub\BlockyOS\Build\Build-2026-05-18-07\objs\UEFI.c.blake2bp-ref.o
LOAD C:\GitHub\BlockyOS\Build\Build-2026-05-18-07\objs\UEFI.c.blake2s-ref.o
LOAD C:\GitHub\BlockyOS\Build\Build-2026-05-18-07\objs\UEFI.c.blake2sp-ref.o
LOAD C:\GitHub\BlockyOS\Build\Build-2026-05-18-07\objs\UEFI.c.blake2xb-ref.o
LOAD C:\GitHub\BlockyOS\Build\Build-2026-05-18-07\objs\UEFI.c.blake2xs-ref.o
LOAD C:\GitHub\BlockyOS\Build\Build-2026-05-18-07\objs\UEFI.c.execload.o
LOAD C:\GitHub\BlockyOS\Build\Build-2026-05-18-07\objs\UEFI.c.socket.o
LOAD C:\GitHub\BlockyOS\Build\Build-2026-05-18-07\objs\UEFI.c.sockets.o
LOAD C:\GitHub\BlockyOS\Build\Build-2026-05-18-07\objs\UEFI.c.tools.o
LOAD C:\GitHub\BlockyOS\Build\Build-2026-05-18-07\objs\UEFI.c.boot.o
LOAD C:\GitHub\BlockyOS\Build\Build-2026-05-18-07\objs\UEFI.c.bthelper.o
LOAD C:\GitHub\BlockyOS\compile\toolchain\gnu-efi-build\x86_64\/lib/\libefi.a
LOAD C:\GitHub\BlockyOS\compile\toolchain\gnu-efi-build\x86_64\/lib/\libgnuefi.a
OUTPUT(C:\GitHub\BlockyOS\Build\Build-2026-05-18-07\objs\blob.so elf64-x86-64)

.debug_line     0x0000000000000000     0x638d
 .debug_line    0x0000000000000000       0x5b C:\GitHub\BlockyOS\compile\toolchain\gnu-efi-build\x86_64\lib/crt0-efi-x86_64.o
 .debug_line    0x000000000000005b       0x73 C:\GitHub\BlockyOS\compile\toolchain\gnu-efi-build\x86_64\/lib/\libefi.a(data.o)
 .debug_line    0x00000000000000ce      0x1ea C:\GitHub\BlockyOS\compile\toolchain\gnu-efi-build\x86_64\/lib/\libefi.a(entry.o)
 .debug_line    0x00000000000002b8      0x134 C:\GitHub\BlockyOS\compile\toolchain\gnu-efi-build\x86_64\/lib/\libefi.a(guid.o)
 .debug_line    0x00000000000003ec      0x2f9 C:\GitHub\BlockyOS\compile\toolchain\gnu-efi-build\x86_64\/lib/\libefi.a(init.o)
 .debug_line    0x00000000000006e5      0xa57 C:\GitHub\BlockyOS\compile\toolchain\gnu-efi-build\x86_64\/lib/\libefi.a(misc.o)
 .debug_line    0x000000000000113c      0x5ec C:\GitHub\BlockyOS\compile\toolchain\gnu-efi-build\x86_64\/lib/\libefi.a(str.o)
 .debug_line    0x0000000000001728      0x260 C:\GitHub\BlockyOS\compile\toolchain\gnu-efi-build\x86_64\/lib/\libefi.a(efirtlib.o)
 .debug_line    0x0000000000001988      0x451 C:\GitHub\BlockyOS\compile\toolchain\gnu-efi-build\x86_64\/lib/\libefi.a(rtstr.o)
 .debug_line    0x0000000000001dd9       0x6e C:\GitHub\BlockyOS\compile\toolchain\gnu-efi-build\x86_64\/lib/\libefi.a(rtdata.o)
 .debug_line    0x0000000000001e47       0x7f C:\GitHub\BlockyOS\compile\toolchain\gnu-efi-build\x86_64\/lib/\libefi.a(initplat.o)
 .debug_line    0x0000000000001ec6     0x15c8 C:\GitHub\BlockyOS\compile\toolchain\gnu-efi-build\x86_64\/lib/\libefi.a(print.o)
 .debug_line    0x000000000000348e      0xf2d C:\GitHub\BlockyOS\compile\toolchain\gnu-efi-build\x86_64\/lib/\libefi.a(va_print.o)
 .debug_line    0x00000000000043bb       0xb5 C:\GitHub\BlockyOS\compile\toolchain\gnu-efi-build\x86_64\/lib/\libefi.a(efi_stub.o)
 .debug_line    0x0000000000004470      0x153 C:\GitHub\BlockyOS\compile\toolchain\gnu-efi-build\x86_64\/lib/\libefi.a(console.o)
 .debug_line    0x00000000000045c3     0x1127 C:\GitHub\BlockyOS\compile\toolchain\gnu-efi-build\x86_64\/lib/\libefi.a(dpath.o)
 .debug_line    0x00000000000056ea       0xbf C:\GitHub\BlockyOS\compile\toolchain\gnu-efi-build\x86_64\/lib/\libefi.a(error.o)
 .debug_line    0x00000000000057a9      0x1ac C:\GitHub\BlockyOS\compile\toolchain\gnu-efi-build\x86_64\/lib/\libefi.a(event.o)
 .debug_line    0x0000000000005955      0x80e C:\GitHub\BlockyOS\compile\toolchain\gnu-efi-build\x86_64\/lib/\libefi.a(hand.o)
 .debug_line    0x0000000000006163       0xb2 C:\GitHub\BlockyOS\compile\toolchain\gnu-efi-build\x86_64\/lib/\libefi.a(math.o)
 .debug_line    0x0000000000006215      0x178 C:\GitHub\BlockyOS\compile\toolchain\gnu-efi-build\x86_64\/lib/\libgnuefi.a(reloc_x86_64.o)

.debug_line_str
                0x0000000000000000      0x59a
 .debug_line_str
                0x0000000000000000      0x59a C:\GitHub\BlockyOS\compile\toolchain\gnu-efi-build\x86_64\lib/crt0-efi-x86_64.o
                                         0x5d (size before relaxing)
 .debug_line_str
                0x000000000000059a        0x0 C:\GitHub\BlockyOS\compile\toolchain\gnu-efi-build\x86_64\/lib/\libefi.a(data.o)
                                        0x16f (size before relaxing)
 .debug_line_str
                0x000000000000059a        0x0 C:\GitHub\BlockyOS\compile\toolchain\gnu-efi-build\x86_64\/lib/\libefi.a(entry.o)
                                        0x175 (size before relaxing)
 .debug_line_str
                0x000000000000059a        0x0 C:\GitHub\BlockyOS\compile\toolchain\gnu-efi-build\x86_64\/lib/\libefi.a(guid.o)
                                        0x158 (size before relaxing)
 .debug_line_str
                0x000000000000059a        0x0 C:\GitHub\BlockyOS\compile\toolchain\gnu-efi-build\x86_64\/lib/\libefi.a(init.o)
                                        0x187 (size before relaxing)
 .debug_line_str
                0x000000000000059a        0x0 C:\GitHub\BlockyOS\compile\toolchain\gnu-efi-build\x86_64\/lib/\libefi.a(misc.o)
                                        0x186 (size before relaxing)
 .debug_line_str
                0x000000000000059a        0x0 C:\GitHub\BlockyOS\compile\toolchain\gnu-efi-build\x86_64\/lib/\libefi.a(str.o)
                                        0x15b (size before relaxing)
 .debug_line_str
                0x000000000000059a        0x0 C:\GitHub\BlockyOS\compile\toolchain\gnu-efi-build\x86_64\/lib/\libefi.a(efirtlib.o)
                                        0x15f (size before relaxing)
 .debug_line_str
                0x000000000000059a        0x0 C:\GitHub\BlockyOS\compile\toolchain\gnu-efi-build\x86_64\/lib/\libefi.a(rtstr.o)
                                        0x14f (size before relaxing)
 .debug_line_str
                0x000000000000059a        0x0 C:\GitHub\BlockyOS\compile\toolchain\gnu-efi-build\x86_64\/lib/\libefi.a(rtdata.o)
                                        0x17c (size before relaxing)
 .debug_line_str
                0x000000000000059a        0x0 C:\GitHub\BlockyOS\compile\toolchain\gnu-efi-build\x86_64\/lib/\libefi.a(initplat.o)
                                        0x17a (size before relaxing)
 .debug_line_str
                0x000000000000059a        0x0 C:\GitHub\BlockyOS\compile\toolchain\gnu-efi-build\x86_64\/lib/\libefi.a(print.o)
                                        0x1cf (size before relaxing)
 .debug_line_str
                0x000000000000059a        0x0 C:\GitHub\BlockyOS\compile\toolchain\gnu-efi-build\x86_64\/lib/\libefi.a(va_print.o)
                                        0x1c7 (size before relaxing)
 .debug_line_str
                0x000000000000059a        0x0 C:\GitHub\BlockyOS\compile\toolchain\gnu-efi-build\x86_64\/lib/\libefi.a(efi_stub.o)
                                         0x57 (size before relaxing)
 .debug_line_str
                0x000000000000059a        0x0 C:\GitHub\BlockyOS\compile\toolchain\gnu-efi-build\x86_64\/lib/\libefi.a(console.o)
                                        0x172 (size before relaxing)
 .debug_line_str
                0x000000000000059a        0x0 C:\GitHub\BlockyOS\compile\toolchain\gnu-efi-build\x86_64\/lib/\libefi.a(dpath.o)
                                        0x163 (size before relaxing)
 .debug_line_str
                0x000000000000059a        0x0 C:\GitHub\BlockyOS\compile\toolchain\gnu-efi-build\x86_64\/lib/\libefi.a(error.o)
                                        0x146 (size before relaxing)
 .debug_line_str
                0x000000000000059a        0x0 C:\GitHub\BlockyOS\compile\toolchain\gnu-efi-build\x86_64\/lib/\libefi.a(event.o)
                                        0x16c (size before relaxing)
 .debug_line_str
                0x000000000000059a        0x0 C:\GitHub\BlockyOS\compile\toolchain\gnu-efi-build\x86_64\/lib/\libefi.a(hand.o)
                                        0x177 (size before relaxing)
 .debug_line_str
                0x000000000000059a        0x0 C:\GitHub\BlockyOS\compile\toolchain\gnu-efi-build\x86_64\/lib/\libefi.a(math.o)
                                        0x120 (size before relaxing)
 .debug_line_str
                0x000000000000059a        0x0 C:\GitHub\BlockyOS\compile\toolchain\gnu-efi-build\x86_64\/lib/\libgnuefi.a(reloc_x86_64.o)
                                        0x1af (size before relaxing)

.debug_info     0x0000000000000000    0x1e0b3
 .debug_info    0x0000000000000000       0x28 C:\GitHub\BlockyOS\compile\toolchain\gnu-efi-build\x86_64\lib/crt0-efi-x86_64.o
 .debug_info    0x0000000000000028     0x2329 C:\GitHub\BlockyOS\compile\toolchain\gnu-efi-build\x86_64\/lib/\libefi.a(data.o)
 .debug_info    0x0000000000002351     0x1ac6 C:\GitHub\BlockyOS\compile\toolchain\gnu-efi-build\x86_64\/lib/\libefi.a(entry.o)
 .debug_info    0x0000000000003e17      0x607 C:\GitHub\BlockyOS\compile\toolchain\gnu-efi-build\x86_64\/lib/\libefi.a(guid.o)
 .debug_info    0x000000000000441e     0x1f24 C:\GitHub\BlockyOS\compile\toolchain\gnu-efi-build\x86_64\/lib/\libefi.a(init.o)
 .debug_info    0x0000000000006342     0x2f4e C:\GitHub\BlockyOS\compile\toolchain\gnu-efi-build\x86_64\/lib/\libefi.a(misc.o)
 .debug_info    0x0000000000009290      0xdba C:\GitHub\BlockyOS\compile\toolchain\gnu-efi-build\x86_64\/lib/\libefi.a(str.o)
 .debug_info    0x000000000000a04a      0x4f7 C:\GitHub\BlockyOS\compile\toolchain\gnu-efi-build\x86_64\/lib/\libefi.a(efirtlib.o)
 .debug_info    0x000000000000a541      0x710 C:\GitHub\BlockyOS\compile\toolchain\gnu-efi-build\x86_64\/lib/\libefi.a(rtstr.o)
 .debug_info    0x000000000000ac51      0xa44 C:\GitHub\BlockyOS\compile\toolchain\gnu-efi-build\x86_64\/lib/\libefi.a(rtdata.o)
 .debug_info    0x000000000000b695     0x1789 C:\GitHub\BlockyOS\compile\toolchain\gnu-efi-build\x86_64\/lib/\libefi.a(initplat.o)
 .debug_info    0x000000000000ce1e     0x37cb C:\GitHub\BlockyOS\compile\toolchain\gnu-efi-build\x86_64\/lib/\libefi.a(print.o)
 .debug_info    0x00000000000105e9     0x2bc0 C:\GitHub\BlockyOS\compile\toolchain\gnu-efi-build\x86_64\/lib/\libefi.a(va_print.o)
 .debug_info    0x00000000000131a9       0x29 C:\GitHub\BlockyOS\compile\toolchain\gnu-efi-build\x86_64\/lib/\libefi.a(efi_stub.o)
 .debug_info    0x00000000000131d2     0x1989 C:\GitHub\BlockyOS\compile\toolchain\gnu-efi-build\x86_64\/lib/\libefi.a(console.o)
 .debug_info    0x0000000000014b5b     0x3fcb C:\GitHub\BlockyOS\compile\toolchain\gnu-efi-build\x86_64\/lib/\libefi.a(dpath.o)
 .debug_info    0x0000000000018b26      0x1de C:\GitHub\BlockyOS\compile\toolchain\gnu-efi-build\x86_64\/lib/\libefi.a(error.o)
 .debug_info    0x0000000000018d04     0x1af3 C:\GitHub\BlockyOS\compile\toolchain\gnu-efi-build\x86_64\/lib/\libefi.a(event.o)
 .debug_info    0x000000000001a7f7     0x1e30 C:\GitHub\BlockyOS\compile\toolchain\gnu-efi-build\x86_64\/lib/\libefi.a(hand.o)
 .debug_info    0x000000000001c627      0x1a3 C:\GitHub\BlockyOS\compile\toolchain\gnu-efi-build\x86_64\/lib/\libefi.a(math.o)
 .debug_info    0x000000000001c7ca     0x18e9 C:\GitHub\BlockyOS\compile\toolchain\gnu-efi-build\x86_64\/lib/\libgnuefi.a(reloc_x86_64.o)

.debug_abbrev   0x0000000000000000     0x353c
 .debug_abbrev  0x0000000000000000       0x14 C:\GitHub\BlockyOS\compile\toolchain\gnu-efi-build\x86_64\lib/crt0-efi-x86_64.o
 .debug_abbrev  0x0000000000000014      0x220 C:\GitHub\BlockyOS\compile\toolchain\gnu-efi-build\x86_64\/lib/\libefi.a(data.o)
 .debug_abbrev  0x0000000000000234      0x2df C:\GitHub\BlockyOS\compile\toolchain\gnu-efi-build\x86_64\/lib/\libefi.a(entry.o)
 .debug_abbrev  0x0000000000000513      0x205 C:\GitHub\BlockyOS\compile\toolchain\gnu-efi-build\x86_64\/lib/\libefi.a(guid.o)
 .debug_abbrev  0x0000000000000718      0x337 C:\GitHub\BlockyOS\compile\toolchain\gnu-efi-build\x86_64\/lib/\libefi.a(init.o)
 .debug_abbrev  0x0000000000000a4f      0x528 C:\GitHub\BlockyOS\compile\toolchain\gnu-efi-build\x86_64\/lib/\libefi.a(misc.o)
 .debug_abbrev  0x0000000000000f77      0x2e7 C:\GitHub\BlockyOS\compile\toolchain\gnu-efi-build\x86_64\/lib/\libefi.a(str.o)
 .debug_abbrev  0x000000000000125e      0x1c8 C:\GitHub\BlockyOS\compile\toolchain\gnu-efi-build\x86_64\/lib/\libefi.a(efirtlib.o)
 .debug_abbrev  0x0000000000001426      0x21f C:\GitHub\BlockyOS\compile\toolchain\gnu-efi-build\x86_64\/lib/\libefi.a(rtstr.o)
 .debug_abbrev  0x0000000000001645      0x164 C:\GitHub\BlockyOS\compile\toolchain\gnu-efi-build\x86_64\/lib/\libefi.a(rtdata.o)
 .debug_abbrev  0x00000000000017a9      0x1a9 C:\GitHub\BlockyOS\compile\toolchain\gnu-efi-build\x86_64\/lib/\libefi.a(initplat.o)
 .debug_abbrev  0x0000000000001952      0x5bc C:\GitHub\BlockyOS\compile\toolchain\gnu-efi-build\x86_64\/lib/\libefi.a(print.o)
 .debug_abbrev  0x0000000000001f0e      0x4ee C:\GitHub\BlockyOS\compile\toolchain\gnu-efi-build\x86_64\/lib/\libefi.a(va_print.o)
 .debug_abbrev  0x00000000000023fc       0x14 C:\GitHub\BlockyOS\compile\toolchain\gnu-efi-build\x86_64\/lib/\libefi.a(efi_stub.o)
 .debug_abbrev  0x0000000000002410      0x270 C:\GitHub\BlockyOS\compile\toolchain\gnu-efi-build\x86_64\/lib/\libefi.a(console.o)
 .debug_abbrev  0x0000000000002680      0x4d9 C:\GitHub\BlockyOS\compile\toolchain\gnu-efi-build\x86_64\/lib/\libefi.a(dpath.o)
 .debug_abbrev  0x0000000000002b59      0x12b C:\GitHub\BlockyOS\compile\toolchain\gnu-efi-build\x86_64\/lib/\libefi.a(error.o)
 .debug_abbrev  0x0000000000002c84      0x2b1 C:\GitHub\BlockyOS\compile\toolchain\gnu-efi-build\x86_64\/lib/\libefi.a(event.o)
 .debug_abbrev  0x0000000000002f35      0x356 C:\GitHub\BlockyOS\compile\toolchain\gnu-efi-build\x86_64\/lib/\libefi.a(hand.o)
 .debug_abbrev  0x000000000000328b       0xa3 C:\GitHub\BlockyOS\compile\toolchain\gnu-efi-build\x86_64\/lib/\libefi.a(math.o)
 .debug_abbrev  0x000000000000332e      0x20e C:\GitHub\BlockyOS\compile\toolchain\gnu-efi-build\x86_64\/lib/\libgnuefi.a(reloc_x86_64.o)

.debug_aranges  0x0000000000000000      0x3d0
 .debug_aranges
                0x0000000000000000       0x30 C:\GitHub\BlockyOS\compile\toolchain\gnu-efi-build\x86_64\lib/crt0-efi-x86_64.o
 .debug_aranges
                0x0000000000000030       0x20 C:\GitHub\BlockyOS\compile\toolchain\gnu-efi-build\x86_64\/lib/\libefi.a(data.o)
 .debug_aranges
                0x0000000000000050       0x30 C:\GitHub\BlockyOS\compile\toolchain\gnu-efi-build\x86_64\/lib/\libefi.a(entry.o)
 .debug_aranges
                0x0000000000000080       0x30 C:\GitHub\BlockyOS\compile\toolchain\gnu-efi-build\x86_64\/lib/\libefi.a(guid.o)
 .debug_aranges
                0x00000000000000b0       0x30 C:\GitHub\BlockyOS\compile\toolchain\gnu-efi-build\x86_64\/lib/\libefi.a(init.o)
 .debug_aranges
                0x00000000000000e0       0x30 C:\GitHub\BlockyOS\compile\toolchain\gnu-efi-build\x86_64\/lib/\libefi.a(misc.o)
 .debug_aranges
                0x0000000000000110       0x30 C:\GitHub\BlockyOS\compile\toolchain\gnu-efi-build\x86_64\/lib/\libefi.a(str.o)
 .debug_aranges
                0x0000000000000140       0x30 C:\GitHub\BlockyOS\compile\toolchain\gnu-efi-build\x86_64\/lib/\libefi.a(efirtlib.o)
 .debug_aranges
                0x0000000000000170       0x30 C:\GitHub\BlockyOS\compile\toolchain\gnu-efi-build\x86_64\/lib/\libefi.a(rtstr.o)
 .debug_aranges
                0x00000000000001a0       0x20 C:\GitHub\BlockyOS\compile\toolchain\gnu-efi-build\x86_64\/lib/\libefi.a(rtdata.o)
 .debug_aranges
                0x00000000000001c0       0x30 C:\GitHub\BlockyOS\compile\toolchain\gnu-efi-build\x86_64\/lib/\libefi.a(initplat.o)
 .debug_aranges
                0x00000000000001f0       0x30 C:\GitHub\BlockyOS\compile\toolchain\gnu-efi-build\x86_64\/lib/\libefi.a(print.o)
 .debug_aranges
                0x0000000000000220       0x30 C:\GitHub\BlockyOS\compile\toolchain\gnu-efi-build\x86_64\/lib/\libefi.a(va_print.o)
 .debug_aranges
                0x0000000000000250       0x30 C:\GitHub\BlockyOS\compile\toolchain\gnu-efi-build\x86_64\/lib/\libefi.a(efi_stub.o)
 .debug_aranges
                0x0000000000000280       0x30 C:\GitHub\BlockyOS\compile\toolchain\gnu-efi-build\x86_64\/lib/\libefi.a(console.o)
 .debug_aranges
                0x00000000000002b0       0x30 C:\GitHub\BlockyOS\compile\toolchain\gnu-efi-build\x86_64\/lib/\libefi.a(dpath.o)
 .debug_aranges
                0x00000000000002e0       0x30 C:\GitHub\BlockyOS\compile\toolchain\gnu-efi-build\x86_64\/lib/\libefi.a(error.o)
 .debug_aranges
                0x0000000000000310       0x30 C:\GitHub\BlockyOS\compile\toolchain\gnu-efi-build\x86_64\/lib/\libefi.a(event.o)
 .debug_aranges
                0x0000000000000340       0x30 C:\GitHub\BlockyOS\compile\toolchain\gnu-efi-build\x86_64\/lib/\libefi.a(hand.o)
 .debug_aranges
                0x0000000000000370       0x30 C:\GitHub\BlockyOS\compile\toolchain\gnu-efi-build\x86_64\/lib/\libefi.a(math.o)
 .debug_aranges
                0x00000000000003a0       0x30 C:\GitHub\BlockyOS\compile\toolchain\gnu-efi-build\x86_64\/lib/\libgnuefi.a(reloc_x86_64.o)

.debug_str      0x0000000000000000     0x34ca
 .debug_str     0x0000000000000000     0x34ca C:\GitHub\BlockyOS\compile\toolchain\gnu-efi-build\x86_64\lib/crt0-efi-x86_64.o
                                         0x69 (size before relaxing)
 .debug_str     0x00000000000034ca        0x0 C:\GitHub\BlockyOS\compile\toolchain\gnu-efi-build\x86_64\/lib/\libefi.a(data.o)
                                       0x1c81 (size before relaxing)
 .debug_str     0x00000000000034ca        0x0 C:\GitHub\BlockyOS\compile\toolchain\gnu-efi-build\x86_64\/lib/\libefi.a(entry.o)
                                       0x13da (size before relaxing)
 .debug_str     0x00000000000034ca        0x0 C:\GitHub\BlockyOS\compile\toolchain\gnu-efi-build\x86_64\/lib/\libefi.a(guid.o)
                                        0x659 (size before relaxing)
 .debug_str     0x00000000000034ca        0x0 C:\GitHub\BlockyOS\compile\toolchain\gnu-efi-build\x86_64\/lib/\libefi.a(init.o)
                                       0x167a (size before relaxing)
 .debug_str     0x00000000000034ca        0x0 C:\GitHub\BlockyOS\compile\toolchain\gnu-efi-build\x86_64\/lib/\libefi.a(misc.o)
                                       0x1938 (size before relaxing)
 .debug_str     0x00000000000034ca        0x0 C:\GitHub\BlockyOS\compile\toolchain\gnu-efi-build\x86_64\/lib/\libefi.a(str.o)
                                        0x43a (size before relaxing)
 .debug_str     0x00000000000034ca        0x0 C:\GitHub\BlockyOS\compile\toolchain\gnu-efi-build\x86_64\/lib/\libefi.a(efirtlib.o)
                                        0x24b (size before relaxing)
 .debug_str     0x00000000000034ca        0x0 C:\GitHub\BlockyOS\compile\toolchain\gnu-efi-build\x86_64\/lib/\libefi.a(rtstr.o)
                                        0x244 (size before relaxing)
 .debug_str     0x00000000000034ca        0x0 C:\GitHub\BlockyOS\compile\toolchain\gnu-efi-build\x86_64\/lib/\libefi.a(rtdata.o)
                                        0x7e2 (size before relaxing)
 .debug_str     0x00000000000034ca        0x0 C:\GitHub\BlockyOS\compile\toolchain\gnu-efi-build\x86_64\/lib/\libefi.a(initplat.o)
                                       0x12ee (size before relaxing)
 .debug_str     0x00000000000034ca        0x0 C:\GitHub\BlockyOS\compile\toolchain\gnu-efi-build\x86_64\/lib/\libefi.a(print.o)
                                       0x169b (size before relaxing)
 .debug_str     0x00000000000034ca        0x0 C:\GitHub\BlockyOS\compile\toolchain\gnu-efi-build\x86_64\/lib/\libefi.a(va_print.o)
                                       0x1576 (size before relaxing)
 .debug_str     0x00000000000034ca        0x0 C:\GitHub\BlockyOS\compile\toolchain\gnu-efi-build\x86_64\/lib/\libefi.a(efi_stub.o)
                                         0x63 (size before relaxing)
 .debug_str     0x00000000000034ca        0x0 C:\GitHub\BlockyOS\compile\toolchain\gnu-efi-build\x86_64\/lib/\libefi.a(console.o)
                                       0x130f (size before relaxing)
 .debug_str     0x00000000000034ca        0x0 C:\GitHub\BlockyOS\compile\toolchain\gnu-efi-build\x86_64\/lib/\libefi.a(dpath.o)
                                       0x180e (size before relaxing)
 .debug_str     0x00000000000034ca        0x0 C:\GitHub\BlockyOS\compile\toolchain\gnu-efi-build\x86_64\/lib/\libefi.a(error.o)
                                        0x1d9 (size before relaxing)
 .debug_str     0x00000000000034ca        0x0 C:\GitHub\BlockyOS\compile\toolchain\gnu-efi-build\x86_64\/lib/\libefi.a(event.o)
                                       0x13b0 (size before relaxing)
 .debug_str     0x00000000000034ca        0x0 C:\GitHub\BlockyOS\compile\toolchain\gnu-efi-build\x86_64\/lib/\libefi.a(hand.o)
                                       0x1328 (size before relaxing)
 .debug_str     0x00000000000034ca        0x0 C:\GitHub\BlockyOS\compile\toolchain\gnu-efi-build\x86_64\/lib/\libefi.a(math.o)
                                        0x1ca (size before relaxing)
 .debug_str     0x00000000000034ca        0x0 C:\GitHub\BlockyOS\compile\toolchain\gnu-efi-build\x86_64\/lib/\libgnuefi.a(reloc_x86_64.o)
                                       0x1361 (size before relaxing)

.debug_loclists
                0x0000000000000000     0x61cd
 .debug_loclists
                0x0000000000000000      0x103 C:\GitHub\BlockyOS\compile\toolchain\gnu-efi-build\x86_64\/lib/\libefi.a(entry.o)
 .debug_loclists
                0x0000000000000103       0xd7 C:\GitHub\BlockyOS\compile\toolchain\gnu-efi-build\x86_64\/lib/\libefi.a(guid.o)
 .debug_loclists
                0x00000000000001da      0x23f C:\GitHub\BlockyOS\compile\toolchain\gnu-efi-build\x86_64\/lib/\libefi.a(init.o)
 .debug_loclists
                0x0000000000000419      0xd6d C:\GitHub\BlockyOS\compile\toolchain\gnu-efi-build\x86_64\/lib/\libefi.a(misc.o)
 .debug_loclists
                0x0000000000001186      0x672 C:\GitHub\BlockyOS\compile\toolchain\gnu-efi-build\x86_64\/lib/\libefi.a(str.o)
 .debug_loclists
                0x00000000000017f8      0x409 C:\GitHub\BlockyOS\compile\toolchain\gnu-efi-build\x86_64\/lib/\libefi.a(efirtlib.o)
 .debug_loclists
                0x0000000000001c01      0x616 C:\GitHub\BlockyOS\compile\toolchain\gnu-efi-build\x86_64\/lib/\libefi.a(rtstr.o)
 .debug_loclists
                0x0000000000002217     0x1420 C:\GitHub\BlockyOS\compile\toolchain\gnu-efi-build\x86_64\/lib/\libefi.a(print.o)
 .debug_loclists
                0x0000000000003637      0xa6a C:\GitHub\BlockyOS\compile\toolchain\gnu-efi-build\x86_64\/lib/\libefi.a(va_print.o)
 .debug_loclists
                0x00000000000040a1      0x137 C:\GitHub\BlockyOS\compile\toolchain\gnu-efi-build\x86_64\/lib/\libefi.a(console.o)
 .debug_loclists
                0x00000000000041d8     0x177e C:\GitHub\BlockyOS\compile\toolchain\gnu-efi-build\x86_64\/lib/\libefi.a(dpath.o)
 .debug_loclists
                0x0000000000005956       0x62 C:\GitHub\BlockyOS\compile\toolchain\gnu-efi-build\x86_64\/lib/\libefi.a(error.o)
 .debug_loclists
                0x00000000000059b8      0x1d6 C:\GitHub\BlockyOS\compile\toolchain\gnu-efi-build\x86_64\/lib/\libefi.a(event.o)
 .debug_loclists
                0x0000000000005b8e      0x4d3 C:\GitHub\BlockyOS\compile\toolchain\gnu-efi-build\x86_64\/lib/\libefi.a(hand.o)
 .debug_loclists
                0x0000000000006061       0x1b C:\GitHub\BlockyOS\compile\toolchain\gnu-efi-build\x86_64\/lib/\libefi.a(math.o)
 .debug_loclists
                0x000000000000607c      0x151 C:\GitHub\BlockyOS\compile\toolchain\gnu-efi-build\x86_64\/lib/\libgnuefi.a(reloc_x86_64.o)

.debug_rnglists
                0x0000000000000000      0x4cf
 .debug_rnglists
                0x0000000000000000       0x54 C:\GitHub\BlockyOS\compile\toolchain\gnu-efi-build\x86_64\/lib/\libefi.a(entry.o)
 .debug_rnglists
                0x0000000000000054       0xce C:\GitHub\BlockyOS\compile\toolchain\gnu-efi-build\x86_64\/lib/\libefi.a(misc.o)
 .debug_rnglists
                0x0000000000000122       0x2b C:\GitHub\BlockyOS\compile\toolchain\gnu-efi-build\x86_64\/lib/\libefi.a(str.o)
 .debug_rnglists
                0x000000000000014d       0x28 C:\GitHub\BlockyOS\compile\toolchain\gnu-efi-build\x86_64\/lib/\libefi.a(efirtlib.o)
 .debug_rnglists
                0x0000000000000175       0x61 C:\GitHub\BlockyOS\compile\toolchain\gnu-efi-build\x86_64\/lib/\libefi.a(rtstr.o)
 .debug_rnglists
                0x00000000000001d6      0x14f C:\GitHub\BlockyOS\compile\toolchain\gnu-efi-build\x86_64\/lib/\libefi.a(print.o)
 .debug_rnglists
                0x0000000000000325      0x105 C:\GitHub\BlockyOS\compile\toolchain\gnu-efi-build\x86_64\/lib/\libefi.a(va_print.o)
 .debug_rnglists
                0x000000000000042a       0xa5 C:\GitHub\BlockyOS\compile\toolchain\gnu-efi-build\x86_64\/lib/\libefi.a(dpath.o)
