Stale source detected for C:\GitHub\BlockyOS\src\Boot\UEFI\drivers\.disk\fs\frat.c. source=2026-05-20T23:27:52.8328750Z, stored=05/20/2026 23:21:35, delta=n/a sec
C:\GitHub\BlockyOS\src\Boot\UEFI\gcc.ps1 -c C:\GitHub\BlockyOS\src\Boot\UEFI\drivers\.disk\fs\frat.c -o C:\GitHub\BlockyOS\Build\Build-2026-05-21-53\objs\UEFI.c.frat.o -I C:\GitHub\BlockyOS\compile\cache\ -I C:\GitHub\BlockyOS/src/ -I C:\GitHub\BlockyOS/ -I C:\GitHub\BlockyOS\compile\toolchain\gnu-efi-build\x86_64\\include\efi\ -I C:\GitHub\BlockyOS\compile\toolchain\prebuild\include\ -I C:\GitHub\BlockyOS\compile\toolchain\gnu-efi-build\x86_64\include\efi\legacy\ -I C:\GitHub\BlockyOS\compile\toolchain\gnu-efi-build\x86_64\include\efi\x86_64\ -fno-strict-aliasing -fno-stack-protector -fno-stack-check -fdiagnostics-color=always -fshort-wchar -fno-stack-protector -fno-stack-check -ffreestanding -fPIC -maccumulate-outgoing-args -mno-red-zone -fno-omit-frame-pointer -m64 -D __x86_64__ -D __DEBUG__ -D __CUSTMEM_FUNC__ -D __x86_64__
[01m[KC:\GitHub\BlockyOS\src\Boot\UEFI\drivers\.disk\fs\frat.c:[m[K In function '[01m[K_fwrite[m[K':
[01m[KC:\GitHub\BlockyOS\src\Boot\UEFI\drivers\.disk\fs\frat.c:648:42:[m[K [01;35m[Kwarning: [m[Kpassing argument 2 of '[01m[K__safecopy[m[K' discards '[01m[Kconst[m[K' qualifier from pointer target type [[01;35m[K-Wdiscarded-qualifiers[m[K]
  648 |         __safecopy(blk + blkOffset, [01;35m[Kdata + written[m[K, chunk);
      |                                     [01;35m[K~~~~~^~~~~~~~~[m[K
In file included from [01m[KC:\GitHub\BlockyOS/src/Boot/UEFI/drivers/.disk/raw/raw.h:6[m[K,
                 from [01m[KC:\GitHub\BlockyOS\src\Boot\UEFI\drivers\.disk\fs\frat.h:5[m[K,
                 from [01m[KC:\GitHub\BlockyOS\src\Boot\UEFI\drivers\.disk\fs\frat.c:1[m[K:
[01m[KC:\GitHub\BlockyOS/src/Boot/UEFI/tools/tools.h:136:34:[m[K [01;36m[Knote: [m[Kexpected '[01m[K[01;32m[Kvoid *[m[K[m[K' but argument is of type '[01m[K[01;34m[Kconst void *[m[K[m[K'
  136 | void __safecopy(void *dst, [01;32m[Kv[m[K[01;32m[Ko[m[K[01;32m[Ki[m[K[01;32m[Kd[m[K[01;32m[K [m[K[01;32m[K*[m[K[01;32m[Ks[m[K[01;32m[Kr[m[K[01;32m[Kc[m[K, UINT64 len);
      |                            [01;32m[K~[m[K[01;32m[K~[m[K[01;32m[K~[m[K[01;32m[K~[m[K[01;32m[K~[m[K[01;32m[K~[m[K[01;32m[K^[m[K[01;32m[K~[m[K[01;32m[K~[m[K
Compiled and updated timestamp for C:\GitHub\BlockyOS\src\Boot\UEFI\drivers\.disk\fs\frat.c
Skipping C:\GitHub\BlockyOS\src\Boot\UEFI\drivers\.disk\raw\raw.c - up to date; source=2026-05-20T22:52:02.5382171Z, stored=05/20/2026 22:52:02
Skipping C:\GitHub\BlockyOS\src\Boot\UEFI\drivers\crypto\blake2\ref\blake2b-ref.c - up to date; source=2026-05-14T00:09:21.5816998Z, stored=05/14/2026 00:09:21
Skipping C:\GitHub\BlockyOS\src\Boot\UEFI\drivers\crypto\blake2\ref\blake2bp-ref.c - up to date; source=2026-05-14T00:09:29.0424608Z, stored=05/14/2026 00:09:29
Skipping C:\GitHub\BlockyOS\src\Boot\UEFI\drivers\crypto\blake2\ref\blake2s-ref.c - up to date; source=2026-05-14T00:09:33.0171596Z, stored=05/14/2026 00:09:33
Skipping C:\GitHub\BlockyOS\src\Boot\UEFI\drivers\crypto\blake2\ref\blake2sp-ref.c - up to date; source=2026-05-14T00:09:38.7814073Z, stored=05/14/2026 00:09:38
Skipping C:\GitHub\BlockyOS\src\Boot\UEFI\drivers\crypto\blake2\ref\blake2xb-ref.c - up to date; source=2026-05-14T00:09:42.3154070Z, stored=05/14/2026 00:09:42
Skipping C:\GitHub\BlockyOS\src\Boot\UEFI\drivers\crypto\blake2\ref\blake2xs-ref.c - up to date; source=2026-05-14T00:09:45.8042174Z, stored=05/14/2026 00:09:45
Skipping C:\GitHub\BlockyOS\src\Boot\UEFI\drivers\executable\execload.c - up to date; source=2026-05-16T05:07:40.3384186Z, stored=05/16/2026 05:07:40
Skipping C:\GitHub\BlockyOS\src\Boot\UEFI\drivers\socket\socket.c - up to date; source=2026-05-19T17:54:47.9221171Z, stored=05/19/2026 17:54:47
Skipping C:\GitHub\BlockyOS\src\Boot\UEFI\drivers\socket\sockets.c - up to date; source=2026-05-20T18:21:12.5078165Z, stored=05/20/2026 18:21:12
Skipping C:\GitHub\BlockyOS\src\Boot\UEFI\tools\tools.c - up to date; source=2026-05-20T22:43:59.0945477Z, stored=05/20/2026 22:43:59
Skipping C:\GitHub\BlockyOS\src\Boot\UEFI\boot.c - up to date; source=2026-05-20T18:21:12.4988149Z, stored=05/20/2026 18:21:12
Skipping C:\GitHub\BlockyOS\src\Boot\UEFI\bthelper.c - up to date; source=2026-05-20T18:21:12.5038165Z, stored=05/20/2026 18:21:12
gcc -shared -Bsymbolic -nostdlib -Wl,-Map,C:\GitHub\BlockyOS\Build\Build-2026-05-21-53\uefi-map.log -Wl,-T,C:\GitHub\BlockyOS\compile\toolchain\gnu-efi-build\x86_64\lib/elf_x86_64_efi.lds -nostartfiles -nodefaultlibs -L C:\GitHub\BlockyOS\compile\toolchain\gnu-efi-build\x86_64\/lib/ C:\GitHub\BlockyOS\compile\toolchain\gnu-efi-build\x86_64\lib/crt0-efi-x86_64.o C:\GitHub\BlockyOS\Build\Build-2026-05-21-53\objs\UEFI.c.frat.o C:\GitHub\BlockyOS\Build\Build-2026-05-21-53\objs\UEFI.c.raw.o C:\GitHub\BlockyOS\Build\Build-2026-05-21-53\objs\UEFI.c.blake2b-ref.o C:\GitHub\BlockyOS\Build\Build-2026-05-21-53\objs\UEFI.c.blake2bp-ref.o C:\GitHub\BlockyOS\Build\Build-2026-05-21-53\objs\UEFI.c.blake2s-ref.o C:\GitHub\BlockyOS\Build\Build-2026-05-21-53\objs\UEFI.c.blake2sp-ref.o C:\GitHub\BlockyOS\Build\Build-2026-05-21-53\objs\UEFI.c.blake2xb-ref.o C:\GitHub\BlockyOS\Build\Build-2026-05-21-53\objs\UEFI.c.blake2xs-ref.o C:\GitHub\BlockyOS\Build\Build-2026-05-21-53\objs\UEFI.c.execload.o C:\GitHub\BlockyOS\Build\Build-2026-05-21-53\objs\UEFI.c.socket.o C:\GitHub\BlockyOS\Build\Build-2026-05-21-53\objs\UEFI.c.sockets.o C:\GitHub\BlockyOS\Build\Build-2026-05-21-53\objs\UEFI.c.tools.o C:\GitHub\BlockyOS\Build\Build-2026-05-21-53\objs\UEFI.c.boot.o C:\GitHub\BlockyOS\Build\Build-2026-05-21-53\objs\UEFI.c.bthelper.o -l efi -l gnuefi -o C:\GitHub\BlockyOS\Build\Build-2026-05-21-53\objs\blob.so

GNU objcopy (GNU Binutils) 2.46 Copyright (C) 2026 Free Software Foundation, Inc. This program is free software; you may redistribute it under the terms of the GNU General Public License version 3 or (at your option) any later version. This program has absolutely no warranty.
objcopy -w -j .text -j .sdata -j .data -j .rodata -j .dynamic -j .dynsym -j .rel -j .rel.* -j .rela -j .rela.* -j .reloc -O pei-x86-64 --subsystem=10 C:\GitHub\BlockyOS\Build\Build-2026-05-21-53\objs\blob.so C:\GitHub\BlockyOS\Build\Build-2026-05-21-53\objs\blob.efi

