Archive member included to satisfy reference by file (symbol)

C:\GitHub\BlockyOS\compile\toolchain\gnu-efi-build\x86_64\/lib/\libefi.a(data.o)
                              C:\GitHub\BlockyOS\Build\Build-2026-05-21-53\objs\UEFI.c.tools.o (gEfiDevicePathProtocolGuid)
C:\GitHub\BlockyOS\compile\toolchain\gnu-efi-build\x86_64\/lib/\libefi.a(entry.o)
                              C:\GitHub\BlockyOS\compile\toolchain\gnu-efi-build\x86_64\lib/crt0-efi-x86_64.o (_entry)
C:\GitHub\BlockyOS\compile\toolchain\gnu-efi-build\x86_64\/lib/\libefi.a(guid.o)
                              C:\GitHub\BlockyOS\Build\Build-2026-05-21-53\objs\UEFI.c.tools.o (GuidToString)
C:\GitHub\BlockyOS\compile\toolchain\gnu-efi-build\x86_64\/lib/\libefi.a(init.o)
                              C:\GitHub\BlockyOS\Build\Build-2026-05-21-53\objs\UEFI.c.boot.o (InitializeLib)
C:\GitHub\BlockyOS\compile\toolchain\gnu-efi-build\x86_64\/lib/\libefi.a(misc.o)
                              C:\GitHub\BlockyOS\Build\Build-2026-05-21-53\objs\UEFI.c.frat.o (AllocatePool)
C:\GitHub\BlockyOS\compile\toolchain\gnu-efi-build\x86_64\/lib/\libefi.a(str.o)
                              C:\GitHub\BlockyOS\compile\toolchain\gnu-efi-build\x86_64\/lib/\libefi.a(data.o) (LibStubStriCmp)
C:\GitHub\BlockyOS\compile\toolchain\gnu-efi-build\x86_64\/lib/\libefi.a(efirtlib.o)
                              C:\GitHub\BlockyOS\compile\toolchain\gnu-efi-build\x86_64\/lib/\libefi.a(misc.o) (RtZeroMem)
C:\GitHub\BlockyOS\compile\toolchain\gnu-efi-build\x86_64\/lib/\libefi.a(rtstr.o)
                              C:\GitHub\BlockyOS\compile\toolchain\gnu-efi-build\x86_64\/lib/\libefi.a(str.o) (RtStrCmp)
C:\GitHub\BlockyOS\compile\toolchain\gnu-efi-build\x86_64\/lib/\libefi.a(rtdata.o)
                              C:\GitHub\BlockyOS\compile\toolchain\gnu-efi-build\x86_64\/lib/\libefi.a(init.o) (EFIDebug)
C:\GitHub\BlockyOS\compile\toolchain\gnu-efi-build\x86_64\/lib/\libefi.a(initplat.o)
                              C:\GitHub\BlockyOS\compile\toolchain\gnu-efi-build\x86_64\/lib/\libefi.a(init.o) (InitializeLibPlatform)
C:\GitHub\BlockyOS\compile\toolchain\gnu-efi-build\x86_64\/lib/\libefi.a(print.o)
                              C:\GitHub\BlockyOS\Build\Build-2026-05-21-53\objs\UEFI.c.bthelper.o (UnicodeSPrint)
C:\GitHub\BlockyOS\compile\toolchain\gnu-efi-build\x86_64\/lib/\libefi.a(va_print.o)
                              C:\GitHub\BlockyOS\compile\toolchain\gnu-efi-build\x86_64\/lib/\libefi.a(print.o) (_PoolCatPrint)
C:\GitHub\BlockyOS\compile\toolchain\gnu-efi-build\x86_64\/lib/\libefi.a(efi_stub.o)
                              C:\GitHub\BlockyOS\Build\Build-2026-05-21-53\objs\UEFI.c.tools.o (efi_call2)
C:\GitHub\BlockyOS\compile\toolchain\gnu-efi-build\x86_64\/lib/\libefi.a(console.o)
                              C:\GitHub\BlockyOS\compile\toolchain\gnu-efi-build\x86_64\/lib/\libefi.a(print.o) (Input)
C:\GitHub\BlockyOS\compile\toolchain\gnu-efi-build\x86_64\/lib/\libefi.a(dpath.o)
                              C:\GitHub\BlockyOS\compile\toolchain\gnu-efi-build\x86_64\/lib/\libefi.a(misc.o) (DevicePathFromHandle)
C:\GitHub\BlockyOS\compile\toolchain\gnu-efi-build\x86_64\/lib/\libefi.a(error.o)
                              C:\GitHub\BlockyOS\compile\toolchain\gnu-efi-build\x86_64\/lib/\libefi.a(print.o) (StatusToString)
C:\GitHub\BlockyOS\compile\toolchain\gnu-efi-build\x86_64\/lib/\libefi.a(event.o)
                              C:\GitHub\BlockyOS\compile\toolchain\gnu-efi-build\x86_64\/lib/\libefi.a(console.o) (WaitForSingleEvent)
C:\GitHub\BlockyOS\compile\toolchain\gnu-efi-build\x86_64\/lib/\libefi.a(hand.o)
                              C:\GitHub\BlockyOS\compile\toolchain\gnu-efi-build\x86_64\/lib/\libefi.a(init.o) (LibLocateHandle)
C:\GitHub\BlockyOS\compile\toolchain\gnu-efi-build\x86_64\/lib/\libefi.a(math.o)
                              C:\GitHub\BlockyOS\compile\toolchain\gnu-efi-build\x86_64\/lib/\libefi.a(print.o) (RShiftU64)
C:\GitHub\BlockyOS\compile\toolchain\gnu-efi-build\x86_64\/lib/\libgnuefi.a(reloc_x86_64.o)
                              C:\GitHub\BlockyOS\compile\toolchain\gnu-efi-build\x86_64\lib/crt0-efi-x86_64.o (_relocate)

There are no discarded input sections

Memory Configuration

Name             Origin             Length             Attributes
*default*        0x0000000000000000 0xffffffffffffffff

Linker script and memory map

                0x0000000000000000                . = 0x0
                0x0000000000000000                ImageBase = .

.hash
 *(.hash)

.gnu.hash
 *(.gnu.hash)
                0x0000000000000000                . = ALIGN (0x1000)

.eh_frame       0x0000000000000000     0x2fcc
 *(.eh_frame)
 .eh_frame      0x0000000000000000      0x640 C:\GitHub\BlockyOS\Build\Build-2026-05-21-53\objs\UEFI.c.frat.o
 .eh_frame      0x0000000000000640      0x160 C:\GitHub\BlockyOS\Build\Build-2026-05-21-53\objs\UEFI.c.raw.o
                                        0x178 (size before relaxing)
 .eh_frame      0x00000000000007a0      0x240 C:\GitHub\BlockyOS\Build\Build-2026-05-21-53\objs\UEFI.c.blake2b-ref.o
                                        0x258 (size before relaxing)
 .eh_frame      0x00000000000009e0      0x140 C:\GitHub\BlockyOS\Build\Build-2026-05-21-53\objs\UEFI.c.blake2bp-ref.o
                                        0x158 (size before relaxing)
 .eh_frame      0x0000000000000b20      0x220 C:\GitHub\BlockyOS\Build\Build-2026-05-21-53\objs\UEFI.c.blake2s-ref.o
                                        0x238 (size before relaxing)
 .eh_frame      0x0000000000000d40      0x160 C:\GitHub\BlockyOS\Build\Build-2026-05-21-53\objs\UEFI.c.blake2sp-ref.o
                                        0x178 (size before relaxing)
 .eh_frame      0x0000000000000ea0      0x100 C:\GitHub\BlockyOS\Build\Build-2026-05-21-53\objs\UEFI.c.blake2xb-ref.o
                                        0x118 (size before relaxing)
 .eh_frame      0x0000000000000fa0      0x120 C:\GitHub\BlockyOS\Build\Build-2026-05-21-53\objs\UEFI.c.blake2xs-ref.o
                                        0x138 (size before relaxing)
 .eh_frame      0x00000000000010c0       0xb8 C:\GitHub\BlockyOS\Build\Build-2026-05-21-53\objs\UEFI.c.execload.o
                                         0xd0 (size before relaxing)
 .eh_frame      0x0000000000001178       0x20 C:\GitHub\BlockyOS\Build\Build-2026-05-21-53\objs\UEFI.c.socket.o
                                         0x38 (size before relaxing)
 .eh_frame      0x0000000000001198      0x128 C:\GitHub\BlockyOS\Build\Build-2026-05-21-53\objs\UEFI.c.sockets.o
                                        0x140 (size before relaxing)
 .eh_frame      0x00000000000012c0      0x3e8 C:\GitHub\BlockyOS\Build\Build-2026-05-21-53\objs\UEFI.c.tools.o
                                        0x400 (size before relaxing)
 .eh_frame      0x00000000000016a8       0x48 C:\GitHub\BlockyOS\Build\Build-2026-05-21-53\objs\UEFI.c.boot.o
                                         0x60 (size before relaxing)
 .eh_frame      0x00000000000016f0       0xc8 C:\GitHub\BlockyOS\Build\Build-2026-05-21-53\objs\UEFI.c.bthelper.o
                                         0xe0 (size before relaxing)
 .eh_frame      0x00000000000017b8       0x38 C:\GitHub\BlockyOS\compile\toolchain\gnu-efi-build\x86_64\/lib/\libefi.a(entry.o)
                                         0x50 (size before relaxing)
 .eh_frame      0x00000000000017f0       0x80 C:\GitHub\BlockyOS\compile\toolchain\gnu-efi-build\x86_64\/lib/\libefi.a(guid.o)
                                         0x98 (size before relaxing)
 .eh_frame      0x0000000000001870       0xc0 C:\GitHub\BlockyOS\compile\toolchain\gnu-efi-build\x86_64\/lib/\libefi.a(init.o)
                                         0xd8 (size before relaxing)
 .eh_frame      0x0000000000001930      0x390 C:\GitHub\BlockyOS\compile\toolchain\gnu-efi-build\x86_64\/lib/\libefi.a(misc.o)
                                        0x3a8 (size before relaxing)
 .eh_frame      0x0000000000001cc0      0x2d8 C:\GitHub\BlockyOS\compile\toolchain\gnu-efi-build\x86_64\/lib/\libefi.a(str.o)
                                        0x2f0 (size before relaxing)
 .eh_frame      0x0000000000001f98       0x90 C:\GitHub\BlockyOS\compile\toolchain\gnu-efi-build\x86_64\/lib/\libefi.a(efirtlib.o)
                                         0xa8 (size before relaxing)
 .eh_frame      0x0000000000002028      0x128 C:\GitHub\BlockyOS\compile\toolchain\gnu-efi-build\x86_64\/lib/\libefi.a(rtstr.o)
                                        0x140 (size before relaxing)
 .eh_frame      0x0000000000002150       0x18 C:\GitHub\BlockyOS\compile\toolchain\gnu-efi-build\x86_64\/lib/\libefi.a(initplat.o)
                                         0x30 (size before relaxing)
 .eh_frame      0x0000000000002168      0x390 C:\GitHub\BlockyOS\compile\toolchain\gnu-efi-build\x86_64\/lib/\libefi.a(print.o)
                                        0x3a8 (size before relaxing)
 .eh_frame      0x00000000000024f8      0x180 C:\GitHub\BlockyOS\compile\toolchain\gnu-efi-build\x86_64\/lib/\libefi.a(va_print.o)
                                        0x198 (size before relaxing)
 .eh_frame      0x0000000000002678       0x70 C:\GitHub\BlockyOS\compile\toolchain\gnu-efi-build\x86_64\/lib/\libefi.a(console.o)
                                         0x88 (size before relaxing)
 .eh_frame      0x00000000000026e8      0x5e0 C:\GitHub\BlockyOS\compile\toolchain\gnu-efi-build\x86_64\/lib/\libefi.a(dpath.o)
                                        0x5f8 (size before relaxing)
 .eh_frame      0x0000000000002cc8       0x18 C:\GitHub\BlockyOS\compile\toolchain\gnu-efi-build\x86_64\/lib/\libefi.a(error.o)
                                         0x30 (size before relaxing)
 .eh_frame      0x0000000000002ce0       0x98 C:\GitHub\BlockyOS\compile\toolchain\gnu-efi-build\x86_64\/lib/\libefi.a(event.o)
                                         0xb0 (size before relaxing)
 .eh_frame      0x0000000000002d78      0x1f0 C:\GitHub\BlockyOS\compile\toolchain\gnu-efi-build\x86_64\/lib/\libefi.a(hand.o)
                                        0x208 (size before relaxing)
 .eh_frame      0x0000000000002f68       0x50 C:\GitHub\BlockyOS\compile\toolchain\gnu-efi-build\x86_64\/lib/\libefi.a(math.o)
                                         0x68 (size before relaxing)
 .eh_frame      0x0000000000002fb8       0x14 C:\GitHub\BlockyOS\compile\toolchain\gnu-efi-build\x86_64\/lib/\libgnuefi.a(reloc_x86_64.o)
                                         0x30 (size before relaxing)

.eh_frame_hdr
 *(.eh_frame_hdr)

.gcc_except_table
 *(.gcc_except_table*)
                0x0000000000003000                . = ALIGN (0x1000)

.text           0x0000000000003000    0x1fe20
                0x0000000000003000                _text = .
 *(.text)
 .text          0x0000000000003000       0x29 C:\GitHub\BlockyOS\compile\toolchain\gnu-efi-build\x86_64\lib/crt0-efi-x86_64.o
                0x0000000000003000                _start
 .text          0x0000000000003029     0x5221 C:\GitHub\BlockyOS\Build\Build-2026-05-21-53\objs\UEFI.c.frat.o
                0x0000000000003048                checkdisk
                0x0000000000003216                loadpart
                0x000000000000351e                formatpart
                0x00000000000039ae                queryparttablefs
                0x0000000000003be1                queryfs
                0x0000000000003d42                fmount
                0x0000000000004589                allocatecluster
                0x0000000000004644                __ffremove
                0x00000000000046ac                __ffremoveh
                0x0000000000004722                __ffremovel
                0x0000000000004752                __ffremovelh
                0x000000000000483b                __fcreate
                0x0000000000004de0                __faddr
                0x0000000000005256                __finit
                0x0000000000005609                __fread1
                0x000000000000586d                __ffindh
                0x000000000000593d                __ffindhi
                0x0000000000005a12                __ffindi
                0x0000000000005a4a                __ffind
                0x0000000000005a7f                __fpush1
                0x0000000000005cdf                __floaddir
                0x0000000000005e87                __fuloaddir
                0x0000000000006117                __fdirrefresh
                0x0000000000006382                fsloadh
                0x0000000000006427                fsuloadh
                0x0000000000006579                __freadinfo
                0x0000000000006663                __fupdatetstamp
                0x00000000000067a1                _dreadinfo
                0x00000000000067c9                _freadinfo
                0x00000000000067f1                _fseek
                0x0000000000006810                _fseeko
                0x000000000000683a                _fwrite
                0x0000000000006ab0                _fread
                0x0000000000006c6b                __fgetparent
                0x0000000000006d60                __fdiradd
                0x000000000000719e                __ftest
                0x0000000000007403                __fdirlist
                0x000000000000783e                __dirr_init
                0x0000000000007ce2                __dirr_free
                0x0000000000007dfb                __dirr
                0x0000000000007ff9                __fprint_info
                0x00000000000081f5                getloc
 .text          0x000000000000824a     0x152e C:\GitHub\BlockyOS\Build\Build-2026-05-21-53\objs\UEFI.c.raw.o
                0x000000000000824a                FindDiskHandleByGUID
                0x0000000000008ad9                DisableVerbose
                0x0000000000008af0                EnableVerbose
                0x0000000000008b07                getblocksize
                0x0000000000008b1c                setblocksize
                0x0000000000008b72                startup
                0x0000000000008e70                readblocks
                0x00000000000090c6                writeblocks
                0x00000000000092fa                writebytes
                0x0000000000009487                readbytes
                0x00000000000096ac                dispose
 .text          0x0000000000009778     0x779d C:\GitHub\BlockyOS\Build\Build-2026-05-21-53\objs\UEFI.c.blake2b-ref.o
                0x0000000000009aaa                blake2b_init_param
                0x0000000000009b39                blake2b_init
                0x0000000000009c1e                blake2b_init_key
                0x0000000000010ab6                blake2b_update
                0x0000000000010bf9                blake2b_final
                0x0000000000010d72                blake2b
                0x0000000000010ecd                blake2
 .text          0x0000000000010f15      0xc0f C:\GitHub\BlockyOS\Build\Build-2026-05-21-53\objs\UEFI.c.blake2bp-ref.o
                0x000000000001118c                blake2bp_init
                0x0000000000011281                blake2bp_init_key
                0x0000000000011470                blake2bp_update
                0x0000000000011623                blake2bp_final
                0x00000000000117c2                blake2bp
 .text          0x0000000000011b24     0x4439 C:\GitHub\BlockyOS\Build\Build-2026-05-21-53\objs\UEFI.c.blake2s-ref.o
                0x0000000000011d74                blake2s_init_param
                0x0000000000011dfc                blake2s_init
                0x0000000000011ec7                blake2s_init_key
                0x0000000000015b8c                blake2s_update
                0x0000000000015cbd                blake2s_final
                0x0000000000015e02                blake2s
 .text          0x0000000000015f5d      0xbc4 C:\GitHub\BlockyOS\Build\Build-2026-05-21-53\objs\UEFI.c.blake2sp-ref.o
                0x00000000000161e3                blake2sp_init
                0x00000000000162d8                blake2sp_init_key
                0x0000000000016470                blake2sp_update
                0x0000000000016623                blake2sp_final
                0x00000000000167bf                blake2sp
 .text          0x0000000000016b21      0x6a1 C:\GitHub\BlockyOS\Build\Build-2026-05-21-53\objs\UEFI.c.blake2xb-ref.o
                0x0000000000016c01                blake2xb_init
                0x0000000000016c2d                blake2xb_init_key
                0x0000000000016e5a                blake2xb_update
                0x0000000000016e87                blake2xb_final
                0x00000000000170a7                blake2xb
 .text          0x00000000000171c2      0x64c C:\GitHub\BlockyOS\Build\Build-2026-05-21-53\objs\UEFI.c.blake2xs-ref.o
                0x00000000000172c2                blake2xs_init
                0x00000000000172ee                blake2xs_init_key
                0x00000000000174a3                blake2xs_update
                0x00000000000174d0                blake2xs_final
                0x00000000000176f3                blake2xs
 .text          0x000000000001780e      0xd4f C:\GitHub\BlockyOS\Build\Build-2026-05-21-53\objs\UEFI.c.execload.o
                0x000000000001780e                srchSecRelocTable
                0x000000000001793b                srchSymbol
                0x0000000000017aa6                srchSecSymTable
                0x0000000000017bd3                loadSection
                0x0000000000017c99                __resolve
 .text          0x000000000001855d      0x202 C:\GitHub\BlockyOS\Build\Build-2026-05-21-53\objs\UEFI.c.socket.o
                0x000000000001855d                socketopen
 .text          0x000000000001875f      0xf57 C:\GitHub\BlockyOS\Build\Build-2026-05-21-53\objs\UEFI.c.sockets.o
                0x000000000001875f                __fhandle_sckwrite
                0x00000000000188bc                __fhandle_sckread
                0x0000000000018a52                __fhandle_sckclose
                0x0000000000018b53                __fhandle_sckOPENchild
                0x0000000000018f0c                __froot_sckread
                0x0000000000018f98                __froot_sckwrite
                0x0000000000019024                __froot_sckclose
                0x00000000000191a9                __froot_sckOPENchild
                0x0000000000019460                __froot_sckopen
 .text          0x00000000000196b6     0x130c C:\GitHub\BlockyOS\Build\Build-2026-05-21-53\objs\UEFI.c.tools.o
                0x00000000000196b6                _GUIDtoSTR
                0x0000000000019726                prGUID
                0x00000000000197ac                strcheck
                0x00000000000197ff                strchecki
                0x0000000000019853                __memdup
                0x00000000000198bf                isascii
                0x00000000000198d3                __getfcode
                0x00000000000199de                readbuf
                0x0000000000019afa                strtok_i
                0x0000000000019bc6                strtok_k
                0x0000000000019dba                strtok_d
                0x0000000000019e67                trng__
                0x0000000000019eff                tolower
                0x0000000000019f15                isdigit
                0x0000000000019f3f                str_tolower
                0x0000000000019fb9                match_rec
                0x000000000001a0ed                makeGPTeNSTR
                0x000000000001a18d                __pattmatch
                0x000000000001a2f1                __realloc_
                0x000000000001a3d8                __calloc_
                0x000000000001a461                __memset
                0x000000000001a4bc                __safecopy
                0x000000000001a545                __memcpy
                0x000000000001a5a9                __strlen
                0x000000000001a5dc                __strdup
                0x000000000001a609                __strspn
                0x000000000001a673                __memcmp
                0x000000000001a71f                getDriveMediaID
                0x000000000001a895                ValidateImageHandle
                0x000000000001a8f1                IsPartition
                0x000000000001a963                GetDevicePath
 .text          0x000000000001a9c2      0x327 C:\GitHub\BlockyOS\Build\Build-2026-05-21-53\objs\UEFI.c.boot.o
                0x000000000001a9c2                libinit
                0x000000000001aa6f                efi_main
 .text          0x000000000001ace9      0x9f7 C:\GitHub\BlockyOS\Build\Build-2026-05-21-53\objs\UEFI.c.bthelper.o
                0x000000000001ace9                ProcessNode
                0x000000000001ae48                BuildDeviceTree
                0x000000000001af21                DebugDevicePath
                0x000000000001affc                DescribeDeviceNode
                0x000000000001b393                getDevPath
                0x000000000001b43b                loadDNodes
 .text          0x000000000001b6e0        0x0 C:\GitHub\BlockyOS\compile\toolchain\gnu-efi-build\x86_64\/lib/\libefi.a(data.o)
 .text          0x000000000001b6e0      0x13a C:\GitHub\BlockyOS\compile\toolchain\gnu-efi-build\x86_64\/lib/\libefi.a(entry.o)
                0x000000000001b6e0                _entry
 *fill*         0x000000000001b81a        0x6 
 .text          0x000000000001b820      0x11c C:\GitHub\BlockyOS\compile\toolchain\gnu-efi-build\x86_64\/lib/\libefi.a(guid.o)
                0x000000000001b820                InitializeGuid
                0x000000000001b830                CompareGuid_1
                0x000000000001b840                IsZeroGuid
                0x000000000001b850                GuidToString
 *fill*         0x000000000001b93c        0x4 
 .text          0x000000000001b940      0x304 C:\GitHub\BlockyOS\compile\toolchain\gnu-efi-build\x86_64\/lib/\libefi.a(init.o)
                0x000000000001b940                InitializeUnicodeSupport
                0x000000000001ba30                EFIDebugVariable
                0x000000000001ba80                InitializeLib
                0x000000000001bb80                memset
                0x000000000001bc20                memcpy
 *fill*         0x000000000001bc44       0x1c 
 .text          0x000000000001bc60      0xa6d C:\GitHub\BlockyOS\compile\toolchain\gnu-efi-build\x86_64\/lib/\libefi.a(misc.o)
                0x000000000001bc60                AllocatePool
                0x000000000001bc90                AllocateZeroPool
                0x000000000001bcf0                ReallocatePool_1
                0x000000000001bda0                FreePool
                0x000000000001bdc0                ZeroMem
                0x000000000001bdd0                SetMem
                0x000000000001bde0                CopyMem_1
                0x000000000001bdf0                CopyMemC
                0x000000000001be00                CompareMem
                0x000000000001be10                GrowBuffer
                0x000000000001bf00                LibMemoryMap
                0x000000000001bff0                LibGetVariableAndSize
                0x000000000001c0d0                LibGetVariable
                0x000000000001c0f0                LibDeleteVariable
                0x000000000001c170                LibSetNVVariable
                0x000000000001c1a0                LibSetVariable
                0x000000000001c1d0                LibInsertToTailOfBootOrder
                0x000000000001c370                ValidMBR
                0x000000000001c530                DecimaltoBCD
                0x000000000001c540                BCDtoDecimal
                0x000000000001c550                LibGetSystemConfigurationTable
                0x000000000001c600                LibGetUiString
 *fill*         0x000000000001c6cd       0x33 
 .text          0x000000000001c700      0x63d C:\GitHub\BlockyOS\compile\toolchain\gnu-efi-build\x86_64\/lib/\libefi.a(str.o)
                0x000000000001c700                StrCmp
                0x000000000001c710                StrnCmp
                0x000000000001c760                LibStubStriCmp
                0x000000000001c800                LibStubStrLwrUpr
                0x000000000001c810                StriCmp
                0x000000000001c830                StrLwr
                0x000000000001c850                StrUpr
                0x000000000001c870                StrCpy
                0x000000000001c880                StrnCpy
                0x000000000001c890                StpCpy
                0x000000000001c8a0                StpnCpy
                0x000000000001c8b0                StrCat
                0x000000000001c8c0                StrnCat
                0x000000000001c8d0                StrnLen
                0x000000000001c8e0                StrLen
                0x000000000001c8f0                StrSize
                0x000000000001c900                StrDuplicate
                0x000000000001c950                AsciiStrLen
                0x000000000001c980                AsciiStrCmp
                0x000000000001c9e0                AsciiStrnCmp
                0x000000000001ca30                xtoi
                0x000000000001caf0                Atoi
                0x000000000001cb50                MetaMatch
                0x000000000001cc80                LibStubMetaiMatch
                0x000000000001cd20                MetaiMatch
 *fill*         0x000000000001cd3d        0x3 
 .text          0x000000000001cd40      0x26c C:\GitHub\BlockyOS\compile\toolchain\gnu-efi-build\x86_64\/lib/\libefi.a(efirtlib.o)
                0x000000000001cd40                RtZeroMem
                0x000000000001cdd0                RtSetMem
                0x000000000001ce80                RtCopyMem
                0x000000000001cf10                RtCopyMemC
                0x000000000001cf20                RtCompareMem
                0x000000000001cf70                RtCompareGuid
                0x000000000001cfa0                RtIsZeroGuid
 *fill*         0x000000000001cfac       0x14 
 .text          0x000000000001cfc0      0x393 C:\GitHub\BlockyOS\compile\toolchain\gnu-efi-build\x86_64\/lib/\libefi.a(rtstr.o)
                0x000000000001cfc0                RtStrCmp
                0x000000000001d020                RtStrCpy
                0x000000000001d060                RtStrnCpy
                0x000000000001d0e0                RtStpCpy
                0x000000000001d120                RtStpnCpy
                0x000000000001d1b0                RtStrCat
                0x000000000001d200                RtStrnCat
                0x000000000001d290                RtStrLen
                0x000000000001d2c0                RtStrnLen
                0x000000000001d2f0                RtStrSize
                0x000000000001d320                RtBCDtoDecimal
                0x000000000001d330                RtDecimaltoBCD
 .text          0x000000000001d353        0x0 C:\GitHub\BlockyOS\compile\toolchain\gnu-efi-build\x86_64\/lib/\libefi.a(rtdata.o)
 *fill*         0x000000000001d353        0xd 
 .text          0x000000000001d360        0x1 C:\GitHub\BlockyOS\compile\toolchain\gnu-efi-build\x86_64\/lib/\libefi.a(initplat.o)
                0x000000000001d360                InitializeLibPlatform
 *fill*         0x000000000001d361       0x1f 
 .text          0x000000000001d380     0x2097 C:\GitHub\BlockyOS\compile\toolchain\gnu-efi-build\x86_64\/lib/\libefi.a(print.o)
                0x000000000001d380                _DbgOut
                0x000000000001d3a0                _SPrint
                0x000000000001d4b0                _PoolPrint
                0x000000000001d840                UnicodeSPrint
                0x000000000001d8c0                AsciiSPrint
                0x000000000001d940                PoolPrint
                0x000000000001d9d0                CatPrint
                0x000000000001da80                Print
                0x000000000001db30                PrintAt
                0x000000000001dbd0                IPrint
                0x000000000001dc70                IPrintAt
                0x000000000001dd00                AsciiPrint
                0x000000000001ddb0                ValueToHex
                0x000000000001ddd0                ValueToString
                0x000000000001ddf0                FloatToString
                0x000000000001df20                TimeToString
                0x000000000001dfc0                DbgPrint
                0x000000000001f230                DumpHex
 *fill*         0x000000000001f417       0x29 
 .text          0x000000000001f440     0x1225 C:\GitHub\BlockyOS\compile\toolchain\gnu-efi-build\x86_64\/lib/\libefi.a(va_print.o)
                0x0000000000020330                _PoolCatPrint
                0x00000000000203b0                UnicodeVSPrint
                0x00000000000203f0                VPoolPrint
                0x0000000000020440                _IPrint
                0x0000000000020540                VPrint
                0x0000000000020570                AsciiVSPrint
 .text          0x0000000000020665      0x17b C:\GitHub\BlockyOS\compile\toolchain\gnu-efi-build\x86_64\/lib/\libefi.a(efi_stub.o)
                0x0000000000020665                efi_call0
                0x0000000000020670                efi_call1
                0x000000000002067e                efi_call2
                0x000000000002068c                efi_call3
                0x000000000002069d                efi_call4
                0x00000000000206b1                efi_call5
                0x00000000000206ca                efi_call6
                0x00000000000206ed                efi_call7
                0x000000000002071a                efi_call8
                0x0000000000020751                efi_call9
                0x0000000000020792                efi_call10
 .text          0x00000000000207e0      0x11d C:\GitHub\BlockyOS\compile\toolchain\gnu-efi-build\x86_64\/lib/\libefi.a(console.o)
                0x00000000000207e0                Output
                0x0000000000020800                IInput
                0x00000000000208e0                Input
 *fill*         0x00000000000208fd        0x3 
 .text          0x0000000000020900     0x17ea C:\GitHub\BlockyOS\compile\toolchain\gnu-efi-build\x86_64\/lib/\libefi.a(dpath.o)
                0x0000000000021790                DevicePathFromHandle
                0x00000000000217d0                DevicePathInstance
                0x00000000000218b0                DevicePathInstanceCount
                0x00000000000218f0                DevicePathSize
                0x0000000000021920                DuplicateDevicePath
                0x0000000000021990                AppendDevicePath
                0x0000000000021b00                AppendDevicePathNode
                0x0000000000021b90                FileDevicePath
                0x0000000000021c40                UnpackDevicePath
                0x0000000000021d30                AppendDevicePathInstance
                0x0000000000021e40                LibDevicePathToInterface
                0x0000000000021ed0                DevicePathToStr
                0x0000000000022000                LibMatchDevicePaths
                0x0000000000022080                LibDuplicateDevicePathInstance
 *fill*         0x00000000000220ea       0x16 
 .text          0x0000000000022100       0x50 C:\GitHub\BlockyOS\compile\toolchain\gnu-efi-build\x86_64\/lib/\libefi.a(error.o)
                0x0000000000022100                StatusToString
 .text          0x0000000000022150      0x1e6 C:\GitHub\BlockyOS\compile\toolchain\gnu-efi-build\x86_64\/lib/\libefi.a(event.o)
                0x0000000000022150                LibCreateProtocolNotifyEvent
                0x00000000000221d0                WaitForSingleEvent
                0x00000000000222a0                WaitForEventWithTimeout
 *fill*         0x0000000000022336        0xa 
 .text          0x0000000000022340      0x9cf C:\GitHub\BlockyOS\compile\toolchain\gnu-efi-build\x86_64\/lib/\libefi.a(hand.o)
                0x0000000000022340                LibLocateHandle
                0x00000000000223f0                LibLocateProtocol
                0x0000000000022490                LibLocateHandleByDiskSignature
                0x0000000000022770                LibOpenRoot
                0x00000000000227c0                LibFileInfo
                0x0000000000022830                LibFileSystemInfo
                0x00000000000228a0                LibFileSystemVolumeLabelInfo
                0x0000000000022910                LibInstallProtocolInterfaces
                0x0000000000022aa0                LibUninstallProtocolInterfaces
                0x0000000000022b50                LibReinstallProtocolInterfaces
 *fill*         0x0000000000022d0f        0x1 
 .text          0x0000000000022d10       0x4c C:\GitHub\BlockyOS\compile\toolchain\gnu-efi-build\x86_64\/lib/\libefi.a(math.o)
                0x0000000000022d10                LShiftU64
                0x0000000000022d20                RShiftU64
                0x0000000000022d30                MultU64x32
                0x0000000000022d40                DivU64x32
 *fill*         0x0000000000022d5c        0x4 
 .text          0x0000000000022d60       0xbb C:\GitHub\BlockyOS\compile\toolchain\gnu-efi-build\x86_64\/lib/\libgnuefi.a(reloc_x86_64.o)
                0x0000000000022d60                _relocate
 *(.text.*)
 *(.gnu.linkonce.t.*)
 *(.plt)
                0x0000000000022e20                . = ALIGN (0x10)
 *fill*         0x0000000000022e1b        0x5 
                0x0000000000022e20                _etext = .
                0x000000000001fe20                _text_size = (_etext - _text)

.iplt           0x0000000000022e20        0x0
 .iplt          0x0000000000022e20        0x0 C:\GitHub\BlockyOS\compile\toolchain\gnu-efi-build\x86_64\lib/crt0-efi-x86_64.o

.rela.dyn       0x0000000000022e20        0x0
 .rela.iplt     0x0000000000022e20        0x0 C:\GitHub\BlockyOS\compile\toolchain\gnu-efi-build\x86_64\lib/crt0-efi-x86_64.o
                0x0000000000023000                . = ALIGN (0x1000)

.data           0x0000000000023000     0x10a8
                0x0000000000023000                _data = .
 *(.got.plt)
 .got.plt       0x0000000000023000        0x0 C:\GitHub\BlockyOS\compile\toolchain\gnu-efi-build\x86_64\lib/crt0-efi-x86_64.o
 *(.got)
 .got           0x0000000000023000        0x0 C:\GitHub\BlockyOS\compile\toolchain\gnu-efi-build\x86_64\lib/crt0-efi-x86_64.o
 *(.data*)
 .data          0x0000000000023000        0x8 C:\GitHub\BlockyOS\compile\toolchain\gnu-efi-build\x86_64\lib/crt0-efi-x86_64.o
 .data          0x0000000000023008        0x0 C:\GitHub\BlockyOS\Build\Build-2026-05-21-53\objs\UEFI.c.frat.o
 .data          0x0000000000023008        0x0 C:\GitHub\BlockyOS\Build\Build-2026-05-21-53\objs\UEFI.c.raw.o
 .data          0x0000000000023008        0x0 C:\GitHub\BlockyOS\Build\Build-2026-05-21-53\objs\UEFI.c.blake2b-ref.o
 .data.rel.ro   0x0000000000023008        0x8 C:\GitHub\BlockyOS\Build\Build-2026-05-21-53\objs\UEFI.c.blake2b-ref.o
 .data          0x0000000000023010        0x0 C:\GitHub\BlockyOS\Build\Build-2026-05-21-53\objs\UEFI.c.blake2bp-ref.o
 .data.rel.ro   0x0000000000023010        0x8 C:\GitHub\BlockyOS\Build\Build-2026-05-21-53\objs\UEFI.c.blake2bp-ref.o
 .data          0x0000000000023018        0x0 C:\GitHub\BlockyOS\Build\Build-2026-05-21-53\objs\UEFI.c.blake2s-ref.o
 .data.rel.ro   0x0000000000023018        0x8 C:\GitHub\BlockyOS\Build\Build-2026-05-21-53\objs\UEFI.c.blake2s-ref.o
 .data          0x0000000000023020        0x0 C:\GitHub\BlockyOS\Build\Build-2026-05-21-53\objs\UEFI.c.blake2sp-ref.o
 .data.rel.ro   0x0000000000023020        0x8 C:\GitHub\BlockyOS\Build\Build-2026-05-21-53\objs\UEFI.c.blake2sp-ref.o
 .data          0x0000000000023028        0x0 C:\GitHub\BlockyOS\Build\Build-2026-05-21-53\objs\UEFI.c.blake2xb-ref.o
 .data.rel.ro   0x0000000000023028        0x8 C:\GitHub\BlockyOS\Build\Build-2026-05-21-53\objs\UEFI.c.blake2xb-ref.o
 .data          0x0000000000023030        0x0 C:\GitHub\BlockyOS\Build\Build-2026-05-21-53\objs\UEFI.c.blake2xs-ref.o
 .data.rel.ro   0x0000000000023030        0x8 C:\GitHub\BlockyOS\Build\Build-2026-05-21-53\objs\UEFI.c.blake2xs-ref.o
 .data          0x0000000000023038        0x0 C:\GitHub\BlockyOS\Build\Build-2026-05-21-53\objs\UEFI.c.execload.o
 *fill*         0x0000000000023038        0x8 
 .data.rel.ro.local
                0x0000000000023040       0x90 C:\GitHub\BlockyOS\Build\Build-2026-05-21-53\objs\UEFI.c.execload.o
 .data          0x00000000000230d0        0x0 C:\GitHub\BlockyOS\Build\Build-2026-05-21-53\objs\UEFI.c.socket.o
 *fill*         0x00000000000230d0       0x10 
 .data.rel.ro.local
                0x00000000000230e0       0x90 C:\GitHub\BlockyOS\Build\Build-2026-05-21-53\objs\UEFI.c.socket.o
 .data          0x0000000000023170        0x0 C:\GitHub\BlockyOS\Build\Build-2026-05-21-53\objs\UEFI.c.sockets.o
 *fill*         0x0000000000023170       0x10 
 .data.rel.ro.local
                0x0000000000023180       0x90 C:\GitHub\BlockyOS\Build\Build-2026-05-21-53\objs\UEFI.c.sockets.o
 .data          0x0000000000023210        0x0 C:\GitHub\BlockyOS\Build\Build-2026-05-21-53\objs\UEFI.c.tools.o
 .data          0x0000000000023210        0x0 C:\GitHub\BlockyOS\Build\Build-2026-05-21-53\objs\UEFI.c.boot.o
 *fill*         0x0000000000023210       0x10 
 .data.rel.ro.local
                0x0000000000023220       0x90 C:\GitHub\BlockyOS\Build\Build-2026-05-21-53\objs\UEFI.c.boot.o
 .data          0x00000000000232b0        0x1 C:\GitHub\BlockyOS\Build\Build-2026-05-21-53\objs\UEFI.c.bthelper.o
 *fill*         0x00000000000232b1        0xf 
 .data.rel.ro.local
                0x00000000000232c0       0x90 C:\GitHub\BlockyOS\Build\Build-2026-05-21-53\objs\UEFI.c.bthelper.o
 .data          0x0000000000023350      0x4f0 C:\GitHub\BlockyOS\compile\toolchain\gnu-efi-build\x86_64\/lib/\libefi.a(data.o)
                0x0000000000023350                ShellDynamicCommandProtocolGuid
                0x0000000000023360                ShellParametersProtocolGuid
                0x0000000000023370                ShellProtocolGuid
                0x0000000000023380                SimpleTextInputExProtocol
                0x0000000000023390                gEfiDebugSupportProtocolGuid
                0x00000000000233a0                gEfiDebugImageInfoTableGuid
                0x00000000000233b0                AbsolutePointerProtocol
                0x00000000000233c0                SimplePointerProtocol
                0x00000000000233d0                Tcp4Protocol
                0x00000000000233e0                Tcp4ServiceBindingProtocol
                0x00000000000233f0                Udp4Protocol
                0x0000000000023400                Udp4ServiceBindingProtocol
                0x0000000000023410                Ip4Protocol
                0x0000000000023420                Ip4ServiceBindingProtocol
                0x0000000000023430                EfiDtbTableGuid
                0x0000000000023440                SalSystemTableGuid
                0x0000000000023450                gEfiSmbios3TableGuid
                0x0000000000023460                gEfiSmbiosTableGuid
                0x0000000000023470                AcpiTableGuid
                0x0000000000023480                MpsTableGuid
                0x0000000000023490                UnknownDevice
                0x00000000000234a0                EfiPartTypeLegacyMbrGuid
                0x00000000000234b0                EfiPartTypeSystemPartitionGuid
                0x00000000000234c0                gEfiVTUTF8Guid
                0x00000000000234d0                gEfiVT100PlusGuid
                0x00000000000234e0                gEfiVT100Guid
                0x00000000000234f0                gEfiPcAnsiGuid
                0x0000000000023500                AdapterDebugProtocol
                0x0000000000023510                gEfiEdidOverrideProtocolGuid
                0x0000000000023520                gEfiEdidActiveProtocolGuid
                0x0000000000023530                gEfiEdidDiscoveredProtocolGuid
                0x0000000000023540                gEfiGraphicsOutputProtocolGuid
                0x0000000000023550                TextInSpliterProtocol
                0x0000000000023560                ErrorOutSpliterProtocol
                0x0000000000023570                TextOutSpliterProtocol
                0x0000000000023580                VgaClassProtocol
                0x0000000000023590                LegacyBootProtocol
                0x00000000000235a0                VariableStoreProtocol
                0x00000000000235b0                InternalShellProtocol
                0x00000000000235c0                gEfiMpServicesProtocolGuid
                0x00000000000235d0                gEfiFileSystemVolumeLabelInfoIdGuid
                0x00000000000235e0                gEfiFileSystemInfoGuid
                0x00000000000235f0                gEfiFileInfoGuid
                0x0000000000023600                gEfiEbcProtocolGuid
                0x0000000000023610                gEfiDriverFamilyOverrideProtocolGuid
                0x0000000000023620                gEfiBusSpecificDriverOverrideProtocolGuid
                0x0000000000023630                gEfiPlatformDriverOverrideProtocolGuid
                0x0000000000023640                gEfiHashProtocolGuid
                0x0000000000023650                gEfiComponentName2ProtocolGuid
                0x0000000000023660                gEfiComponentNameProtocolGuid
                0x0000000000023670                gEfiDriverBindingProtocolGuid
                0x0000000000023680                gEfiPciRootBridgeIoProtocolGuid
                0x0000000000023690                gEfiPciIoProtocolGuid
                0x00000000000236a0                gEFiUiInterfaceProtocolGuid
                0x00000000000236b0                gEfiNetworkInterfaceIdentifierProtocolGuid
                0x00000000000236c0                gEfiPxeBaseCodeCallbackProtocolGuid
                0x00000000000236d0                gEfiPxeBaseCodeProtocolGuid
                0x00000000000236e0                gEfiSimpleNetworkProtocolGuid
                0x00000000000236f0                gEfiSerialIoProtocolGuid
                0x0000000000023700                gEfiUnicodeCollationProtocolGuid
                0x0000000000023710                gEfiDeviceIoProtocolGuid
                0x0000000000023720                gEfiLoadFile2ProtocolGuid
                0x0000000000023730                gEfiLoadFileProtocolGuid
                0x0000000000023740                gEfiLoadedImageDevicePathProtocolGuid
                0x0000000000023750                gEfiSimpleFileSystemProtocolGuid
                0x0000000000023760                gEfiDxeServicesTableGuid
                0x0000000000023770                gEfiDiskIo2ProtocolGuid
                0x0000000000023780                gEfiDiskIoProtocolGuid
                0x0000000000023790                gEfiBlockIo2ProtocolGuid
                0x00000000000237a0                gEfiBlockIoProtocolGuid
                0x00000000000237b0                gEfiSimpleTextOutProtocolGuid
                0x00000000000237c0                gEfiSimpleTextInProtocolGuid
                0x00000000000237d0                gEfiLoadedImageProtocolGuid
                0x00000000000237e0                gEfiDevicePathUtilitiesProtocolGuid
                0x00000000000237f0                gEfiDevicePathFromTextProtocolGuid
                0x0000000000023800                gEfiDevicePathToTextProtocolGuid
                0x0000000000023810                gEfiDevicePathProtocolGuid
                0x0000000000023820                gEfiGlobalVariableGuid
                0x0000000000023830                EndInstanceDevicePath
                0x0000000000023834                EndDevicePath
                0x0000000000023838                RootDevicePath
                0x000000000002383c                PoolAllocationType
 .data.rel.local
                0x0000000000023840       0x58 C:\GitHub\BlockyOS\compile\toolchain\gnu-efi-build\x86_64\/lib/\libefi.a(data.o)
                0x0000000000023840                UnicodeInterface
                0x0000000000023860                LibStubUnicodeInterface
 .data          0x0000000000023898        0x0 C:\GitHub\BlockyOS\compile\toolchain\gnu-efi-build\x86_64\/lib/\libefi.a(entry.o)
 *fill*         0x0000000000023898        0x8 
 .data          0x00000000000238a0       0x50 C:\GitHub\BlockyOS\compile\toolchain\gnu-efi-build\x86_64\/lib/\libefi.a(guid.o)
 *fill*         0x00000000000238f0       0x10 
 .data.rel.ro.local
                0x0000000000023900      0x2c0 C:\GitHub\BlockyOS\compile\toolchain\gnu-efi-build\x86_64\/lib/\libefi.a(guid.o)
 .data          0x0000000000023bc0        0x0 C:\GitHub\BlockyOS\compile\toolchain\gnu-efi-build\x86_64\/lib/\libefi.a(init.o)
 .data          0x0000000000023bc0        0x0 C:\GitHub\BlockyOS\compile\toolchain\gnu-efi-build\x86_64\/lib/\libefi.a(misc.o)
 .data          0x0000000000023bc0        0x0 C:\GitHub\BlockyOS\compile\toolchain\gnu-efi-build\x86_64\/lib/\libefi.a(str.o)
 .data          0x0000000000023bc0        0x0 C:\GitHub\BlockyOS\compile\toolchain\gnu-efi-build\x86_64\/lib/\libefi.a(efirtlib.o)
 .data          0x0000000000023bc0        0x0 C:\GitHub\BlockyOS\compile\toolchain\gnu-efi-build\x86_64\/lib/\libefi.a(rtstr.o)
 .data          0x0000000000023bc0        0x8 C:\GitHub\BlockyOS\compile\toolchain\gnu-efi-build\x86_64\/lib/\libefi.a(rtdata.o)
                0x0000000000023bc0                EFIDebug
 .data          0x0000000000023bc8        0x0 C:\GitHub\BlockyOS\compile\toolchain\gnu-efi-build\x86_64\/lib/\libefi.a(initplat.o)
 .data          0x0000000000023bc8        0x0 C:\GitHub\BlockyOS\compile\toolchain\gnu-efi-build\x86_64\/lib/\libefi.a(print.o)
 .data          0x0000000000023bc8        0x0 C:\GitHub\BlockyOS\compile\toolchain\gnu-efi-build\x86_64\/lib/\libefi.a(va_print.o)
 .data          0x0000000000023bc8        0x0 C:\GitHub\BlockyOS\compile\toolchain\gnu-efi-build\x86_64\/lib/\libefi.a(efi_stub.o)
 .data          0x0000000000023bc8        0x0 C:\GitHub\BlockyOS\compile\toolchain\gnu-efi-build\x86_64\/lib/\libefi.a(console.o)
 .data          0x0000000000023bc8        0x0 C:\GitHub\BlockyOS\compile\toolchain\gnu-efi-build\x86_64\/lib/\libefi.a(dpath.o)
 *fill*         0x0000000000023bc8       0x18 
 .data.rel.local
                0x0000000000023be0      0x1c0 C:\GitHub\BlockyOS\compile\toolchain\gnu-efi-build\x86_64\/lib/\libefi.a(dpath.o)
                0x0000000000023be0                DevPathTable
 .data          0x0000000000023da0        0x0 C:\GitHub\BlockyOS\compile\toolchain\gnu-efi-build\x86_64\/lib/\libefi.a(error.o)
 .data.rel.local
                0x0000000000023da0      0x2a0 C:\GitHub\BlockyOS\compile\toolchain\gnu-efi-build\x86_64\/lib/\libefi.a(error.o)
                0x0000000000023da0                ErrorCodeTable
 .data          0x0000000000024040        0x0 C:\GitHub\BlockyOS\compile\toolchain\gnu-efi-build\x86_64\/lib/\libefi.a(event.o)
 .data          0x0000000000024040        0x0 C:\GitHub\BlockyOS\compile\toolchain\gnu-efi-build\x86_64\/lib/\libefi.a(hand.o)
 .data          0x0000000000024040        0x0 C:\GitHub\BlockyOS\compile\toolchain\gnu-efi-build\x86_64\/lib/\libefi.a(math.o)
 .data          0x0000000000024040        0x0 C:\GitHub\BlockyOS\compile\toolchain\gnu-efi-build\x86_64\/lib/\libgnuefi.a(reloc_x86_64.o)
 *(.sdata)
                0x0000000000024040                . = ALIGN (0x10)
                0x0000000000024040                __init_array_start = .
 *(SORT_BY_NAME(.init_array.*))
 *(.init_array)
                0x0000000000024040                __init_array_end = .
                0x0000000000024040                . = ALIGN (0x10)
                0x0000000000024040                __CTOR_LIST__ = .
 *(SORT_BY_NAME(.ctors.*))
 *(.ctors)
                0x0000000000024040                __CTOR_END__ = .
                0x0000000000024040                . = ALIGN (0x10)
                0x0000000000024040                __DTOR_LIST__ = .
 *(SORT_BY_NAME(.dtors.*))
 *(.dtors)
                0x0000000000024040                __DTOR_END__ = .
                0x0000000000024040                . = ALIGN (0x10)
                0x0000000000024040                __fini_array_start = .
 *(SORT_BY_NAME(.fini_array.*))
 *(.fini_array)
                0x0000000000024040                __fini_array_end = .
 *(.sbss)
 *(.scommon)
 *(.dynbss)
 *(.bss*)
 .bss           0x0000000000024040        0x0 C:\GitHub\BlockyOS\compile\toolchain\gnu-efi-build\x86_64\lib/crt0-efi-x86_64.o
 .bss           0x0000000000024040        0x0 C:\GitHub\BlockyOS\Build\Build-2026-05-21-53\objs\UEFI.c.frat.o
 .bss           0x0000000000024040        0x0 C:\GitHub\BlockyOS\Build\Build-2026-05-21-53\objs\UEFI.c.raw.o
 .bss           0x0000000000024040        0x0 C:\GitHub\BlockyOS\Build\Build-2026-05-21-53\objs\UEFI.c.blake2b-ref.o
 .bss           0x0000000000024040        0x0 C:\GitHub\BlockyOS\Build\Build-2026-05-21-53\objs\UEFI.c.blake2bp-ref.o
 .bss           0x0000000000024040        0x0 C:\GitHub\BlockyOS\Build\Build-2026-05-21-53\objs\UEFI.c.blake2s-ref.o
 .bss           0x0000000000024040        0x0 C:\GitHub\BlockyOS\Build\Build-2026-05-21-53\objs\UEFI.c.blake2sp-ref.o
 .bss           0x0000000000024040        0x0 C:\GitHub\BlockyOS\Build\Build-2026-05-21-53\objs\UEFI.c.blake2xb-ref.o
 .bss           0x0000000000024040        0x0 C:\GitHub\BlockyOS\Build\Build-2026-05-21-53\objs\UEFI.c.blake2xs-ref.o
 .bss           0x0000000000024040        0x0 C:\GitHub\BlockyOS\Build\Build-2026-05-21-53\objs\UEFI.c.execload.o
 .bss           0x0000000000024040        0x0 C:\GitHub\BlockyOS\Build\Build-2026-05-21-53\objs\UEFI.c.socket.o
 .bss           0x0000000000024040        0x0 C:\GitHub\BlockyOS\Build\Build-2026-05-21-53\objs\UEFI.c.sockets.o
 .bss           0x0000000000024040        0x0 C:\GitHub\BlockyOS\Build\Build-2026-05-21-53\objs\UEFI.c.tools.o
 .bss           0x0000000000024040        0x0 C:\GitHub\BlockyOS\Build\Build-2026-05-21-53\objs\UEFI.c.boot.o
 .bss           0x0000000000024040        0x0 C:\GitHub\BlockyOS\Build\Build-2026-05-21-53\objs\UEFI.c.bthelper.o
 .bss           0x0000000000024040       0x29 C:\GitHub\BlockyOS\compile\toolchain\gnu-efi-build\x86_64\/lib/\libefi.a(data.o)
                0x0000000000024040                gZeroGuid
                0x0000000000024050                BS
                0x0000000000024058                ST
                0x0000000000024060                LibImageHandle
                0x0000000000024068                LibInitialized
 .bss           0x0000000000024069        0x0 C:\GitHub\BlockyOS\compile\toolchain\gnu-efi-build\x86_64\/lib/\libefi.a(entry.o)
 *fill*         0x0000000000024069        0x7 
 .bss           0x0000000000024070       0x10 C:\GitHub\BlockyOS\compile\toolchain\gnu-efi-build\x86_64\/lib/\libefi.a(guid.o)
                0x0000000000024070                GuidList
 .bss           0x0000000000024080        0x0 C:\GitHub\BlockyOS\compile\toolchain\gnu-efi-build\x86_64\/lib/\libefi.a(init.o)
 .bss           0x0000000000024080        0x0 C:\GitHub\BlockyOS\compile\toolchain\gnu-efi-build\x86_64\/lib/\libefi.a(misc.o)
 .bss           0x0000000000024080        0x0 C:\GitHub\BlockyOS\compile\toolchain\gnu-efi-build\x86_64\/lib/\libefi.a(str.o)
 .bss           0x0000000000024080        0x0 C:\GitHub\BlockyOS\compile\toolchain\gnu-efi-build\x86_64\/lib/\libefi.a(efirtlib.o)
 .bss           0x0000000000024080        0x0 C:\GitHub\BlockyOS\compile\toolchain\gnu-efi-build\x86_64\/lib/\libefi.a(rtstr.o)
 .bss           0x0000000000024080       0x28 C:\GitHub\BlockyOS\compile\toolchain\gnu-efi-build\x86_64\/lib/\libefi.a(rtdata.o)
                0x0000000000024080                LibRuntimeRestoreTPL
                0x0000000000024088                LibRuntimeRaiseTPL
                0x0000000000024090                LibRuntimeDebugOut
                0x0000000000024098                LibFwInstance
                0x00000000000240a0                RT
 .bss           0x00000000000240a8        0x0 C:\GitHub\BlockyOS\compile\toolchain\gnu-efi-build\x86_64\/lib/\libefi.a(initplat.o)
 .bss           0x00000000000240a8        0x0 C:\GitHub\BlockyOS\compile\toolchain\gnu-efi-build\x86_64\/lib/\libefi.a(print.o)
 .bss           0x00000000000240a8        0x0 C:\GitHub\BlockyOS\compile\toolchain\gnu-efi-build\x86_64\/lib/\libefi.a(va_print.o)
 .bss           0x00000000000240a8        0x0 C:\GitHub\BlockyOS\compile\toolchain\gnu-efi-build\x86_64\/lib/\libefi.a(efi_stub.o)
 .bss           0x00000000000240a8        0x0 C:\GitHub\BlockyOS\compile\toolchain\gnu-efi-build\x86_64\/lib/\libefi.a(console.o)
 .bss           0x00000000000240a8        0x0 C:\GitHub\BlockyOS\compile\toolchain\gnu-efi-build\x86_64\/lib/\libefi.a(dpath.o)
 .bss           0x00000000000240a8        0x0 C:\GitHub\BlockyOS\compile\toolchain\gnu-efi-build\x86_64\/lib/\libefi.a(error.o)
 .bss           0x00000000000240a8        0x0 C:\GitHub\BlockyOS\compile\toolchain\gnu-efi-build\x86_64\/lib/\libefi.a(event.o)
 .bss           0x00000000000240a8        0x0 C:\GitHub\BlockyOS\compile\toolchain\gnu-efi-build\x86_64\/lib/\libefi.a(hand.o)
 .bss           0x00000000000240a8        0x0 C:\GitHub\BlockyOS\compile\toolchain\gnu-efi-build\x86_64\/lib/\libefi.a(math.o)
 .bss           0x00000000000240a8        0x0 C:\GitHub\BlockyOS\compile\toolchain\gnu-efi-build\x86_64\/lib/\libgnuefi.a(reloc_x86_64.o)
 *(COMMON)
 *(.rel.local)

.igot.plt       0x00000000000240a8        0x0
 .igot.plt      0x00000000000240a8        0x0 C:\GitHub\BlockyOS\compile\toolchain\gnu-efi-build\x86_64\lib/crt0-efi-x86_64.o

.note.gnu.build-id
 *(.note.gnu.build-id)
                0x00000000000240a8                _edata = .
                0x0000000000001288                _data_size = (_edata - _etext)
                0x0000000000025000                . = ALIGN (0x1000)

.reloc          0x0000000000025000        0xc
 *(.reloc)
 .reloc         0x0000000000025000        0xc C:\GitHub\BlockyOS\compile\toolchain\gnu-efi-build\x86_64\lib/crt0-efi-x86_64.o
                0x0000000000026000                . = ALIGN (0x1000)
                0x0000000000026000                _DYNAMIC = .

.dynamic
 *(.dynamic)
                0x0000000000026000                . = ALIGN (0x1000)

.rela           0x0000000000026000        0x0
 *(.rela.text*)
 .rela.text     0x0000000000026000        0x0 C:\GitHub\BlockyOS\compile\toolchain\gnu-efi-build\x86_64\lib/crt0-efi-x86_64.o
 *(.rela.data*)
 *(.rela.got)
 .rela.got      0x0000000000026000        0x0 C:\GitHub\BlockyOS\compile\toolchain\gnu-efi-build\x86_64\lib/crt0-efi-x86_64.o
 *(.rela.dyn)
 *(.rela.stab)
 *(.rela.init_array*)
 *(.rela.fini_array*)
 *(.rela.ctors*)
 *(.rela.dtors*)
                0x0000000000026000                . = ALIGN (0x1000)

.rela.plt
 *(.rela.plt)
                0x0000000000026000                . = ALIGN (0x1000)

.rodata         0x0000000000026000     0x3bfe
 *(.rodata*)
 .rodata        0x0000000000026000     0x13e4 C:\GitHub\BlockyOS\Build\Build-2026-05-21-53\objs\UEFI.c.frat.o
                0x0000000000026000                DebugPort
 *fill*         0x00000000000273e4        0x4 
 .rodata        0x00000000000273e8      0x7e2 C:\GitHub\BlockyOS\Build\Build-2026-05-21-53\objs\UEFI.c.raw.o
 *fill*         0x0000000000027bca       0x16 
 .rodata        0x0000000000027be0      0x100 C:\GitHub\BlockyOS\Build\Build-2026-05-21-53\objs\UEFI.c.blake2b-ref.o
 .rodata        0x0000000000027ce0       0xc0 C:\GitHub\BlockyOS\Build\Build-2026-05-21-53\objs\UEFI.c.blake2s-ref.o
 .rodata        0x0000000000027da0       0x15 C:\GitHub\BlockyOS\Build\Build-2026-05-21-53\objs\UEFI.c.execload.o
 *fill*         0x0000000000027db5        0x3 
 .rodata        0x0000000000027db8       0x6a C:\GitHub\BlockyOS\Build\Build-2026-05-21-53\objs\UEFI.c.socket.o
 *fill*         0x0000000000027e22        0x6 
 .rodata        0x0000000000027e28      0x10c C:\GitHub\BlockyOS\Build\Build-2026-05-21-53\objs\UEFI.c.sockets.o
 *fill*         0x0000000000027f34        0x4 
 .rodata        0x0000000000027f38      0x340 C:\GitHub\BlockyOS\Build\Build-2026-05-21-53\objs\UEFI.c.tools.o
 .rodata        0x0000000000028278      0x284 C:\GitHub\BlockyOS\Build\Build-2026-05-21-53\objs\UEFI.c.boot.o
 *fill*         0x00000000000284fc        0x4 
 .rodata        0x0000000000028500      0x49c C:\GitHub\BlockyOS\Build\Build-2026-05-21-53\objs\UEFI.c.bthelper.o
 *fill*         0x000000000002899c        0x4 
 .rodata        0x00000000000289a0      0x2f8 C:\GitHub\BlockyOS\compile\toolchain\gnu-efi-build\x86_64\/lib/\libefi.a(guid.o)
 .rodata        0x0000000000028c98       0x1c C:\GitHub\BlockyOS\compile\toolchain\gnu-efi-build\x86_64\/lib/\libefi.a(init.o)
 .rodata        0x0000000000028cb4       0x14 C:\GitHub\BlockyOS\compile\toolchain\gnu-efi-build\x86_64\/lib/\libefi.a(misc.o)
 *fill*         0x0000000000028cc8        0x8 
 .rodata        0x0000000000028cd0      0x25c C:\GitHub\BlockyOS\compile\toolchain\gnu-efi-build\x86_64\/lib/\libefi.a(print.o)
 *fill*         0x0000000000028f2c        0x4 
 .rodata        0x0000000000028f30      0x184 C:\GitHub\BlockyOS\compile\toolchain\gnu-efi-build\x86_64\/lib/\libefi.a(va_print.o)
 .rodata        0x00000000000290b4        0x8 C:\GitHub\BlockyOS\compile\toolchain\gnu-efi-build\x86_64\/lib/\libefi.a(console.o)
 *fill*         0x00000000000290bc        0x4 
 .rodata        0x00000000000290c0      0x628 C:\GitHub\BlockyOS\compile\toolchain\gnu-efi-build\x86_64\/lib/\libefi.a(dpath.o)
 .rodata        0x00000000000296e8      0x516 C:\GitHub\BlockyOS\compile\toolchain\gnu-efi-build\x86_64\/lib/\libefi.a(error.o)
                0x000000000002a000                . = ALIGN (0x1000)

.dynsym
 *(.dynsym)
                0x000000000002a000                . = ALIGN (0x1000)

.dynstr
 *(.dynstr)
                0x000000000002a000                . = ALIGN (0x1000)

.ignored.reloc
 *(.rela.reloc)
 *(.note.GNU-stack)

.comment        0x0000000000000000       0x12
 *(.comment)
 .comment       0x0000000000000000       0x12 C:\GitHub\BlockyOS\Build\Build-2026-05-21-53\objs\UEFI.c.frat.o
                                         0x13 (size before relaxing)
 .comment       0x0000000000000012        0x0 C:\GitHub\BlockyOS\Build\Build-2026-05-21-53\objs\UEFI.c.raw.o
                                         0x13 (size before relaxing)
 .comment       0x0000000000000012        0x0 C:\GitHub\BlockyOS\Build\Build-2026-05-21-53\objs\UEFI.c.blake2b-ref.o
                                         0x13 (size before relaxing)
 .comment       0x0000000000000012        0x0 C:\GitHub\BlockyOS\Build\Build-2026-05-21-53\objs\UEFI.c.blake2bp-ref.o
                                         0x13 (size before relaxing)
 .comment       0x0000000000000012        0x0 C:\GitHub\BlockyOS\Build\Build-2026-05-21-53\objs\UEFI.c.blake2s-ref.o
                                         0x13 (size before relaxing)
 .comment       0x0000000000000012        0x0 C:\GitHub\BlockyOS\Build\Build-2026-05-21-53\objs\UEFI.c.blake2sp-ref.o
                                         0x13 (size before relaxing)
 .comment       0x0000000000000012        0x0 C:\GitHub\BlockyOS\Build\Build-2026-05-21-53\objs\UEFI.c.blake2xb-ref.o
                                         0x13 (size before relaxing)
 .comment       0x0000000000000012        0x0 C:\GitHub\BlockyOS\Build\Build-2026-05-21-53\objs\UEFI.c.blake2xs-ref.o
                                         0x13 (size before relaxing)
 .comment       0x0000000000000012        0x0 C:\GitHub\BlockyOS\Build\Build-2026-05-21-53\objs\UEFI.c.execload.o
                                         0x13 (size before relaxing)
 .comment       0x0000000000000012        0x0 C:\GitHub\BlockyOS\Build\Build-2026-05-21-53\objs\UEFI.c.socket.o
                                         0x13 (size before relaxing)
 .comment       0x0000000000000012        0x0 C:\GitHub\BlockyOS\Build\Build-2026-05-21-53\objs\UEFI.c.sockets.o
                                         0x13 (size before relaxing)
 .comment       0x0000000000000012        0x0 C:\GitHub\BlockyOS\Build\Build-2026-05-21-53\objs\UEFI.c.tools.o
                                         0x13 (size before relaxing)
 .comment       0x0000000000000012        0x0 C:\GitHub\BlockyOS\Build\Build-2026-05-21-53\objs\UEFI.c.boot.o
                                         0x13 (size before relaxing)
 .comment       0x0000000000000012        0x0 C:\GitHub\BlockyOS\Build\Build-2026-05-21-53\objs\UEFI.c.bthelper.o
                                         0x13 (size before relaxing)
 .comment       0x0000000000000012        0x0 C:\GitHub\BlockyOS\compile\toolchain\gnu-efi-build\x86_64\/lib/\libefi.a(data.o)
                                         0x13 (size before relaxing)
 .comment       0x0000000000000012        0x0 C:\GitHub\BlockyOS\compile\toolchain\gnu-efi-build\x86_64\/lib/\libefi.a(entry.o)
                                         0x13 (size before relaxing)
 .comment       0x0000000000000012        0x0 C:\GitHub\BlockyOS\compile\toolchain\gnu-efi-build\x86_64\/lib/\libefi.a(guid.o)
                                         0x13 (size before relaxing)
 .comment       0x0000000000000012        0x0 C:\GitHub\BlockyOS\compile\toolchain\gnu-efi-build\x86_64\/lib/\libefi.a(init.o)
                                         0x13 (size before relaxing)
 .comment       0x0000000000000012        0x0 C:\GitHub\BlockyOS\compile\toolchain\gnu-efi-build\x86_64\/lib/\libefi.a(misc.o)
                                         0x13 (size before relaxing)
 .comment       0x0000000000000012        0x0 C:\GitHub\BlockyOS\compile\toolchain\gnu-efi-build\x86_64\/lib/\libefi.a(str.o)
                                         0x13 (size before relaxing)
 .comment       0x0000000000000012        0x0 C:\GitHub\BlockyOS\compile\toolchain\gnu-efi-build\x86_64\/lib/\libefi.a(efirtlib.o)
                                         0x13 (size before relaxing)
 .comment       0x0000000000000012        0x0 C:\GitHub\BlockyOS\compile\toolchain\gnu-efi-build\x86_64\/lib/\libefi.a(rtstr.o)
                                         0x13 (size before relaxing)
 .comment       0x0000000000000012        0x0 C:\GitHub\BlockyOS\compile\toolchain\gnu-efi-build\x86_64\/lib/\libefi.a(rtdata.o)
                                         0x13 (size before relaxing)
 .comment       0x0000000000000012        0x0 C:\GitHub\BlockyOS\compile\toolchain\gnu-efi-build\x86_64\/lib/\libefi.a(initplat.o)
                                         0x13 (size before relaxing)
 .comment       0x0000000000000012        0x0 C:\GitHub\BlockyOS\compile\toolchain\gnu-efi-build\x86_64\/lib/\libefi.a(print.o)
                                         0x13 (size before relaxing)
 .comment       0x0000000000000012        0x0 C:\GitHub\BlockyOS\compile\toolchain\gnu-efi-build\x86_64\/lib/\libefi.a(va_print.o)
                                         0x13 (size before relaxing)
 .comment       0x0000000000000012        0x0 C:\GitHub\BlockyOS\compile\toolchain\gnu-efi-build\x86_64\/lib/\libefi.a(console.o)
                                         0x13 (size before relaxing)
 .comment       0x0000000000000012        0x0 C:\GitHub\BlockyOS\compile\toolchain\gnu-efi-build\x86_64\/lib/\libefi.a(dpath.o)
                                         0x13 (size before relaxing)
 .comment       0x0000000000000012        0x0 C:\GitHub\BlockyOS\compile\toolchain\gnu-efi-build\x86_64\/lib/\libefi.a(error.o)
                                         0x13 (size before relaxing)
 .comment       0x0000000000000012        0x0 C:\GitHub\BlockyOS\compile\toolchain\gnu-efi-build\x86_64\/lib/\libefi.a(event.o)
                                         0x13 (size before relaxing)
 .comment       0x0000000000000012        0x0 C:\GitHub\BlockyOS\compile\toolchain\gnu-efi-build\x86_64\/lib/\libefi.a(hand.o)
                                         0x13 (size before relaxing)
 .comment       0x0000000000000012        0x0 C:\GitHub\BlockyOS\compile\toolchain\gnu-efi-build\x86_64\/lib/\libefi.a(math.o)
                                         0x13 (size before relaxing)
 .comment       0x0000000000000012        0x0 C:\GitHub\BlockyOS\compile\toolchain\gnu-efi-build\x86_64\/lib/\libgnuefi.a(reloc_x86_64.o)
                                         0x13 (size before relaxing)
LOAD C:\GitHub\BlockyOS\compile\toolchain\gnu-efi-build\x86_64\lib/crt0-efi-x86_64.o
LOAD C:\GitHub\BlockyOS\Build\Build-2026-05-21-53\objs\UEFI.c.frat.o
LOAD C:\GitHub\BlockyOS\Build\Build-2026-05-21-53\objs\UEFI.c.raw.o
LOAD C:\GitHub\BlockyOS\Build\Build-2026-05-21-53\objs\UEFI.c.blake2b-ref.o
LOAD C:\GitHub\BlockyOS\Build\Build-2026-05-21-53\objs\UEFI.c.blake2bp-ref.o
LOAD C:\GitHub\BlockyOS\Build\Build-2026-05-21-53\objs\UEFI.c.blake2s-ref.o
LOAD C:\GitHub\BlockyOS\Build\Build-2026-05-21-53\objs\UEFI.c.blake2sp-ref.o
LOAD C:\GitHub\BlockyOS\Build\Build-2026-05-21-53\objs\UEFI.c.blake2xb-ref.o
LOAD C:\GitHub\BlockyOS\Build\Build-2026-05-21-53\objs\UEFI.c.blake2xs-ref.o
LOAD C:\GitHub\BlockyOS\Build\Build-2026-05-21-53\objs\UEFI.c.execload.o
LOAD C:\GitHub\BlockyOS\Build\Build-2026-05-21-53\objs\UEFI.c.socket.o
LOAD C:\GitHub\BlockyOS\Build\Build-2026-05-21-53\objs\UEFI.c.sockets.o
LOAD C:\GitHub\BlockyOS\Build\Build-2026-05-21-53\objs\UEFI.c.tools.o
LOAD C:\GitHub\BlockyOS\Build\Build-2026-05-21-53\objs\UEFI.c.boot.o
LOAD C:\GitHub\BlockyOS\Build\Build-2026-05-21-53\objs\UEFI.c.bthelper.o
LOAD C:\GitHub\BlockyOS\compile\toolchain\gnu-efi-build\x86_64\/lib/\libefi.a
LOAD C:\GitHub\BlockyOS\compile\toolchain\gnu-efi-build\x86_64\/lib/\libgnuefi.a
OUTPUT(C:\GitHub\BlockyOS\Build\Build-2026-05-21-53\objs\blob.so elf64-x86-64)

.debug_line     0x0000000000000000     0x638d
 .debug_line    0x0000000000000000       0x5b C:\GitHub\BlockyOS\compile\toolchain\gnu-efi-build\x86_64\lib/crt0-efi-x86_64.o
 .debug_line    0x000000000000005b       0x73 C:\GitHub\BlockyOS\compile\toolchain\gnu-efi-build\x86_64\/lib/\libefi.a(data.o)
 .debug_line    0x00000000000000ce      0x1ea C:\GitHub\BlockyOS\compile\toolchain\gnu-efi-build\x86_64\/lib/\libefi.a(entry.o)
 .debug_line    0x00000000000002b8      0x134 C:\GitHub\BlockyOS\compile\toolchain\gnu-efi-build\x86_64\/lib/\libefi.a(guid.o)
 .debug_line    0x00000000000003ec      0x2f9 C:\GitHub\BlockyOS\compile\toolchain\gnu-efi-build\x86_64\/lib/\libefi.a(init.o)
 .debug_line    0x00000000000006e5      0xa57 C:\GitHub\BlockyOS\compile\toolchain\gnu-efi-build\x86_64\/lib/\libefi.a(misc.o)
 .debug_line    0x000000000000113c      0x5ec C:\GitHub\BlockyOS\compile\toolchain\gnu-efi-build\x86_64\/lib/\libefi.a(str.o)
 .debug_line    0x0000000000001728      0x260 C:\GitHub\BlockyOS\compile\toolchain\gnu-efi-build\x86_64\/lib/\libefi.a(efirtlib.o)
 .debug_line    0x0000000000001988      0x451 C:\GitHub\BlockyOS\compile\toolchain\gnu-efi-build\x86_64\/lib/\libefi.a(rtstr.o)
 .debug_line    0x0000000000001dd9       0x6e C:\GitHub\BlockyOS\compile\toolchain\gnu-efi-build\x86_64\/lib/\libefi.a(rtdata.o)
 .debug_line    0x0000000000001e47       0x7f C:\GitHub\BlockyOS\compile\toolchain\gnu-efi-build\x86_64\/lib/\libefi.a(initplat.o)
 .debug_line    0x0000000000001ec6     0x15c8 C:\GitHub\BlockyOS\compile\toolchain\gnu-efi-build\x86_64\/lib/\libefi.a(print.o)
 .debug_line    0x000000000000348e      0xf2d C:\GitHub\BlockyOS\compile\toolchain\gnu-efi-build\x86_64\/lib/\libefi.a(va_print.o)
 .debug_line    0x00000000000043bb       0xb5 C:\GitHub\BlockyOS\compile\toolchain\gnu-efi-build\x86_64\/lib/\libefi.a(efi_stub.o)
 .debug_line    0x0000000000004470      0x153 C:\GitHub\BlockyOS\compile\toolchain\gnu-efi-build\x86_64\/lib/\libefi.a(console.o)
 .debug_line    0x00000000000045c3     0x1127 C:\GitHub\BlockyOS\compile\toolchain\gnu-efi-build\x86_64\/lib/\libefi.a(dpath.o)
 .debug_line    0x00000000000056ea       0xbf C:\GitHub\BlockyOS\compile\toolchain\gnu-efi-build\x86_64\/lib/\libefi.a(error.o)
 .debug_line    0x00000000000057a9      0x1ac C:\GitHub\BlockyOS\compile\toolchain\gnu-efi-build\x86_64\/lib/\libefi.a(event.o)
 .debug_line    0x0000000000005955      0x80e C:\GitHub\BlockyOS\compile\toolchain\gnu-efi-build\x86_64\/lib/\libefi.a(hand.o)
 .debug_line    0x0000000000006163       0xb2 C:\GitHub\BlockyOS\compile\toolchain\gnu-efi-build\x86_64\/lib/\libefi.a(math.o)
 .debug_line    0x0000000000006215      0x178 C:\GitHub\BlockyOS\compile\toolchain\gnu-efi-build\x86_64\/lib/\libgnuefi.a(reloc_x86_64.o)

.debug_line_str
                0x0000000000000000      0x59a
 .debug_line_str
                0x0000000000000000      0x59a C:\GitHub\BlockyOS\compile\toolchain\gnu-efi-build\x86_64\lib/crt0-efi-x86_64.o
                                         0x5d (size before relaxing)
 .debug_line_str
                0x000000000000059a        0x0 C:\GitHub\BlockyOS\compile\toolchain\gnu-efi-build\x86_64\/lib/\libefi.a(data.o)
                                        0x16f (size before relaxing)
 .debug_line_str
                0x000000000000059a        0x0 C:\GitHub\BlockyOS\compile\toolchain\gnu-efi-build\x86_64\/lib/\libefi.a(entry.o)
                                        0x175 (size before relaxing)
 .debug_line_str
                0x000000000000059a        0x0 C:\GitHub\BlockyOS\compile\toolchain\gnu-efi-build\x86_64\/lib/\libefi.a(guid.o)
                                        0x158 (size before relaxing)
 .debug_line_str
                0x000000000000059a        0x0 C:\GitHub\BlockyOS\compile\toolchain\gnu-efi-build\x86_64\/lib/\libefi.a(init.o)
                                        0x187 (size before relaxing)
 .debug_line_str
                0x000000000000059a        0x0 C:\GitHub\BlockyOS\compile\toolchain\gnu-efi-build\x86_64\/lib/\libefi.a(misc.o)
                                        0x186 (size before relaxing)
 .debug_line_str
                0x000000000000059a        0x0 C:\GitHub\BlockyOS\compile\toolchain\gnu-efi-build\x86_64\/lib/\libefi.a(str.o)
                                        0x15b (size before relaxing)
 .debug_line_str
                0x000000000000059a        0x0 C:\GitHub\BlockyOS\compile\toolchain\gnu-efi-build\x86_64\/lib/\libefi.a(efirtlib.o)
                                        0x15f (size before relaxing)
 .debug_line_str
                0x000000000000059a        0x0 C:\GitHub\BlockyOS\compile\toolchain\gnu-efi-build\x86_64\/lib/\libefi.a(rtstr.o)
                                        0x14f (size before relaxing)
 .debug_line_str
                0x000000000000059a        0x0 C:\GitHub\BlockyOS\compile\toolchain\gnu-efi-build\x86_64\/lib/\libefi.a(rtdata.o)
                                        0x17c (size before relaxing)
 .debug_line_str
                0x000000000000059a        0x0 C:\GitHub\BlockyOS\compile\toolchain\gnu-efi-build\x86_64\/lib/\libefi.a(initplat.o)
                                        0x17a (size before relaxing)
 .debug_line_str
                0x000000000000059a        0x0 C:\GitHub\BlockyOS\compile\toolchain\gnu-efi-build\x86_64\/lib/\libefi.a(print.o)
                                        0x1cf (size before relaxing)
 .debug_line_str
                0x000000000000059a        0x0 C:\GitHub\BlockyOS\compile\toolchain\gnu-efi-build\x86_64\/lib/\libefi.a(va_print.o)
                                        0x1c7 (size before relaxing)
 .debug_line_str
                0x000000000000059a        0x0 C:\GitHub\BlockyOS\compile\toolchain\gnu-efi-build\x86_64\/lib/\libefi.a(efi_stub.o)
                                         0x57 (size before relaxing)
 .debug_line_str
                0x000000000000059a        0x0 C:\GitHub\BlockyOS\compile\toolchain\gnu-efi-build\x86_64\/lib/\libefi.a(console.o)
                                        0x172 (size before relaxing)
 .debug_line_str
                0x000000000000059a        0x0 C:\GitHub\BlockyOS\compile\toolchain\gnu-efi-build\x86_64\/lib/\libefi.a(dpath.o)
                                        0x163 (size before relaxing)
 .debug_line_str
                0x000000000000059a        0x0 C:\GitHub\BlockyOS\compile\toolchain\gnu-efi-build\x86_64\/lib/\libefi.a(error.o)
                                        0x146 (size before relaxing)
 .debug_line_str
                0x000000000000059a        0x0 C:\GitHub\BlockyOS\compile\toolchain\gnu-efi-build\x86_64\/lib/\libefi.a(event.o)
                                        0x16c (size before relaxing)
 .debug_line_str
                0x000000000000059a        0x0 C:\GitHub\BlockyOS\compile\toolchain\gnu-efi-build\x86_64\/lib/\libefi.a(hand.o)
                                        0x177 (size before relaxing)
 .debug_line_str
                0x000000000000059a        0x0 C:\GitHub\BlockyOS\compile\toolchain\gnu-efi-build\x86_64\/lib/\libefi.a(math.o)
                                        0x120 (size before relaxing)
 .debug_line_str
                0x000000000000059a        0x0 C:\GitHub\BlockyOS\compile\toolchain\gnu-efi-build\x86_64\/lib/\libgnuefi.a(reloc_x86_64.o)
                                        0x1af (size before relaxing)

.debug_info     0x0000000000000000    0x1e0b3
 .debug_info    0x0000000000000000       0x28 C:\GitHub\BlockyOS\compile\toolchain\gnu-efi-build\x86_64\lib/crt0-efi-x86_64.o
 .debug_info    0x0000000000000028     0x2329 C:\GitHub\BlockyOS\compile\toolchain\gnu-efi-build\x86_64\/lib/\libefi.a(data.o)
 .debug_info    0x0000000000002351     0x1ac6 C:\GitHub\BlockyOS\compile\toolchain\gnu-efi-build\x86_64\/lib/\libefi.a(entry.o)
 .debug_info    0x0000000000003e17      0x607 C:\GitHub\BlockyOS\compile\toolchain\gnu-efi-build\x86_64\/lib/\libefi.a(guid.o)
 .debug_info    0x000000000000441e     0x1f24 C:\GitHub\BlockyOS\compile\toolchain\gnu-efi-build\x86_64\/lib/\libefi.a(init.o)
 .debug_info    0x0000000000006342     0x2f4e C:\GitHub\BlockyOS\compile\toolchain\gnu-efi-build\x86_64\/lib/\libefi.a(misc.o)
 .debug_info    0x0000000000009290      0xdba C:\GitHub\BlockyOS\compile\toolchain\gnu-efi-build\x86_64\/lib/\libefi.a(str.o)
 .debug_info    0x000000000000a04a      0x4f7 C:\GitHub\BlockyOS\compile\toolchain\gnu-efi-build\x86_64\/lib/\libefi.a(efirtlib.o)
 .debug_info    0x000000000000a541      0x710 C:\GitHub\BlockyOS\compile\toolchain\gnu-efi-build\x86_64\/lib/\libefi.a(rtstr.o)
 .debug_info    0x000000000000ac51      0xa44 C:\GitHub\BlockyOS\compile\toolchain\gnu-efi-build\x86_64\/lib/\libefi.a(rtdata.o)
 .debug_info    0x000000000000b695     0x1789 C:\GitHub\BlockyOS\compile\toolchain\gnu-efi-build\x86_64\/lib/\libefi.a(initplat.o)
 .debug_info    0x000000000000ce1e     0x37cb C:\GitHub\BlockyOS\compile\toolchain\gnu-efi-build\x86_64\/lib/\libefi.a(print.o)
 .debug_info    0x00000000000105e9     0x2bc0 C:\GitHub\BlockyOS\compile\toolchain\gnu-efi-build\x86_64\/lib/\libefi.a(va_print.o)
 .debug_info    0x00000000000131a9       0x29 C:\GitHub\BlockyOS\compile\toolchain\gnu-efi-build\x86_64\/lib/\libefi.a(efi_stub.o)
 .debug_info    0x00000000000131d2     0x1989 C:\GitHub\BlockyOS\compile\toolchain\gnu-efi-build\x86_64\/lib/\libefi.a(console.o)
 .debug_info    0x0000000000014b5b     0x3fcb C:\GitHub\BlockyOS\compile\toolchain\gnu-efi-build\x86_64\/lib/\libefi.a(dpath.o)
 .debug_info    0x0000000000018b26      0x1de C:\GitHub\BlockyOS\compile\toolchain\gnu-efi-build\x86_64\/lib/\libefi.a(error.o)
 .debug_info    0x0000000000018d04     0x1af3 C:\GitHub\BlockyOS\compile\toolchain\gnu-efi-build\x86_64\/lib/\libefi.a(event.o)
 .debug_info    0x000000000001a7f7     0x1e30 C:\GitHub\BlockyOS\compile\toolchain\gnu-efi-build\x86_64\/lib/\libefi.a(hand.o)
 .debug_info    0x000000000001c627      0x1a3 C:\GitHub\BlockyOS\compile\toolchain\gnu-efi-build\x86_64\/lib/\libefi.a(math.o)
 .debug_info    0x000000000001c7ca     0x18e9 C:\GitHub\BlockyOS\compile\toolchain\gnu-efi-build\x86_64\/lib/\libgnuefi.a(reloc_x86_64.o)

.debug_abbrev   0x0000000000000000     0x353c
 .debug_abbrev  0x0000000000000000       0x14 C:\GitHub\BlockyOS\compile\toolchain\gnu-efi-build\x86_64\lib/crt0-efi-x86_64.o
 .debug_abbrev  0x0000000000000014      0x220 C:\GitHub\BlockyOS\compile\toolchain\gnu-efi-build\x86_64\/lib/\libefi.a(data.o)
 .debug_abbrev  0x0000000000000234      0x2df C:\GitHub\BlockyOS\compile\toolchain\gnu-efi-build\x86_64\/lib/\libefi.a(entry.o)
 .debug_abbrev  0x0000000000000513      0x205 C:\GitHub\BlockyOS\compile\toolchain\gnu-efi-build\x86_64\/lib/\libefi.a(guid.o)
 .debug_abbrev  0x0000000000000718      0x337 C:\GitHub\BlockyOS\compile\toolchain\gnu-efi-build\x86_64\/lib/\libefi.a(init.o)
 .debug_abbrev  0x0000000000000a4f      0x528 C:\GitHub\BlockyOS\compile\toolchain\gnu-efi-build\x86_64\/lib/\libefi.a(misc.o)
 .debug_abbrev  0x0000000000000f77      0x2e7 C:\GitHub\BlockyOS\compile\toolchain\gnu-efi-build\x86_64\/lib/\libefi.a(str.o)
 .debug_abbrev  0x000000000000125e      0x1c8 C:\GitHub\BlockyOS\compile\toolchain\gnu-efi-build\x86_64\/lib/\libefi.a(efirtlib.o)
 .debug_abbrev  0x0000000000001426      0x21f C:\GitHub\BlockyOS\compile\toolchain\gnu-efi-build\x86_64\/lib/\libefi.a(rtstr.o)
 .debug_abbrev  0x0000000000001645      0x164 C:\GitHub\BlockyOS\compile\toolchain\gnu-efi-build\x86_64\/lib/\libefi.a(rtdata.o)
 .debug_abbrev  0x00000000000017a9      0x1a9 C:\GitHub\BlockyOS\compile\toolchain\gnu-efi-build\x86_64\/lib/\libefi.a(initplat.o)
 .debug_abbrev  0x0000000000001952      0x5bc C:\GitHub\BlockyOS\compile\toolchain\gnu-efi-build\x86_64\/lib/\libefi.a(print.o)
 .debug_abbrev  0x0000000000001f0e      0x4ee C:\GitHub\BlockyOS\compile\toolchain\gnu-efi-build\x86_64\/lib/\libefi.a(va_print.o)
 .debug_abbrev  0x00000000000023fc       0x14 C:\GitHub\BlockyOS\compile\toolchain\gnu-efi-build\x86_64\/lib/\libefi.a(efi_stub.o)
 .debug_abbrev  0x0000000000002410      0x270 C:\GitHub\BlockyOS\compile\toolchain\gnu-efi-build\x86_64\/lib/\libefi.a(console.o)
 .debug_abbrev  0x0000000000002680      0x4d9 C:\GitHub\BlockyOS\compile\toolchain\gnu-efi-build\x86_64\/lib/\libefi.a(dpath.o)
 .debug_abbrev  0x0000000000002b59      0x12b C:\GitHub\BlockyOS\compile\toolchain\gnu-efi-build\x86_64\/lib/\libefi.a(error.o)
 .debug_abbrev  0x0000000000002c84      0x2b1 C:\GitHub\BlockyOS\compile\toolchain\gnu-efi-build\x86_64\/lib/\libefi.a(event.o)
 .debug_abbrev  0x0000000000002f35      0x356 C:\GitHub\BlockyOS\compile\toolchain\gnu-efi-build\x86_64\/lib/\libefi.a(hand.o)
 .debug_abbrev  0x000000000000328b       0xa3 C:\GitHub\BlockyOS\compile\toolchain\gnu-efi-build\x86_64\/lib/\libefi.a(math.o)
 .debug_abbrev  0x000000000000332e      0x20e C:\GitHub\BlockyOS\compile\toolchain\gnu-efi-build\x86_64\/lib/\libgnuefi.a(reloc_x86_64.o)

.debug_aranges  0x0000000000000000      0x3d0
 .debug_aranges
                0x0000000000000000       0x30 C:\GitHub\BlockyOS\compile\toolchain\gnu-efi-build\x86_64\lib/crt0-efi-x86_64.o
 .debug_aranges
                0x0000000000000030       0x20 C:\GitHub\BlockyOS\compile\toolchain\gnu-efi-build\x86_64\/lib/\libefi.a(data.o)
 .debug_aranges
                0x0000000000000050       0x30 C:\GitHub\BlockyOS\compile\toolchain\gnu-efi-build\x86_64\/lib/\libefi.a(entry.o)
 .debug_aranges
                0x0000000000000080       0x30 C:\GitHub\BlockyOS\compile\toolchain\gnu-efi-build\x86_64\/lib/\libefi.a(guid.o)
 .debug_aranges
                0x00000000000000b0       0x30 C:\GitHub\BlockyOS\compile\toolchain\gnu-efi-build\x86_64\/lib/\libefi.a(init.o)
 .debug_aranges
                0x00000000000000e0       0x30 C:\GitHub\BlockyOS\compile\toolchain\gnu-efi-build\x86_64\/lib/\libefi.a(misc.o)
 .debug_aranges
                0x0000000000000110       0x30 C:\GitHub\BlockyOS\compile\toolchain\gnu-efi-build\x86_64\/lib/\libefi.a(str.o)
 .debug_aranges
                0x0000000000000140       0x30 C:\GitHub\BlockyOS\compile\toolchain\gnu-efi-build\x86_64\/lib/\libefi.a(efirtlib.o)
 .debug_aranges
                0x0000000000000170       0x30 C:\GitHub\BlockyOS\compile\toolchain\gnu-efi-build\x86_64\/lib/\libefi.a(rtstr.o)
 .debug_aranges
                0x00000000000001a0       0x20 C:\GitHub\BlockyOS\compile\toolchain\gnu-efi-build\x86_64\/lib/\libefi.a(rtdata.o)
 .debug_aranges
                0x00000000000001c0       0x30 C:\GitHub\BlockyOS\compile\toolchain\gnu-efi-build\x86_64\/lib/\libefi.a(initplat.o)
 .debug_aranges
                0x00000000000001f0       0x30 C:\GitHub\BlockyOS\compile\toolchain\gnu-efi-build\x86_64\/lib/\libefi.a(print.o)
 .debug_aranges
                0x0000000000000220       0x30 C:\GitHub\BlockyOS\compile\toolchain\gnu-efi-build\x86_64\/lib/\libefi.a(va_print.o)
 .debug_aranges
                0x0000000000000250       0x30 C:\GitHub\BlockyOS\compile\toolchain\gnu-efi-build\x86_64\/lib/\libefi.a(efi_stub.o)
 .debug_aranges
                0x0000000000000280       0x30 C:\GitHub\BlockyOS\compile\toolchain\gnu-efi-build\x86_64\/lib/\libefi.a(console.o)
 .debug_aranges
                0x00000000000002b0       0x30 C:\GitHub\BlockyOS\compile\toolchain\gnu-efi-build\x86_64\/lib/\libefi.a(dpath.o)
 .debug_aranges
                0x00000000000002e0       0x30 C:\GitHub\BlockyOS\compile\toolchain\gnu-efi-build\x86_64\/lib/\libefi.a(error.o)
 .debug_aranges
                0x0000000000000310       0x30 C:\GitHub\BlockyOS\compile\toolchain\gnu-efi-build\x86_64\/lib/\libefi.a(event.o)
 .debug_aranges
                0x0000000000000340       0x30 C:\GitHub\BlockyOS\compile\toolchain\gnu-efi-build\x86_64\/lib/\libefi.a(hand.o)
 .debug_aranges
                0x0000000000000370       0x30 C:\GitHub\BlockyOS\compile\toolchain\gnu-efi-build\x86_64\/lib/\libefi.a(math.o)
 .debug_aranges
                0x00000000000003a0       0x30 C:\GitHub\BlockyOS\compile\toolchain\gnu-efi-build\x86_64\/lib/\libgnuefi.a(reloc_x86_64.o)

.debug_str      0x0000000000000000     0x34ca
 .debug_str     0x0000000000000000     0x34ca C:\GitHub\BlockyOS\compile\toolchain\gnu-efi-build\x86_64\lib/crt0-efi-x86_64.o
                                         0x69 (size before relaxing)
 .debug_str     0x00000000000034ca        0x0 C:\GitHub\BlockyOS\compile\toolchain\gnu-efi-build\x86_64\/lib/\libefi.a(data.o)
                                       0x1c81 (size before relaxing)
 .debug_str     0x00000000000034ca        0x0 C:\GitHub\BlockyOS\compile\toolchain\gnu-efi-build\x86_64\/lib/\libefi.a(entry.o)
                                       0x13da (size before relaxing)
 .debug_str     0x00000000000034ca        0x0 C:\GitHub\BlockyOS\compile\toolchain\gnu-efi-build\x86_64\/lib/\libefi.a(guid.o)
                                        0x659 (size before relaxing)
 .debug_str     0x00000000000034ca        0x0 C:\GitHub\BlockyOS\compile\toolchain\gnu-efi-build\x86_64\/lib/\libefi.a(init.o)
                                       0x167a (size before relaxing)
 .debug_str     0x00000000000034ca        0x0 C:\GitHub\BlockyOS\compile\toolchain\gnu-efi-build\x86_64\/lib/\libefi.a(misc.o)
                                       0x1938 (size before relaxing)
 .debug_str     0x00000000000034ca        0x0 C:\GitHub\BlockyOS\compile\toolchain\gnu-efi-build\x86_64\/lib/\libefi.a(str.o)
                                        0x43a (size before relaxing)
 .debug_str     0x00000000000034ca        0x0 C:\GitHub\BlockyOS\compile\toolchain\gnu-efi-build\x86_64\/lib/\libefi.a(efirtlib.o)
                                        0x24b (size before relaxing)
 .debug_str     0x00000000000034ca        0x0 C:\GitHub\BlockyOS\compile\toolchain\gnu-efi-build\x86_64\/lib/\libefi.a(rtstr.o)
                                        0x244 (size before relaxing)
 .debug_str     0x00000000000034ca        0x0 C:\GitHub\BlockyOS\compile\toolchain\gnu-efi-build\x86_64\/lib/\libefi.a(rtdata.o)
                                        0x7e2 (size before relaxing)
 .debug_str     0x00000000000034ca        0x0 C:\GitHub\BlockyOS\compile\toolchain\gnu-efi-build\x86_64\/lib/\libefi.a(initplat.o)
                                       0x12ee (size before relaxing)
 .debug_str     0x00000000000034ca        0x0 C:\GitHub\BlockyOS\compile\toolchain\gnu-efi-build\x86_64\/lib/\libefi.a(print.o)
                                       0x169b (size before relaxing)
 .debug_str     0x00000000000034ca        0x0 C:\GitHub\BlockyOS\compile\toolchain\gnu-efi-build\x86_64\/lib/\libefi.a(va_print.o)
                                       0x1576 (size before relaxing)
 .debug_str     0x00000000000034ca        0x0 C:\GitHub\BlockyOS\compile\toolchain\gnu-efi-build\x86_64\/lib/\libefi.a(efi_stub.o)
                                         0x63 (size before relaxing)
 .debug_str     0x00000000000034ca        0x0 C:\GitHub\BlockyOS\compile\toolchain\gnu-efi-build\x86_64\/lib/\libefi.a(console.o)
                                       0x130f (size before relaxing)
 .debug_str     0x00000000000034ca        0x0 C:\GitHub\BlockyOS\compile\toolchain\gnu-efi-build\x86_64\/lib/\libefi.a(dpath.o)
                                       0x180e (size before relaxing)
 .debug_str     0x00000000000034ca        0x0 C:\GitHub\BlockyOS\compile\toolchain\gnu-efi-build\x86_64\/lib/\libefi.a(error.o)
                                        0x1d9 (size before relaxing)
 .debug_str     0x00000000000034ca        0x0 C:\GitHub\BlockyOS\compile\toolchain\gnu-efi-build\x86_64\/lib/\libefi.a(event.o)
                                       0x13b0 (size before relaxing)
 .debug_str     0x00000000000034ca        0x0 C:\GitHub\BlockyOS\compile\toolchain\gnu-efi-build\x86_64\/lib/\libefi.a(hand.o)
                                       0x1328 (size before relaxing)
 .debug_str     0x00000000000034ca        0x0 C:\GitHub\BlockyOS\compile\toolchain\gnu-efi-build\x86_64\/lib/\libefi.a(math.o)
                                        0x1ca (size before relaxing)
 .debug_str     0x00000000000034ca        0x0 C:\GitHub\BlockyOS\compile\toolchain\gnu-efi-build\x86_64\/lib/\libgnuefi.a(reloc_x86_64.o)
                                       0x1361 (size before relaxing)

.debug_loclists
                0x0000000000000000     0x61cd
 .debug_loclists
                0x0000000000000000      0x103 C:\GitHub\BlockyOS\compile\toolchain\gnu-efi-build\x86_64\/lib/\libefi.a(entry.o)
 .debug_loclists
                0x0000000000000103       0xd7 C:\GitHub\BlockyOS\compile\toolchain\gnu-efi-build\x86_64\/lib/\libefi.a(guid.o)
 .debug_loclists
                0x00000000000001da      0x23f C:\GitHub\BlockyOS\compile\toolchain\gnu-efi-build\x86_64\/lib/\libefi.a(init.o)
 .debug_loclists
                0x0000000000000419      0xd6d C:\GitHub\BlockyOS\compile\toolchain\gnu-efi-build\x86_64\/lib/\libefi.a(misc.o)
 .debug_loclists
                0x0000000000001186      0x672 C:\GitHub\BlockyOS\compile\toolchain\gnu-efi-build\x86_64\/lib/\libefi.a(str.o)
 .debug_loclists
                0x00000000000017f8      0x409 C:\GitHub\BlockyOS\compile\toolchain\gnu-efi-build\x86_64\/lib/\libefi.a(efirtlib.o)
 .debug_loclists
                0x0000000000001c01      0x616 C:\GitHub\BlockyOS\compile\toolchain\gnu-efi-build\x86_64\/lib/\libefi.a(rtstr.o)
 .debug_loclists
                0x0000000000002217     0x1420 C:\GitHub\BlockyOS\compile\toolchain\gnu-efi-build\x86_64\/lib/\libefi.a(print.o)
 .debug_loclists
                0x0000000000003637      0xa6a C:\GitHub\BlockyOS\compile\toolchain\gnu-efi-build\x86_64\/lib/\libefi.a(va_print.o)
 .debug_loclists
                0x00000000000040a1      0x137 C:\GitHub\BlockyOS\compile\toolchain\gnu-efi-build\x86_64\/lib/\libefi.a(console.o)
 .debug_loclists
                0x00000000000041d8     0x177e C:\GitHub\BlockyOS\compile\toolchain\gnu-efi-build\x86_64\/lib/\libefi.a(dpath.o)
 .debug_loclists
                0x0000000000005956       0x62 C:\GitHub\BlockyOS\compile\toolchain\gnu-efi-build\x86_64\/lib/\libefi.a(error.o)
 .debug_loclists
                0x00000000000059b8      0x1d6 C:\GitHub\BlockyOS\compile\toolchain\gnu-efi-build\x86_64\/lib/\libefi.a(event.o)
 .debug_loclists
                0x0000000000005b8e      0x4d3 C:\GitHub\BlockyOS\compile\toolchain\gnu-efi-build\x86_64\/lib/\libefi.a(hand.o)
 .debug_loclists
                0x0000000000006061       0x1b C:\GitHub\BlockyOS\compile\toolchain\gnu-efi-build\x86_64\/lib/\libefi.a(math.o)
 .debug_loclists
                0x000000000000607c      0x151 C:\GitHub\BlockyOS\compile\toolchain\gnu-efi-build\x86_64\/lib/\libgnuefi.a(reloc_x86_64.o)

.debug_rnglists
                0x0000000000000000      0x4cf
 .debug_rnglists
                0x0000000000000000       0x54 C:\GitHub\BlockyOS\compile\toolchain\gnu-efi-build\x86_64\/lib/\libefi.a(entry.o)
 .debug_rnglists
                0x0000000000000054       0xce C:\GitHub\BlockyOS\compile\toolchain\gnu-efi-build\x86_64\/lib/\libefi.a(misc.o)
 .debug_rnglists
                0x0000000000000122       0x2b C:\GitHub\BlockyOS\compile\toolchain\gnu-efi-build\x86_64\/lib/\libefi.a(str.o)
 .debug_rnglists
                0x000000000000014d       0x28 C:\GitHub\BlockyOS\compile\toolchain\gnu-efi-build\x86_64\/lib/\libefi.a(efirtlib.o)
 .debug_rnglists
                0x0000000000000175       0x61 C:\GitHub\BlockyOS\compile\toolchain\gnu-efi-build\x86_64\/lib/\libefi.a(rtstr.o)
 .debug_rnglists
                0x00000000000001d6      0x14f C:\GitHub\BlockyOS\compile\toolchain\gnu-efi-build\x86_64\/lib/\libefi.a(print.o)
 .debug_rnglists
                0x0000000000000325      0x105 C:\GitHub\BlockyOS\compile\toolchain\gnu-efi-build\x86_64\/lib/\libefi.a(va_print.o)
 .debug_rnglists
                0x000000000000042a       0xa5 C:\GitHub\BlockyOS\compile\toolchain\gnu-efi-build\x86_64\/lib/\libefi.a(dpath.o)
