
There are no discarded input sections

Memory Configuration

Name             Origin             Length             Attributes
*default*        0x00000000         0xffffffff

Linker script and memory map

LOAD C:/Users/PC/Documents/GitHub/BlockyOS/compile/toolchain/prebuild/i686-elf/bin/../lib/gcc/i686-elf/15.2.0\libgcc.a
                0x00000d00                        boot = 0xd00
                0x00000d00                        . = boot
                0x00000d00                        __kernel_start = boot

.all            0x00000d00     0xa71c
 *(.entry)
 .entry         0x00000d00      0x600 C:\Users\PC\Documents\GitHub\BlockyOS\Build\Build-2026-04-05-32\objs\asm.bootstart.o
                0x00000d43                start
                0x00000f0c                halt32
                0x00000f10                bochs_breakpoint32
                0x00000f29                TestA20
                0x00000f50                switch16_32
                0x00001300                        __CODEADDR = .
 *(PROGHEADER)
 *(.text)
 .text          0x00001300      0x59c C:\Users\PC\Documents\GitHub\BlockyOS\Build\Build-2026-04-05-32\objs\c.math.o
                0x00001606                powll
                0x0000163f                powf
                0x00001754                setprecision
                0x000017e1                sqrtf
                0x00001802                isqrt
                0x00001852                absf
                0x0000186c                absi
                0x0000187b                absl
                0x0000188a                absll
 .text          0x0000189c      0x1bc C:\Users\PC\Documents\GitHub\BlockyOS\Build\Build-2026-04-05-32\objs\c._int.o
                0x0000189c                decode64
                0x000018de                decode32
                0x00001919                decode_32u
                0x0000195b                clamp_sizet
                0x00001978                encode64
                0x000019af                encode32
                0x000019e6                encode32u
                0x00001a25                bit_max
 .text          0x00001a58      0x378 C:\Users\PC\Documents\GitHub\BlockyOS\Build\Build-2026-04-05-32\objs\c.string.o
                0x00001a58                strlen
                0x00001a7a                strchecks
                0x00001af0                strcmpc
                0x00001b6d                isdigit
                0x00001b96                tobyte
                0x00001bd8                tobitcomplex
                0x00001c00                toword
                0x00001c9e                tolong
                0x00001d36                tolonglong
 .text          0x00001dd0      0x1e0 C:\Users\PC\Documents\GitHub\BlockyOS\Build\Build-2026-04-05-32\objs\c.memory.o
                0x00001dd0                memwithin
                0x00001e12                memset
                0x00001e45                memcmp
                0x00001e88                memcpy
                0x00001ebb                memcheckb
                0x00001efa                memcheckh
                0x00001f31                memcheckl
                0x00001f70                memcheckll
 .text          0x00001fb0      0x148 C:\Users\PC\Documents\GitHub\BlockyOS\Build\Build-2026-04-05-32\objs\asm.stdgraphics.o
                0x00001fb0                setDefaultControllerInfo16
 .text          0x000020f8        0x0 C:\Users\PC\Documents\GitHub\BlockyOS\Build\Build-2026-04-05-32\objs\c.letter.o
 .text          0x000020f8     0x1960 C:\Users\PC\Documents\GitHub\BlockyOS\Build\Build-2026-04-05-32\objs\c.stdgraphics.o
                0x000020f8                tellVBEInfo
                0x000021d6                setFontChar
                0x000022de                getFont
                0x0000237b                getFontChar
                0x000023e2                getFontCharF
                0x0000243b                ChartoImage
                0x000024d5                putcdecoded
                0x00002588                putimage
 .text          0x00003a58        0x0 C:\Users\PC\Documents\GitHub\BlockyOS\Build\Build-2026-04-05-32\objs\c.stdgraphics.letter.o
 .text          0x00003a58      0x828 C:\Users\PC\Documents\GitHub\BlockyOS\Build\Build-2026-04-05-32\objs\c.stdio.o
                0x00003a58                putc32
                0x00003b90                setColor
                0x00003ba8                updateCursor32
                0x00003cdb                puts32
                0x00003d03                printf32
                0x000040c8                printarg32
 .text          0x00004280      0x17b C:\Users\PC\Documents\GitHub\BlockyOS\Build\Build-2026-04-05-32\objs\asm.stdout.o
                0x00004280                printf16
 *fill*         0x000043fb        0x5 
 .text          0x00004400       0x6b C:\Users\PC\Documents\GitHub\BlockyOS\Build\Build-2026-04-05-32\objs\asm.VGA.o
                0x00004401                asm_disableCursor32
                0x0000440e                asm_getCursor32
                0x00004423                asm_enableCursor32
                0x00004448                asm_updateCursor32
 *fill*         0x0000446b        0x5 
 .text          0x00004470       0x52 C:\Users\PC\Documents\GitHub\BlockyOS\Build\Build-2026-04-05-32\objs\asm.IO.o
                0x00004470                outb
                0x0000447c                inb
                0x00004485                outw
                0x00004492                inw
                0x0000449b                outl
                0x000044a7                inl
                0x000044b0                iowait
 *fill*         0x000044c2        0x2 
 .text          0x000044c4      0x174 C:\Users\PC\Documents\GitHub\BlockyOS\Build\Build-2026-04-05-32\objs\c.interrupt.o
                0x000044c4                isr_inthandleC
                0x00004546                InitInterrupt
                0x000045c4                ToggleInterrupt
 .text          0x00004638       0x74 C:\Users\PC\Documents\GitHub\BlockyOS\Build\Build-2026-04-05-32\objs\c.stdkernel.o
                0x00004638                LoadSTDKernelState
 .text          0x000046ac     0x2c30 C:\Users\PC\Documents\GitHub\BlockyOS\Build\Build-2026-04-05-32\objs\c.InterruptRoutines.o
                0x000046ac                InitIDT
 .text          0x000072dc      0x3c4 C:\Users\PC\Documents\GitHub\BlockyOS\Build\Build-2026-04-05-32\objs\c.IRQ.o
                0x000072dc                RegIRQHandler
                0x0000736c                IRQDefaultAction
                0x00007386                IRQInit
                0x000073f0                PICInit
                0x000074cd                PICMask
                0x00007553                PICDisable
                0x0000758e                PICSendSEOI
                0x000075ee                PICReadIRQRequestReg
                0x00007647                PICReadIRQServiceReg
 .text          0x000076a0       0x6c C:\Users\PC\Documents\GitHub\BlockyOS\Build\Build-2026-04-05-32\objs\asm.Interrupt.o
                0x000076a0                isr_inthandle
                0x000076d1                getIDTDesc32
                0x000076e1                LoadIDT
                0x000076f8                int32disable
                0x00007702                int32enable
 *fill*         0x0000770c        0x4 
 .text          0x00007710       0x32 C:\Users\PC\Documents\GitHub\BlockyOS\Build\Build-2026-04-05-32\objs\asm.GDT.o
                0x00007710                LoadGDT
                0x00007732                getGDTDesc32
 *fill*         0x00007742        0xe 
 .text          0x00007750      0xb70 C:\Users\PC\Documents\GitHub\BlockyOS\Build\Build-2026-04-05-32\objs\asm.InterruptRoutines.o
                0x00007750                _interruptTableLength
                0x00007754                _interruptTable
                0x00007754                ISR_INTERRUPT0
                0x0000775e                ISR_INTERRUPT1
                0x00007768                ISR_INTERRUPT2
                0x00007772                ISR_INTERRUPT3
                0x0000777c                ISR_INTERRUPT4
                0x00007786                ISR_INTERRUPT5
                0x00007790                ISR_INTERRUPT6
                0x0000779a                ISR_INTERRUPT7
                0x000077a4                ISR_INTERRUPT8
                0x000077ac                ISR_INTERRUPT9
                0x000077b6                ISR_INTERRUPT10
                0x000077be                ISR_INTERRUPT11
                0x000077c6                ISR_INTERRUPT12
                0x000077ce                ISR_INTERRUPT13
                0x000077d6                ISR_INTERRUPT14
                0x000077de                ISR_INTERRUPT15
                0x000077e8                ISR_INTERRUPT16
                0x000077f2                ISR_INTERRUPT17
                0x000077fa                ISR_INTERRUPT18
                0x00007804                ISR_INTERRUPT19
                0x0000780e                ISR_INTERRUPT20
                0x00007818                ISR_INTERRUPT21
                0x00007820                ISR_INTERRUPT22
                0x0000782a                ISR_INTERRUPT23
                0x00007834                ISR_INTERRUPT24
                0x0000783e                ISR_INTERRUPT25
                0x00007848                ISR_INTERRUPT26
                0x00007852                ISR_INTERRUPT27
                0x0000785c                ISR_INTERRUPT28
                0x00007866                ISR_INTERRUPT29
                0x0000786e                ISR_INTERRUPT30
                0x00007876                ISR_INTERRUPT31
                0x00007880                ISR_INTERRUPT32
                0x0000788a                ISR_INTERRUPT33
                0x00007894                ISR_INTERRUPT34
                0x0000789e                ISR_INTERRUPT35
                0x000078a8                ISR_INTERRUPT36
                0x000078b2                ISR_INTERRUPT37
                0x000078bc                ISR_INTERRUPT38
                0x000078c6                ISR_INTERRUPT39
                0x000078d0                ISR_INTERRUPT40
                0x000078da                ISR_INTERRUPT41
                0x000078e4                ISR_INTERRUPT42
                0x000078ee                ISR_INTERRUPT43
                0x000078f8                ISR_INTERRUPT44
                0x00007902                ISR_INTERRUPT45
                0x0000790c                ISR_INTERRUPT46
                0x00007916                ISR_INTERRUPT47
                0x00007920                ISR_INTERRUPT48
                0x0000792a                ISR_INTERRUPT49
                0x00007934                ISR_INTERRUPT50
                0x0000793e                ISR_INTERRUPT51
                0x00007948                ISR_INTERRUPT52
                0x00007952                ISR_INTERRUPT53
                0x0000795c                ISR_INTERRUPT54
                0x00007966                ISR_INTERRUPT55
                0x00007970                ISR_INTERRUPT56
                0x0000797a                ISR_INTERRUPT57
                0x00007984                ISR_INTERRUPT58
                0x0000798e                ISR_INTERRUPT59
                0x00007998                ISR_INTERRUPT60
                0x000079a2                ISR_INTERRUPT61
                0x000079ac                ISR_INTERRUPT62
                0x000079b6                ISR_INTERRUPT63
                0x000079c0                ISR_INTERRUPT64
                0x000079ca                ISR_INTERRUPT65
                0x000079d4                ISR_INTERRUPT66
                0x000079de                ISR_INTERRUPT67
                0x000079e8                ISR_INTERRUPT68
                0x000079f2                ISR_INTERRUPT69
                0x000079fc                ISR_INTERRUPT70
                0x00007a06                ISR_INTERRUPT71
                0x00007a10                ISR_INTERRUPT72
                0x00007a1a                ISR_INTERRUPT73
                0x00007a24                ISR_INTERRUPT74
                0x00007a2e                ISR_INTERRUPT75
                0x00007a38                ISR_INTERRUPT76
                0x00007a42                ISR_INTERRUPT77
                0x00007a4c                ISR_INTERRUPT78
                0x00007a56                ISR_INTERRUPT79
                0x00007a60                ISR_INTERRUPT80
                0x00007a6a                ISR_INTERRUPT81
                0x00007a74                ISR_INTERRUPT82
                0x00007a7e                ISR_INTERRUPT83
                0x00007a88                ISR_INTERRUPT84
                0x00007a92                ISR_INTERRUPT85
                0x00007a9c                ISR_INTERRUPT86
                0x00007aa6                ISR_INTERRUPT87
                0x00007ab0                ISR_INTERRUPT88
                0x00007aba                ISR_INTERRUPT89
                0x00007ac4                ISR_INTERRUPT90
                0x00007ace                ISR_INTERRUPT91
                0x00007ad8                ISR_INTERRUPT92
                0x00007ae2                ISR_INTERRUPT93
                0x00007aec                ISR_INTERRUPT94
                0x00007af6                ISR_INTERRUPT95
                0x00007b00                ISR_INTERRUPT96
                0x00007b0a                ISR_INTERRUPT97
                0x00007b14                ISR_INTERRUPT98
                0x00007b1e                ISR_INTERRUPT99
                0x00007b28                ISR_INTERRUPT100
                0x00007b32                ISR_INTERRUPT101
                0x00007b3c                ISR_INTERRUPT102
                0x00007b46                ISR_INTERRUPT103
                0x00007b50                ISR_INTERRUPT104
                0x00007b5a                ISR_INTERRUPT105
                0x00007b64                ISR_INTERRUPT106
                0x00007b6e                ISR_INTERRUPT107
                0x00007b78                ISR_INTERRUPT108
                0x00007b82                ISR_INTERRUPT109
                0x00007b8c                ISR_INTERRUPT110
                0x00007b96                ISR_INTERRUPT111
                0x00007ba0                ISR_INTERRUPT112
                0x00007baa                ISR_INTERRUPT113
                0x00007bb4                ISR_INTERRUPT114
                0x00007bbe                ISR_INTERRUPT115
                0x00007bc8                ISR_INTERRUPT116
                0x00007bd2                ISR_INTERRUPT117
                0x00007bdc                ISR_INTERRUPT118
                0x00007be6                ISR_INTERRUPT119
                0x00007bf0                ISR_INTERRUPT120
                0x00007bfa                ISR_INTERRUPT121
                0x00007c04                ISR_INTERRUPT122
                0x00007c0e                ISR_INTERRUPT123
                0x00007c18                ISR_INTERRUPT124
                0x00007c22                ISR_INTERRUPT125
                0x00007c2c                ISR_INTERRUPT126
                0x00007c36                ISR_INTERRUPT127
                0x00007c40                ISR_INTERRUPT128
                0x00007c4d                ISR_INTERRUPT129
                0x00007c5a                ISR_INTERRUPT130
                0x00007c67                ISR_INTERRUPT131
                0x00007c74                ISR_INTERRUPT132
                0x00007c81                ISR_INTERRUPT133
                0x00007c8e                ISR_INTERRUPT134
                0x00007c9b                ISR_INTERRUPT135
                0x00007ca8                ISR_INTERRUPT136
                0x00007cb5                ISR_INTERRUPT137
                0x00007cc2                ISR_INTERRUPT138
                0x00007ccf                ISR_INTERRUPT139
                0x00007cdc                ISR_INTERRUPT140
                0x00007ce9                ISR_INTERRUPT141
                0x00007cf6                ISR_INTERRUPT142
                0x00007d03                ISR_INTERRUPT143
                0x00007d10                ISR_INTERRUPT144
                0x00007d1d                ISR_INTERRUPT145
                0x00007d2a                ISR_INTERRUPT146
                0x00007d37                ISR_INTERRUPT147
                0x00007d44                ISR_INTERRUPT148
                0x00007d51                ISR_INTERRUPT149
                0x00007d5e                ISR_INTERRUPT150
                0x00007d6b                ISR_INTERRUPT151
                0x00007d78                ISR_INTERRUPT152
                0x00007d85                ISR_INTERRUPT153
                0x00007d92                ISR_INTERRUPT154
                0x00007d9f                ISR_INTERRUPT155
                0x00007dac                ISR_INTERRUPT156
                0x00007db9                ISR_INTERRUPT157
                0x00007dc6                ISR_INTERRUPT158
                0x00007dd3                ISR_INTERRUPT159
                0x00007de0                ISR_INTERRUPT160
                0x00007ded                ISR_INTERRUPT161
                0x00007dfa                ISR_INTERRUPT162
                0x00007e07                ISR_INTERRUPT163
                0x00007e14                ISR_INTERRUPT164
                0x00007e21                ISR_INTERRUPT165
                0x00007e2e                ISR_INTERRUPT166
                0x00007e3b                ISR_INTERRUPT167
                0x00007e48                ISR_INTERRUPT168
                0x00007e55                ISR_INTERRUPT169
                0x00007e62                ISR_INTERRUPT170
                0x00007e6f                ISR_INTERRUPT171
                0x00007e7c                ISR_INTERRUPT172
                0x00007e89                ISR_INTERRUPT173
                0x00007e96                ISR_INTERRUPT174
                0x00007ea3                ISR_INTERRUPT175
                0x00007eb0                ISR_INTERRUPT176
                0x00007ebd                ISR_INTERRUPT177
                0x00007eca                ISR_INTERRUPT178
                0x00007ed7                ISR_INTERRUPT179
                0x00007ee4                ISR_INTERRUPT180
                0x00007ef1                ISR_INTERRUPT181
                0x00007efe                ISR_INTERRUPT182
                0x00007f0b                ISR_INTERRUPT183
                0x00007f18                ISR_INTERRUPT184
                0x00007f25                ISR_INTERRUPT185
                0x00007f32                ISR_INTERRUPT186
                0x00007f3f                ISR_INTERRUPT187
                0x00007f4c                ISR_INTERRUPT188
                0x00007f59                ISR_INTERRUPT189
                0x00007f66                ISR_INTERRUPT190
                0x00007f73                ISR_INTERRUPT191
                0x00007f80                ISR_INTERRUPT192
                0x00007f8d                ISR_INTERRUPT193
                0x00007f9a                ISR_INTERRUPT194
                0x00007fa7                ISR_INTERRUPT195
                0x00007fb4                ISR_INTERRUPT196
                0x00007fc1                ISR_INTERRUPT197
                0x00007fce                ISR_INTERRUPT198
                0x00007fdb                ISR_INTERRUPT199
                0x00007fe8                ISR_INTERRUPT200
                0x00007ff5                ISR_INTERRUPT201
                0x00008002                ISR_INTERRUPT202
                0x0000800f                ISR_INTERRUPT203
                0x0000801c                ISR_INTERRUPT204
                0x00008029                ISR_INTERRUPT205
                0x00008036                ISR_INTERRUPT206
                0x00008043                ISR_INTERRUPT207
                0x00008050                ISR_INTERRUPT208
                0x0000805d                ISR_INTERRUPT209
                0x0000806a                ISR_INTERRUPT210
                0x00008077                ISR_INTERRUPT211
                0x00008084                ISR_INTERRUPT212
                0x00008091                ISR_INTERRUPT213
                0x0000809e                ISR_INTERRUPT214
                0x000080ab                ISR_INTERRUPT215
                0x000080b8                ISR_INTERRUPT216
                0x000080c5                ISR_INTERRUPT217
                0x000080d2                ISR_INTERRUPT218
                0x000080df                ISR_INTERRUPT219
                0x000080ec                ISR_INTERRUPT220
                0x000080f9                ISR_INTERRUPT221
                0x00008106                ISR_INTERRUPT222
                0x00008113                ISR_INTERRUPT223
                0x00008120                ISR_INTERRUPT224
                0x0000812d                ISR_INTERRUPT225
                0x0000813a                ISR_INTERRUPT226
                0x00008147                ISR_INTERRUPT227
                0x00008154                ISR_INTERRUPT228
                0x00008161                ISR_INTERRUPT229
                0x0000816e                ISR_INTERRUPT230
                0x0000817b                ISR_INTERRUPT231
                0x00008188                ISR_INTERRUPT232
                0x00008195                ISR_INTERRUPT233
                0x000081a2                ISR_INTERRUPT234
                0x000081af                ISR_INTERRUPT235
                0x000081bc                ISR_INTERRUPT236
                0x000081c9                ISR_INTERRUPT237
                0x000081d6                ISR_INTERRUPT238
                0x000081e3                ISR_INTERRUPT239
                0x000081f0                ISR_INTERRUPT240
                0x000081fd                ISR_INTERRUPT241
                0x0000820a                ISR_INTERRUPT242
                0x00008217                ISR_INTERRUPT243
                0x00008224                ISR_INTERRUPT244
                0x00008231                ISR_INTERRUPT245
                0x0000823e                ISR_INTERRUPT246
                0x0000824b                ISR_INTERRUPT247
                0x00008258                ISR_INTERRUPT248
                0x00008265                ISR_INTERRUPT249
                0x00008272                ISR_INTERRUPT250
                0x0000827f                ISR_INTERRUPT251
                0x0000828c                ISR_INTERRUPT252
                0x00008299                ISR_INTERRUPT253
                0x000082a6                ISR_INTERRUPT254
                0x000082b3                ISR_INTERRUPT255
                0x000082c0                _interruptTableEnd
 .text          0x000082c0       0x18 C:\Users\PC\Documents\GitHub\BlockyOS\Build\Build-2026-04-05-32\objs\asm.stdmem32.o
                0x000082c0                PageTableLoad32
 .text          0x000082d8        0x0 C:\Users\PC\Documents\GitHub\BlockyOS\Build\Build-2026-04-05-32\objs\c.Paging.o
 *fill*         0x000082d8        0x8 
 .text          0x000082e0     0x19b1 C:\Users\PC\Documents\GitHub\BlockyOS\Build\Build-2026-04-05-32\objs\asm.stdmem.o
                0x000082e0                E280GetNextMemBlock16
                0x00008335                MemDetect16
 *fill*         0x00009c91        0x3 
 .text          0x00009c94      0x964 C:\Users\PC\Documents\GitHub\BlockyOS\Build\Build-2026-04-05-32\objs\c.stdmem.o
                0x00009c94                InitBitmapAllocator
                0x00009f6d                bitmapMark
                0x0000a0c0                flatpageAlloc
                0x0000a22b                flatPageFree
                0x0000a2a4                treeFree
                0x0000a2da                treeAlloc
 .text          0x0000a5f8      0x148 C:\Users\PC\Documents\GitHub\BlockyOS\Build\Build-2026-04-05-32\objs\c.stdprogram.o
                0x0000a5f8                getCODEBase
                0x0000a670                getDATABase
                0x0000a6e8                getEnv
                0x0000a6f2                loadBinary
                0x0000a701                loadProgram
 .text          0x0000a740       0x31 C:\Users\PC\Documents\GitHub\BlockyOS\Build\Build-2026-04-05-32\objs\asm.stdprogram.o
                0x0000a740                getStanderdHeader32
                0x0000a769                getEIP
 *fill*         0x0000a771        0x3 
 .text          0x0000a774       0x64 C:\Users\PC\Documents\GitHub\BlockyOS\Build\Build-2026-04-05-32\objs\c.CRC32.o
                0x0000a774                crc32
 *fill*         0x0000a7d8        0x8 
 .text          0x0000a7e0        0x0 C:\Users\PC\Documents\GitHub\BlockyOS\Build\Build-2026-04-05-32\objs\asm.bootstart.o
 .text          0x0000a7e0      0x1dc C:\Users\PC\Documents\GitHub\BlockyOS\Build\Build-2026-04-05-32\objs\c.boot32.o
                0x0000a7e0                IRQHandlerFunc
                0x0000a862                timerPrint
                0x0000a896                setup32
                0x0000a9bc                        __CODEEND = .
                0x0000a9bc                        __DATAADDR = .
 *(.rodata)
 *(.data)
 .data          0x0000a9bc        0x0 C:\Users\PC\Documents\GitHub\BlockyOS\Build\Build-2026-04-05-32\objs\c.math.o
 .data          0x0000a9bc        0x0 C:\Users\PC\Documents\GitHub\BlockyOS\Build\Build-2026-04-05-32\objs\c._int.o
 .data          0x0000a9bc        0x0 C:\Users\PC\Documents\GitHub\BlockyOS\Build\Build-2026-04-05-32\objs\c.string.o
 .data          0x0000a9bc        0x0 C:\Users\PC\Documents\GitHub\BlockyOS\Build\Build-2026-04-05-32\objs\c.memory.o
 .data          0x0000a9bc        0x0 C:\Users\PC\Documents\GitHub\BlockyOS\Build\Build-2026-04-05-32\objs\c.letter.o
 .data          0x0000a9bc        0x0 C:\Users\PC\Documents\GitHub\BlockyOS\Build\Build-2026-04-05-32\objs\c.stdgraphics.o
 .data          0x0000a9bc        0x0 C:\Users\PC\Documents\GitHub\BlockyOS\Build\Build-2026-04-05-32\objs\c.stdgraphics.letter.o
 .data          0x0000a9bc        0x8 C:\Users\PC\Documents\GitHub\BlockyOS\Build\Build-2026-04-05-32\objs\c.stdio.o
                0x0000a9bc                VGA
                0x0000a9c0                TABSIZE
 .data          0x0000a9c4       0x60 C:\Users\PC\Documents\GitHub\BlockyOS\Build\Build-2026-04-05-32\objs\c.interrupt.o
                0x0000a9c4                ERRORS
 .data          0x0000aa24        0x0 C:\Users\PC\Documents\GitHub\BlockyOS\Build\Build-2026-04-05-32\objs\c.stdkernel.o
 .data          0x0000aa24        0x0 C:\Users\PC\Documents\GitHub\BlockyOS\Build\Build-2026-04-05-32\objs\c.InterruptRoutines.o
 .data          0x0000aa24        0x0 C:\Users\PC\Documents\GitHub\BlockyOS\Build\Build-2026-04-05-32\objs\c.IRQ.o
 .data          0x0000aa24        0x0 C:\Users\PC\Documents\GitHub\BlockyOS\Build\Build-2026-04-05-32\objs\c.Paging.o
 .data          0x0000aa24        0x0 C:\Users\PC\Documents\GitHub\BlockyOS\Build\Build-2026-04-05-32\objs\c.stdmem.o
 .data          0x0000aa24        0x0 C:\Users\PC\Documents\GitHub\BlockyOS\Build\Build-2026-04-05-32\objs\c.stdprogram.o
 .data          0x0000aa24        0x0 C:\Users\PC\Documents\GitHub\BlockyOS\Build\Build-2026-04-05-32\objs\c.CRC32.o
 .data          0x0000aa24       0x10 C:\Users\PC\Documents\GitHub\BlockyOS\Build\Build-2026-04-05-32\objs\c.boot32.o
                0x0000aa24                GDTdesc
                0x0000aa2c                IDTdesc
 *(PROGRAMBUFFER)
 *(SymbolIDT)
 *(SymbolGDT)
                0x0000b234                        . = (. + 0x800)
 *fill*         0x0000aa34      0x800 
 *(.bss)
 .bss           0x0000b234        0x4 C:\Users\PC\Documents\GitHub\BlockyOS\Build\Build-2026-04-05-32\objs\c.math.o
                0x0000b234                local_precision
 .bss           0x0000b238        0x0 C:\Users\PC\Documents\GitHub\BlockyOS\Build\Build-2026-04-05-32\objs\c._int.o
 .bss           0x0000b238        0x0 C:\Users\PC\Documents\GitHub\BlockyOS\Build\Build-2026-04-05-32\objs\c.string.o
 .bss           0x0000b238        0x0 C:\Users\PC\Documents\GitHub\BlockyOS\Build\Build-2026-04-05-32\objs\c.memory.o
 .bss           0x0000b238        0x0 C:\Users\PC\Documents\GitHub\BlockyOS\Build\Build-2026-04-05-32\objs\c.letter.o
 .bss           0x0000b238      0x180 C:\Users\PC\Documents\GitHub\BlockyOS\Build\Build-2026-04-05-32\objs\c.stdgraphics.o
 .bss           0x0000b3b8        0x0 C:\Users\PC\Documents\GitHub\BlockyOS\Build\Build-2026-04-05-32\objs\c.stdgraphics.letter.o
 .bss           0x0000b3b8       0x40 C:\Users\PC\Documents\GitHub\BlockyOS\Build\Build-2026-04-05-32\objs\c.stdio.o
                0x0000b3b8                g_color
                0x0000b3bc                VGAX
                0x0000b3c0                VGAY
 .bss           0x0000b3f8        0x0 C:\Users\PC\Documents\GitHub\BlockyOS\Build\Build-2026-04-05-32\objs\c.interrupt.o
 .bss           0x0000b3f8        0x0 C:\Users\PC\Documents\GitHub\BlockyOS\Build\Build-2026-04-05-32\objs\c.stdkernel.o
 .bss           0x0000b3f8        0x0 C:\Users\PC\Documents\GitHub\BlockyOS\Build\Build-2026-04-05-32\objs\c.InterruptRoutines.o
 .bss           0x0000b3f8        0x0 C:\Users\PC\Documents\GitHub\BlockyOS\Build\Build-2026-04-05-32\objs\c.IRQ.o
 .bss           0x0000b3f8        0x0 C:\Users\PC\Documents\GitHub\BlockyOS\Build\Build-2026-04-05-32\objs\c.Paging.o
 .bss           0x0000b3f8       0x20 C:\Users\PC\Documents\GitHub\BlockyOS\Build\Build-2026-04-05-32\objs\c.stdmem.o
 .bss           0x0000b418        0x0 C:\Users\PC\Documents\GitHub\BlockyOS\Build\Build-2026-04-05-32\objs\c.stdprogram.o
 .bss           0x0000b418        0x0 C:\Users\PC\Documents\GitHub\BlockyOS\Build\Build-2026-04-05-32\objs\c.CRC32.o
 .bss           0x0000b418        0x4 C:\Users\PC\Documents\GitHub\BlockyOS\Build\Build-2026-04-05-32\objs\c.boot32.o
                0x0000b418                timer
                0x0000b41c                        __DATAEND = .
                0x0000b41c                        __kernel_end = .
                0x00000051                        __kernel_sectors = (((__kernel_end - __CODEADDR) / 0x200) + (((__kernel_end - __CODEADDR) % 0x200) != 0x0)?0x1:0x0)

.rdata          0x0000b41c      0xec8
 .rdata         0x0000b41c       0xd0 C:\Users\PC\Documents\GitHub\BlockyOS\Build\Build-2026-04-05-32\objs\c.math.o
 .rdata         0x0000b4ec      0x4d8 C:\Users\PC\Documents\GitHub\BlockyOS\Build\Build-2026-04-05-32\objs\c.letter.o
 .rdata         0x0000b9c4       0x14 C:\Users\PC\Documents\GitHub\BlockyOS\Build\Build-2026-04-05-32\objs\c.stdgraphics.o
 .rdata         0x0000b9d8      0x4d8 C:\Users\PC\Documents\GitHub\BlockyOS\Build\Build-2026-04-05-32\objs\c.stdgraphics.letter.o
 .rdata         0x0000beb0       0x18 C:\Users\PC\Documents\GitHub\BlockyOS\Build\Build-2026-04-05-32\objs\c.stdio.o
                0x0000bec0                VGA_MAXX
                0x0000bec4                VGA_MAXY
 .rdata         0x0000bec8      0x2b4 C:\Users\PC\Documents\GitHub\BlockyOS\Build\Build-2026-04-05-32\objs\c.interrupt.o
 .rdata         0x0000c17c       0x10 C:\Users\PC\Documents\GitHub\BlockyOS\Build\Build-2026-04-05-32\objs\c.stdkernel.o
 .rdata         0x0000c18c       0x10 C:\Users\PC\Documents\GitHub\BlockyOS\Build\Build-2026-04-05-32\objs\c.InterruptRoutines.o
 .rdata         0x0000c19c       0x10 C:\Users\PC\Documents\GitHub\BlockyOS\Build\Build-2026-04-05-32\objs\c.IRQ.o
 .rdata         0x0000c1ac        0x8 C:\Users\PC\Documents\GitHub\BlockyOS\Build\Build-2026-04-05-32\objs\c.stdprogram.o
 .rdata         0x0000c1b4      0x130 C:\Users\PC\Documents\GitHub\BlockyOS\Build\Build-2026-04-05-32\objs\c.boot32.o
                0x0000c1c4                GDTSize
                0x0000c1c6                IDTSize

/4              0x0000c2e4      0xd48
 /4             0x0000c2e4       0x2c C:\Users\PC\Documents\GitHub\BlockyOS\Build\Build-2026-04-05-32\objs\c.math.o
 /4             0x0000c310       0x2c C:\Users\PC\Documents\GitHub\BlockyOS\Build\Build-2026-04-05-32\objs\c._int.o
 /4             0x0000c33c       0x2c C:\Users\PC\Documents\GitHub\BlockyOS\Build\Build-2026-04-05-32\objs\c.string.o
 /4             0x0000c368       0x2c C:\Users\PC\Documents\GitHub\BlockyOS\Build\Build-2026-04-05-32\objs\c.memory.o
 /4             0x0000c394       0x2c C:\Users\PC\Documents\GitHub\BlockyOS\Build\Build-2026-04-05-32\objs\c.letter.o
 /4             0x0000c3c0      0x200 C:\Users\PC\Documents\GitHub\BlockyOS\Build\Build-2026-04-05-32\objs\c.stdgraphics.o
 /4             0x0000c5c0       0x2c C:\Users\PC\Documents\GitHub\BlockyOS\Build\Build-2026-04-05-32\objs\c.stdgraphics.letter.o
 /4             0x0000c5ec       0x2c C:\Users\PC\Documents\GitHub\BlockyOS\Build\Build-2026-04-05-32\objs\c.stdio.o
 /4             0x0000c618       0x2c C:\Users\PC\Documents\GitHub\BlockyOS\Build\Build-2026-04-05-32\objs\c.interrupt.o
 /4             0x0000c644       0x2c C:\Users\PC\Documents\GitHub\BlockyOS\Build\Build-2026-04-05-32\objs\c.stdkernel.o
 /4             0x0000c670       0x2c C:\Users\PC\Documents\GitHub\BlockyOS\Build\Build-2026-04-05-32\objs\c.InterruptRoutines.o
 /4             0x0000c69c       0x2c C:\Users\PC\Documents\GitHub\BlockyOS\Build\Build-2026-04-05-32\objs\c.IRQ.o
 /4             0x0000c6c8       0x2c C:\Users\PC\Documents\GitHub\BlockyOS\Build\Build-2026-04-05-32\objs\c.Paging.o
 /4             0x0000c6f4       0x2c C:\Users\PC\Documents\GitHub\BlockyOS\Build\Build-2026-04-05-32\objs\c.stdmem.o
 /4             0x0000c720       0xa0 C:\Users\PC\Documents\GitHub\BlockyOS\Build\Build-2026-04-05-32\objs\c.stdprogram.o
                0x0000c720                systemState
 /4             0x0000c7c0       0x2c C:\Users\PC\Documents\GitHub\BlockyOS\Build\Build-2026-04-05-32\objs\c.CRC32.o
 /4             0x0000c7ec      0x840 C:\Users\PC\Documents\GitHub\BlockyOS\Build\Build-2026-04-05-32\objs\c.boot32.o
                0x0000c7ec                boot2

/14             0x0000d02c       0x2c
 /14            0x0000d02c       0x2c C:\Users\PC\Documents\GitHub\BlockyOS\Build\Build-2026-04-05-32\objs\c.stdgraphics.o

/18             0x0000d058       0x2c
 /18            0x0000d058       0x2c C:\Users\PC\Documents\GitHub\BlockyOS\Build\Build-2026-04-05-32\objs\c.stdprogram.o

/15             0x0000d084      0x800
 /15            0x0000d084      0x800 C:\Users\PC\Documents\GitHub\BlockyOS\Build\Build-2026-04-05-32\objs\c.boot32.o
                0x0000d084                IDT

/25             0x0000d884       0x80
 /25            0x0000d884       0x80 C:\Users\PC\Documents\GitHub\BlockyOS\Build\Build-2026-04-05-32\objs\c.boot32.o
                0x0000d884                GDT

/35             0x0000d904       0x2c
 /35            0x0000d904       0x2c C:\Users\PC\Documents\GitHub\BlockyOS\Build\Build-2026-04-05-32\objs\c.boot32.o

/DISCARD/
 *(.eh_frame)
 *(.eh_frame*)
 *(.gcc_except_table)
 *(.gcc_except_table*)
 *(.note*)
 *(.comment)
 *(.debug*)
 *(.gnu*)
                0x00000200                        __BITMAP_RESERVED = 0x200
LOAD C:\Users\PC\Documents\GitHub\BlockyOS\Build\Build-2026-04-05-32\objs\c.math.o
LOAD C:\Users\PC\Documents\GitHub\BlockyOS\Build\Build-2026-04-05-32\objs\c._int.o
LOAD C:\Users\PC\Documents\GitHub\BlockyOS\Build\Build-2026-04-05-32\objs\c.string.o
LOAD C:\Users\PC\Documents\GitHub\BlockyOS\Build\Build-2026-04-05-32\objs\c.memory.o
LOAD C:\Users\PC\Documents\GitHub\BlockyOS\Build\Build-2026-04-05-32\objs\asm.stdgraphics.o
LOAD C:\Users\PC\Documents\GitHub\BlockyOS\Build\Build-2026-04-05-32\objs\c.letter.o
LOAD C:\Users\PC\Documents\GitHub\BlockyOS\Build\Build-2026-04-05-32\objs\c.stdgraphics.o
LOAD C:\Users\PC\Documents\GitHub\BlockyOS\Build\Build-2026-04-05-32\objs\c.stdgraphics.letter.o
LOAD C:\Users\PC\Documents\GitHub\BlockyOS\Build\Build-2026-04-05-32\objs\c.stdio.o
LOAD C:\Users\PC\Documents\GitHub\BlockyOS\Build\Build-2026-04-05-32\objs\asm.stdout.o
LOAD C:\Users\PC\Documents\GitHub\BlockyOS\Build\Build-2026-04-05-32\objs\asm.VGA.o
LOAD C:\Users\PC\Documents\GitHub\BlockyOS\Build\Build-2026-04-05-32\objs\asm.IO.o
LOAD C:\Users\PC\Documents\GitHub\BlockyOS\Build\Build-2026-04-05-32\objs\c.interrupt.o
LOAD C:\Users\PC\Documents\GitHub\BlockyOS\Build\Build-2026-04-05-32\objs\c.stdkernel.o
LOAD C:\Users\PC\Documents\GitHub\BlockyOS\Build\Build-2026-04-05-32\objs\c.InterruptRoutines.o
LOAD C:\Users\PC\Documents\GitHub\BlockyOS\Build\Build-2026-04-05-32\objs\c.IRQ.o
LOAD C:\Users\PC\Documents\GitHub\BlockyOS\Build\Build-2026-04-05-32\objs\asm.Interrupt.o
LOAD C:\Users\PC\Documents\GitHub\BlockyOS\Build\Build-2026-04-05-32\objs\asm.GDT.o
LOAD C:\Users\PC\Documents\GitHub\BlockyOS\Build\Build-2026-04-05-32\objs\asm.InterruptRoutines.o
LOAD C:\Users\PC\Documents\GitHub\BlockyOS\Build\Build-2026-04-05-32\objs\asm.stdmem32.o
LOAD C:\Users\PC\Documents\GitHub\BlockyOS\Build\Build-2026-04-05-32\objs\c.Paging.o
LOAD C:\Users\PC\Documents\GitHub\BlockyOS\Build\Build-2026-04-05-32\objs\asm.stdmem.o
LOAD C:\Users\PC\Documents\GitHub\BlockyOS\Build\Build-2026-04-05-32\objs\c.stdmem.o
LOAD C:\Users\PC\Documents\GitHub\BlockyOS\Build\Build-2026-04-05-32\objs\c.stdprogram.o
LOAD C:\Users\PC\Documents\GitHub\BlockyOS\Build\Build-2026-04-05-32\objs\asm.stdprogram.o
LOAD C:\Users\PC\Documents\GitHub\BlockyOS\Build\Build-2026-04-05-32\objs\c.CRC32.o
LOAD C:\Users\PC\Documents\GitHub\BlockyOS\Build\Build-2026-04-05-32\objs\asm.bootstart.o
LOAD C:\Users\PC\Documents\GitHub\BlockyOS\Build\Build-2026-04-05-32\objs\c.boot32.o
OUTPUT(C:\Users\PC\Documents\GitHub\BlockyOS\Build\Build-2026-04-05-32\objs\boot2.bin binary)
