Files:
 C:\Users\PC\Documents\GitHub\BlockyOS\src\Boot\Legacy\stage2\boot32.c,
 C:\Users\PC\Documents\GitHub\BlockyOS\src\Boot\Legacy\stage2\bootstart.asm,
 C:\Users\PC\Documents\GitHub\BlockyOS\src\kernel\lib32\generic\CRC32\CCITT32-ANSI\CRC32.c,
 C:\Users\PC\Documents\GitHub\BlockyOS\src\kernel\lib32\stdio\stdgraphics\16bit\stdgraphics.asm,
 C:\Users\PC\Documents\GitHub\BlockyOS\src\kernel\lib32\stdio\stdgraphics\32bit\letter.c,
 C:\Users\PC\Documents\GitHub\BlockyOS\src\kernel\lib32\stdio\stdgraphics\32bit\stdgraphics.c,
 C:\Users\PC\Documents\GitHub\BlockyOS\src\kernel\lib32\stdio\stdgraphics\32bit\stdgraphics.letter.c,
 C:\Users\PC\Documents\GitHub\BlockyOS\src\kernel\lib32\stdio\stdio.c,
 C:\Users\PC\Documents\GitHub\BlockyOS\src\kernel\lib32\stdio\stdout.asm,
 C:\Users\PC\Documents\GitHub\BlockyOS\src\kernel\lib32\stdio\VGA.asm,
 C:\Users\PC\Documents\GitHub\BlockyOS\src\kernel\lib32\stdkernel\GDT\GDT.asm,
 C:\Users\PC\Documents\GitHub\BlockyOS\src\kernel\lib32\stdkernel\Interrupt\IRQ\IRQ.c,
 C:\Users\PC\Documents\GitHub\BlockyOS\src\kernel\lib32\stdkernel\Interrupt\Interrupt.asm,
 C:\Users\PC\Documents\GitHub\BlockyOS\src\kernel\lib32\stdkernel\Interrupt\interrupt.c,
 C:\Users\PC\Documents\GitHub\BlockyOS\src\kernel\lib32\stdkernel\Interrupt\InterruptRoutines.asm,
 C:\Users\PC\Documents\GitHub\BlockyOS\src\kernel\lib32\stdkernel\Interrupt\InterruptRoutines.c,
 C:\Users\PC\Documents\GitHub\BlockyOS\src\kernel\lib32\stdkernel\IO\IO.asm,
 C:\Users\PC\Documents\GitHub\BlockyOS\src\kernel\lib32\stdkernel\stdkernel.c,
 C:\Users\PC\Documents\GitHub\BlockyOS\src\kernel\lib32\stdmath\int\_int.c,
 C:\Users\PC\Documents\GitHub\BlockyOS\src\kernel\lib32\stdmath\math.c,
 C:\Users\PC\Documents\GitHub\BlockyOS\src\kernel\lib32\stdmem\16\stdmem.asm,
 C:\Users\PC\Documents\GitHub\BlockyOS\src\kernel\lib32\stdmem\32\Paging.c,
 C:\Users\PC\Documents\GitHub\BlockyOS\src\kernel\lib32\stdmem\32\stdmem.c,
 C:\Users\PC\Documents\GitHub\BlockyOS\src\kernel\lib32\stdmem\32\stdmem32.asm,
 C:\Users\PC\Documents\GitHub\BlockyOS\src\kernel\lib32\stdmemory\memory.c,
 C:\Users\PC\Documents\GitHub\BlockyOS\src\kernel\lib32\stdmemory\string.c,
 C:\Users\PC\Documents\GitHub\BlockyOS\src\kernel\lib32\stdprogram\stdprogram.asm,
 C:\Users\PC\Documents\GitHub\BlockyOS\src\kernel\lib32\stdprogram\stdprogram.c,
Sorted:
 C:\Users\PC\Documents\GitHub\BlockyOS\src\kernel\lib32\stdmath\math.c,
 C:\Users\PC\Documents\GitHub\BlockyOS\src\kernel\lib32\stdmath\int\_int.c,
 C:\Users\PC\Documents\GitHub\BlockyOS\src\kernel\lib32\stdmemory\string.c,
 C:\Users\PC\Documents\GitHub\BlockyOS\src\kernel\lib32\stdmemory\memory.c,
 C:\Users\PC\Documents\GitHub\BlockyOS\src\kernel\lib32\stdio\stdgraphics\16bit\stdgraphics.asm,
 C:\Users\PC\Documents\GitHub\BlockyOS\src\kernel\lib32\stdio\stdgraphics\32bit\letter.c,
 C:\Users\PC\Documents\GitHub\BlockyOS\src\kernel\lib32\stdio\stdgraphics\32bit\stdgraphics.c,
 C:\Users\PC\Documents\GitHub\BlockyOS\src\kernel\lib32\stdio\stdgraphics\32bit\stdgraphics.letter.c,
 C:\Users\PC\Documents\GitHub\BlockyOS\src\kernel\lib32\stdio\stdio.c,
 C:\Users\PC\Documents\GitHub\BlockyOS\src\kernel\lib32\stdio\stdout.asm,
 C:\Users\PC\Documents\GitHub\BlockyOS\src\kernel\lib32\stdio\VGA.asm,
 C:\Users\PC\Documents\GitHub\BlockyOS\src\kernel\lib32\stdkernel\IO\IO.asm,
 C:\Users\PC\Documents\GitHub\BlockyOS\src\kernel\lib32\stdkernel\Interrupt\interrupt.c,
 C:\Users\PC\Documents\GitHub\BlockyOS\src\kernel\lib32\stdkernel\stdkernel.c,
 C:\Users\PC\Documents\GitHub\BlockyOS\src\kernel\lib32\stdkernel\Interrupt\InterruptRoutines.c,
 C:\Users\PC\Documents\GitHub\BlockyOS\src\kernel\lib32\stdkernel\Interrupt\IRQ\IRQ.c,
 C:\Users\PC\Documents\GitHub\BlockyOS\src\kernel\lib32\stdkernel\Interrupt\Interrupt.asm,
 C:\Users\PC\Documents\GitHub\BlockyOS\src\kernel\lib32\stdkernel\GDT\GDT.asm,
 C:\Users\PC\Documents\GitHub\BlockyOS\src\kernel\lib32\stdkernel\Interrupt\InterruptRoutines.asm,
 C:\Users\PC\Documents\GitHub\BlockyOS\src\kernel\lib32\stdmem\32\stdmem32.asm,
 C:\Users\PC\Documents\GitHub\BlockyOS\src\kernel\lib32\stdmem\32\Paging.c,
 C:\Users\PC\Documents\GitHub\BlockyOS\src\kernel\lib32\stdmem\16\stdmem.asm,
 C:\Users\PC\Documents\GitHub\BlockyOS\src\kernel\lib32\stdmem\32\stdmem.c,
 C:\Users\PC\Documents\GitHub\BlockyOS\src\kernel\lib32\stdprogram\stdprogram.c,
 C:\Users\PC\Documents\GitHub\BlockyOS\src\kernel\lib32\stdprogram\stdprogram.asm,
 C:\Users\PC\Documents\GitHub\BlockyOS\src\kernel\lib32\generic\CRC32\CCITT32-ANSI\CRC32.c,
 C:\Users\PC\Documents\GitHub\BlockyOS\src\Boot\Legacy\stage2\bootstart.asm,
 C:\Users\PC\Documents\GitHub\BlockyOS\src\Boot\Legacy\stage2\boot32.c,
Stale source detected for C:\Users\PC\Documents\GitHub\BlockyOS\src\kernel\lib32\stdmath\math.c. source=2026-04-04T16:26:17.5879904Z, stored=none, delta=n/a sec
gcc -c C:\Users\PC\Documents\GitHub\BlockyOS\src\kernel\lib32\stdmath\math.c -o C:\Users\PC\Documents\GitHub\BlockyOS\Build\Build-2026-04-05-32\objs\c.math.o -nostdlib -m32 -z nostartfiles -fdiagnostics-color=always -fno-leading-underscore -ffreestanding -fno-stack-protector -I C:\Users\PC\Documents\GitHub\BlockyOS\src\ -std=c99 -D LOCALSTANDARDFILE -D LOCALFILE -D __32
Compiled and cached object: C:\Users\PC\Documents\GitHub\BlockyOS\compile\cache\math.o

Stale source detected for C:\Users\PC\Documents\GitHub\BlockyOS\src\kernel\lib32\stdmath\int\_int.c. source=2026-04-04T16:27:21.2877102Z, stored=none, delta=n/a sec
gcc -c C:\Users\PC\Documents\GitHub\BlockyOS\src\kernel\lib32\stdmath\int\_int.c -o C:\Users\PC\Documents\GitHub\BlockyOS\Build\Build-2026-04-05-32\objs\c._int.o -nostdlib -m32 -z nostartfiles -fdiagnostics-color=always -fno-leading-underscore -ffreestanding -fno-stack-protector -I C:\Users\PC\Documents\GitHub\BlockyOS\src\ -std=c99 -D LOCALSTANDARDFILE -D LOCALFILE -D __32
Compiled and cached object: C:\Users\PC\Documents\GitHub\BlockyOS\compile\cache\_int.o

Stale source detected for C:\Users\PC\Documents\GitHub\BlockyOS\src\kernel\lib32\stdmemory\string.c. source=2026-04-03T09:03:30.6941653Z, stored=none, delta=n/a sec
gcc -c C:\Users\PC\Documents\GitHub\BlockyOS\src\kernel\lib32\stdmemory\string.c -o C:\Users\PC\Documents\GitHub\BlockyOS\Build\Build-2026-04-05-32\objs\c.string.o -nostdlib -m32 -z nostartfiles -fdiagnostics-color=always -fno-leading-underscore -ffreestanding -fno-stack-protector -I C:\Users\PC\Documents\GitHub\BlockyOS\src\ -std=c99 -D LOCALSTANDARDFILE -D LOCALFILE -D __32
Compiled and cached object: C:\Users\PC\Documents\GitHub\BlockyOS\compile\cache\string.o

Stale source detected for C:\Users\PC\Documents\GitHub\BlockyOS\src\kernel\lib32\stdmemory\memory.c. source=2026-04-03T09:03:30.6941653Z, stored=none, delta=n/a sec
gcc -c C:\Users\PC\Documents\GitHub\BlockyOS\src\kernel\lib32\stdmemory\memory.c -o C:\Users\PC\Documents\GitHub\BlockyOS\Build\Build-2026-04-05-32\objs\c.memory.o -nostdlib -m32 -z nostartfiles -fdiagnostics-color=always -fno-leading-underscore -ffreestanding -fno-stack-protector -I C:\Users\PC\Documents\GitHub\BlockyOS\src\ -std=c99 -D LOCALSTANDARDFILE -D LOCALFILE -D __32
Compiled and cached object: C:\Users\PC\Documents\GitHub\BlockyOS\compile\cache\memory.o
In file included from C:\Users\PC\Documents\GitHub\BlockyOS\src\kernel\lib32\stdmemory\memory.c:1:
C:\Users\PC\Documents\GitHub\BlockyOS\src/kernel/lib32/generic/standard.h:27:9: warning: 'NULLSTR' redefined
   27 | #define NULLSTR(s) (char[s]){0}
      |         ^~~~~~~
In file included from C:\Users\PC\Documents\GitHub\BlockyOS\src/kernel/lib32/generic/standard.h:5:
C:\Users\PC\Documents\GitHub\BlockyOS\src/kernel/lib32/stdmemory/string.h:20:9: note: this is the location of the previous definition
   20 | #define NULLSTR {0}
      |         ^~~~~~~
Stale source detected for C:\Users\PC\Documents\GitHub\BlockyOS\src\kernel\lib32\stdio\stdgraphics\32bit\letter.c. source=2026-04-04T16:21:34.5783944Z, stored=none, delta=n/a sec
gcc -c C:\Users\PC\Documents\GitHub\BlockyOS\src\kernel\lib32\stdio\stdgraphics\32bit\letter.c -o C:\Users\PC\Documents\GitHub\BlockyOS\Build\Build-2026-04-05-32\objs\c.letter.o -nostdlib -m32 -z nostartfiles -fdiagnostics-color=always -fno-leading-underscore -ffreestanding -fno-stack-protector -I C:\Users\PC\Documents\GitHub\BlockyOS\src\ -std=c99 -D LOCALSTANDARDFILE -D LOCALFILE -D __32
Compiled and cached object: C:\Users\PC\Documents\GitHub\BlockyOS\compile\cache\letter.o
In file included from C:\Users\PC\Documents\GitHub\BlockyOS\src\kernel\lib32\stdio\stdgraphics\32bit\stdgraphics.h:1,
                 from C:\Users\PC\Documents\GitHub\BlockyOS\src\kernel\lib32\stdio\stdgraphics\32bit\letter.c:1:
C:\Users\PC\Documents\GitHub\BlockyOS\src/kernel/lib32/generic/standard.h:27:9: warning: 'NULLSTR' redefined
   27 | #define NULLSTR(s) (char[s]){0}
      |         ^~~~~~~
In file included from C:\Users\PC\Documents\GitHub\BlockyOS\src/kernel/lib32/generic/standard.h:5:
C:\Users\PC\Documents\GitHub\BlockyOS\src/kernel/lib32/stdmemory/string.h:20:9: note: this is the location of the previous definition
   20 | #define NULLSTR {0}
      |         ^~~~~~~
C:\Users\PC\Documents\GitHub\BlockyOS\src\kernel\lib32\stdio\stdgraphics\32bit\letter.c:4:13: warning: multi-character literal with 5 characters exceeds 'int' size of 4 bytes
    4 |     .code = 'PLAIN',
      |             ^~~~~~~
C:\Users\PC\Documents\GitHub\BlockyOS\src\kernel\lib32\stdio\stdgraphics\32bit\letter.c:4:13: warning: overflow in conversion from 'int' to 'char' changes value from '1279347022' to '78' [-Woverflow]
Stale source detected for C:\Users\PC\Documents\GitHub\BlockyOS\src\kernel\lib32\stdio\stdgraphics\32bit\stdgraphics.c. source=2026-04-04T16:27:20.9378697Z, stored=none, delta=n/a sec
gcc -c C:\Users\PC\Documents\GitHub\BlockyOS\src\kernel\lib32\stdio\stdgraphics\32bit\stdgraphics.c -o C:\Users\PC\Documents\GitHub\BlockyOS\Build\Build-2026-04-05-32\objs\c.stdgraphics.o -nostdlib -m32 -z nostartfiles -fdiagnostics-color=always -fno-leading-underscore -ffreestanding -fno-stack-protector -I C:\Users\PC\Documents\GitHub\BlockyOS\src\ -std=c99 -D LOCALSTANDARDFILE -D LOCALFILE -D __32
Compiled and cached object: C:\Users\PC\Documents\GitHub\BlockyOS\compile\cache\stdgraphics.o
In file included from C:\Users\PC\Documents\GitHub\BlockyOS\src\kernel\lib32\stdio\stdgraphics\32bit\stdgraphics.h:1,
                 from C:\Users\PC\Documents\GitHub\BlockyOS\src\kernel\lib32\stdio\stdgraphics\32bit\stdgraphics.c:1:
C:\Users\PC\Documents\GitHub\BlockyOS\src/kernel/lib32/generic/standard.h:27:9: warning: 'NULLSTR' redefined
   27 | #define NULLSTR(s) (char[s]){0}
      |         ^~~~~~~
In file included from C:\Users\PC\Documents\GitHub\BlockyOS\src/kernel/lib32/generic/standard.h:5:
C:\Users\PC\Documents\GitHub\BlockyOS\src/kernel/lib32/stdmemory/string.h:20:9: note: this is the location of the previous definition
   20 | #define NULLSTR {0}
      |         ^~~~~~~
Stale source detected for C:\Users\PC\Documents\GitHub\BlockyOS\src\kernel\lib32\stdio\stdgraphics\32bit\stdgraphics.letter.c. source=2026-04-04T16:27:20.1379006Z, stored=none, delta=n/a sec
gcc -c C:\Users\PC\Documents\GitHub\BlockyOS\src\kernel\lib32\stdio\stdgraphics\32bit\stdgraphics.letter.c -o C:\Users\PC\Documents\GitHub\BlockyOS\Build\Build-2026-04-05-32\objs\c.stdgraphics.letter.o -nostdlib -m32 -z nostartfiles -fdiagnostics-color=always -fno-leading-underscore -ffreestanding -fno-stack-protector -I C:\Users\PC\Documents\GitHub\BlockyOS\src\ -std=c99 -D LOCALSTANDARDFILE -D LOCALFILE -D __32
Compiled and cached object: C:\Users\PC\Documents\GitHub\BlockyOS\compile\cache\stdgraphics.letter.o
In file included from C:\Users\PC\Documents\GitHub\BlockyOS\src\kernel\lib32\stdio\stdgraphics\32bit\stdgraphics.h:1,
                 from C:\Users\PC\Documents\GitHub\BlockyOS\src\kernel\lib32\stdio\stdgraphics\32bit\stdgraphics.letter.c:1:
C:\Users\PC\Documents\GitHub\BlockyOS\src/kernel/lib32/generic/standard.h:27:9: warning: 'NULLSTR' redefined
   27 | #define NULLSTR(s) (char[s]){0}
      |         ^~~~~~~
In file included from C:\Users\PC\Documents\GitHub\BlockyOS\src/kernel/lib32/generic/standard.h:5:
C:\Users\PC\Documents\GitHub\BlockyOS\src/kernel/lib32/stdmemory/string.h:20:9: note: this is the location of the previous definition
   20 | #define NULLSTR {0}
      |         ^~~~~~~
C:\Users\PC\Documents\GitHub\BlockyOS\src\kernel\lib32\stdio\stdgraphics\32bit\stdgraphics.letter.c:4:13: warning: multi-character literal with 5 characters exceeds 'int' size of 4 bytes
    4 |     .code = 'PLAIN',
      |             ^~~~~~~
C:\Users\PC\Documents\GitHub\BlockyOS\src\kernel\lib32\stdio\stdgraphics\32bit\stdgraphics.letter.c:4:13: warning: overflow in conversion from 'int' to 'char' changes value from '1279347022' to '78' [-Woverflow]
Stale source detected for C:\Users\PC\Documents\GitHub\BlockyOS\src\kernel\lib32\stdio\stdio.c. source=2026-04-04T16:27:20.9655197Z, stored=none, delta=n/a sec
gcc -c C:\Users\PC\Documents\GitHub\BlockyOS\src\kernel\lib32\stdio\stdio.c -o C:\Users\PC\Documents\GitHub\BlockyOS\Build\Build-2026-04-05-32\objs\c.stdio.o -nostdlib -m32 -z nostartfiles -fdiagnostics-color=always -fno-leading-underscore -ffreestanding -fno-stack-protector -I C:\Users\PC\Documents\GitHub\BlockyOS\src\ -std=c99 -D LOCALSTANDARDFILE -D LOCALFILE -D __32
Compiled and cached object: C:\Users\PC\Documents\GitHub\BlockyOS\compile\cache\stdio.o
In file included from C:\Users\PC\Documents\GitHub\BlockyOS\src\kernel\lib32\stdio\stdio.h:3,
                 from C:\Users\PC\Documents\GitHub\BlockyOS\src\kernel\lib32\stdio\stdio.c:1:
C:\Users\PC\Documents\GitHub\BlockyOS\src/kernel/lib32/generic/standard.h:27:9: warning: 'NULLSTR' redefined
   27 | #define NULLSTR(s) (char[s]){0}
      |         ^~~~~~~
In file included from C:\Users\PC\Documents\GitHub\BlockyOS\src/kernel/lib32/generic/standard.h:5:
C:\Users\PC\Documents\GitHub\BlockyOS\src/kernel/lib32/stdmemory/string.h:20:9: note: this is the location of the previous definition
   20 | #define NULLSTR {0}
      |         ^~~~~~~
C:\Users\PC\Documents\GitHub\BlockyOS\src\kernel\lib32\stdio\stdio.c: In function 'putc32':
C:\Users\PC\Documents\GitHub\BlockyOS\src\kernel\lib32\stdio\stdio.c:19:75: warning: passing argument 5 of 'putcdecoded' discards 'const' qualifier from pointer target type [-Wdiscarded-qualifiers]
   19 |                         putcdecoded(c, (Pixel){.Pixel = 0}, &VGAX, &VGAY, &PlainBasic);
      |                                                                           ^~~~~~~~~~~
In file included from C:\Users\PC\Documents\GitHub\BlockyOS\src\kernel\lib32\stdio\stdio.h:4:
C:\Users\PC\Documents\GitHub\BlockyOS\src\kernel\lib32\stdio\stdgraphics/32bit/stdgraphics.h:109:77: note: expected 'Font *' but argument is of type 'const Font *'
  109 | bool putcdecoded(char c, Pixel colorOffset, uint32_t *x, uint32_t *y, Font *f);
      |                                                                       ~~~~~~^
C:\Users\PC\Documents\GitHub\BlockyOS\src\kernel\lib32\stdio\stdio.c:24:116: warning: passing argument 5 of 'putcdecoded' discards 'const' qualifier from pointer target type [-Wdiscarded-qualifiers]
   24 |                         for(uint8_t cc =0; cc < TABSIZE; ++cc){putcdecoded(' ', (Pixel){.Pixel = 0}, &VGAX, &VGAY, &PlainBasic);}
      |                                                                                                                    ^~~~~~~~~~~
C:\Users\PC\Documents\GitHub\BlockyOS\src\kernel\lib32\stdio\stdgraphics/32bit/stdgraphics.h:109:77: note: expected 'Font *' but argument is of type 'const Font *'
  109 | bool putcdecoded(char c, Pixel colorOffset, uint32_t *x, uint32_t *y, Font *f);
      |                                                                       ~~~~~~^
C:\Users\PC\Documents\GitHub\BlockyOS\src\kernel\lib32\stdio\stdio.c: In function 'printf32':
C:\Users\PC\Documents\GitHub\BlockyOS\src\kernel\lib32\stdio\stdio.c:132:59: warning: left shift count >= width of type [-Wshift-count-overflow]
  132 |                     puts32((char *)(((size_t)argp[dwords] << 32)  | argp[dwords]));
      |                                                           ^~
C:\Users\PC\Documents\GitHub\BlockyOS\src\kernel\lib32\stdio\stdio.c: In function 'printarg32':
C:\Users\PC\Documents\GitHub\BlockyOS\src\kernel\lib32\stdio\stdio.c:181:36: warning: left shift count >= width of type [-Wshift-count-overflow]
  181 |             num = ((size_t)argp[1] << 32) | (size_t)argp[0];
      |                                    ^~
Stale source detected for C:\Users\PC\Documents\GitHub\BlockyOS\src\kernel\lib32\stdkernel\Interrupt\interrupt.c. source=2026-04-04T16:27:21.2633971Z, stored=none, delta=n/a sec
gcc -c C:\Users\PC\Documents\GitHub\BlockyOS\src\kernel\lib32\stdkernel\Interrupt\interrupt.c -o C:\Users\PC\Documents\GitHub\BlockyOS\Build\Build-2026-04-05-32\objs\c.interrupt.o -nostdlib -m32 -z nostartfiles -fdiagnostics-color=always -fno-leading-underscore -ffreestanding -fno-stack-protector -I C:\Users\PC\Documents\GitHub\BlockyOS\src\ -std=c99 -D LOCALSTANDARDFILE -D LOCALFILE -D __32
Compiled and cached object: C:\Users\PC\Documents\GitHub\BlockyOS\compile\cache\interrupt.o
In file included from C:\Users\PC\Documents\GitHub\BlockyOS\src\kernel\lib32\stdkernel\Interrupt\interrupt.h:3,
                 from C:\Users\PC\Documents\GitHub\BlockyOS\src\kernel\lib32\stdkernel\Interrupt\interrupt.c:1:
C:\Users\PC\Documents\GitHub\BlockyOS\src/kernel/lib32/generic/standard.h:27:9: warning: 'NULLSTR' redefined
   27 | #define NULLSTR(s) (char[s]){0}
      |         ^~~~~~~
In file included from C:\Users\PC\Documents\GitHub\BlockyOS\src/kernel/lib32/generic/standard.h:5:
C:\Users\PC\Documents\GitHub\BlockyOS\src/kernel/lib32/stdmemory/string.h:20:9: note: this is the location of the previous definition
   20 | #define NULLSTR {0}
      |         ^~~~~~~
C:\Users\PC\Documents\GitHub\BlockyOS\src\kernel\lib32\stdkernel\Interrupt\interrupt.h:19:1: warning: 'packed' attribute ignored [-Wattributes]
   19 | extern PACKEDSTRUCT uint8_t interruptTableEnd;
      | ^~~~~~
Stale source detected for C:\Users\PC\Documents\GitHub\BlockyOS\src\kernel\lib32\stdkernel\stdkernel.c. source=2026-04-04T16:27:21.3930965Z, stored=none, delta=n/a sec
gcc -c C:\Users\PC\Documents\GitHub\BlockyOS\src\kernel\lib32\stdkernel\stdkernel.c -o C:\Users\PC\Documents\GitHub\BlockyOS\Build\Build-2026-04-05-32\objs\c.stdkernel.o -nostdlib -m32 -z nostartfiles -fdiagnostics-color=always -fno-leading-underscore -ffreestanding -fno-stack-protector -I C:\Users\PC\Documents\GitHub\BlockyOS\src\ -std=c99 -D LOCALSTANDARDFILE -D LOCALFILE -D __32
Compiled and cached object: C:\Users\PC\Documents\GitHub\BlockyOS\compile\cache\stdkernel.o
In file included from C:\Users\PC\Documents\GitHub\BlockyOS\src\kernel\lib32\stdkernel\Interrupt/interrupt.h:3,
                 from C:\Users\PC\Documents\GitHub\BlockyOS\src\kernel\lib32\stdkernel\stdkernel.h:3,
                 from C:\Users\PC\Documents\GitHub\BlockyOS\src\kernel\lib32\stdkernel\stdkernel.c:1:
C:\Users\PC\Documents\GitHub\BlockyOS\src/kernel/lib32/generic/standard.h:27:9: warning: 'NULLSTR' redefined
   27 | #define NULLSTR(s) (char[s]){0}
      |         ^~~~~~~
In file included from C:\Users\PC\Documents\GitHub\BlockyOS\src/kernel/lib32/generic/standard.h:5:
C:\Users\PC\Documents\GitHub\BlockyOS\src/kernel/lib32/stdmemory/string.h:20:9: note: this is the location of the previous definition
   20 | #define NULLSTR {0}
      |         ^~~~~~~
C:\Users\PC\Documents\GitHub\BlockyOS\src\kernel\lib32\stdkernel\Interrupt/interrupt.h:19:1: warning: 'packed' attribute ignored [-Wattributes]
   19 | extern PACKEDSTRUCT uint8_t interruptTableEnd;
      | ^~~~~~
In file included from C:\Users\PC\Documents\GitHub\BlockyOS\src\kernel\lib32\stdkernel\stdkernel.h:7:
C:\Users\PC\Documents\GitHub\BlockyOS\src/kernel/lib32/stdmem/32/stdmem.h:21:1: warning: no semicolon at end of struct or union
   21 | }PACKEDSTRUCT E820MemBlock;
      | ^
Stale source detected for C:\Users\PC\Documents\GitHub\BlockyOS\src\kernel\lib32\stdkernel\Interrupt\InterruptRoutines.c. source=2026-04-05T13:20:33.0695805Z, stored=none, delta=n/a sec
gcc -c C:\Users\PC\Documents\GitHub\BlockyOS\src\kernel\lib32\stdkernel\Interrupt\InterruptRoutines.c -o C:\Users\PC\Documents\GitHub\BlockyOS\Build\Build-2026-04-05-32\objs\c.InterruptRoutines.o -nostdlib -m32 -z nostartfiles -fdiagnostics-color=always -fno-leading-underscore -ffreestanding -fno-stack-protector -I C:\Users\PC\Documents\GitHub\BlockyOS\src\ -std=c99 -D LOCALSTANDARDFILE -D LOCALFILE -D __32
Compiled and cached object: C:\Users\PC\Documents\GitHub\BlockyOS\compile\cache\InterruptRoutines.o
In file included from C:\Users\PC\Documents\GitHub\BlockyOS\src\kernel\lib32\stdkernel\Interrupt\InterruptRoutines.h:3,
                 from C:\Users\PC\Documents\GitHub\BlockyOS\src\kernel\lib32\stdkernel\Interrupt\InterruptRoutines.c:2:
C:/Users/PC/Documents/GitHub/BlockyOS/src/kernel/lib32/generic/standard.h:27:9: warning: 'NULLSTR' redefined
   27 | #define NULLSTR(s) (char[s]){0}
      |         ^~~~~~~
In file included from C:/Users/PC/Documents/GitHub/BlockyOS/src/kernel/lib32/generic/standard.h:5:
C:\Users\PC\Documents\GitHub\BlockyOS\src/kernel/lib32/stdmemory/string.h:20:9: note: this is the location of the previous definition
   20 | #define NULLSTR {0}
      |         ^~~~~~~
In file included from C:\Users\PC\Documents\GitHub\BlockyOS\src\kernel\lib32\stdkernel\Interrupt\InterruptRoutines.h:4:
C:\Users\PC\Documents\GitHub\BlockyOS\src\kernel\lib32\stdkernel\Interrupt\interrupt.h:19:1: warning: 'packed' attribute ignored [-Wattributes]
   19 | extern PACKEDSTRUCT uint8_t interruptTableEnd;
      | ^~~~~~
Stale source detected for C:\Users\PC\Documents\GitHub\BlockyOS\src\kernel\lib32\stdkernel\Interrupt\IRQ\IRQ.c. source=2026-04-03T09:03:30.6773405Z, stored=none, delta=n/a sec
gcc -c C:\Users\PC\Documents\GitHub\BlockyOS\src\kernel\lib32\stdkernel\Interrupt\IRQ\IRQ.c -o C:\Users\PC\Documents\GitHub\BlockyOS\Build\Build-2026-04-05-32\objs\c.IRQ.o -nostdlib -m32 -z nostartfiles -fdiagnostics-color=always -fno-leading-underscore -ffreestanding -fno-stack-protector -I C:\Users\PC\Documents\GitHub\BlockyOS\src\ -std=c99 -D LOCALSTANDARDFILE -D LOCALFILE -D __32
Compiled and cached object: C:\Users\PC\Documents\GitHub\BlockyOS\compile\cache\IRQ.o
In file included from C:\Users\PC\Documents\GitHub\BlockyOS\src\kernel\lib32\stdkernel\Interrupt\IRQ\IRQ.h:3,
                 from C:\Users\PC\Documents\GitHub\BlockyOS\src\kernel\lib32\stdkernel\Interrupt\IRQ\IRQ.c:1:
C:\Users\PC\Documents\GitHub\BlockyOS\src/kernel/lib32/generic/standard.h:27:9: warning: 'NULLSTR' redefined
   27 | #define NULLSTR(s) (char[s]){0}
      |         ^~~~~~~
In file included from C:\Users\PC\Documents\GitHub\BlockyOS\src/kernel/lib32/generic/standard.h:5:
C:\Users\PC\Documents\GitHub\BlockyOS\src/kernel/lib32/stdmemory/string.h:20:9: note: this is the location of the previous definition
   20 | #define NULLSTR {0}
      |         ^~~~~~~
In file included from C:\Users\PC\Documents\GitHub\BlockyOS\src\kernel\lib32\stdkernel\Interrupt\IRQ\IRQ.h:4:
C:\Users\PC\Documents\GitHub\BlockyOS\src/kernel/lib32/stdkernel/Interrupt/interrupt.h:19:1: warning: 'packed' attribute ignored [-Wattributes]
   19 | extern PACKEDSTRUCT uint8_t interruptTableEnd;
      | ^~~~~~
In file included from C:\Users\PC\Documents\GitHub\BlockyOS\src/kernel/lib32/stdkernel/stdkernel.h:7,
                 from C:\Users\PC\Documents\GitHub\BlockyOS\src\kernel\lib32\stdkernel\Interrupt\IRQ\IRQ.c:4:
C:\Users\PC\Documents\GitHub\BlockyOS\src/kernel/lib32/stdmem/32/stdmem.h:21:1: warning: no semicolon at end of struct or union
   21 | }PACKEDSTRUCT E820MemBlock;
      | ^
Stale source detected for C:\Users\PC\Documents\GitHub\BlockyOS\src\kernel\lib32\stdmem\32\Paging.c. source=2026-04-03T09:03:30.6773405Z, stored=none, delta=n/a sec
gcc -c C:\Users\PC\Documents\GitHub\BlockyOS\src\kernel\lib32\stdmem\32\Paging.c -o C:\Users\PC\Documents\GitHub\BlockyOS\Build\Build-2026-04-05-32\objs\c.Paging.o -nostdlib -m32 -z nostartfiles -fdiagnostics-color=always -fno-leading-underscore -ffreestanding -fno-stack-protector -I C:\Users\PC\Documents\GitHub\BlockyOS\src\ -std=c99 -D LOCALSTANDARDFILE -D LOCALFILE -D __32
Compiled and cached object: C:\Users\PC\Documents\GitHub\BlockyOS\compile\cache\Paging.o
In file included from C:\Users\PC\Documents\GitHub\BlockyOS\src\kernel\lib32\stdmem\32\stdmem.h:3,
                 from C:\Users\PC\Documents\GitHub\BlockyOS\src\kernel\lib32\stdmem\32\Paging.c:1:
C:\Users\PC\Documents\GitHub\BlockyOS\src/kernel/lib32/generic/standard.h:27:9: warning: 'NULLSTR' redefined
   27 | #define NULLSTR(s) (char[s]){0}
      |         ^~~~~~~
In file included from C:\Users\PC\Documents\GitHub\BlockyOS\src/kernel/lib32/generic/standard.h:5:
C:\Users\PC\Documents\GitHub\BlockyOS\src/kernel/lib32/stdmemory/string.h:20:9: note: this is the location of the previous definition
   20 | #define NULLSTR {0}
      |         ^~~~~~~
C:\Users\PC\Documents\GitHub\BlockyOS\src\kernel\lib32\stdmem\32\stdmem.h:21:1: warning: no semicolon at end of struct or union
   21 | }PACKEDSTRUCT E820MemBlock;
      | ^
Stale source detected for C:\Users\PC\Documents\GitHub\BlockyOS\src\kernel\lib32\stdmem\32\stdmem.c. source=2026-04-03T09:03:30.6929666Z, stored=none, delta=n/a sec
gcc -c C:\Users\PC\Documents\GitHub\BlockyOS\src\kernel\lib32\stdmem\32\stdmem.c -o C:\Users\PC\Documents\GitHub\BlockyOS\Build\Build-2026-04-05-32\objs\c.stdmem.o -nostdlib -m32 -z nostartfiles -fdiagnostics-color=always -fno-leading-underscore -ffreestanding -fno-stack-protector -I C:\Users\PC\Documents\GitHub\BlockyOS\src\ -std=c99 -D LOCALSTANDARDFILE -D LOCALFILE -D __32
Compiled and cached object: C:\Users\PC\Documents\GitHub\BlockyOS\compile\cache\stdmem.o
In file included from C:\Users\PC\Documents\GitHub\BlockyOS\src\kernel\lib32\stdmem\32\stdmem.h:3,
                 from C:\Users\PC\Documents\GitHub\BlockyOS\src\kernel\lib32\stdmem\32\stdmem.c:1:
C:\Users\PC\Documents\GitHub\BlockyOS\src/kernel/lib32/generic/standard.h:27:9: warning: 'NULLSTR' redefined
   27 | #define NULLSTR(s) (char[s]){0}
      |         ^~~~~~~
In file included from C:\Users\PC\Documents\GitHub\BlockyOS\src/kernel/lib32/generic/standard.h:5:
C:\Users\PC\Documents\GitHub\BlockyOS\src/kernel/lib32/stdmemory/string.h:20:9: note: this is the location of the previous definition
   20 | #define NULLSTR {0}
      |         ^~~~~~~
C:\Users\PC\Documents\GitHub\BlockyOS\src\kernel\lib32\stdmem\32\stdmem.h:21:1: warning: no semicolon at end of struct or union
   21 | }PACKEDSTRUCT E820MemBlock;
      | ^
C:\Users\PC\Documents\GitHub\BlockyOS\src\kernel\lib32\stdmem\32\stdmem.c: In function 'InitBitmapAllocator':
C:\Users\PC\Documents\GitHub\BlockyOS\src\kernel\lib32\stdmem\32\stdmem.c:18:35: warning: right shift count >= width of type [-Wshift-count-overflow]
   18 |         bitmapstate(3, 0, minsize >> 32);
      |                                   ^~
C:\Users\PC\Documents\GitHub\BlockyOS\src\kernel\lib32\stdmem\32\stdmem.c: In function 'bitmapstate':
C:\Users\PC\Documents\GitHub\BlockyOS\src\kernel\lib32\stdmem\32\stdmem.c:124:84: warning: left shift count >= width of type [-Wshift-count-overflow]
  124 |                                 case 0: {allocstate.bitMapSize &= (((size_t)value) << 32);}
      |                                                                                    ^~
C:\Users\PC\Documents\GitHub\BlockyOS\src\kernel\lib32\stdmem\32\stdmem.c:125:108: warning: left shift count >= width of type [-Wshift-count-overflow]
  125 |                                 case 1: {allocstate.bitMapSize |= allocstate.bitMapSize + (((size_t)value) << 32);}
      |                                                                                                            ^~
C:\Users\PC\Documents\GitHub\BlockyOS\src\kernel\lib32\stdmem\32\stdmem.c:126:108: warning: left shift count >= width of type [-Wshift-count-overflow]
  126 |                                 case 2: {allocstate.bitMapSize |= allocstate.bitMapSize - (((size_t)value) << 32);}
      |                                                                                                            ^~
Stale source detected for C:\Users\PC\Documents\GitHub\BlockyOS\src\kernel\lib32\stdprogram\stdprogram.c. source=2026-04-04T16:27:21.2517365Z, stored=none, delta=n/a sec
gcc -c C:\Users\PC\Documents\GitHub\BlockyOS\src\kernel\lib32\stdprogram\stdprogram.c -o C:\Users\PC\Documents\GitHub\BlockyOS\Build\Build-2026-04-05-32\objs\c.stdprogram.o -nostdlib -m32 -z nostartfiles -fdiagnostics-color=always -fno-leading-underscore -ffreestanding -fno-stack-protector -I C:\Users\PC\Documents\GitHub\BlockyOS\src\ -std=c99 -D LOCALSTANDARDFILE -D LOCALFILE -D __32
Compiled and cached object: C:\Users\PC\Documents\GitHub\BlockyOS\compile\cache\stdprogram.o
In file included from C:\Users\PC\Documents\GitHub\BlockyOS\src\kernel\lib32\stdprogram\stdprogram.h:3,
                 from C:\Users\PC\Documents\GitHub\BlockyOS\src\kernel\lib32\stdprogram\stdprogram.c:1:
C:\Users\PC\Documents\GitHub\BlockyOS\src/kernel/lib32/generic/standard.h:27:9: warning: 'NULLSTR' redefined
   27 | #define NULLSTR(s) (char[s]){0}
      |         ^~~~~~~
In file included from C:\Users\PC\Documents\GitHub\BlockyOS\src/kernel/lib32/generic/standard.h:5:
C:\Users\PC\Documents\GitHub\BlockyOS\src/kernel/lib32/stdmemory/string.h:20:9: note: this is the location of the previous definition
   20 | #define NULLSTR {0}
      |         ^~~~~~~
C:\Users\PC\Documents\GitHub\BlockyOS\src\kernel\lib32\stdprogram\stdprogram.c: In function 'loadProgram':
C:\Users\PC\Documents\GitHub\BlockyOS\src\kernel\lib32\stdprogram\stdprogram.c:30:5: warning: 'getEnv' accessing 10 bytes in a region of size 6 [-Wstringop-overflow=]
   30 |     loadBinary(getEnv("stdLd"), true, Image, childThreads);
      |     ^~~~~~~~~~~~~~~~~~~~~~~~~~~~~~~~~~~~~~~~~~~~~~~~~~~~~~
C:\Users\PC\Documents\GitHub\BlockyOS\src\kernel\lib32\stdprogram\stdprogram.c:30:5: note: referencing argument 1 of type 'char[10]'
C:\Users\PC\Documents\GitHub\BlockyOS\src\kernel\lib32\stdprogram\stdprogram.c:21:7: note: in a call to function 'getEnv'
   21 | char *getEnv(char alias[aliasLen]){return NULL;}
      |       ^~~~~~
Stale source detected for C:\Users\PC\Documents\GitHub\BlockyOS\src\kernel\lib32\generic\CRC32\CCITT32-ANSI\CRC32.c. source=2026-04-04T16:27:21.3950969Z, stored=none, delta=n/a sec
gcc -c C:\Users\PC\Documents\GitHub\BlockyOS\src\kernel\lib32\generic\CRC32\CCITT32-ANSI\CRC32.c -o C:\Users\PC\Documents\GitHub\BlockyOS\Build\Build-2026-04-05-32\objs\c.CRC32.o -nostdlib -m32 -z nostartfiles -fdiagnostics-color=always -fno-leading-underscore -ffreestanding -fno-stack-protector -I C:\Users\PC\Documents\GitHub\BlockyOS\src\ -std=c99 -D LOCALSTANDARDFILE -D LOCALFILE -D __32
Compiled and cached object: C:\Users\PC\Documents\GitHub\BlockyOS\compile\cache\CRC32.o
In file included from C:\Users\PC\Documents\GitHub\BlockyOS\src\kernel\lib32\generic\CRC32\CCITT32-ANSI\CRC32.h:3,
                 from C:\Users\PC\Documents\GitHub\BlockyOS\src\kernel\lib32\generic\CRC32\CCITT32-ANSI\CRC32.c:1:
C:\Users\PC\Documents\GitHub\BlockyOS\src/kernel/lib32/generic/standard.h:27:9: warning: 'NULLSTR' redefined
   27 | #define NULLSTR(s) (char[s]){0}
      |         ^~~~~~~
In file included from C:\Users\PC\Documents\GitHub\BlockyOS\src/kernel/lib32/generic/standard.h:5:
C:\Users\PC\Documents\GitHub\BlockyOS\src/kernel/lib32/stdmemory/string.h:20:9: note: this is the location of the previous definition
   20 | #define NULLSTR {0}
      |         ^~~~~~~
Stale source detected for C:\Users\PC\Documents\GitHub\BlockyOS\src\Boot\Legacy\stage2\boot32.c. source=2026-04-03T09:03:30.6440840Z, stored=none, delta=n/a sec
gcc -c C:\Users\PC\Documents\GitHub\BlockyOS\src\Boot\Legacy\stage2\boot32.c -o C:\Users\PC\Documents\GitHub\BlockyOS\Build\Build-2026-04-05-32\objs\c.boot32.o -nostdlib -m32 -z nostartfiles -fdiagnostics-color=always -fno-leading-underscore -ffreestanding -fno-stack-protector -I C:\Users\PC\Documents\GitHub\BlockyOS\src\ -std=c99 -D LOCALSTANDARDFILE -D LOCALFILE -D __32
Compiled and cached object: C:\Users\PC\Documents\GitHub\BlockyOS\compile\cache\boot32.o
In file included from C:\Users\PC\Documents\GitHub\BlockyOS\src\Boot\Legacy\stage2\boot.h:4,
                 from C:\Users\PC\Documents\GitHub\BlockyOS\src\Boot\Legacy\stage2\boot32.c:1:
C:\Users\PC\Documents\GitHub\BlockyOS\src/kernel/lib32/generic/standard.h:27:9: warning: 'NULLSTR' redefined
   27 | #define NULLSTR(s) (char[s]){0}
      |         ^~~~~~~
In file included from C:\Users\PC\Documents\GitHub\BlockyOS\src/kernel/lib32/generic/standard.h:5:
C:\Users\PC\Documents\GitHub\BlockyOS\src/kernel/lib32/stdmemory/string.h:20:9: note: this is the location of the previous definition
   20 | #define NULLSTR {0}
      |         ^~~~~~~
In file included from C:\Users\PC\Documents\GitHub\BlockyOS\src/kernel/lib32/stdkernel/stdkernel.h:3,
                 from C:\Users\PC\Documents\GitHub\BlockyOS\src\Boot\Legacy\stage2\boot.h:6:
C:\Users\PC\Documents\GitHub\BlockyOS\src/kernel/lib32/stdkernel/Interrupt/interrupt.h:19:1: warning: 'packed' attribute ignored [-Wattributes]
   19 | extern PACKEDSTRUCT uint8_t interruptTableEnd;
      | ^~~~~~
In file included from C:\Users\PC\Documents\GitHub\BlockyOS\src/kernel/lib32/stdkernel/stdkernel.h:7:
C:\Users\PC\Documents\GitHub\BlockyOS\src/kernel/lib32/stdmem/32/stdmem.h:21:1: warning: no semicolon at end of struct or union
   21 | }PACKEDSTRUCT E820MemBlock;
      | ^
In file included from C:\Users\PC\Documents\GitHub\BlockyOS\src\Boot\Legacy\stage2\boot.h:9:
C:\Users\PC\Documents\GitHub\BlockyOS\src\Boot\Legacy\stage2\localfile/f-rat/f-rat.h:5:9: warning: 'LOCALFILE' redefined
    5 | #define LOCALFILE
      |         ^~~~~~~~~
<command-line>: note: this is the location of the previous definition
C:\Users\PC\Documents\GitHub\BlockyOS\src\Boot\Legacy\stage2\boot.h:13:1: warning: 'extermally_visible' attribute directive ignored [-Wattributes]
   13 | extern idtDESC_t FORCE_SYMBOLEXPOSURE IDTdesc;
      | ^~~~~~
C:\Users\PC\Documents\GitHub\BlockyOS\src\Boot\Legacy\stage2\boot.h:13:1: warning: 'used' attribute ignored [-Wattributes]
C:\Users\PC\Documents\GitHub\BlockyOS\src\Boot\Legacy\stage2\boot.h:14:1: warning: 'extermally_visible' attribute directive ignored [-Wattributes]
   14 | extern gdtDESC_t FORCE_SYMBOLEXPOSURE GDTdesc;
      | ^~~~~~
C:\Users\PC\Documents\GitHub\BlockyOS\src\Boot\Legacy\stage2\boot.h:14:1: warning: 'used' attribute ignored [-Wattributes]
C:\Users\PC\Documents\GitHub\BlockyOS\src\Boot\Legacy\stage2\boot32.c:62:1: warning: 'extermally_visible' attribute directive ignored [-Wattributes]
   62 | gdtDESC_t FORCE_SYMBOLEXPOSURE GDTdesc = {.table = GDT, .limit = sizeof(GDT) - 1};
      | ^~~~~~~~~
C:\Users\PC\Documents\GitHub\BlockyOS\src\Boot\Legacy\stage2\boot32.c:63:1: warning: 'extermally_visible' attribute directive ignored [-Wattributes]
   63 | idtDESC_t FORCE_SYMBOLEXPOSURE IDTdesc = {.table = IDT, .limit = sizeof(IDT) - 1};
      | ^~~~~~~~~
Stale source detected for C:\Users\PC\Documents\GitHub\BlockyOS\src\kernel\lib32\stdio\stdgraphics\16bit\stdgraphics.asm. source=2026-04-03T09:03:30.6763044Z, stored=none, delta=n/a sec
nasm -f elf32 C:\Users\PC\Documents\GitHub\BlockyOS\src\kernel\lib32\stdio\stdgraphics\16bit\stdgraphics.asm -o C:\Users\PC\Documents\GitHub\BlockyOS\Build\Build-2026-04-05-32\objs\asm.stdgraphics.o -d __DEBUG=
Assembled and cached object: C:\Users\PC\Documents\GitHub\BlockyOS\compile\cache\stdgraphics.o
Stale source detected for C:\Users\PC\Documents\GitHub\BlockyOS\src\kernel\lib32\stdio\stdout.asm. source=2026-04-03T09:03:30.6773405Z, stored=none, delta=n/a sec
nasm -f elf32 C:\Users\PC\Documents\GitHub\BlockyOS\src\kernel\lib32\stdio\stdout.asm -o C:\Users\PC\Documents\GitHub\BlockyOS\Build\Build-2026-04-05-32\objs\asm.stdout.o -d __DEBUG=
Assembled and cached object: C:\Users\PC\Documents\GitHub\BlockyOS\compile\cache\stdout.o
Stale source detected for C:\Users\PC\Documents\GitHub\BlockyOS\src\kernel\lib32\stdio\VGA.asm. source=2026-04-03T09:03:30.6606766Z, stored=none, delta=n/a sec
nasm -f elf32 C:\Users\PC\Documents\GitHub\BlockyOS\src\kernel\lib32\stdio\VGA.asm -o C:\Users\PC\Documents\GitHub\BlockyOS\Build\Build-2026-04-05-32\objs\asm.VGA.o -d __DEBUG=
Assembled and cached object: C:\Users\PC\Documents\GitHub\BlockyOS\compile\cache\VGA.o
Stale source detected for C:\Users\PC\Documents\GitHub\BlockyOS\src\kernel\lib32\stdkernel\IO\IO.asm. source=2026-04-03T09:03:30.6773405Z, stored=none, delta=n/a sec
nasm -f elf32 C:\Users\PC\Documents\GitHub\BlockyOS\src\kernel\lib32\stdkernel\IO\IO.asm -o C:\Users\PC\Documents\GitHub\BlockyOS\Build\Build-2026-04-05-32\objs\asm.IO.o -d __DEBUG=
Assembled and cached object: C:\Users\PC\Documents\GitHub\BlockyOS\compile\cache\IO.o
Stale source detected for C:\Users\PC\Documents\GitHub\BlockyOS\src\kernel\lib32\stdkernel\Interrupt\Interrupt.asm. source=2026-04-03T09:03:30.6773405Z, stored=none, delta=n/a sec
nasm -f elf32 C:\Users\PC\Documents\GitHub\BlockyOS\src\kernel\lib32\stdkernel\Interrupt\Interrupt.asm -o C:\Users\PC\Documents\GitHub\BlockyOS\Build\Build-2026-04-05-32\objs\asm.Interrupt.o -d __DEBUG=
Assembled and cached object: C:\Users\PC\Documents\GitHub\BlockyOS\compile\cache\Interrupt.o
Stale source detected for C:\Users\PC\Documents\GitHub\BlockyOS\src\kernel\lib32\stdkernel\GDT\GDT.asm. source=2026-04-03T09:03:30.6773405Z, stored=none, delta=n/a sec
nasm -f elf32 C:\Users\PC\Documents\GitHub\BlockyOS\src\kernel\lib32\stdkernel\GDT\GDT.asm -o C:\Users\PC\Documents\GitHub\BlockyOS\Build\Build-2026-04-05-32\objs\asm.GDT.o -d __DEBUG=
Assembled and cached object: C:\Users\PC\Documents\GitHub\BlockyOS\compile\cache\GDT.o
Stale source detected for C:\Users\PC\Documents\GitHub\BlockyOS\src\kernel\lib32\stdkernel\Interrupt\InterruptRoutines.asm. source=2026-04-05T13:20:33.0575815Z, stored=none, delta=n/a sec
nasm -f elf32 C:\Users\PC\Documents\GitHub\BlockyOS\src\kernel\lib32\stdkernel\Interrupt\InterruptRoutines.asm -o C:\Users\PC\Documents\GitHub\BlockyOS\Build\Build-2026-04-05-32\objs\asm.InterruptRoutines.o -d __DEBUG=
Assembled and cached object: C:\Users\PC\Documents\GitHub\BlockyOS\compile\cache\InterruptRoutines.o
Stale source detected for C:\Users\PC\Documents\GitHub\BlockyOS\src\kernel\lib32\stdmem\32\stdmem32.asm. source=2026-04-03T09:03:30.6941653Z, stored=none, delta=n/a sec
nasm -f elf32 C:\Users\PC\Documents\GitHub\BlockyOS\src\kernel\lib32\stdmem\32\stdmem32.asm -o C:\Users\PC\Documents\GitHub\BlockyOS\Build\Build-2026-04-05-32\objs\asm.stdmem32.o -d __DEBUG=
Assembled and cached object: C:\Users\PC\Documents\GitHub\BlockyOS\compile\cache\stdmem32.o
Stale source detected for C:\Users\PC\Documents\GitHub\BlockyOS\src\kernel\lib32\stdmem\16\stdmem.asm. source=2026-04-03T09:03:30.6773405Z, stored=none, delta=n/a sec
nasm -f elf32 C:\Users\PC\Documents\GitHub\BlockyOS\src\kernel\lib32\stdmem\16\stdmem.asm -o C:\Users\PC\Documents\GitHub\BlockyOS\Build\Build-2026-04-05-32\objs\asm.stdmem.o -d __DEBUG=
Assembled and cached object: C:\Users\PC\Documents\GitHub\BlockyOS\compile\cache\stdmem.o
Stale source detected for C:\Users\PC\Documents\GitHub\BlockyOS\src\kernel\lib32\stdprogram\stdprogram.asm. source=2026-04-03T09:03:30.6941653Z, stored=none, delta=n/a sec
nasm -f elf32 C:\Users\PC\Documents\GitHub\BlockyOS\src\kernel\lib32\stdprogram\stdprogram.asm -o C:\Users\PC\Documents\GitHub\BlockyOS\Build\Build-2026-04-05-32\objs\asm.stdprogram.o -d __DEBUG=
Assembled and cached object: C:\Users\PC\Documents\GitHub\BlockyOS\compile\cache\stdprogram.o
Stale source detected for C:\Users\PC\Documents\GitHub\BlockyOS\src\Boot\Legacy\stage2\bootstart.asm. source=2026-04-03T09:03:30.6440840Z, stored=none, delta=n/a sec
nasm -f elf32 C:\Users\PC\Documents\GitHub\BlockyOS\src\Boot\Legacy\stage2\bootstart.asm -o C:\Users\PC\Documents\GitHub\BlockyOS\Build\Build-2026-04-05-32\objs\asm.bootstart.o -d __DEBUG=
Assembled and cached object: C:\Users\PC\Documents\GitHub\BlockyOS\compile\cache\bootstart.o
gcc -l gcc -o C:\Users\PC\Documents\GitHub\BlockyOS\Build\Build-2026-04-05-32\objs\boot2.bin -Wl,--strip-all -nostdlib -Wl,-T,C:\Users\PC\Documents\GitHub\BlockyOS\src\Boot\Legacy\stage2\boot.ld -Wl,-Map,C:\Users\PC\Documents\GitHub\BlockyOS\Build\Build-2026-04-05-32\boot2map.log C:\Users\PC\Documents\GitHub\BlockyOS\Build\Build-2026-04-05-32\objs\c.math.o C:\Users\PC\Documents\GitHub\BlockyOS\Build\Build-2026-04-05-32\objs\c._int.o C:\Users\PC\Documents\GitHub\BlockyOS\Build\Build-2026-04-05-32\objs\c.string.o C:\Users\PC\Documents\GitHub\BlockyOS\Build\Build-2026-04-05-32\objs\c.memory.o C:\Users\PC\Documents\GitHub\BlockyOS\Build\Build-2026-04-05-32\objs\asm.stdgraphics.o C:\Users\PC\Documents\GitHub\BlockyOS\Build\Build-2026-04-05-32\objs\c.letter.o C:\Users\PC\Documents\GitHub\BlockyOS\Build\Build-2026-04-05-32\objs\c.stdgraphics.o C:\Users\PC\Documents\GitHub\BlockyOS\Build\Build-2026-04-05-32\objs\c.stdgraphics.letter.o C:\Users\PC\Documents\GitHub\BlockyOS\Build\Build-2026-04-05-32\objs\c.stdio.o C:\Users\PC\Documents\GitHub\BlockyOS\Build\Build-2026-04-05-32\objs\asm.stdout.o C:\Users\PC\Documents\GitHub\BlockyOS\Build\Build-2026-04-05-32\objs\asm.VGA.o C:\Users\PC\Documents\GitHub\BlockyOS\Build\Build-2026-04-05-32\objs\asm.IO.o C:\Users\PC\Documents\GitHub\BlockyOS\Build\Build-2026-04-05-32\objs\c.interrupt.o C:\Users\PC\Documents\GitHub\BlockyOS\Build\Build-2026-04-05-32\objs\c.stdkernel.o C:\Users\PC\Documents\GitHub\BlockyOS\Build\Build-2026-04-05-32\objs\c.InterruptRoutines.o C:\Users\PC\Documents\GitHub\BlockyOS\Build\Build-2026-04-05-32\objs\c.IRQ.o C:\Users\PC\Documents\GitHub\BlockyOS\Build\Build-2026-04-05-32\objs\asm.Interrupt.o C:\Users\PC\Documents\GitHub\BlockyOS\Build\Build-2026-04-05-32\objs\asm.GDT.o C:\Users\PC\Documents\GitHub\BlockyOS\Build\Build-2026-04-05-32\objs\asm.InterruptRoutines.o C:\Users\PC\Documents\GitHub\BlockyOS\Build\Build-2026-04-05-32\objs\asm.stdmem32.o C:\Users\PC\Documents\GitHub\BlockyOS\Build\Build-2026-04-05-32\objs\c.Paging.o C:\Users\PC\Documents\GitHub\BlockyOS\Build\Build-2026-04-05-32\objs\asm.stdmem.o C:\Users\PC\Documents\GitHub\BlockyOS\Build\Build-2026-04-05-32\objs\c.stdmem.o C:\Users\PC\Documents\GitHub\BlockyOS\Build\Build-2026-04-05-32\objs\c.stdprogram.o C:\Users\PC\Documents\GitHub\BlockyOS\Build\Build-2026-04-05-32\objs\asm.stdprogram.o C:\Users\PC\Documents\GitHub\BlockyOS\Build\Build-2026-04-05-32\objs\c.CRC32.o C:\Users\PC\Documents\GitHub\BlockyOS\Build\Build-2026-04-05-32\objs\asm.bootstart.o C:\Users\PC\Documents\GitHub\BlockyOS\Build\Build-2026-04-05-32\objs\c.boot32.o

Linked: C:\Users\PC\Documents\GitHub\BlockyOS\Build\Build-2026-04-05-32\objs\boot2.bin
