Initializing CGCC.MAKE build process...
Skipping C:\GitHub\BlockyOS\src\kernel\libcrt\math\float.asm - up to date; source=2026-10-06T20:05:13.6990796Z, stored=10/06/2026 20:05:13
Skipping C:\GitHub\BlockyOS\src\kernel\libcrt\hardware\RNG\RNG.asm - up to date; source=2026-10-06T20:05:04.2555709Z, stored=10/06/2026 20:05:04
Skipping C:\GitHub\BlockyOS\src\kernel\libcrt\hardware\RNG\RNG.c - up to date; source=2026-09-01T19:51:35.2375749Z, stored=09/01/2026 19:51:35
Skipping C:\GitHub\BlockyOS\src\kernel\libcrt\hardware\GDT\GDT.asm - up to date; source=2026-10-06T20:04:43.2288515Z, stored=10/06/2026 20:04:43
Skipping C:\GitHub\BlockyOS\src\kernel\libcrt\hardware\GDT\GDT.c - up to date; source=2026-09-11T22:37:41.5774709Z, stored=09/11/2026 22:37:41
Skipping C:\GitHub\BlockyOS\src\kernel\libcrt\hardware\paging\paging.asm - up to date; source=2026-10-06T20:04:58.9648355Z, stored=10/06/2026 20:04:58
Skipping C:\GitHub\BlockyOS\src\kernel\libcrt\hardware\paging\paging.c - up to date; source=2026-09-12T00:53:16.5644267Z, stored=09/12/2026 00:53:16
Skipping C:\GitHub\BlockyOS\src\kernel\libcrt\hardware\SSE\SSE.asm - up to date; source=2026-10-06T20:05:07.3167204Z, stored=10/06/2026 20:05:07
Skipping C:\GitHub\BlockyOS\src\kernel\libcrt\hardware\SSE\SSE.c - up to date; source=2026-10-05T00:10:57.6704686Z, stored=10/05/2026 00:10:57
Skipping C:\GitHub\BlockyOS\src\kernel\libcrt\memory\memory.c - up to date; source=2026-09-12T12:18:27.5618136Z, stored=09/12/2026 12:18:27
Skipping C:\GitHub\BlockyOS\src\kernel\libcrt\memory\string.c - up to date; source=2026-08-31T17:22:17.0368394Z, stored=08/31/2026 17:22:17
Skipping C:\GitHub\BlockyOS\src\kernel\libcrt\hardware\paging\palloc.c - up to date; source=2026-09-12T00:53:16.6014301Z, stored=09/12/2026 00:53:16
Skipping C:\GitHub\BlockyOS\src\kernel\libcrt\memory\allocator\palloc.c - up to date; source=2026-09-02T18:08:03.4509785Z, stored=09/02/2026 18:08:03
Skipping C:\GitHub\BlockyOS\src\kernel\libcrt\memory\allocator\mmalloc.c - up to date; source=2026-09-12T00:53:16.5424280Z, stored=09/12/2026 00:53:16
Skipping C:\GitHub\BlockyOS\src\kernel\libcrt\math\math.c - up to date; source=2026-09-12T00:53:16.5524318Z, stored=09/12/2026 00:53:16
Skipping C:\GitHub\BlockyOS\src\kernel\libcrt\hardware\IO\IO.asm - up to date; source=2026-10-06T20:04:55.5365237Z, stored=10/06/2026 20:04:55
Skipping C:\GitHub\BlockyOS\src\kernel\libcrt\hardware\IDT\IDT.asm - up to date; source=2026-10-06T20:04:47.0819886Z, stored=10/06/2026 20:04:47
Skipping C:\GitHub\BlockyOS\src\kernel\libcrt\hardware\IDT\ISR.asm - up to date; source=2026-10-06T20:04:51.7829294Z, stored=10/06/2026 20:04:51
Skipping C:\GitHub\BlockyOS\src\kernel\libcrt\hardware\IDT\ISR.c - up to date; source=2026-09-16T16:23:35.2749957Z, stored=09/16/2026 16:23:35
Skipping C:\GitHub\BlockyOS\src\kernel\libcrt\hardware\ACPI\ACPI.c - up to date; source=2026-09-12T00:53:16.5374256Z, stored=09/12/2026 00:53:16
Skipping C:\GitHub\BlockyOS\src\kernel\libcrt\hardware\IDT\APIC\APIC.c - up to date; source=2026-08-31T17:22:17.1088393Z, stored=08/31/2026 17:22:17
Skipping C:\GitHub\BlockyOS\src\kernel\libcrt\hardware\IDT\APIC\IOAPIC.c - up to date; source=2026-08-31T23:06:36.2138524Z, stored=08/31/2026 23:06:36
Skipping C:\GitHub\BlockyOS\src\kernel\libcrt\hardware\IDT\APIC\LocalAPIC.c - up to date; source=2026-09-12T01:02:17.6296601Z, stored=09/12/2026 01:02:17
Skipping C:\GitHub\BlockyOS\src\kernel\libcrt\hardware\IDT\APIC\LocalAPICTimer.c - up to date; source=2026-09-12T00:53:16.5524318Z, stored=09/12/2026 00:53:16
Skipping C:\GitHub\BlockyOS\src\kernel\libcrt\hardware\hardware.c - up to date; source=2026-09-01T16:46:09.0571163Z, stored=09/01/2026 16:46:09
Skipping C:\GitHub\BlockyOS\src\kernel\libcrt\BLAKE2\blake2b-ref.c - up to date; source=2026-08-31T20:05:16.6578387Z, stored=08/31/2026 20:05:16
Skipping C:\GitHub\BlockyOS\src\kernel\libcrt\BLAKE2\blake2bp-ref.c - up to date; source=2026-08-31T20:05:20.6816175Z, stored=08/31/2026 20:05:20
Skipping C:\GitHub\BlockyOS\src\kernel\libcrt\BLAKE2\blake2s-ref.c - up to date; source=2026-08-31T20:05:24.7027041Z, stored=08/31/2026 20:05:24
Skipping C:\GitHub\BlockyOS\src\kernel\libcrt\BLAKE2\blake2sp-ref.c - up to date; source=2026-08-31T20:05:27.6610089Z, stored=08/31/2026 20:05:27
Skipping C:\GitHub\BlockyOS\src\kernel\libcrt\BLAKE2\blake2xb-ref.c - up to date; source=2026-09-01T14:03:25.3444410Z, stored=09/01/2026 14:03:25
Skipping C:\GitHub\BlockyOS\src\kernel\libcrt\BLAKE2\blake2xs-ref.c - up to date; source=2026-08-31T17:22:17.0728377Z, stored=08/31/2026 17:22:17
Skipping C:\GitHub\BlockyOS\src\kernel\libcrt\hardware\PCIe\PCIe.c - up to date; source=2026-09-12T00:53:16.5524318Z, stored=09/12/2026 00:53:16
Skipping C:\GitHub\BlockyOS\src\kernel\libcrt\hardware\SSE\UTILS.asm - up to date; source=2026-10-06T20:05:11.0211917Z, stored=10/06/2026 20:05:11
Skipping C:\GitHub\BlockyOS\src\kernel\libcrt\alibcrt.def - up to date; source=2026-10-05T21:27:16.9428144Z, stored=10/05/2026 21:27:16
gcc compile/cache/elf.asm.float.o compile/cache/elf.asm.RNG.o compile/cache/elf.c.RNG.o compile/cache/elf.asm.GDT.o compile/cache/elf.c.GDT.o compile/cache/elf.asm.paging.o compile/cache/elf.c.paging.o compile/cache/elf.asm.SSE.o compile/cache/elf.c.SSE.o compile/cache/elf.c.memory.o compile/cache/elf.c.string.o compile/cache/elf.c.palloc.o compile/cache/c.palloc(1).o compile/cache/elf.c.mmalloc.o compile/cache/elf.c.math.o compile/cache/elf.asm.IO.o compile/cache/elf.asm.IDT.o compile/cache/elf.asm.ISR.o compile/cache/elf.c.ISR.o compile/cache/elf.c.ACPI.o compile/cache/elf.c.APIC.o compile/cache/elf.c.IOAPIC.o compile/cache/elf.c.LocalAPIC.o compile/cache/elf.c.LocalAPICTimer.o compile/cache/elf.c.hardware.o compile/cache/elf.c.blake2b-ref.o compile/cache/elf.c.blake2bp-ref.o compile/cache/elf.c.blake2s-ref.o compile/cache/elf.c.blake2sp-ref.o compile/cache/elf.c.blake2xb-ref.o compile/cache/elf.c.blake2xs-ref.o compile/cache/elf.c.PCIe.o compile/cache/elf.asm.UTILS.o src/kernel/libcrt/alibcrt.def -Wl,-nostdlib -Wl,--image-base,0x0 -Wl,--section-alignment,4096 -Wl,--file-alignment,4096 -Wl,-shared -Wl,-Bsymbolic -Wl,-flinker-output=dyn -Wl,--out-implib,C:/GitHub/BlockyOS/Build/Build-nodate/root-part/LibCrt.dll.a -Wl,-Map,C:\GitHub\BlockyOS\Build\Build-nodate\alibcrt.map -fdiagnostics-color=always -fno-diagnostics-show-highlight-colors -nostartfiles -nodefaultlibs -fno-asynchronous-unwind-tables -fno-unwind-tables -o C:/GitHub/BlockyOS/Build/Build-nodate/root-part/LibCrt.dll
Build finished successfully -> C:/GitHub/BlockyOS/Build/Build-nodate/root-part/LibCrt.dll


[SHELL]	FSFRAT.MAKE
[SHELL]	FSFRAT.MOUNT
[SHELL]	e.disk -pp C:/GitHub/BlockyOS/Build/Build-nodate/disk.img -pt ROOT -bs 2048 -lb 32 -v 1:0
[SHELL OUT]:	
[SHELL OUT]:	FSFRAT DRIVER
[SHELL OUT]:	>> 
[SHELL OUT]:	[C:\GitHub\BlockyOS\tools\filesystem\frat.c:196]  >>  Mounting FS Root: [C:/GitHub/BlockyOS/Build/Build-nodate/disk.img]
[SHELL OUT]:	Verifying Disk GPT
[SHELL OUT]:	[Parent:00007ff7eaedd8ff] >>  C:/GitHub/BlockyOS/Build/Build-nodate/disk.img  Base: 0    ConfBlockSize: 512    Starting Disk Env ID: 
[SHELL OUT]:	Reading Bytes
[SHELL OUT]:	[Parent:00007ff7eaedd91a] >> Reading [92 bytes(s)->1 block(s)] from LBA[1(512)-2(1024)]
[SHELL OUT]:	GPT Dump:
[SHELL OUT]:	    Sig: "EFI PART"
[SHELL OUT]:	    Rev: 65536
[SHELL OUT]:	    Header-Size: 92
[SHELL OUT]:	    Header Checksum: 4220209413
[SHELL OUT]:	    localLBA: 1
[SHELL OUT]:	    altLBA: 2230273
[SHELL OUT]:	    firstUsable: 2048
[SHELL OUT]:	    lastUsable: 2230271
[SHELL OUT]:	    Disk-GUID: 
[SHELL OUT]:	    Partition-Table: 2
[SHELL OUT]:	    # of Partition-Entries: 2
[SHELL OUT]:	    Partition-Entry Size: 128
[SHELL OUT]:	    Partition-Table Checksum: 896708427
[SHELL OUT]:	Closing Disk Interface >> {C:/GitHub/BlockyOS/Build/Build-nodate/disk.img}
[SHELL OUT]:	GPT Exists? true
[SHELL OUT]:	[Parent:00007ff7eaedeed9] >>  C:/GitHub/BlockyOS/Build/Build-nodate/disk.img  Base: 0    ConfBlockSize: 512    Starting Disk Env ID: 
[SHELL OUT]:	Reading Bytes
[SHELL OUT]:	[Parent:00007ff7eaedeefa] >> Reading [92 bytes(s)->1 block(s)] from LBA[1(512)-2(1024)]
[SHELL OUT]:	[C:\GitHub\BlockyOS\tools\filesystem\frat.c:137]  >>  Querying Part Table
[SHELL OUT]:	Reading Bytes
[SHELL OUT]:	[Parent:00007ff7eaede73d] >> Reading [256 bytes(s)->1 block(s)] from LBA[2(1024)-3(1536)]
[SHELL OUT]:	[C:\GitHub\BlockyOS\tools\filesystem\frat.c:145]  >>  GPT-Entry: BOOT{2048:133119 -> 131071}
[SHELL OUT]:	[C:\GitHub\BlockyOS\tools\filesystem\frat.c:159]  >>  Querying FS at 2048
[SHELL OUT]:	Reading Bytes
[SHELL OUT]:	[Parent:00007ff7eaedebe1] >> Reading [60 bytes(s)->1 block(s)] from LBA[2048(1048576)-2049(1049088)]
[SHELL OUT]:	FS-Root Blob:
[SHELL OUT]:	    Version: [0:131072]
[SHELL OUT]:	    Sig: 
[SHELL OUT]:	    Configured Log Sectors: 2
[SHELL OUT]:	    Configured Block Size: 0
[SHELL OUT]:	    Configured Cluster-Map Size: 16711743
[SHELL OUT]:	[C:\GitHub\BlockyOS\tools\filesystem\frat.c:145]  >>  GPT-Entry: ROOT{133120:2230271 -> 2097151}
[SHELL OUT]:	[C:\GitHub\BlockyOS\tools\filesystem\frat.c:159]  >>  Querying FS at 133120
[SHELL OUT]:	Reading Bytes
[SHELL OUT]:	[Parent:00007ff7eaedebe1] >> Reading [60 bytes(s)->1 block(s)] from LBA[133120(68157440)-133121(68157952)]
[SHELL OUT]:	FS-Root Blob:
[SHELL OUT]:	    Version: [0:1]
[SHELL OUT]:	    Sig: FRAT_FILESYSTEM
[SHELL OUT]:	    Configured Log Sectors: 32
[SHELL OUT]:	    Configured Block Size: 2048
[SHELL OUT]:	    Configured Cluster-Map Size: 20480
[SHELL OUT]:	[C:\GitHub\BlockyOS\tools\filesystem\frat.c:184]  >>  FS Found at [133120]:
[SHELL OUT]:		Version-Code: [0:1]
[SHELL OUT]:		Configured Block-Size: 2048
[SHELL OUT]:		Configured Cluster-Size: 20480
[SHELL OUT]:		Configured # of Log-Sectors: 32
[SHELL OUT]:		Configured Log-Size: 576
[SHELL OUT]:	[C:\GitHub\BlockyOS\tools\filesystem\frat.c:210]  >>  Found Formatted Partition: 133120:2230271 -> 2097151
[SHELL OUT]:	Reading Bytes
[SHELL OUT]:	[Parent:00007ff7eaedf05b] >> Reading [60 bytes(s)->1 block(s)] from LBA[133120(68157440)-133121(68157952)]
[SHELL OUT]:	[C:\GitHub\BlockyOS\tools\filesystem\frat.c:223]  >>  Root: 133120:2230271 -> 2097151 LBAs
[SHELL OUT]:		Version-Code: [0:1]
[SHELL OUT]:		Configured Block-Size: 2048
[SHELL OUT]:		Configured Cluster-Size: 20480
[SHELL OUT]:		Configured # of Log-Sectors: 32
[SHELL OUT]:		Configured Log-Size: 576
[SHELL OUT]:	Reading Bytes
[SHELL OUT]:	[Parent:00007ff7eaedf2a8] >> Reading [65536 bytes(s)->128 block(s)] from LBA[133121(68159488)-133249(68421632)]
[SHELL OUT]:	Reading Bytes
[SHELL OUT]:	[Parent:00007ff7eaedf354] >> Reading [20480 bytes(s)->40 block(s)] from LBA[202752(210763776)-202792(210845696)]
[SHELL OUT]:	    Verifying FS Root Items #items: 1024
[SHELL OUT]:	Reading Bytes
[SHELL OUT]:	[Parent:00007ff7eaedf5c7] >> Reading [512 bytes(s)->4 block(s)] from LBA[225280(256901120)-225284(256909312)]
[SHELL OUT]:	Reading Bytes
[SHELL OUT]:	[Parent:00007ff7eaedf5c7] >> Reading [512 bytes(s)->4 block(s)] from LBA[225281(256903168)-225285(256911360)]
[SHELL OUT]:	Reading Bytes
[SHELL OUT]:	[Parent:00007ff7eaedf5c7] >> Reading [512 bytes(s)->4 block(s)] from LBA[225404(257155072)-225408(257163264)]
[SHELL OUT]:	Reading Bytes
[SHELL OUT]:	[Parent:00007ff7eaedf5c7] >> Reading [512 bytes(s)->4 block(s)] from LBA[225439(257226752)-225443(257234944)]
[SHELL OUT]:	Reading Bytes
[SHELL OUT]:	[Parent:00007ff7eaedf5c7] >> Reading [512 bytes(s)->4 block(s)] from LBA[225457(257263616)-225461(257271808)]
[SHELL OUT]:	Reading Bytes
[SHELL OUT]:	[Parent:00007ff7eaedf5c7] >> Reading [512 bytes(s)->4 block(s)] from LBA[225484(257318912)-225488(257327104)]
[SHELL OUT]:	Closing Disk Interface >> {C:/GitHub/BlockyOS/Build/Build-nodate/disk.img}
[SHELL OUT]:	[Parent:00007ff7eaee1825] >>  C:/GitHub/BlockyOS/Build/Build-nodate/disk.img  Base: 133120    ConfBlockSize: 2048    Starting Disk Env ID: 
[SHELL OUT]:	Writing Bytes
[SHELL OUT]:	[Parent:00007ff7eaee184e] >> Writing [60 bytes(s)->4 block(s)] to LBA[133120(68157440)-133124(68165632)]
[SHELL OUT]:	Writing Bytes
[SHELL OUT]:	[Parent:00007ff7eaee1896] >> Writing [20480 bytes(s)->40 block(s)] to LBA[202752(210763776)-202792(210845696)]
[SHELL OUT]:	Closing Disk Interface >> {C:/GitHub/BlockyOS/Build/Build-nodate/disk.img}
[SHELL OUT]:	[0]: ""
[SHELL]	create -la fc -p SYSD/ -n LibCrt.dll
[SHELL OUT]:	
[SHELL OUT]:	>> 
[SHELL OUT]:	>> 
[SHELL OUT]:	000001dd498874cb:fc	000001dd498874d1:SYSD/	000001dd498874da:LibCrt.dll	
[SHELL OUT]:	[	SYSD/LibCrt.dll]
[SHELL OUT]:	Mounting File [SYSD/LibCrt.dll] with "fc"
[SHELL OUT]:	Creating File at: ./SYSD/LibCrt.dll
[SHELL OUT]:	Hash: [6307196192980050150:256073431676645]
[SHELL OUT]:	Hash: [6307196192980050150:256073431676645]
[SHELL OUT]:	Un-Mounting File [6307196192980050150:256073431676645]
[SHELL OUT]:	[Parent:00007ff7eaee1825] >>  C:/GitHub/BlockyOS/Build/Build-nodate/disk.img  Base: 133120    ConfBlockSize: 2048    Starting Disk Env ID: 
[SHELL OUT]:	Writing Bytes
[SHELL OUT]:	[Parent:00007ff7eaee184e] >> Writing [60 bytes(s)->4 block(s)] to LBA[133120(68157440)-133124(68165632)]
[SHELL OUT]:	Writing Bytes
[SHELL OUT]:	[Parent:00007ff7eaee1896] >> Writing [20480 bytes(s)->40 block(s)] to LBA[202752(210763776)-202792(210845696)]
[SHELL OUT]:	Closing Disk Interface >> {C:/GitHub/BlockyOS/Build/Build-nodate/disk.img}
[SHELL OUT]:	[0]: ""
[SHELL]	FSFRAT.OPEN
[SHELL]	open -p SYSD/LibCrt.dll -a LCRT -la f
[SHELL OUT]:	
[SHELL OUT]:	>> 
[SHELL OUT]:	>> 
[SHELL OUT]:	Mounting File [SYSD/LibCrt.dll] with "f"
[SHELL OUT]:	Hash: [6307196192980050150:256073431676645]
[SHELL OUT]:	[0]: ""
[SHELL]	FSFRAT.WRITE
[SHELL]	fwrite -pp C:/GitHub/BlockyOS/Build/Build-nodate/root-part/LibCrt.dll -ia %LCRT% -p 0 -n 0
[SHELL OUT]:	
[SHELL OUT]:	>> 
[SHELL OUT]:	>> 
[SHELL OUT]:	[Parent:00007ff7eaee1e11] >>  C:/GitHub/BlockyOS/Build/Build-nodate/disk.img  Base: 133120    ConfBlockSize: 2048    Starting Disk Env ID: 
[SHELL OUT]:	[Parent:00007ff7eaee1d4e] >>  C:/GitHub/BlockyOS/Build/Build-nodate/disk.img  Base: 133120    ConfBlockSize: 2048    Starting Disk Env ID: 
[SHELL OUT]:	Reading File Info
[SHELL OUT]:	Reading Bytes
[SHELL OUT]:	[Parent:00007ff7eaee1dbd] >> Reading [512 bytes(s)->4 block(s)] from LBA[225280(256901120)-225284(256909312)]
[SHELL OUT]:	Closing Disk Interface >> {C:/GitHub/BlockyOS/Build/Build-nodate/disk.img}
[SHELL OUT]:	Writing Bytes
[SHELL OUT]:	[Parent:00007ff7eaee1f0b] >> Writing [512 bytes(s)->4 block(s)] to LBA[225280(256901120)-225284(256909312)]
[SHELL OUT]:	Closing Disk Interface >> {C:/GitHub/BlockyOS/Build/Build-nodate/disk.img}
[SHELL OUT]:	Root is 000001dd49887380
[SHELL OUT]:	Writing File Block at 225283, Item: 1.	Root: [6307196192980050150:256073431676645]
[SHELL OUT]:	[Parent:00007ff7eaee1456] >>  C:/GitHub/BlockyOS/Build/Build-nodate/disk.img  Base: 133120    ConfBlockSize: 2048    Starting Disk Env ID: 
[SHELL OUT]:	Writing Bytes
[SHELL OUT]:	[Parent:00007ff7eaee1482] >> Writing [2048 bytes(s)->4 block(s)] to LBA[225283(256907264)-225287(256915456)]
[SHELL OUT]:	Closing Disk Interface >> {C:/GitHub/BlockyOS/Build/Build-nodate/disk.img}
[SHELL OUT]:	Writing File Block at 225284, Item: 2.	Root: [6307196192980050150:256073431676645]
[SHELL OUT]:	[Parent:00007ff7eaee1456] >>  C:/GitHub/BlockyOS/Build/Build-nodate/disk.img  Base: 133120    ConfBlockSize: 2048    Starting Disk Env ID: 
[SHELL OUT]:	Writing Bytes
[SHELL OUT]:	[Parent:00007ff7eaee1482] >> Writing [2048 bytes(s)->4 block(s)] to LBA[225284(256909312)-225288(256917504)]
[SHELL OUT]:	Closing Disk Interface >> {C:/GitHub/BlockyOS/Build/Build-nodate/disk.img}
[SHELL OUT]:	Writing File Block at 225285, Item: 3.	Root: [6307196192980050150:256073431676645]
[SHELL OUT]:	[Parent:00007ff7eaee1456] >>  C:/GitHub/BlockyOS/Build/Build-nodate/disk.img  Base: 133120    ConfBlockSize: 2048    Starting Disk Env ID: 
[SHELL OUT]:	Writing Bytes
[SHELL OUT]:	[Parent:00007ff7eaee1482] >> Writing [2048 bytes(s)->4 block(s)] to LBA[225285(256911360)-225289(256919552)]
[SHELL OUT]:	Closing Disk Interface >> {C:/GitHub/BlockyOS/Build/Build-nodate/disk.img}
[SHELL OUT]:	Writing File Block at 225286, Item: 4.	Root: [6307196192980050150:256073431676645]
[SHELL OUT]:	[Parent:00007ff7eaee1456] >>  C:/GitHub/BlockyOS/Build/Build-nodate/disk.img  Base: 133120    ConfBlockSize: 2048    Starting Disk Env ID: 
[SHELL OUT]:	Writing Bytes
[SHELL OUT]:	[Parent:00007ff7eaee1482] >> Writing [2048 bytes(s)->4 block(s)] to LBA[225286(256913408)-225290(256921600)]
[SHELL OUT]:	Closing Disk Interface >> {C:/GitHub/BlockyOS/Build/Build-nodate/disk.img}
[SHELL OUT]:	Writing File Block at 225287, Item: 5.	Root: [6307196192980050150:256073431676645]
[SHELL OUT]:	[Parent:00007ff7eaee1456] >>  C:/GitHub/BlockyOS/Build/Build-nodate/disk.img  Base: 133120    ConfBlockSize: 2048    Starting Disk Env ID: 
[SHELL OUT]:	Writing Bytes
[SHELL OUT]:	[Parent:00007ff7eaee1482] >> Writing [2048 bytes(s)->4 block(s)] to LBA[225287(256915456)-225291(256923648)]
[SHELL OUT]:	Closing Disk Interface >> {C:/GitHub/BlockyOS/Build/Build-nodate/disk.img}
[SHELL OUT]:	Writing File Block at 225288, Item: 6.	Root: [6307196192980050150:256073431676645]
[SHELL OUT]:	[Parent:00007ff7eaee1456] >>  C:/GitHub/BlockyOS/Build/Build-nodate/disk.img  Base: 133120    ConfBlockSize: 2048    Starting Disk Env ID: 
[SHELL OUT]:	Writing Bytes
[SHELL OUT]:	[Parent:00007ff7eaee1482] >> Writing [2048 bytes(s)->4 block(s)] to LBA[225288(256917504)-225292(256925696)]
[SHELL OUT]:	Closing Disk Interface >> {C:/GitHub/BlockyOS/Build/Build-nodate/disk.img}
[SHELL OUT]:	Writing File Block at 225289, Item: 7.	Root: [6307196192980050150:256073431676645]
[SHELL OUT]:	[Parent:00007ff7eaee1456] >>  C:/GitHub/BlockyOS/Build/Build-nodate/disk.img  Base: 133120    ConfBlockSize: 2048    Starting Disk Env ID: 
[SHELL OUT]:	Writing Bytes
[SHELL OUT]:	[Parent:00007ff7eaee1482] >> Writing [2048 bytes(s)->4 block(s)] to LBA[225289(256919552)-225293(256927744)]
[SHELL OUT]:	Closing Disk Interface >> {C:/GitHub/BlockyOS/Build/Build-nodate/disk.img}
[SHELL OUT]:	Writing File Block at 225290, Item: 8.	Root: [6307196192980050150:256073431676645]
[SHELL OUT]:	[Parent:00007ff7eaee1456] >>  C:/GitHub/BlockyOS/Build/Build-nodate/disk.img  Base: 133120    ConfBlockSize: 2048    Starting Disk Env ID: 
[SHELL OUT]:	Writing Bytes
[SHELL OUT]:	[Parent:00007ff7eaee1482] >> Writing [2048 bytes(s)->4 block(s)] to LBA[225290(256921600)-225294(256929792)]
[SHELL OUT]:	Closing Disk Interface >> {C:/GitHub/BlockyOS/Build/Build-nodate/disk.img}
[SHELL OUT]:	Writing File Block at 225291, Item: 9.	Root: [6307196192980050150:256073431676645]
[SHELL OUT]:	[Parent:00007ff7eaee1456] >>  C:/GitHub/BlockyOS/Build/Build-nodate/disk.img  Base: 133120    ConfBlockSize: 2048    Starting Disk Env ID: 
[SHELL OUT]:	Writing Bytes
[SHELL OUT]:	[Parent:00007ff7eaee1482] >> Writing [2048 bytes(s)->4 block(s)] to LBA[225291(256923648)-225295(256931840)]
[SHELL OUT]:	Closing Disk Interface >> {C:/GitHub/BlockyOS/Build/Build-nodate/disk.img}
[SHELL OUT]:	Writing File Block at 225292, Item: 10.	Root: [6307196192980050150:256073431676645]
[SHELL OUT]:	[Parent:00007ff7eaee1456] >>  C:/GitHub/BlockyOS/Build/Build-nodate/disk.img  Base: 133120    ConfBlockSize: 2048    Starting Disk Env ID: 
[SHELL OUT]:	Writing Bytes
[SHELL OUT]:	[Parent:00007ff7eaee1482] >> Writing [2048 bytes(s)->4 block(s)] to LBA[225292(256925696)-225296(256933888)]
[SHELL OUT]:	Closing Disk Interface >> {C:/GitHub/BlockyOS/Build/Build-nodate/disk.img}
[SHELL OUT]:	Writing File Block at 225293, Item: 11.	Root: [6307196192980050150:256073431676645]
[SHELL OUT]:	[Parent:00007ff7eaee1456] >>  C:/GitHub/BlockyOS/Build/Build-nodate/disk.img  Base: 133120    ConfBlockSize: 2048    Starting Disk Env ID: 
[SHELL OUT]:	Writing Bytes
[SHELL OUT]:	[Parent:00007ff7eaee1482] >> Writing [2048 bytes(s)->4 block(s)] to LBA[225293(256927744)-225297(256935936)]
[SHELL OUT]:	Closing Disk Interface >> {C:/GitHub/BlockyOS/Build/Build-nodate/disk.img}
[SHELL OUT]:	Writing File Block at 225294, Item: 12.	Root: [6307196192980050150:256073431676645]
[SHELL OUT]:	[Parent:00007ff7eaee1456] >>  C:/GitHub/BlockyOS/Build/Build-nodate/disk.img  Base: 133120    ConfBlockSize: 2048    Starting Disk Env ID: 
[SHELL OUT]:	Writing Bytes
[SHELL OUT]:	[Parent:00007ff7eaee1482] >> Writing [2048 bytes(s)->4 block(s)] to LBA[225294(256929792)-225298(256937984)]
[SHELL OUT]:	Closing Disk Interface >> {C:/GitHub/BlockyOS/Build/Build-nodate/disk.img}
[SHELL OUT]:	Writing File Block at 225295, Item: 13.	Root: [6307196192980050150:256073431676645]
[SHELL OUT]:	[Parent:00007ff7eaee1456] >>  C:/GitHub/BlockyOS/Build/Build-nodate/disk.img  Base: 133120    ConfBlockSize: 2048    Starting Disk Env ID: 
[SHELL OUT]:	Writing Bytes
[SHELL OUT]:	[Parent:00007ff7eaee1482] >> Writing [2048 bytes(s)->4 block(s)] to LBA[225295(256931840)-225299(256940032)]
[SHELL OUT]:	Closing Disk Interface >> {C:/GitHub/BlockyOS/Build/Build-nodate/disk.img}
[SHELL OUT]:	Writing File Block at 225296, Item: 14.	Root: [6307196192980050150:256073431676645]
[SHELL OUT]:	[Parent:00007ff7eaee1456] >>  C:/GitHub/BlockyOS/Build/Build-nodate/disk.img  Base: 133120    ConfBlockSize: 2048    Starting Disk Env ID: 
[SHELL OUT]:	Writing Bytes
[SHELL OUT]:	[Parent:00007ff7eaee1482] >> Writing [2048 bytes(s)->4 block(s)] to LBA[225296(256933888)-225300(256942080)]
[SHELL OUT]:	Closing Disk Interface >> {C:/GitHub/BlockyOS/Build/Build-nodate/disk.img}
[SHELL OUT]:	Writing File Block at 225297, Item: 15.	Root: [6307196192980050150:256073431676645]
[SHELL OUT]:	[Parent:00007ff7eaee1456] >>  C:/GitHub/BlockyOS/Build/Build-nodate/disk.img  Base: 133120    ConfBlockSize: 2048    Starting Disk Env ID: 
[SHELL OUT]:	Writing Bytes
[SHELL OUT]:	[Parent:00007ff7eaee1482] >> Writing [2048 bytes(s)->4 block(s)] to LBA[225297(256935936)-225301(256944128)]
[SHELL OUT]:	Closing Disk Interface >> {C:/GitHub/BlockyOS/Build/Build-nodate/disk.img}
[SHELL OUT]:	Writing File Block at 225298, Item: 16.	Root: [6307196192980050150:256073431676645]
[SHELL OUT]:	[Parent:00007ff7eaee1456] >>  C:/GitHub/BlockyOS/Build/Build-nodate/disk.img  Base: 133120    ConfBlockSize: 2048    Starting Disk Env ID: 
[SHELL OUT]:	Writing Bytes
[SHELL OUT]:	[Parent:00007ff7eaee1482] >> Writing [2048 bytes(s)->4 block(s)] to LBA[225298(256937984)-225302(256946176)]
[SHELL OUT]:	Closing Disk Interface >> {C:/GitHub/BlockyOS/Build/Build-nodate/disk.img}
[SHELL OUT]:	Writing File Block at 225299, Item: 17.	Root: [6307196192980050150:256073431676645]
[SHELL OUT]:	[Parent:00007ff7eaee1456] >>  C:/GitHub/BlockyOS/Build/Build-nodate/disk.img  Base: 133120    ConfBlockSize: 2048    Starting Disk Env ID: 
[SHELL OUT]:	Writing Bytes
[SHELL OUT]:	[Parent:00007ff7eaee1482] >> Writing [2048 bytes(s)->4 block(s)] to LBA[225299(256940032)-225303(256948224)]
[SHELL OUT]:	Closing Disk Interface >> {C:/GitHub/BlockyOS/Build/Build-nodate/disk.img}
[SHELL OUT]:	Writing File Block at 225300, Item: 18.	Root: [6307196192980050150:256073431676645]
[SHELL OUT]:	[Parent:00007ff7eaee1456] >>  C:/GitHub/BlockyOS/Build/Build-nodate/disk.img  Base: 133120    ConfBlockSize: 2048    Starting Disk Env ID: 
[SHELL OUT]:	Writing Bytes
[SHELL OUT]:	[Parent:00007ff7eaee1482] >> Writing [2048 bytes(s)->4 block(s)] to LBA[225300(256942080)-225304(256950272)]
[SHELL OUT]:	Closing Disk Interface >> {C:/GitHub/BlockyOS/Build/Build-nodate/disk.img}
[SHELL OUT]:	Writing File Block at 225301, Item: 19.	Root: [6307196192980050150:256073431676645]
[SHELL OUT]:	[Parent:00007ff7eaee1456] >>  C:/GitHub/BlockyOS/Build/Build-nodate/disk.img  Base: 133120    ConfBlockSize: 2048    Starting Disk Env ID: 
[SHELL OUT]:	Writing Bytes
[SHELL OUT]:	[Parent:00007ff7eaee1482] >> Writing [2048 bytes(s)->4 block(s)] to LBA[225301(256944128)-225305(256952320)]
[SHELL OUT]:	Closing Disk Interface >> {C:/GitHub/BlockyOS/Build/Build-nodate/disk.img}
[SHELL OUT]:	Writing File Block at 225302, Item: 20.	Root: [6307196192980050150:256073431676645]
[SHELL OUT]:	[Parent:00007ff7eaee1456] >>  C:/GitHub/BlockyOS/Build/Build-nodate/disk.img  Base: 133120    ConfBlockSize: 2048    Starting Disk Env ID: 
[SHELL OUT]:	Writing Bytes
[SHELL OUT]:	[Parent:00007ff7eaee1482] >> Writing [2048 bytes(s)->4 block(s)] to LBA[225302(256946176)-225306(256954368)]
[SHELL OUT]:	Closing Disk Interface >> {C:/GitHub/BlockyOS/Build/Build-nodate/disk.img}
[SHELL OUT]:	Writing File Block at 225303, Item: 21.	Root: [6307196192980050150:256073431676645]
[SHELL OUT]:	[Parent:00007ff7eaee1456] >>  C:/GitHub/BlockyOS/Build/Build-nodate/disk.img  Base: 133120    ConfBlockSize: 2048    Starting Disk Env ID: 
[SHELL OUT]:	Writing Bytes
[SHELL OUT]:	[Parent:00007ff7eaee1482] >> Writing [2048 bytes(s)->4 block(s)] to LBA[225303(256948224)-225307(256956416)]
[SHELL OUT]:	Closing Disk Interface >> {C:/GitHub/BlockyOS/Build/Build-nodate/disk.img}
[SHELL OUT]:	Writing File Block at 225304, Item: 22.	Root: [6307196192980050150:256073431676645]
[SHELL OUT]:	[Parent:00007ff7eaee1456] >>  C:/GitHub/BlockyOS/Build/Build-nodate/disk.img  Base: 133120    ConfBlockSize: 2048    Starting Disk Env ID: 
[SHELL OUT]:	Writing Bytes
[SHELL OUT]:	[Parent:00007ff7eaee1482] >> Writing [2048 bytes(s)->4 block(s)] to LBA[225304(256950272)-225308(256958464)]
[SHELL OUT]:	Closing Disk Interface >> {C:/GitHub/BlockyOS/Build/Build-nodate/disk.img}
[SHELL OUT]:	Writing File Block at 225305, Item: 23.	Root: [6307196192980050150:256073431676645]
[SHELL OUT]:	[Parent:00007ff7eaee1456] >>  C:/GitHub/BlockyOS/Build/Build-nodate/disk.img  Base: 133120    ConfBlockSize: 2048    Starting Disk Env ID: 
[SHELL OUT]:	Writing Bytes
[SHELL OUT]:	[Parent:00007ff7eaee1482] >> Writing [2048 bytes(s)->4 block(s)] to LBA[225305(256952320)-225309(256960512)]
[SHELL OUT]:	Closing Disk Interface >> {C:/GitHub/BlockyOS/Build/Build-nodate/disk.img}
[SHELL OUT]:	Writing File Block at 225306, Item: 24.	Root: [6307196192980050150:256073431676645]
[SHELL OUT]:	[Parent:00007ff7eaee1456] >>  C:/GitHub/BlockyOS/Build/Build-nodate/disk.img  Base: 133120    ConfBlockSize: 2048    Starting Disk Env ID: 
[SHELL OUT]:	Writing Bytes
[SHELL OUT]:	[Parent:00007ff7eaee1482] >> Writing [2048 bytes(s)->4 block(s)] to LBA[225306(256954368)-225310(256962560)]
[SHELL OUT]:	Closing Disk Interface >> {C:/GitHub/BlockyOS/Build/Build-nodate/disk.img}
[SHELL OUT]:	Writing File Block at 225307, Item: 25.	Root: [6307196192980050150:256073431676645]
[SHELL OUT]:	[Parent:00007ff7eaee1456] >>  C:/GitHub/BlockyOS/Build/Build-nodate/disk.img  Base: 133120    ConfBlockSize: 2048    Starting Disk Env ID: 
[SHELL OUT]:	Writing Bytes
[SHELL OUT]:	[Parent:00007ff7eaee1482] >> Writing [2048 bytes(s)->4 block(s)] to LBA[225307(256956416)-225311(256964608)]
[SHELL OUT]:	Closing Disk Interface >> {C:/GitHub/BlockyOS/Build/Build-nodate/disk.img}
[SHELL OUT]:	Writing File Block at 225308, Item: 26.	Root: [6307196192980050150:256073431676645]
[SHELL OUT]:	[Parent:00007ff7eaee1456] >>  C:/GitHub/BlockyOS/Build/Build-nodate/disk.img  Base: 133120    ConfBlockSize: 2048    Starting Disk Env ID: 
[SHELL OUT]:	Writing Bytes
[SHELL OUT]:	[Parent:00007ff7eaee1482] >> Writing [2048 bytes(s)->4 block(s)] to LBA[225308(256958464)-225312(256966656)]
[SHELL OUT]:	Closing Disk Interface >> {C:/GitHub/BlockyOS/Build/Build-nodate/disk.img}
[SHELL OUT]:	Writing File Block at 225309, Item: 27.	Root: [6307196192980050150:256073431676645]
[SHELL OUT]:	[Parent:00007ff7eaee1456] >>  C:/GitHub/BlockyOS/Build/Build-nodate/disk.img  Base: 133120    ConfBlockSize: 2048    Starting Disk Env ID: 
[SHELL OUT]:	Writing Bytes
[SHELL OUT]:	[Parent:00007ff7eaee1482] >> Writing [2048 bytes(s)->4 block(s)] to LBA[225309(256960512)-225313(256968704)]
[SHELL OUT]:	Closing Disk Interface >> {C:/GitHub/BlockyOS/Build/Build-nodate/disk.img}
[SHELL OUT]:	Writing File Block at 225310, Item: 28.	Root: [6307196192980050150:256073431676645]
[SHELL OUT]:	[Parent:00007ff7eaee1456] >>  C:/GitHub/BlockyOS/Build/Build-nodate/disk.img  Base: 133120    ConfBlockSize: 2048    Starting Disk Env ID: 
[SHELL OUT]:	Writing Bytes
[SHELL OUT]:	[Parent:00007ff7eaee1482] >> Writing [2048 bytes(s)->4 block(s)] to LBA[225310(256962560)-225314(256970752)]
[SHELL OUT]:	Closing Disk Interface >> {C:/GitHub/BlockyOS/Build/Build-nodate/disk.img}
[SHELL OUT]:	Writing File Block at 225311, Item: 29.	Root: [6307196192980050150:256073431676645]
[SHELL OUT]:	[Parent:00007ff7eaee1456] >>  C:/GitHub/BlockyOS/Build/Build-nodate/disk.img  Base: 133120    ConfBlockSize: 2048    Starting Disk Env ID: 
[SHELL OUT]:	Writing Bytes
[SHELL OUT]:	[Parent:00007ff7eaee1482] >> Writing [2048 bytes(s)->4 block(s)] to LBA[225311(256964608)-225315(256972800)]
[SHELL OUT]:	Closing Disk Interface >> {C:/GitHub/BlockyOS/Build/Build-nodate/disk.img}
[SHELL OUT]:	Writing File Block at 225312, Item: 30.	Root: [6307196192980050150:256073431676645]
[SHELL OUT]:	[Parent:00007ff7eaee1456] >>  C:/GitHub/BlockyOS/Build/Build-nodate/disk.img  Base: 133120    ConfBlockSize: 2048    Starting Disk Env ID: 
[SHELL OUT]:	Writing Bytes
[SHELL OUT]:	[Parent:00007ff7eaee1482] >> Writing [2048 bytes(s)->4 block(s)] to LBA[225312(256966656)-225316(256974848)]
[SHELL OUT]:	Closing Disk Interface >> {C:/GitHub/BlockyOS/Build/Build-nodate/disk.img}
[SHELL OUT]:	Writing File Block at 225313, Item: 31.	Root: [6307196192980050150:256073431676645]
[SHELL OUT]:	[Parent:00007ff7eaee1456] >>  C:/GitHub/BlockyOS/Build/Build-nodate/disk.img  Base: 133120    ConfBlockSize: 2048    Starting Disk Env ID: 
[SHELL OUT]:	Writing Bytes
[SHELL OUT]:	[Parent:00007ff7eaee1482] >> Writing [2048 bytes(s)->4 block(s)] to LBA[225313(256968704)-225317(256976896)]
[SHELL OUT]:	Closing Disk Interface >> {C:/GitHub/BlockyOS/Build/Build-nodate/disk.img}
[SHELL OUT]:	Writing File Block at 225314, Item: 32.	Root: [6307196192980050150:256073431676645]
[SHELL OUT]:	[Parent:00007ff7eaee1456] >>  C:/GitHub/BlockyOS/Build/Build-nodate/disk.img  Base: 133120    ConfBlockSize: 2048    Starting Disk Env ID: 
[SHELL OUT]:	Writing Bytes
[SHELL OUT]:	[Parent:00007ff7eaee1482] >> Writing [2048 bytes(s)->4 block(s)] to LBA[225314(256970752)-225318(256978944)]
[SHELL OUT]:	Closing Disk Interface >> {C:/GitHub/BlockyOS/Build/Build-nodate/disk.img}
[SHELL OUT]:	Writing File Block at 225315, Item: 33.	Root: [6307196192980050150:256073431676645]
[SHELL OUT]:	[Parent:00007ff7eaee1456] >>  C:/GitHub/BlockyOS/Build/Build-nodate/disk.img  Base: 133120    ConfBlockSize: 2048    Starting Disk Env ID: 
[SHELL OUT]:	Writing Bytes
[SHELL OUT]:	[Parent:00007ff7eaee1482] >> Writing [2048 bytes(s)->4 block(s)] to LBA[225315(256972800)-225319(256980992)]
[SHELL OUT]:	Closing Disk Interface >> {C:/GitHub/BlockyOS/Build/Build-nodate/disk.img}
[SHELL OUT]:	Writing File Block at 225316, Item: 34.	Root: [6307196192980050150:256073431676645]
[SHELL OUT]:	[Parent:00007ff7eaee1456] >>  C:/GitHub/BlockyOS/Build/Build-nodate/disk.img  Base: 133120    ConfBlockSize: 2048    Starting Disk Env ID: 
[SHELL OUT]:	Writing Bytes
[SHELL OUT]:	[Parent:00007ff7eaee1482] >> Writing [2048 bytes(s)->4 block(s)] to LBA[225316(256974848)-225320(256983040)]
[SHELL OUT]:	Closing Disk Interface >> {C:/GitHub/BlockyOS/Build/Build-nodate/disk.img}
[SHELL OUT]:	Writing File Block at 225317, Item: 35.	Root: [6307196192980050150:256073431676645]
[SHELL OUT]:	[Parent:00007ff7eaee1456] >>  C:/GitHub/BlockyOS/Build/Build-nodate/disk.img  Base: 133120    ConfBlockSize: 2048    Starting Disk Env ID: 
[SHELL OUT]:	Writing Bytes
[SHELL OUT]:	[Parent:00007ff7eaee1482] >> Writing [2048 bytes(s)->4 block(s)] to LBA[225317(256976896)-225321(256985088)]
[SHELL OUT]:	Closing Disk Interface >> {C:/GitHub/BlockyOS/Build/Build-nodate/disk.img}
[SHELL OUT]:	Writing File Block at 225318, Item: 36.	Root: [6307196192980050150:256073431676645]
[SHELL OUT]:	[Parent:00007ff7eaee1456] >>  C:/GitHub/BlockyOS/Build/Build-nodate/disk.img  Base: 133120    ConfBlockSize: 2048    Starting Disk Env ID: 
[SHELL OUT]:	Writing Bytes
[SHELL OUT]:	[Parent:00007ff7eaee1482] >> Writing [2048 bytes(s)->4 block(s)] to LBA[225318(256978944)-225322(256987136)]
[SHELL OUT]:	Closing Disk Interface >> {C:/GitHub/BlockyOS/Build/Build-nodate/disk.img}
[SHELL OUT]:	Writing File Block at 225319, Item: 37.	Root: [6307196192980050150:256073431676645]
[SHELL OUT]:	[Parent:00007ff7eaee1456] >>  C:/GitHub/BlockyOS/Build/Build-nodate/disk.img  Base: 133120    ConfBlockSize: 2048    Starting Disk Env ID: 
[SHELL OUT]:	Writing Bytes
[SHELL OUT]:	[Parent:00007ff7eaee1482] >> Writing [2048 bytes(s)->4 block(s)] to LBA[225319(256980992)-225323(256989184)]
[SHELL OUT]:	Closing Disk Interface >> {C:/GitHub/BlockyOS/Build/Build-nodate/disk.img}
[SHELL OUT]:	Writing File Block at 225320, Item: 38.	Root: [6307196192980050150:256073431676645]
[SHELL OUT]:	[Parent:00007ff7eaee1456] >>  C:/GitHub/BlockyOS/Build/Build-nodate/disk.img  Base: 133120    ConfBlockSize: 2048    Starting Disk Env ID: 
[SHELL OUT]:	Writing Bytes
[SHELL OUT]:	[Parent:00007ff7eaee1482] >> Writing [2048 bytes(s)->4 block(s)] to LBA[225320(256983040)-225324(256991232)]
[SHELL OUT]:	Closing Disk Interface >> {C:/GitHub/BlockyOS/Build/Build-nodate/disk.img}
[SHELL OUT]:	Writing File Block at 225321, Item: 39.	Root: [6307196192980050150:256073431676645]
[SHELL OUT]:	[Parent:00007ff7eaee1456] >>  C:/GitHub/BlockyOS/Build/Build-nodate/disk.img  Base: 133120    ConfBlockSize: 2048    Starting Disk Env ID: 
[SHELL OUT]:	Writing Bytes
[SHELL OUT]:	[Parent:00007ff7eaee1482] >> Writing [2048 bytes(s)->4 block(s)] to LBA[225321(256985088)-225325(256993280)]
[SHELL OUT]:	Closing Disk Interface >> {C:/GitHub/BlockyOS/Build/Build-nodate/disk.img}
[SHELL OUT]:	Writing File Block at 225322, Item: 40.	Root: [6307196192980050150:256073431676645]
[SHELL OUT]:	[Parent:00007ff7eaee1456] >>  C:/GitHub/BlockyOS/Build/Build-nodate/disk.img  Base: 133120    ConfBlockSize: 2048    Starting Disk Env ID: 
[SHELL OUT]:	Writing Bytes
[SHELL OUT]:	[Parent:00007ff7eaee1482] >> Writing [2048 bytes(s)->4 block(s)] to LBA[225322(256987136)-225326(256995328)]
[SHELL OUT]:	Closing Disk Interface >> {C:/GitHub/BlockyOS/Build/Build-nodate/disk.img}
[SHELL OUT]:	Writing File Block at 225323, Item: 41.	Root: [6307196192980050150:256073431676645]
[SHELL OUT]:	[Parent:00007ff7eaee1456] >>  C:/GitHub/BlockyOS/Build/Build-nodate/disk.img  Base: 133120    ConfBlockSize: 2048    Starting Disk Env ID: 
[SHELL OUT]:	Writing Bytes
[SHELL OUT]:	[Parent:00007ff7eaee1482] >> Writing [2048 bytes(s)->4 block(s)] to LBA[225323(256989184)-225327(256997376)]
[SHELL OUT]:	Closing Disk Interface >> {C:/GitHub/BlockyOS/Build/Build-nodate/disk.img}
[SHELL OUT]:	Writing File Block at 225324, Item: 42.	Root: [6307196192980050150:256073431676645]
[SHELL OUT]:	[Parent:00007ff7eaee1456] >>  C:/GitHub/BlockyOS/Build/Build-nodate/disk.img  Base: 133120    ConfBlockSize: 2048    Starting Disk Env ID: 
[SHELL OUT]:	Writing Bytes
[SHELL OUT]:	[Parent:00007ff7eaee1482] >> Writing [2048 bytes(s)->4 block(s)] to LBA[225324(256991232)-225328(256999424)]
[SHELL OUT]:	Closing Disk Interface >> {C:/GitHub/BlockyOS/Build/Build-nodate/disk.img}
[SHELL OUT]:	Writing File Block at 225325, Item: 43.	Root: [6307196192980050150:256073431676645]
[SHELL OUT]:	[Parent:00007ff7eaee1456] >>  C:/GitHub/BlockyOS/Build/Build-nodate/disk.img  Base: 133120    ConfBlockSize: 2048    Starting Disk Env ID: 
[SHELL OUT]:	Writing Bytes
[SHELL OUT]:	[Parent:00007ff7eaee1482] >> Writing [2048 bytes(s)->4 block(s)] to LBA[225325(256993280)-225329(257001472)]
[SHELL OUT]:	Closing Disk Interface >> {C:/GitHub/BlockyOS/Build/Build-nodate/disk.img}
[SHELL OUT]:	Writing File Block at 225326, Item: 44.	Root: [6307196192980050150:256073431676645]
[SHELL OUT]:	[Parent:00007ff7eaee1456] >>  C:/GitHub/BlockyOS/Build/Build-nodate/disk.img  Base: 133120    ConfBlockSize: 2048    Starting Disk Env ID: 
[SHELL OUT]:	Writing Bytes
[SHELL OUT]:	[Parent:00007ff7eaee1482] >> Writing [2048 bytes(s)->4 block(s)] to LBA[225326(256995328)-225330(257003520)]
[SHELL OUT]:	Closing Disk Interface >> {C:/GitHub/BlockyOS/Build/Build-nodate/disk.img}
[SHELL OUT]:	Writing File Block at 225327, Item: 45.	Root: [6307196192980050150:256073431676645]
[SHELL OUT]:	[Parent:00007ff7eaee1456] >>  C:/GitHub/BlockyOS/Build/Build-nodate/disk.img  Base: 133120    ConfBlockSize: 2048    Starting Disk Env ID: 
[SHELL OUT]:	Writing Bytes
[SHELL OUT]:	[Parent:00007ff7eaee1482] >> Writing [2048 bytes(s)->4 block(s)] to LBA[225327(256997376)-225331(257005568)]
[SHELL OUT]:	Closing Disk Interface >> {C:/GitHub/BlockyOS/Build/Build-nodate/disk.img}
[SHELL OUT]:	Writing File Block at 225328, Item: 46.	Root: [6307196192980050150:256073431676645]
[SHELL OUT]:	[Parent:00007ff7eaee1456] >>  C:/GitHub/BlockyOS/Build/Build-nodate/disk.img  Base: 133120    ConfBlockSize: 2048    Starting Disk Env ID: 
[SHELL OUT]:	Writing Bytes
[SHELL OUT]:	[Parent:00007ff7eaee1482] >> Writing [2048 bytes(s)->4 block(s)] to LBA[225328(256999424)-225332(257007616)]
[SHELL OUT]:	Closing Disk Interface >> {C:/GitHub/BlockyOS/Build/Build-nodate/disk.img}
[SHELL OUT]:	Writing File Block at 225329, Item: 47.	Root: [6307196192980050150:256073431676645]
[SHELL OUT]:	[Parent:00007ff7eaee1456] >>  C:/GitHub/BlockyOS/Build/Build-nodate/disk.img  Base: 133120    ConfBlockSize: 2048    Starting Disk Env ID: 
[SHELL OUT]:	Writing Bytes
[SHELL OUT]:	[Parent:00007ff7eaee1482] >> Writing [2048 bytes(s)->4 block(s)] to LBA[225329(257001472)-225333(257009664)]
[SHELL OUT]:	Closing Disk Interface >> {C:/GitHub/BlockyOS/Build/Build-nodate/disk.img}
[SHELL OUT]:	Writing File Block at 225330, Item: 48.	Root: [6307196192980050150:256073431676645]
[SHELL OUT]:	[Parent:00007ff7eaee1456] >>  C:/GitHub/BlockyOS/Build/Build-nodate/disk.img  Base: 133120    ConfBlockSize: 2048    Starting Disk Env ID: 
[SHELL OUT]:	Writing Bytes
[SHELL OUT]:	[Parent:00007ff7eaee1482] >> Writing [2048 bytes(s)->4 block(s)] to LBA[225330(257003520)-225334(257011712)]
[SHELL OUT]:	Closing Disk Interface >> {C:/GitHub/BlockyOS/Build/Build-nodate/disk.img}
[SHELL OUT]:	Writing File Block at 225331, Item: 49.	Root: [6307196192980050150:256073431676645]
[SHELL OUT]:	[Parent:00007ff7eaee1456] >>  C:/GitHub/BlockyOS/Build/Build-nodate/disk.img  Base: 133120    ConfBlockSize: 2048    Starting Disk Env ID: 
[SHELL OUT]:	Writing Bytes
[SHELL OUT]:	[Parent:00007ff7eaee1482] >> Writing [2048 bytes(s)->4 block(s)] to LBA[225331(257005568)-225335(257013760)]
[SHELL OUT]:	Closing Disk Interface >> {C:/GitHub/BlockyOS/Build/Build-nodate/disk.img}
[SHELL OUT]:	Writing File Block at 225332, Item: 50.	Root: [6307196192980050150:256073431676645]
[SHELL OUT]:	[Parent:00007ff7eaee1456] >>  C:/GitHub/BlockyOS/Build/Build-nodate/disk.img  Base: 133120    ConfBlockSize: 2048    Starting Disk Env ID: 
[SHELL OUT]:	Writing Bytes
[SHELL OUT]:	[Parent:00007ff7eaee1482] >> Writing [2048 bytes(s)->4 block(s)] to LBA[225332(257007616)-225336(257015808)]
[SHELL OUT]:	Closing Disk Interface >> {C:/GitHub/BlockyOS/Build/Build-nodate/disk.img}
[SHELL OUT]:	Writing File Block at 225333, Item: 51.	Root: [6307196192980050150:256073431676645]
[SHELL OUT]:	[Parent:00007ff7eaee1456] >>  C:/GitHub/BlockyOS/Build/Build-nodate/disk.img  Base: 133120    ConfBlockSize: 2048    Starting Disk Env ID: 
[SHELL OUT]:	Writing Bytes
[SHELL OUT]:	[Parent:00007ff7eaee1482] >> Writing [2048 bytes(s)->4 block(s)] to LBA[225333(257009664)-225337(257017856)]
[SHELL OUT]:	Closing Disk Interface >> {C:/GitHub/BlockyOS/Build/Build-nodate/disk.img}
[SHELL OUT]:	Writing File Block at 225334, Item: 52.	Root: [6307196192980050150:256073431676645]
[SHELL OUT]:	[Parent:00007ff7eaee1456] >>  C:/GitHub/BlockyOS/Build/Build-nodate/disk.img  Base: 133120    ConfBlockSize: 2048    Starting Disk Env ID: 
[SHELL OUT]:	Writing Bytes
[SHELL OUT]:	[Parent:00007ff7eaee1482] >> Writing [2048 bytes(s)->4 block(s)] to LBA[225334(257011712)-225338(257019904)]
[SHELL OUT]:	Closing Disk Interface >> {C:/GitHub/BlockyOS/Build/Build-nodate/disk.img}
[SHELL OUT]:	Writing File Block at 225335, Item: 53.	Root: [6307196192980050150:256073431676645]
[SHELL OUT]:	[Parent:00007ff7eaee1456] >>  C:/GitHub/BlockyOS/Build/Build-nodate/disk.img  Base: 133120    ConfBlockSize: 2048    Starting Disk Env ID: 
[SHELL OUT]:	Writing Bytes
[SHELL OUT]:	[Parent:00007ff7eaee1482] >> Writing [2048 bytes(s)->4 block(s)] to LBA[225335(257013760)-225339(257021952)]
[SHELL OUT]:	Closing Disk Interface >> {C:/GitHub/BlockyOS/Build/Build-nodate/disk.img}
[SHELL OUT]:	Writing File Block at 225336, Item: 54.	Root: [6307196192980050150:256073431676645]
[SHELL OUT]:	[Parent:00007ff7eaee1456] >>  C:/GitHub/BlockyOS/Build/Build-nodate/disk.img  Base: 133120    ConfBlockSize: 2048    Starting Disk Env ID: 
[SHELL OUT]:	Writing Bytes
[SHELL OUT]:	[Parent:00007ff7eaee1482] >> Writing [2048 bytes(s)->4 block(s)] to LBA[225336(257015808)-225340(257024000)]
[SHELL OUT]:	Closing Disk Interface >> {C:/GitHub/BlockyOS/Build/Build-nodate/disk.img}
[SHELL OUT]:	Writing File Block at 225337, Item: 55.	Root: [6307196192980050150:256073431676645]
[SHELL OUT]:	[Parent:00007ff7eaee1456] >>  C:/GitHub/BlockyOS/Build/Build-nodate/disk.img  Base: 133120    ConfBlockSize: 2048    Starting Disk Env ID: 
[SHELL OUT]:	Writing Bytes
[SHELL OUT]:	[Parent:00007ff7eaee1482] >> Writing [2048 bytes(s)->4 block(s)] to LBA[225337(257017856)-225341(257026048)]
[SHELL OUT]:	Closing Disk Interface >> {C:/GitHub/BlockyOS/Build/Build-nodate/disk.img}
[SHELL OUT]:	Writing File Block at 225338, Item: 56.	Root: [6307196192980050150:256073431676645]
[SHELL OUT]:	[Parent:00007ff7eaee1456] >>  C:/GitHub/BlockyOS/Build/Build-nodate/disk.img  Base: 133120    ConfBlockSize: 2048    Starting Disk Env ID: 
[SHELL OUT]:	Writing Bytes
[SHELL OUT]:	[Parent:00007ff7eaee1482] >> Writing [2048 bytes(s)->4 block(s)] to LBA[225338(257019904)-225342(257028096)]
[SHELL OUT]:	Closing Disk Interface >> {C:/GitHub/BlockyOS/Build/Build-nodate/disk.img}
[SHELL OUT]:	Writing File Block at 225339, Item: 57.	Root: [6307196192980050150:256073431676645]
[SHELL OUT]:	[Parent:00007ff7eaee1456] >>  C:/GitHub/BlockyOS/Build/Build-nodate/disk.img  Base: 133120    ConfBlockSize: 2048    Starting Disk Env ID: 
[SHELL OUT]:	Writing Bytes
[SHELL OUT]:	[Parent:00007ff7eaee1482] >> Writing [2048 bytes(s)->4 block(s)] to LBA[225339(257021952)-225343(257030144)]
[SHELL OUT]:	Closing Disk Interface >> {C:/GitHub/BlockyOS/Build/Build-nodate/disk.img}
[SHELL OUT]:	Writing File Block at 225340, Item: 58.	Root: [6307196192980050150:256073431676645]
[SHELL OUT]:	[Parent:00007ff7eaee1456] >>  C:/GitHub/BlockyOS/Build/Build-nodate/disk.img  Base: 133120    ConfBlockSize: 2048    Starting Disk Env ID: 
[SHELL OUT]:	Writing Bytes
[SHELL OUT]:	[Parent:00007ff7eaee1482] >> Writing [2048 bytes(s)->4 block(s)] to LBA[225340(257024000)-225344(257032192)]
[SHELL OUT]:	Closing Disk Interface >> {C:/GitHub/BlockyOS/Build/Build-nodate/disk.img}
[SHELL OUT]:	Writing File Block at 225341, Item: 59.	Root: [6307196192980050150:256073431676645]
[SHELL OUT]:	[Parent:00007ff7eaee1456] >>  C:/GitHub/BlockyOS/Build/Build-nodate/disk.img  Base: 133120    ConfBlockSize: 2048    Starting Disk Env ID: 
[SHELL OUT]:	Writing Bytes
[SHELL OUT]:	[Parent:00007ff7eaee1482] >> Writing [2048 bytes(s)->4 block(s)] to LBA[225341(257026048)-225345(257034240)]
[SHELL OUT]:	Closing Disk Interface >> {C:/GitHub/BlockyOS/Build/Build-nodate/disk.img}
[SHELL OUT]:	Writing File Block at 225342, Item: 60.	Root: [6307196192980050150:256073431676645]
[SHELL OUT]:	[Parent:00007ff7eaee1456] >>  C:/GitHub/BlockyOS/Build/Build-nodate/disk.img  Base: 133120    ConfBlockSize: 2048    Starting Disk Env ID: 
[SHELL OUT]:	Writing Bytes
[SHELL OUT]:	[Parent:00007ff7eaee1482] >> Writing [2048 bytes(s)->4 block(s)] to LBA[225342(257028096)-225346(257036288)]
[SHELL OUT]:	Closing Disk Interface >> {C:/GitHub/BlockyOS/Build/Build-nodate/disk.img}
[SHELL OUT]:	Writing File Block at 225343, Item: 61.	Root: [6307196192980050150:256073431676645]
[SHELL OUT]:	[Parent:00007ff7eaee1456] >>  C:/GitHub/BlockyOS/Build/Build-nodate/disk.img  Base: 133120    ConfBlockSize: 2048    Starting Disk Env ID: 
[SHELL OUT]:	Writing Bytes
[SHELL OUT]:	[Parent:00007ff7eaee1482] >> Writing [2048 bytes(s)->4 block(s)] to LBA[225343(257030144)-225347(257038336)]
[SHELL OUT]:	Closing Disk Interface >> {C:/GitHub/BlockyOS/Build/Build-nodate/disk.img}
[SHELL OUT]:	Writing File Block at 225344, Item: 62.	Root: [6307196192980050150:256073431676645]
[SHELL OUT]:	[Parent:00007ff7eaee1456] >>  C:/GitHub/BlockyOS/Build/Build-nodate/disk.img  Base: 133120    ConfBlockSize: 2048    Starting Disk Env ID: 
[SHELL OUT]:	Writing Bytes
[SHELL OUT]:	[Parent:00007ff7eaee1482] >> Writing [2048 bytes(s)->4 block(s)] to LBA[225344(257032192)-225348(257040384)]
[SHELL OUT]:	Closing Disk Interface >> {C:/GitHub/BlockyOS/Build/Build-nodate/disk.img}
[SHELL OUT]:	Writing File Block at 225345, Item: 63.	Root: [6307196192980050150:256073431676645]
[SHELL OUT]:	[Parent:00007ff7eaee1456] >>  C:/GitHub/BlockyOS/Build/Build-nodate/disk.img  Base: 133120    ConfBlockSize: 2048    Starting Disk Env ID: 
[SHELL OUT]:	Writing Bytes
[SHELL OUT]:	[Parent:00007ff7eaee1482] >> Writing [2048 bytes(s)->4 block(s)] to LBA[225345(257034240)-225349(257042432)]
[SHELL OUT]:	Closing Disk Interface >> {C:/GitHub/BlockyOS/Build/Build-nodate/disk.img}
[SHELL OUT]:	Writing File Block at 225346, Item: 64.	Root: [6307196192980050150:256073431676645]
[SHELL OUT]:	[Parent:00007ff7eaee1456] >>  C:/GitHub/BlockyOS/Build/Build-nodate/disk.img  Base: 133120    ConfBlockSize: 2048    Starting Disk Env ID: 
[SHELL OUT]:	Writing Bytes
[SHELL OUT]:	[Parent:00007ff7eaee1482] >> Writing [2048 bytes(s)->4 block(s)] to LBA[225346(257036288)-225350(257044480)]
[SHELL OUT]:	Closing Disk Interface >> {C:/GitHub/BlockyOS/Build/Build-nodate/disk.img}
[SHELL OUT]:	Writing File Block at 225347, Item: 65.	Root: [6307196192980050150:256073431676645]
[SHELL OUT]:	[Parent:00007ff7eaee1456] >>  C:/GitHub/BlockyOS/Build/Build-nodate/disk.img  Base: 133120    ConfBlockSize: 2048    Starting Disk Env ID: 
[SHELL OUT]:	Writing Bytes
[SHELL OUT]:	[Parent:00007ff7eaee1482] >> Writing [2048 bytes(s)->4 block(s)] to LBA[225347(257038336)-225351(257046528)]
[SHELL OUT]:	Closing Disk Interface >> {C:/GitHub/BlockyOS/Build/Build-nodate/disk.img}
[SHELL OUT]:	Writing File Block at 225348, Item: 66.	Root: [6307196192980050150:256073431676645]
[SHELL OUT]:	[Parent:00007ff7eaee1456] >>  C:/GitHub/BlockyOS/Build/Build-nodate/disk.img  Base: 133120    ConfBlockSize: 2048    Starting Disk Env ID: 
[SHELL OUT]:	Writing Bytes
[SHELL OUT]:	[Parent:00007ff7eaee1482] >> Writing [2048 bytes(s)->4 block(s)] to LBA[225348(257040384)-225352(257048576)]
[SHELL OUT]:	Closing Disk Interface >> {C:/GitHub/BlockyOS/Build/Build-nodate/disk.img}
[SHELL OUT]:	Writing File Block at 225349, Item: 67.	Root: [6307196192980050150:256073431676645]
[SHELL OUT]:	[Parent:00007ff7eaee1456] >>  C:/GitHub/BlockyOS/Build/Build-nodate/disk.img  Base: 133120    ConfBlockSize: 2048    Starting Disk Env ID: 
[SHELL OUT]:	Writing Bytes
[SHELL OUT]:	[Parent:00007ff7eaee1482] >> Writing [2048 bytes(s)->4 block(s)] to LBA[225349(257042432)-225353(257050624)]
[SHELL OUT]:	Closing Disk Interface >> {C:/GitHub/BlockyOS/Build/Build-nodate/disk.img}
[SHELL OUT]:	Writing File Block at 225350, Item: 68.	Root: [6307196192980050150:256073431676645]
[SHELL OUT]:	[Parent:00007ff7eaee1456] >>  C:/GitHub/BlockyOS/Build/Build-nodate/disk.img  Base: 133120    ConfBlockSize: 2048    Starting Disk Env ID: 
[SHELL OUT]:	Writing Bytes
[SHELL OUT]:	[Parent:00007ff7eaee1482] >> Writing [2048 bytes(s)->4 block(s)] to LBA[225350(257044480)-225354(257052672)]
[SHELL OUT]:	Closing Disk Interface >> {C:/GitHub/BlockyOS/Build/Build-nodate/disk.img}
[SHELL OUT]:	Writing File Block at 225351, Item: 69.	Root: [6307196192980050150:256073431676645]
[SHELL OUT]:	[Parent:00007ff7eaee1456] >>  C:/GitHub/BlockyOS/Build/Build-nodate/disk.img  Base: 133120    ConfBlockSize: 2048    Starting Disk Env ID: 
[SHELL OUT]:	Writing Bytes
[SHELL OUT]:	[Parent:00007ff7eaee1482] >> Writing [2048 bytes(s)->4 block(s)] to LBA[225351(257046528)-225355(257054720)]
[SHELL OUT]:	Closing Disk Interface >> {C:/GitHub/BlockyOS/Build/Build-nodate/disk.img}
[SHELL OUT]:	Writing File Block at 225352, Item: 70.	Root: [6307196192980050150:256073431676645]
[SHELL OUT]:	[Parent:00007ff7eaee1456] >>  C:/GitHub/BlockyOS/Build/Build-nodate/disk.img  Base: 133120    ConfBlockSize: 2048    Starting Disk Env ID: 
[SHELL OUT]:	Writing Bytes
[SHELL OUT]:	[Parent:00007ff7eaee1482] >> Writing [2048 bytes(s)->4 block(s)] to LBA[225352(257048576)-225356(257056768)]
[SHELL OUT]:	Closing Disk Interface >> {C:/GitHub/BlockyOS/Build/Build-nodate/disk.img}
[SHELL OUT]:	Writing File Block at 225353, Item: 71.	Root: [6307196192980050150:256073431676645]
[SHELL OUT]:	[Parent:00007ff7eaee1456] >>  C:/GitHub/BlockyOS/Build/Build-nodate/disk.img  Base: 133120    ConfBlockSize: 2048    Starting Disk Env ID: 
[SHELL OUT]:	Writing Bytes
[SHELL OUT]:	[Parent:00007ff7eaee1482] >> Writing [2048 bytes(s)->4 block(s)] to LBA[225353(257050624)-225357(257058816)]
[SHELL OUT]:	Closing Disk Interface >> {C:/GitHub/BlockyOS/Build/Build-nodate/disk.img}
[SHELL OUT]:	Writing File Block at 225354, Item: 72.	Root: [6307196192980050150:256073431676645]
[SHELL OUT]:	[Parent:00007ff7eaee1456] >>  C:/GitHub/BlockyOS/Build/Build-nodate/disk.img  Base: 133120    ConfBlockSize: 2048    Starting Disk Env ID: 
[SHELL OUT]:	Writing Bytes
[SHELL OUT]:	[Parent:00007ff7eaee1482] >> Writing [2048 bytes(s)->4 block(s)] to LBA[225354(257052672)-225358(257060864)]
[SHELL OUT]:	Closing Disk Interface >> {C:/GitHub/BlockyOS/Build/Build-nodate/disk.img}
[SHELL OUT]:	Writing File Block at 225355, Item: 73.	Root: [6307196192980050150:256073431676645]
[SHELL OUT]:	[Parent:00007ff7eaee1456] >>  C:/GitHub/BlockyOS/Build/Build-nodate/disk.img  Base: 133120    ConfBlockSize: 2048    Starting Disk Env ID: 
[SHELL OUT]:	Writing Bytes
[SHELL OUT]:	[Parent:00007ff7eaee1482] >> Writing [2048 bytes(s)->4 block(s)] to LBA[225355(257054720)-225359(257062912)]
[SHELL OUT]:	Closing Disk Interface >> {C:/GitHub/BlockyOS/Build/Build-nodate/disk.img}
[SHELL OUT]:	Writing File Block at 225356, Item: 74.	Root: [6307196192980050150:256073431676645]
[SHELL OUT]:	[Parent:00007ff7eaee1456] >>  C:/GitHub/BlockyOS/Build/Build-nodate/disk.img  Base: 133120    ConfBlockSize: 2048    Starting Disk Env ID: 
[SHELL OUT]:	Writing Bytes
[SHELL OUT]:	[Parent:00007ff7eaee1482] >> Writing [2048 bytes(s)->4 block(s)] to LBA[225356(257056768)-225360(257064960)]
[SHELL OUT]:	Closing Disk Interface >> {C:/GitHub/BlockyOS/Build/Build-nodate/disk.img}
[SHELL OUT]:	Writing File Block at 225357, Item: 75.	Root: [6307196192980050150:256073431676645]
[SHELL OUT]:	[Parent:00007ff7eaee1456] >>  C:/GitHub/BlockyOS/Build/Build-nodate/disk.img  Base: 133120    ConfBlockSize: 2048    Starting Disk Env ID: 
[SHELL OUT]:	Writing Bytes
[SHELL OUT]:	[Parent:00007ff7eaee1482] >> Writing [2048 bytes(s)->4 block(s)] to LBA[225357(257058816)-225361(257067008)]
[SHELL OUT]:	Closing Disk Interface >> {C:/GitHub/BlockyOS/Build/Build-nodate/disk.img}
[SHELL OUT]:	Writing File Block at 225358, Item: 76.	Root: [6307196192980050150:256073431676645]
[SHELL OUT]:	[Parent:00007ff7eaee1456] >>  C:/GitHub/BlockyOS/Build/Build-nodate/disk.img  Base: 133120    ConfBlockSize: 2048    Starting Disk Env ID: 
[SHELL OUT]:	Writing Bytes
[SHELL OUT]:	[Parent:00007ff7eaee1482] >> Writing [2048 bytes(s)->4 block(s)] to LBA[225358(257060864)-225362(257069056)]
[SHELL OUT]:	Closing Disk Interface >> {C:/GitHub/BlockyOS/Build/Build-nodate/disk.img}
[SHELL OUT]:	Writing File Block at 225359, Item: 77.	Root: [6307196192980050150:256073431676645]
[SHELL OUT]:	[Parent:00007ff7eaee1456] >>  C:/GitHub/BlockyOS/Build/Build-nodate/disk.img  Base: 133120    ConfBlockSize: 2048    Starting Disk Env ID: 
[SHELL OUT]:	Writing Bytes
[SHELL OUT]:	[Parent:00007ff7eaee1482] >> Writing [2048 bytes(s)->4 block(s)] to LBA[225359(257062912)-225363(257071104)]
[SHELL OUT]:	Closing Disk Interface >> {C:/GitHub/BlockyOS/Build/Build-nodate/disk.img}
[SHELL OUT]:	Writing File Block at 225360, Item: 78.	Root: [6307196192980050150:256073431676645]
[SHELL OUT]:	[Parent:00007ff7eaee1456] >>  C:/GitHub/BlockyOS/Build/Build-nodate/disk.img  Base: 133120    ConfBlockSize: 2048    Starting Disk Env ID: 
[SHELL OUT]:	Writing Bytes
[SHELL OUT]:	[Parent:00007ff7eaee1482] >> Writing [2048 bytes(s)->4 block(s)] to LBA[225360(257064960)-225364(257073152)]
[SHELL OUT]:	Closing Disk Interface >> {C:/GitHub/BlockyOS/Build/Build-nodate/disk.img}
[SHELL OUT]:	Writing File Block at 225361, Item: 79.	Root: [6307196192980050150:256073431676645]
[SHELL OUT]:	[Parent:00007ff7eaee1456] >>  C:/GitHub/BlockyOS/Build/Build-nodate/disk.img  Base: 133120    ConfBlockSize: 2048    Starting Disk Env ID: 
[SHELL OUT]:	Writing Bytes
[SHELL OUT]:	[Parent:00007ff7eaee1482] >> Writing [2048 bytes(s)->4 block(s)] to LBA[225361(257067008)-225365(257075200)]
[SHELL OUT]:	Closing Disk Interface >> {C:/GitHub/BlockyOS/Build/Build-nodate/disk.img}
[SHELL OUT]:	Writing File Block at 225362, Item: 80.	Root: [6307196192980050150:256073431676645]
[SHELL OUT]:	[Parent:00007ff7eaee1456] >>  C:/GitHub/BlockyOS/Build/Build-nodate/disk.img  Base: 133120    ConfBlockSize: 2048    Starting Disk Env ID: 
[SHELL OUT]:	Writing Bytes
[SHELL OUT]:	[Parent:00007ff7eaee1482] >> Writing [2048 bytes(s)->4 block(s)] to LBA[225362(257069056)-225366(257077248)]
[SHELL OUT]:	Closing Disk Interface >> {C:/GitHub/BlockyOS/Build/Build-nodate/disk.img}
[SHELL OUT]:	Writing File Block at 225363, Item: 81.	Root: [6307196192980050150:256073431676645]
[SHELL OUT]:	[Parent:00007ff7eaee1456] >>  C:/GitHub/BlockyOS/Build/Build-nodate/disk.img  Base: 133120    ConfBlockSize: 2048    Starting Disk Env ID: 
[SHELL OUT]:	Writing Bytes
[SHELL OUT]:	[Parent:00007ff7eaee1482] >> Writing [2048 bytes(s)->4 block(s)] to LBA[225363(257071104)-225367(257079296)]
[SHELL OUT]:	Closing Disk Interface >> {C:/GitHub/BlockyOS/Build/Build-nodate/disk.img}
[SHELL OUT]:	Writing File Block at 225364, Item: 82.	Root: [6307196192980050150:256073431676645]
[SHELL OUT]:	[Parent:00007ff7eaee1456] >>  C:/GitHub/BlockyOS/Build/Build-nodate/disk.img  Base: 133120    ConfBlockSize: 2048    Starting Disk Env ID: 
[SHELL OUT]:	Writing Bytes
[SHELL OUT]:	[Parent:00007ff7eaee1482] >> Writing [2048 bytes(s)->4 block(s)] to LBA[225364(257073152)-225368(257081344)]
[SHELL OUT]:	Closing Disk Interface >> {C:/GitHub/BlockyOS/Build/Build-nodate/disk.img}
[SHELL OUT]:	Writing File Block at 225365, Item: 83.	Root: [6307196192980050150:256073431676645]
[SHELL OUT]:	[Parent:00007ff7eaee1456] >>  C:/GitHub/BlockyOS/Build/Build-nodate/disk.img  Base: 133120    ConfBlockSize: 2048    Starting Disk Env ID: 
[SHELL OUT]:	Writing Bytes
[SHELL OUT]:	[Parent:00007ff7eaee1482] >> Writing [2048 bytes(s)->4 block(s)] to LBA[225365(257075200)-225369(257083392)]
[SHELL OUT]:	Closing Disk Interface >> {C:/GitHub/BlockyOS/Build/Build-nodate/disk.img}
[SHELL OUT]:	Writing File Block at 225366, Item: 84.	Root: [6307196192980050150:256073431676645]
[SHELL OUT]:	[Parent:00007ff7eaee1456] >>  C:/GitHub/BlockyOS/Build/Build-nodate/disk.img  Base: 133120    ConfBlockSize: 2048    Starting Disk Env ID: 
[SHELL OUT]:	Writing Bytes
[SHELL OUT]:	[Parent:00007ff7eaee1482] >> Writing [2048 bytes(s)->4 block(s)] to LBA[225366(257077248)-225370(257085440)]
[SHELL OUT]:	Closing Disk Interface >> {C:/GitHub/BlockyOS/Build/Build-nodate/disk.img}
[SHELL OUT]:	Writing File Block at 225367, Item: 85.	Root: [6307196192980050150:256073431676645]
[SHELL OUT]:	[Parent:00007ff7eaee1456] >>  C:/GitHub/BlockyOS/Build/Build-nodate/disk.img  Base: 133120    ConfBlockSize: 2048    Starting Disk Env ID: 
[SHELL OUT]:	Writing Bytes
[SHELL OUT]:	[Parent:00007ff7eaee1482] >> Writing [2048 bytes(s)->4 block(s)] to LBA[225367(257079296)-225371(257087488)]
[SHELL OUT]:	Closing Disk Interface >> {C:/GitHub/BlockyOS/Build/Build-nodate/disk.img}
[SHELL OUT]:	Writing File Block at 225368, Item: 86.	Root: [6307196192980050150:256073431676645]
[SHELL OUT]:	[Parent:00007ff7eaee1456] >>  C:/GitHub/BlockyOS/Build/Build-nodate/disk.img  Base: 133120    ConfBlockSize: 2048    Starting Disk Env ID: 
[SHELL OUT]:	Writing Bytes
[SHELL OUT]:	[Parent:00007ff7eaee1482] >> Writing [2048 bytes(s)->4 block(s)] to LBA[225368(257081344)-225372(257089536)]
[SHELL OUT]:	Closing Disk Interface >> {C:/GitHub/BlockyOS/Build/Build-nodate/disk.img}
[SHELL OUT]:	Writing File Block at 225369, Item: 87.	Root: [6307196192980050150:256073431676645]
[SHELL OUT]:	[Parent:00007ff7eaee1456] >>  C:/GitHub/BlockyOS/Build/Build-nodate/disk.img  Base: 133120    ConfBlockSize: 2048    Starting Disk Env ID: 
[SHELL OUT]:	Writing Bytes
[SHELL OUT]:	[Parent:00007ff7eaee1482] >> Writing [2048 bytes(s)->4 block(s)] to LBA[225369(257083392)-225373(257091584)]
[SHELL OUT]:	Closing Disk Interface >> {C:/GitHub/BlockyOS/Build/Build-nodate/disk.img}
[SHELL OUT]:	Writing File Block at 225370, Item: 88.	Root: [6307196192980050150:256073431676645]
[SHELL OUT]:	[Parent:00007ff7eaee1456] >>  C:/GitHub/BlockyOS/Build/Build-nodate/disk.img  Base: 133120    ConfBlockSize: 2048    Starting Disk Env ID: 
[SHELL OUT]:	Writing Bytes
[SHELL OUT]:	[Parent:00007ff7eaee1482] >> Writing [2048 bytes(s)->4 block(s)] to LBA[225370(257085440)-225374(257093632)]
[SHELL OUT]:	Closing Disk Interface >> {C:/GitHub/BlockyOS/Build/Build-nodate/disk.img}
[SHELL OUT]:	Writing File Block at 225371, Item: 89.	Root: [6307196192980050150:256073431676645]
[SHELL OUT]:	[Parent:00007ff7eaee1456] >>  C:/GitHub/BlockyOS/Build/Build-nodate/disk.img  Base: 133120    ConfBlockSize: 2048    Starting Disk Env ID: 
[SHELL OUT]:	Writing Bytes
[SHELL OUT]:	[Parent:00007ff7eaee1482] >> Writing [2048 bytes(s)->4 block(s)] to LBA[225371(257087488)-225375(257095680)]
[SHELL OUT]:	Closing Disk Interface >> {C:/GitHub/BlockyOS/Build/Build-nodate/disk.img}
[SHELL OUT]:	Writing File Block at 225372, Item: 90.	Root: [6307196192980050150:256073431676645]
[SHELL OUT]:	[Parent:00007ff7eaee1456] >>  C:/GitHub/BlockyOS/Build/Build-nodate/disk.img  Base: 133120    ConfBlockSize: 2048    Starting Disk Env ID: 
[SHELL OUT]:	Writing Bytes
[SHELL OUT]:	[Parent:00007ff7eaee1482] >> Writing [2048 bytes(s)->4 block(s)] to LBA[225372(257089536)-225376(257097728)]
[SHELL OUT]:	Closing Disk Interface >> {C:/GitHub/BlockyOS/Build/Build-nodate/disk.img}
[SHELL OUT]:	Writing File Block at 225373, Item: 91.	Root: [6307196192980050150:256073431676645]
[SHELL OUT]:	[Parent:00007ff7eaee1456] >>  C:/GitHub/BlockyOS/Build/Build-nodate/disk.img  Base: 133120    ConfBlockSize: 2048    Starting Disk Env ID: 
[SHELL OUT]:	Writing Bytes
[SHELL OUT]:	[Parent:00007ff7eaee1482] >> Writing [2048 bytes(s)->4 block(s)] to LBA[225373(257091584)-225377(257099776)]
[SHELL OUT]:	Closing Disk Interface >> {C:/GitHub/BlockyOS/Build/Build-nodate/disk.img}
[SHELL OUT]:	Writing File Block at 225374, Item: 92.	Root: [6307196192980050150:256073431676645]
[SHELL OUT]:	[Parent:00007ff7eaee1456] >>  C:/GitHub/BlockyOS/Build/Build-nodate/disk.img  Base: 133120    ConfBlockSize: 2048    Starting Disk Env ID: 
[SHELL OUT]:	Writing Bytes
[SHELL OUT]:	[Parent:00007ff7eaee1482] >> Writing [2048 bytes(s)->4 block(s)] to LBA[225374(257093632)-225378(257101824)]
[SHELL OUT]:	Closing Disk Interface >> {C:/GitHub/BlockyOS/Build/Build-nodate/disk.img}
[SHELL OUT]:	Writing File Block at 225375, Item: 93.	Root: [6307196192980050150:256073431676645]
[SHELL OUT]:	[Parent:00007ff7eaee1456] >>  C:/GitHub/BlockyOS/Build/Build-nodate/disk.img  Base: 133120    ConfBlockSize: 2048    Starting Disk Env ID: 
[SHELL OUT]:	Writing Bytes
[SHELL OUT]:	[Parent:00007ff7eaee1482] >> Writing [2048 bytes(s)->4 block(s)] to LBA[225375(257095680)-225379(257103872)]
[SHELL OUT]:	Closing Disk Interface >> {C:/GitHub/BlockyOS/Build/Build-nodate/disk.img}
[SHELL OUT]:	Writing File Block at 225376, Item: 94.	Root: [6307196192980050150:256073431676645]
[SHELL OUT]:	[Parent:00007ff7eaee1456] >>  C:/GitHub/BlockyOS/Build/Build-nodate/disk.img  Base: 133120    ConfBlockSize: 2048    Starting Disk Env ID: 
[SHELL OUT]:	Writing Bytes
[SHELL OUT]:	[Parent:00007ff7eaee1482] >> Writing [2048 bytes(s)->4 block(s)] to LBA[225376(257097728)-225380(257105920)]
[SHELL OUT]:	Closing Disk Interface >> {C:/GitHub/BlockyOS/Build/Build-nodate/disk.img}
[SHELL OUT]:	Writing File Block at 225377, Item: 95.	Root: [6307196192980050150:256073431676645]
[SHELL OUT]:	[Parent:00007ff7eaee1456] >>  C:/GitHub/BlockyOS/Build/Build-nodate/disk.img  Base: 133120    ConfBlockSize: 2048    Starting Disk Env ID: 
[SHELL OUT]:	Writing Bytes
[SHELL OUT]:	[Parent:00007ff7eaee1482] >> Writing [2048 bytes(s)->4 block(s)] to LBA[225377(257099776)-225381(257107968)]
[SHELL OUT]:	Closing Disk Interface >> {C:/GitHub/BlockyOS/Build/Build-nodate/disk.img}
[SHELL OUT]:	Writing File Block at 225378, Item: 96.	Root: [6307196192980050150:256073431676645]
[SHELL OUT]:	[Parent:00007ff7eaee1456] >>  C:/GitHub/BlockyOS/Build/Build-nodate/disk.img  Base: 133120    ConfBlockSize: 2048    Starting Disk Env ID: 
[SHELL OUT]:	Writing Bytes
[SHELL OUT]:	[Parent:00007ff7eaee1482] >> Writing [2048 bytes(s)->4 block(s)] to LBA[225378(257101824)-225382(257110016)]
[SHELL OUT]:	Closing Disk Interface >> {C:/GitHub/BlockyOS/Build/Build-nodate/disk.img}
[SHELL OUT]:	Writing File Block at 225379, Item: 97.	Root: [6307196192980050150:256073431676645]
[SHELL OUT]:	[Parent:00007ff7eaee1456] >>  C:/GitHub/BlockyOS/Build/Build-nodate/disk.img  Base: 133120    ConfBlockSize: 2048    Starting Disk Env ID: 
[SHELL OUT]:	Writing Bytes
[SHELL OUT]:	[Parent:00007ff7eaee1482] >> Writing [2048 bytes(s)->4 block(s)] to LBA[225379(257103872)-225383(257112064)]
[SHELL OUT]:	Closing Disk Interface >> {C:/GitHub/BlockyOS/Build/Build-nodate/disk.img}
[SHELL OUT]:	Writing File Block at 225380, Item: 98.	Root: [6307196192980050150:256073431676645]
[SHELL OUT]:	[Parent:00007ff7eaee1456] >>  C:/GitHub/BlockyOS/Build/Build-nodate/disk.img  Base: 133120    ConfBlockSize: 2048    Starting Disk Env ID: 
[SHELL OUT]:	Writing Bytes
[SHELL OUT]:	[Parent:00007ff7eaee1482] >> Writing [2048 bytes(s)->4 block(s)] to LBA[225380(257105920)-225384(257114112)]
[SHELL OUT]:	Closing Disk Interface >> {C:/GitHub/BlockyOS/Build/Build-nodate/disk.img}
[SHELL OUT]:	Writing File Block at 225381, Item: 99.	Root: [6307196192980050150:256073431676645]
[SHELL OUT]:	[Parent:00007ff7eaee1456] >>  C:/GitHub/BlockyOS/Build/Build-nodate/disk.img  Base: 133120    ConfBlockSize: 2048    Starting Disk Env ID: 
[SHELL OUT]:	Writing Bytes
[SHELL OUT]:	[Parent:00007ff7eaee1482] >> Writing [2048 bytes(s)->4 block(s)] to LBA[225381(257107968)-225385(257116160)]
[SHELL OUT]:	Closing Disk Interface >> {C:/GitHub/BlockyOS/Build/Build-nodate/disk.img}
[SHELL OUT]:	Writing File Block at 225382, Item: 100.	Root: [6307196192980050150:256073431676645]
[SHELL OUT]:	[Parent:00007ff7eaee1456] >>  C:/GitHub/BlockyOS/Build/Build-nodate/disk.img  Base: 133120    ConfBlockSize: 2048    Starting Disk Env ID: 
[SHELL OUT]:	Writing Bytes
[SHELL OUT]:	[Parent:00007ff7eaee1482] >> Writing [2048 bytes(s)->4 block(s)] to LBA[225382(257110016)-225386(257118208)]
[SHELL OUT]:	Closing Disk Interface >> {C:/GitHub/BlockyOS/Build/Build-nodate/disk.img}
[SHELL OUT]:	Writing File Block at 225383, Item: 101.	Root: [6307196192980050150:256073431676645]
[SHELL OUT]:	[Parent:00007ff7eaee1456] >>  C:/GitHub/BlockyOS/Build/Build-nodate/disk.img  Base: 133120    ConfBlockSize: 2048    Starting Disk Env ID: 
[SHELL OUT]:	Writing Bytes
[SHELL OUT]:	[Parent:00007ff7eaee1482] >> Writing [2048 bytes(s)->4 block(s)] to LBA[225383(257112064)-225387(257120256)]
[SHELL OUT]:	Closing Disk Interface >> {C:/GitHub/BlockyOS/Build/Build-nodate/disk.img}
[SHELL OUT]:	Writing File Block at 225384, Item: 102.	Root: [6307196192980050150:256073431676645]
[SHELL OUT]:	[Parent:00007ff7eaee1456] >>  C:/GitHub/BlockyOS/Build/Build-nodate/disk.img  Base: 133120    ConfBlockSize: 2048    Starting Disk Env ID: 
[SHELL OUT]:	Writing Bytes
[SHELL OUT]:	[Parent:00007ff7eaee1482] >> Writing [2048 bytes(s)->4 block(s)] to LBA[225384(257114112)-225388(257122304)]
[SHELL OUT]:	Closing Disk Interface >> {C:/GitHub/BlockyOS/Build/Build-nodate/disk.img}
[SHELL OUT]:	Writing File Block at 225385, Item: 103.	Root: [6307196192980050150:256073431676645]
[SHELL OUT]:	[Parent:00007ff7eaee1456] >>  C:/GitHub/BlockyOS/Build/Build-nodate/disk.img  Base: 133120    ConfBlockSize: 2048    Starting Disk Env ID: 
[SHELL OUT]:	Writing Bytes
[SHELL OUT]:	[Parent:00007ff7eaee1482] >> Writing [2048 bytes(s)->4 block(s)] to LBA[225385(257116160)-225389(257124352)]
[SHELL OUT]:	Closing Disk Interface >> {C:/GitHub/BlockyOS/Build/Build-nodate/disk.img}
[SHELL OUT]:	Writing File Block at 225386, Item: 104.	Root: [6307196192980050150:256073431676645]
[SHELL OUT]:	[Parent:00007ff7eaee1456] >>  C:/GitHub/BlockyOS/Build/Build-nodate/disk.img  Base: 133120    ConfBlockSize: 2048    Starting Disk Env ID: 
[SHELL OUT]:	Writing Bytes
[SHELL OUT]:	[Parent:00007ff7eaee1482] >> Writing [2048 bytes(s)->4 block(s)] to LBA[225386(257118208)-225390(257126400)]
[SHELL OUT]:	Closing Disk Interface >> {C:/GitHub/BlockyOS/Build/Build-nodate/disk.img}
[SHELL OUT]:	Writing File Block at 225387, Item: 105.	Root: [6307196192980050150:256073431676645]
[SHELL OUT]:	[Parent:00007ff7eaee1456] >>  C:/GitHub/BlockyOS/Build/Build-nodate/disk.img  Base: 133120    ConfBlockSize: 2048    Starting Disk Env ID: 
[SHELL OUT]:	Writing Bytes
[SHELL OUT]:	[Parent:00007ff7eaee1482] >> Writing [2048 bytes(s)->4 block(s)] to LBA[225387(257120256)-225391(257128448)]
[SHELL OUT]:	Closing Disk Interface >> {C:/GitHub/BlockyOS/Build/Build-nodate/disk.img}
[SHELL OUT]:	Writing File Block at 225388, Item: 106.	Root: [6307196192980050150:256073431676645]
[SHELL OUT]:	[Parent:00007ff7eaee1456] >>  C:/GitHub/BlockyOS/Build/Build-nodate/disk.img  Base: 133120    ConfBlockSize: 2048    Starting Disk Env ID: 
[SHELL OUT]:	Writing Bytes
[SHELL OUT]:	[Parent:00007ff7eaee1482] >> Writing [2048 bytes(s)->4 block(s)] to LBA[225388(257122304)-225392(257130496)]
[SHELL OUT]:	Closing Disk Interface >> {C:/GitHub/BlockyOS/Build/Build-nodate/disk.img}
[SHELL OUT]:	Writing File Block at 225389, Item: 107.	Root: [6307196192980050150:256073431676645]
[SHELL OUT]:	[Parent:00007ff7eaee1456] >>  C:/GitHub/BlockyOS/Build/Build-nodate/disk.img  Base: 133120    ConfBlockSize: 2048    Starting Disk Env ID: 
[SHELL OUT]:	Writing Bytes
[SHELL OUT]:	[Parent:00007ff7eaee1482] >> Writing [2048 bytes(s)->4 block(s)] to LBA[225389(257124352)-225393(257132544)]
[SHELL OUT]:	Closing Disk Interface >> {C:/GitHub/BlockyOS/Build/Build-nodate/disk.img}
[SHELL OUT]:	Writing File Block at 225390, Item: 108.	Root: [6307196192980050150:256073431676645]
[SHELL OUT]:	[Parent:00007ff7eaee1456] >>  C:/GitHub/BlockyOS/Build/Build-nodate/disk.img  Base: 133120    ConfBlockSize: 2048    Starting Disk Env ID: 
[SHELL OUT]:	Writing Bytes
[SHELL OUT]:	[Parent:00007ff7eaee1482] >> Writing [2048 bytes(s)->4 block(s)] to LBA[225390(257126400)-225394(257134592)]
[SHELL OUT]:	Closing Disk Interface >> {C:/GitHub/BlockyOS/Build/Build-nodate/disk.img}
[SHELL OUT]:	Writing File Block at 225391, Item: 109.	Root: [6307196192980050150:256073431676645]
[SHELL OUT]:	[Parent:00007ff7eaee1456] >>  C:/GitHub/BlockyOS/Build/Build-nodate/disk.img  Base: 133120    ConfBlockSize: 2048    Starting Disk Env ID: 
[SHELL OUT]:	Writing Bytes
[SHELL OUT]:	[Parent:00007ff7eaee1482] >> Writing [2048 bytes(s)->4 block(s)] to LBA[225391(257128448)-225395(257136640)]
[SHELL OUT]:	Closing Disk Interface >> {C:/GitHub/BlockyOS/Build/Build-nodate/disk.img}
[SHELL OUT]:	Writing File Block at 225392, Item: 110.	Root: [6307196192980050150:256073431676645]
[SHELL OUT]:	[Parent:00007ff7eaee1456] >>  C:/GitHub/BlockyOS/Build/Build-nodate/disk.img  Base: 133120    ConfBlockSize: 2048    Starting Disk Env ID: 
[SHELL OUT]:	Writing Bytes
[SHELL OUT]:	[Parent:00007ff7eaee1482] >> Writing [2048 bytes(s)->4 block(s)] to LBA[225392(257130496)-225396(257138688)]
[SHELL OUT]:	Closing Disk Interface >> {C:/GitHub/BlockyOS/Build/Build-nodate/disk.img}
[SHELL OUT]:	Writing File Block at 225393, Item: 111.	Root: [6307196192980050150:256073431676645]
[SHELL OUT]:	[Parent:00007ff7eaee1456] >>  C:/GitHub/BlockyOS/Build/Build-nodate/disk.img  Base: 133120    ConfBlockSize: 2048    Starting Disk Env ID: 
[SHELL OUT]:	Writing Bytes
[SHELL OUT]:	[Parent:00007ff7eaee1482] >> Writing [2048 bytes(s)->4 block(s)] to LBA[225393(257132544)-225397(257140736)]
[SHELL OUT]:	Closing Disk Interface >> {C:/GitHub/BlockyOS/Build/Build-nodate/disk.img}
[SHELL OUT]:	Writing File Block at 225394, Item: 112.	Root: [6307196192980050150:256073431676645]
[SHELL OUT]:	[Parent:00007ff7eaee1456] >>  C:/GitHub/BlockyOS/Build/Build-nodate/disk.img  Base: 133120    ConfBlockSize: 2048    Starting Disk Env ID: 
[SHELL OUT]:	Writing Bytes
[SHELL OUT]:	[Parent:00007ff7eaee1482] >> Writing [2048 bytes(s)->4 block(s)] to LBA[225394(257134592)-225398(257142784)]
[SHELL OUT]:	Closing Disk Interface >> {C:/GitHub/BlockyOS/Build/Build-nodate/disk.img}
[SHELL OUT]:	Writing File Block at 225395, Item: 113.	Root: [6307196192980050150:256073431676645]
[SHELL OUT]:	[Parent:00007ff7eaee1456] >>  C:/GitHub/BlockyOS/Build/Build-nodate/disk.img  Base: 133120    ConfBlockSize: 2048    Starting Disk Env ID: 
[SHELL OUT]:	Writing Bytes
[SHELL OUT]:	[Parent:00007ff7eaee1482] >> Writing [2048 bytes(s)->4 block(s)] to LBA[225395(257136640)-225399(257144832)]
[SHELL OUT]:	Closing Disk Interface >> {C:/GitHub/BlockyOS/Build/Build-nodate/disk.img}
[SHELL OUT]:	Writing File Block at 225396, Item: 114.	Root: [6307196192980050150:256073431676645]
[SHELL OUT]:	[Parent:00007ff7eaee1456] >>  C:/GitHub/BlockyOS/Build/Build-nodate/disk.img  Base: 133120    ConfBlockSize: 2048    Starting Disk Env ID: 
[SHELL OUT]:	Writing Bytes
[SHELL OUT]:	[Parent:00007ff7eaee1482] >> Writing [2048 bytes(s)->4 block(s)] to LBA[225396(257138688)-225400(257146880)]
[SHELL OUT]:	Closing Disk Interface >> {C:/GitHub/BlockyOS/Build/Build-nodate/disk.img}
[SHELL OUT]:	Writing File Block at 225397, Item: 115.	Root: [6307196192980050150:256073431676645]
[SHELL OUT]:	[Parent:00007ff7eaee1456] >>  C:/GitHub/BlockyOS/Build/Build-nodate/disk.img  Base: 133120    ConfBlockSize: 2048    Starting Disk Env ID: 
[SHELL OUT]:	Writing Bytes
[SHELL OUT]:	[Parent:00007ff7eaee1482] >> Writing [2048 bytes(s)->4 block(s)] to LBA[225397(257140736)-225401(257148928)]
[SHELL OUT]:	Closing Disk Interface >> {C:/GitHub/BlockyOS/Build/Build-nodate/disk.img}
[SHELL OUT]:	Writing File Block at 225398, Item: 116.	Root: [6307196192980050150:256073431676645]
[SHELL OUT]:	[Parent:00007ff7eaee1456] >>  C:/GitHub/BlockyOS/Build/Build-nodate/disk.img  Base: 133120    ConfBlockSize: 2048    Starting Disk Env ID: 
[SHELL OUT]:	Writing Bytes
[SHELL OUT]:	[Parent:00007ff7eaee1482] >> Writing [2048 bytes(s)->4 block(s)] to LBA[225398(257142784)-225402(257150976)]
[SHELL OUT]:	Closing Disk Interface >> {C:/GitHub/BlockyOS/Build/Build-nodate/disk.img}
[SHELL OUT]:	Writing File Block at 225399, Item: 117.	Root: [6307196192980050150:256073431676645]
[SHELL OUT]:	[Parent:00007ff7eaee1456] >>  C:/GitHub/BlockyOS/Build/Build-nodate/disk.img  Base: 133120    ConfBlockSize: 2048    Starting Disk Env ID: 
[SHELL OUT]:	Writing Bytes
[SHELL OUT]:	[Parent:00007ff7eaee1482] >> Writing [2048 bytes(s)->4 block(s)] to LBA[225399(257144832)-225403(257153024)]
[SHELL OUT]:	Closing Disk Interface >> {C:/GitHub/BlockyOS/Build/Build-nodate/disk.img}
[SHELL OUT]:	Writing File Block at 225400, Item: 118.	Root: [6307196192980050150:256073431676645]
[SHELL OUT]:	[Parent:00007ff7eaee1456] >>  C:/GitHub/BlockyOS/Build/Build-nodate/disk.img  Base: 133120    ConfBlockSize: 2048    Starting Disk Env ID: 
[SHELL OUT]:	Writing Bytes
[SHELL OUT]:	[Parent:00007ff7eaee1482] >> Writing [2048 bytes(s)->4 block(s)] to LBA[225400(257146880)-225404(257155072)]
[SHELL OUT]:	Closing Disk Interface >> {C:/GitHub/BlockyOS/Build/Build-nodate/disk.img}
[SHELL OUT]:	Writing File Block at 225401, Item: 119.	Root: [6307196192980050150:256073431676645]
[SHELL OUT]:	[Parent:00007ff7eaee1456] >>  C:/GitHub/BlockyOS/Build/Build-nodate/disk.img  Base: 133120    ConfBlockSize: 2048    Starting Disk Env ID: 
[SHELL OUT]:	Writing Bytes
[SHELL OUT]:	[Parent:00007ff7eaee1482] >> Writing [2048 bytes(s)->4 block(s)] to LBA[225401(257148928)-225405(257157120)]
[SHELL OUT]:	Closing Disk Interface >> {C:/GitHub/BlockyOS/Build/Build-nodate/disk.img}
[SHELL OUT]:	Writing File Block at 225402, Item: 120.	Root: [6307196192980050150:256073431676645]
[SHELL OUT]:	[Parent:00007ff7eaee1456] >>  C:/GitHub/BlockyOS/Build/Build-nodate/disk.img  Base: 133120    ConfBlockSize: 2048    Starting Disk Env ID: 
[SHELL OUT]:	Writing Bytes
[SHELL OUT]:	[Parent:00007ff7eaee1482] >> Writing [2048 bytes(s)->4 block(s)] to LBA[225402(257150976)-225406(257159168)]
[SHELL OUT]:	Closing Disk Interface >> {C:/GitHub/BlockyOS/Build/Build-nodate/disk.img}
[SHELL OUT]:	Writing File Block at 225403, Item: 121.	Root: [6307196192980050150:256073431676645]
[SHELL OUT]:	[Parent:00007ff7eaee1456] >>  C:/GitHub/BlockyOS/Build/Build-nodate/disk.img  Base: 133120    ConfBlockSize: 2048    Starting Disk Env ID: 
[SHELL OUT]:	Writing Bytes
[SHELL OUT]:	[Parent:00007ff7eaee1482] >> Writing [2048 bytes(s)->4 block(s)] to LBA[225403(257153024)-225407(257161216)]
[SHELL OUT]:	Closing Disk Interface >> {C:/GitHub/BlockyOS/Build/Build-nodate/disk.img}
[SHELL OUT]:	Writing File Block at 225496, Item: 122.	Root: [6307196192980050150:256073431676645]
[SHELL OUT]:	[Parent:00007ff7eaee1456] >>  C:/GitHub/BlockyOS/Build/Build-nodate/disk.img  Base: 133120    ConfBlockSize: 2048    Starting Disk Env ID: 
[SHELL OUT]:	Writing Bytes
[SHELL OUT]:	[Parent:00007ff7eaee1482] >> Writing [2048 bytes(s)->4 block(s)] to LBA[225496(257343488)-225500(257351680)]
[SHELL OUT]:	Closing Disk Interface >> {C:/GitHub/BlockyOS/Build/Build-nodate/disk.img}
[SHELL OUT]:	Reading File Block at 225497, Item: 123.    Root: [6307196192980050150:256073431676645]
[SHELL OUT]:	[Parent:00007ff7eaee0fb9] >>  C:/GitHub/BlockyOS/Build/Build-nodate/disk.img  Base: 133120    ConfBlockSize: 2048    Starting Disk Env ID: 
[SHELL OUT]:	Reading Bytes
[SHELL OUT]:	[Parent:00007ff7eaee0fdd] >> Reading [2048 bytes(s)->4 block(s)] from LBA[225497(257345536)-225501(257353728)]
[SHELL OUT]:	Closing Disk Interface >> {C:/GitHub/BlockyOS/Build/Build-nodate/disk.img}
[SHELL OUT]:	Writing File Block at 225497, Item: 123.	Root: [6307196192980050150:256073431676645]
[SHELL OUT]:	[Parent:00007ff7eaee1456] >>  C:/GitHub/BlockyOS/Build/Build-nodate/disk.img  Base: 133120    ConfBlockSize: 2048    Starting Disk Env ID: 
[SHELL OUT]:	Writing Bytes
[SHELL OUT]:	[Parent:00007ff7eaee1482] >> Writing [2048 bytes(s)->4 block(s)] to LBA[225497(257345536)-225501(257353728)]
[SHELL OUT]:	Closing Disk Interface >> {C:/GitHub/BlockyOS/Build/Build-nodate/disk.img}
[SHELL OUT]:	[0]: ""
