00000000000i[      ] Bochs x86 Emulator 3.0.devel
00000000000i[      ]   Built from GitHub snapshot after release 3.0
00000000000i[      ]   Compiled on Apr 20 2026 at 19:21:05
00000000000i[      ] System configuration
00000000000i[      ]   processors: 2 (cores=1, HT threads=1)
00000000000i[      ]   A20 line support: yes
00000000000i[      ] IPS is set to 10000000
00000000000i[      ] CPU configuration
00000000000i[      ]   SMP support: yes, quantum=16
00000000000i[      ]   Using pre-defined CPU configuration: corei7_ivy_bridge_3770k
00000000000i[      ] Optimization configuration
00000000000i[      ]   RepeatSpeedups support: yes
00000000000i[      ]   Fast function calls: yes
00000000000i[      ]   Handlers Chaining speedups: yes
00000000000i[      ] Devices configuration
00000000000i[      ]   PCI support: i440FX i430FX i440BX
00000000000i[      ]   Network devices support: NE2000 E1000
00000000000i[      ]   Sound support: ES1370
00000000000i[      ]   USB support: UHCI xHCI
00000000000i[      ]   VGA extension support: vbe cirrus voodoo
00000000000i[IMG   ] Disk image modules
00000000000i[IMG   ]   flat concat sparse dll growing undoable volatile vmware3
00000000000i[IMG   ]   vmware4 vbox vpc vhdx vvfat
00000000000i[NETCTL] Networking modules
00000000000i[NETCTL]   null vnet slirp socket win32
00000000000i[SNDCTL] Sound drivers
00000000000i[SNDCTL]   dummy file sdl win
00000000000i[USBCTL] Pluggable USB devices
00000000000i[USBCTL]   floppy mouse tablet keypad keyboard hub disk cdrom
00000000000i[USBCTL]   printer
00000000000i[      ] Auto-adjusting memory block size to 262144
00000000000i[MEM0  ] allocated memory at 000001b10000e040. after alignment, vector=000001b10000f000, block_size = 256K
00000000000i[MEM0  ] 1024.00MB
00000000000i[MEM0  ] mem block size = 0x00040000, blocks=4096
00000000000i[MEM0  ] rom at 0xffc84000/3653632 ('C:\GitHub\BlockyOS\compile\toolchain\uefi\debug\OVMF_CODE.fd')
00000000000i[CPU0  ] You must compile with --enable-vmx=2 for Intel Core i7 Ivy Bridge VMX configuration
00000000000i[CPU0  ] WARNING: RDRAND would not produce true random numbers !
00000000000i[CPU0  ] initialized CPU model corei7_ivy_bridge_3770k
00000000000i[CPU1  ] You must compile with --enable-vmx=2 for Intel Core i7 Ivy Bridge VMX configuration
00000000000i[CPU1  ] WARNING: RDRAND would not produce true random numbers !
00000000000i[CPU1  ] initialized CPU model corei7_ivy_bridge_3770k
00000000000i[DEV   ] will paste characters every 100 iodev timer ticks
00000000000i[DEV   ] Using boot sequence disk, none, none
00000000000i[PLUGIN] init_dev of 'svga_cirrus' plugin device by virtual method
00000000000i[MEM0  ] Register memory access handlers: 0x0000000a0000 - 0x0000000bffff
00000000000i[      ] interval=16666, mode=realtime
00000000000i[      ] Setting VGA update interval to 16666 (60.0 Hz)
00000000000i[      ] VSYNC using standard mode
00000000000i[DEV   ] PCI slot #1 used by plugin 'cirrus'
00000000000i[DEV   ] SVGA Cirrus PCI present at device 2, function 0
00000000000i[CIRRUS] loaded PCI ROM 'C:\msys64\mingw64\share\bochs\VGABIOS-lgpl-latest-cirrus.bin' (size=33792 / PCI=64k)
00000000000i[CIRRUS] CL-GD5446 PCI initialized
00000000000i[PLUGIN] init_dev of 'pci' plugin device by virtual method
00000000000i[DEV   ] i440FX PMC present at device 0, function 0
00000000000i[PLUGIN] init_dev of 'pci2isa' plugin device by virtual method
00000000000i[DEV   ] PIIX3 PCI-to-ISA bridge present at device 1, function 0
00000000000i[PLUGIN] init_dev of 'cmos' plugin device by virtual method
00000000000i[CMOS  ] Using local time for initial clock
00000000000i[CMOS  ] Setting initial clock to: Wed Oct  7 23:50:45   2026 tz=utc (time0=1791417045)
00000000000i[PLUGIN] init_dev of 'dma' plugin device by virtual method
00000000000i[DMA   ] channel 4 used by cascade
00000000000i[PLUGIN] init_dev of 'pic' plugin device by virtual method
00000000000i[PLUGIN] init_dev of 'pit' plugin device by virtual method
00000000000i[PLUGIN] init_dev of 'acpi' plugin device by virtual method
00000000000i[DEV   ] ACPI Controller present at device 1, function 3
00000000000i[PLUGIN] init_dev of 'hpet' plugin device by virtual method
00000000000i[HPET  ] initializing HPET
00000000000i[MEM0  ] Register memory access handlers: 0x0000fed00000 - 0x0000fed003ff
00000000000i[PLUGIN] init_dev of 'floppy' plugin device by virtual method
00000000000i[DMA   ] channel 2 used by Floppy Drive
00000000000i[FLOPPY] Floppy boot signature check is enabled
00000000000i[PLUGIN] init_dev of 'ioapic' plugin device by virtual method
00000000000i[IOAPIC] initializing I/O APIC
00000000000i[MEM0  ] Register memory access handlers: 0x0000fec00000 - 0x0000fec00fff
00000000000i[IOAPIC] IOAPIC enabled (base address = 0xfec00000)
00000000000i[PLUGIN] init_dev of 'keyboard' plugin device by virtual method
00000000000i[PLUGIN] init_dev of 'pci_ide' plugin device by virtual method
00000000000i[DEV   ] PIIX3 PCI IDE controller present at device 1, function 1
00000000000i[      ] Reading gui debugger settings from local ini file
00000000000i[PLUGIN] init_dev of 'harddrv' plugin device by virtual method
00000000000i[HD    ] HD on ata0-0: 'C:\GitHub\BlockyOS\Build\Build-nodate\disk.img', 'flat' mode
00000000000i[IMG   ] hd_size: 1141900288
00000000000i[HD    ] ata0-0: autodetect geometry: CHS=2212/16/63 (sector size=512)
00000000000i[HD    ] ata0-0: extra data outside of CHS address range
00000000000i[PLUGIN] init_dev of 'unmapped' plugin device by virtual method
00000000000i[PLUGIN] init_dev of 'biosdev' plugin device by virtual method
00000000000i[PLUGIN] init_dev of 'speaker' plugin device by virtual method
00000000000i[PCSPK ] Using lowlevel sound support for output
00000000000i[PLUGIN] init_dev of 'extfpuirq' plugin device by virtual method
00000000000i[PLUGIN] init_dev of 'parallel' plugin device by virtual method
00000000000i[PAR   ] parallel port 1 at 0x0378 irq 7
00000000000i[PLUGIN] init_dev of 'serial' plugin device by virtual method
00000000000i[SER   ] com1 at 0x03f8 irq 4 (mode: null)
00000000000i[PLUGIN] init_dev of 'gameport' plugin device by virtual method
00000000000i[PLUGIN] init_dev of 'iodebug' plugin device by virtual method
00000000000i[PLUGIN] init_dev of 'e1000' plugin device by virtual method
00000000000i[DEV   ] PCI slot #2 used by plugin 'e1000'
00000000000i[DEV   ] Intel(R) Gigabit Ethernet #0 present at device 3, function 0
00000000000i[E1000A] null network driver
00000000000i[E1000A] E1000 initialized
00000000000i[PLUGIN] init_dev of 'usb_uhci' plugin device by virtual method
00000000000i[DEV   ] USB UHCI present at device 1, function 2
00000000000i[UHCI  ] USB UHCI initialized
00000000000i[PLUGIN] register state of 'svga_cirrus' plugin device by virtual method
00000000000i[PLUGIN] register state of 'pci' plugin device by virtual method
00000000000i[PLUGIN] register state of 'pci2isa' plugin device by virtual method
00000000000i[PLUGIN] register state of 'cmos' plugin device by virtual method
00000000000i[PLUGIN] register state of 'dma' plugin device by virtual method
00000000000i[PLUGIN] register state of 'pic' plugin device by virtual method
00000000000i[PLUGIN] register state of 'pit' plugin device by virtual method
00000000000i[PLUGIN] register state of 'unmapped' plugin device by virtual method
00000000000i[PLUGIN] register state of 'biosdev' plugin device by virtual method
00000000000i[PLUGIN] register state of 'speaker' plugin device by virtual method
00000000000i[PLUGIN] register state of 'extfpuirq' plugin device by virtual method
00000000000i[PLUGIN] register state of 'parallel' plugin device by virtual method
00000000000i[PLUGIN] register state of 'serial' plugin device by virtual method
00000000000i[PLUGIN] register state of 'gameport' plugin device by virtual method
00000000000i[PLUGIN] register state of 'iodebug' plugin device by virtual method
00000000000i[PLUGIN] register state of 'e1000' plugin device by virtual method
00000000000i[PLUGIN] register state of 'usb_uhci' plugin device by virtual method
00000000000i[PLUGIN] register state of 'acpi' plugin device by virtual method
00000000000i[PLUGIN] register state of 'hpet' plugin device by virtual method
00000000000i[PLUGIN] register state of 'floppy' plugin device by virtual method
00000000000i[PLUGIN] register state of 'ioapic' plugin device by virtual method
00000000000i[PLUGIN] register state of 'keyboard' plugin device by virtual method
00000000000i[PLUGIN] register state of 'pci_ide' plugin device by virtual method
00000000000i[PLUGIN] register state of 'harddrv' plugin device by virtual method
00000000000i[SYS   ] bx_pc_system_c::Reset(HARDWARE) called
00000000000i[CPU0  ] cpu hardware reset
00000000000i[APIC0 ] allocate APIC id=0 (MMIO enabled) to 0x0000fee00000
00000000000i[CPU0  ] CPU[0] is the bootstrap processor
00000000000i[CPU0  ] CPUID[0x00000000]: 0000000d 756e6547 6c65746e 49656e69
00000000000i[CPU0  ] CPUID[0x00000001]: 000306a9 00010800 77bae39f bfebfbff
00000000000i[CPU0  ] CPUID[0x00000002]: 76035a01 00f0b2ff 00000000 00ca0000
00000000000i[CPU0  ] CPUID[0x00000003]: 00000000 00000000 00000000 00000000
00000000000i[CPU0  ] CPUID[0x00000004]: 1c004121 01c0003f 0000003f 00000000
00000000000i[CPU0  ] CPUID[0x00000005]: 00000040 00000040 00000003 00001120
00000000000i[CPU0  ] CPUID[0x00000006]: 00000077 00000002 00000009 00000000
00000000000i[CPU0  ] CPUID[0x00000007]: 00000000 00000281 00000000 00000000
00000000000i[CPU0  ] CPUID[0x00000008]: 00000000 00000000 00000000 00000000
00000000000i[CPU0  ] CPUID[0x00000009]: 00000000 00000000 00000000 00000000
00000000000i[CPU0  ] WARNING: Architectural Performance Monitoring is not implemented
00000000000i[CPU0  ] CPUID[0x0000000a]: 07300403 00000000 00000000 00000603
00000000000i[CPU0  ] CPUID[0x0000000b]: 00000001 00000001 00000100 00000000
00000000000i[CPU0  ] CPUID[0x0000000c]: 00000000 00000000 00000000 00000000
00000000000i[CPU0  ] CPUID[0x0000000d]: 00000007 00000240 00000340 00000000
00000000000i[CPU0  ] CPUID[0x80000000]: 80000008 00000000 00000000 00000000
00000000000i[CPU0  ] CPUID[0x80000001]: 00000000 00000000 00000001 28100000
00000000000i[CPU0  ] CPUID[0x80000002]: 20202020 49202020 6c65746e 20295228
00000000000i[CPU0  ] CPUID[0x80000003]: 65726f43 294d5428 2d376920 30373733
00000000000i[CPU0  ] CPUID[0x80000004]: 5043204b 20402055 30352e33 007a4847
00000000000i[CPU0  ] CPUID[0x80000005]: 00000000 00000000 00000000 00000000
00000000000i[CPU0  ] CPUID[0x80000006]: 00000000 00000000 01006040 00000000
00000000000i[CPU0  ] CPUID[0x80000007]: 00000000 00000000 00000000 00000100
00000000000i[CPU0  ] CPUID[0x80000008]: 00003028 00000200 00000000 00000000
00000000000i[CPU0  ] CPU Features supported:
00000000000i[CPU0  ] 		x87
00000000000i[CPU0  ] 		486ni
00000000000i[CPU0  ] 		pentium_ni
00000000000i[CPU0  ] 		p6ni
00000000000i[CPU0  ] 		mmx
00000000000i[CPU0  ] 		debugext
00000000000i[CPU0  ] 		vme
00000000000i[CPU0  ] 		pse
00000000000i[CPU0  ] 		pae
00000000000i[CPU0  ] 		pge
00000000000i[CPU0  ] 		mtrr
00000000000i[CPU0  ] 		pat
00000000000i[CPU0  ] 		sysenter_sysexit
00000000000i[CPU0  ] 		clflush
00000000000i[CPU0  ] 		sse
00000000000i[CPU0  ] 		sse2
00000000000i[CPU0  ] 		sse3
00000000000i[CPU0  ] 		ssse3
00000000000i[CPU0  ] 		sse4_1
00000000000i[CPU0  ] 		sse4_2
00000000000i[CPU0  ] 		popcnt
00000000000i[CPU0  ] 		mwait
00000000000i[CPU0  ] 		longmode
00000000000i[CPU0  ] 		lm_lahf_sahf
00000000000i[CPU0  ] 		nx
00000000000i[CPU0  ] 		cmpxhg16b
00000000000i[CPU0  ] 		rdtscp
00000000000i[CPU0  ] 		xsave
00000000000i[CPU0  ] 		xsaveopt
00000000000i[CPU0  ] 		aes_pclmulqdq
00000000000i[CPU0  ] 		fsgsbase
00000000000i[CPU0  ] 		avx
00000000000i[CPU0  ] 		avx_f16c
00000000000i[CPU0  ] 		rdrand
00000000000i[CPU0  ] 		smep
00000000000i[CPU0  ] 		xapic
00000000000i[CPU0  ] 		x2apic
00000000000i[CPU0  ] 		pcid
00000000000i[CPU0  ] 		tsc_deadline
00000000000i[CPU1  ] cpu hardware reset
00000000000i[APIC1 ] allocate APIC id=1 (MMIO enabled) to 0x0000fee00000
00000000000i[CPU1  ] CPU[1] is an application processor. Halting until SIPI.
00000000000i[CPU1  ] CPUID[0x00000000]: 0000000d 756e6547 6c65746e 49656e69
00000000000i[CPU1  ] CPUID[0x00000001]: 000306a9 01010800 77bae39f bfebfbff
00000000000i[CPU1  ] CPUID[0x00000002]: 76035a01 00f0b2ff 00000000 00ca0000
00000000000i[CPU1  ] CPUID[0x00000003]: 00000000 00000000 00000000 00000000
00000000000i[CPU1  ] CPUID[0x00000004]: 1c004121 01c0003f 0000003f 00000000
00000000000i[CPU1  ] CPUID[0x00000005]: 00000040 00000040 00000003 00001120
00000000000i[CPU1  ] CPUID[0x00000006]: 00000077 00000002 00000009 00000000
00000000000i[CPU1  ] CPUID[0x00000007]: 00000000 00000281 00000000 00000000
00000000000i[CPU1  ] CPUID[0x00000008]: 00000000 00000000 00000000 00000000
00000000000i[CPU1  ] CPUID[0x00000009]: 00000000 00000000 00000000 00000000
00000000000i[CPU1  ] WARNING: Architectural Performance Monitoring is not implemented
00000000000i[CPU1  ] CPUID[0x0000000a]: 07300403 00000000 00000000 00000603
00000000000i[CPU1  ] CPUID[0x0000000b]: 00000001 00000001 00000100 00000001
00000000000i[CPU1  ] CPUID[0x0000000c]: 00000000 00000000 00000000 00000000
00000000000i[CPU1  ] CPUID[0x0000000d]: 00000007 00000240 00000340 00000000
00000000000i[CPU1  ] CPUID[0x80000000]: 80000008 00000000 00000000 00000000
00000000000i[CPU1  ] CPUID[0x80000001]: 00000000 00000000 00000001 28100000
00000000000i[CPU1  ] CPUID[0x80000002]: 20202020 49202020 6c65746e 20295228
00000000000i[CPU1  ] CPUID[0x80000003]: 65726f43 294d5428 2d376920 30373733
00000000000i[CPU1  ] CPUID[0x80000004]: 5043204b 20402055 30352e33 007a4847
00000000000i[CPU1  ] CPUID[0x80000005]: 00000000 00000000 00000000 00000000
00000000000i[CPU1  ] CPUID[0x80000006]: 00000000 00000000 01006040 00000000
00000000000i[CPU1  ] CPUID[0x80000007]: 00000000 00000000 00000000 00000100
00000000000i[CPU1  ] CPUID[0x80000008]: 00003028 00000200 00000000 00000000
00000000000i[CPU1  ] CPU Features supported:
00000000000i[CPU1  ] 		x87
00000000000i[CPU1  ] 		486ni
00000000000i[CPU1  ] 		pentium_ni
00000000000i[CPU1  ] 		p6ni
00000000000i[CPU1  ] 		mmx
00000000000i[CPU1  ] 		debugext
00000000000i[CPU1  ] 		vme
00000000000i[CPU1  ] 		pse
00000000000i[CPU1  ] 		pae
00000000000i[CPU1  ] 		pge
00000000000i[CPU1  ] 		mtrr
00000000000i[CPU1  ] 		pat
00000000000i[CPU1  ] 		sysenter_sysexit
00000000000i[CPU1  ] 		clflush
00000000000i[CPU1  ] 		sse
00000000000i[CPU1  ] 		sse2
00000000000i[CPU1  ] 		sse3
00000000000i[CPU1  ] 		ssse3
00000000000i[CPU1  ] 		sse4_1
00000000000i[CPU1  ] 		sse4_2
00000000000i[CPU1  ] 		popcnt
00000000000i[CPU1  ] 		mwait
00000000000i[CPU1  ] 		longmode
00000000000i[CPU1  ] 		lm_lahf_sahf
00000000000i[CPU1  ] 		nx
00000000000i[CPU1  ] 		cmpxhg16b
00000000000i[CPU1  ] 		rdtscp
00000000000i[CPU1  ] 		xsave
00000000000i[CPU1  ] 		xsaveopt
00000000000i[CPU1  ] 		aes_pclmulqdq
00000000000i[CPU1  ] 		fsgsbase
00000000000i[CPU1  ] 		avx
00000000000i[CPU1  ] 		avx_f16c
00000000000i[CPU1  ] 		rdrand
00000000000i[CPU1  ] 		smep
00000000000i[CPU1  ] 		xapic
00000000000i[CPU1  ] 		x2apic
00000000000i[CPU1  ] 		pcid
00000000000i[CPU1  ] 		tsc_deadline
00000000000i[PLUGIN] reset of 'svga_cirrus' plugin device by virtual method
00000000000i[DDC   ] Using default EDID for resolution 1920x1200
00000000000i[PLUGIN] reset of 'pci' plugin device by virtual method
00000000000i[PLUGIN] reset of 'pci2isa' plugin device by virtual method
00000000000i[PLUGIN] reset of 'cmos' plugin device by virtual method
00000000000i[PLUGIN] reset of 'dma' plugin device by virtual method
00000000000i[PLUGIN] reset of 'pic' plugin device by virtual method
00000000000i[PLUGIN] reset of 'pit' plugin device by virtual method
00000000000i[PLUGIN] reset of 'acpi' plugin device by virtual method
00000000000i[PLUGIN] reset of 'hpet' plugin device by virtual method
00000000000i[PLUGIN] reset of 'floppy' plugin device by virtual method
00000000000i[PLUGIN] reset of 'ioapic' plugin device by virtual method
00000000000i[PLUGIN] reset of 'keyboard' plugin device by virtual method
00000000000i[PLUGIN] reset of 'pci_ide' plugin device by virtual method
00000000000i[PLUGIN] reset of 'harddrv' plugin device by virtual method
00000000000i[PLUGIN] reset of 'unmapped' plugin device by virtual method
00000000000i[PLUGIN] reset of 'biosdev' plugin device by virtual method
00000000000i[PLUGIN] reset of 'speaker' plugin device by virtual method
00000000000i[PLUGIN] reset of 'extfpuirq' plugin device by virtual method
00000000000i[PLUGIN] reset of 'parallel' plugin device by virtual method
00000000000i[PLUGIN] reset of 'serial' plugin device by virtual method
00000000000i[PLUGIN] reset of 'gameport' plugin device by virtual method
00000000000i[PLUGIN] reset of 'iodebug' plugin device by virtual method
00000000000i[PLUGIN] reset of 'e1000' plugin device by virtual method
00000000000i[PLUGIN] reset of 'usb_uhci' plugin device by virtual method
00000000000i[      ] Using debugger log file C:\GitHub\BlockyOS\Build\Build-nodate\debugger.log
00000075675i[ACPI  ] new PM base address: 0xb000
00447564435i[APIC1 ] Deliver INIT IPI
00447665085i[APIC1 ] Deliver Start Up IPI
00447665085i[CPU1  ] CPU 1 started up at 9F00:00000000 by APIC
00447667770i[APIC1 ] Deliver Start Up IPI
00447667770i[CPU1  ] CPU 1 started up by APIC, but was not halted at that time
00448174405i[APIC1 ] Deliver INIT IPI
00448174405i[CPU1  ] cpu software reset
00448174405i[APIC1 ] allocate APIC id=1 (MMIO enabled) to 0x0000fee00000
00448174405i[CPU1  ] CPU[1] is an application processor. Halting until SIPI.
00448174405i[CPU1  ] CPUID[0x00000000]: 0000000d 756e6547 6c65746e 49656e69
00448174405i[CPU1  ] CPUID[0x00000001]: 000306a9 01010800 77bae39f bfebfbff
00448174405i[CPU1  ] CPUID[0x00000002]: 76035a01 00f0b2ff 00000000 00ca0000
00448174405i[CPU1  ] CPUID[0x00000003]: 00000000 00000000 00000000 00000000
00448174405i[CPU1  ] CPUID[0x00000004]: 1c004121 01c0003f 0000003f 00000000
00448174405i[CPU1  ] CPUID[0x00000005]: 00000040 00000040 00000003 00001120
00448174405i[CPU1  ] CPUID[0x00000006]: 00000077 00000002 00000009 00000000
00448174405i[CPU1  ] CPUID[0x00000007]: 00000000 00000281 00000000 00000000
00448174405i[CPU1  ] CPUID[0x00000008]: 00000000 00000000 00000000 00000000
00448174405i[CPU1  ] CPUID[0x00000009]: 00000000 00000000 00000000 00000000
00448174405i[CPU1  ] WARNING: Architectural Performance Monitoring is not implemented
00448174405i[CPU1  ] CPUID[0x0000000a]: 07300403 00000000 00000000 00000603
00448174405i[CPU1  ] CPUID[0x0000000b]: 00000001 00000001 00000100 00000001
00448174405i[CPU1  ] CPUID[0x0000000c]: 00000000 00000000 00000000 00000000
00448174405i[CPU1  ] CPUID[0x0000000d]: 00000007 00000240 00000340 00000000
00448174405i[CPU1  ] CPUID[0x80000000]: 80000008 00000000 00000000 00000000
00448174405i[CPU1  ] CPUID[0x80000001]: 00000000 00000000 00000001 28100000
00448174405i[CPU1  ] CPUID[0x80000002]: 20202020 49202020 6c65746e 20295228
00448174405i[CPU1  ] CPUID[0x80000003]: 65726f43 294d5428 2d376920 30373733
00448174405i[CPU1  ] CPUID[0x80000004]: 5043204b 20402055 30352e33 007a4847
00448174405i[CPU1  ] CPUID[0x80000005]: 00000000 00000000 00000000 00000000
00448174405i[CPU1  ] CPUID[0x80000006]: 00000000 00000000 01006040 00000000
00448174405i[CPU1  ] CPUID[0x80000007]: 00000000 00000000 00000000 00000100
00448174405i[CPU1  ] CPUID[0x80000008]: 00003028 00000200 00000000 00000000
00448174405i[CPU1  ] CPU Features supported:
00448174405i[CPU1  ] 		x87
00448174405i[CPU1  ] 		486ni
00448174405i[CPU1  ] 		pentium_ni
00448174405i[CPU1  ] 		p6ni
00448174405i[CPU1  ] 		mmx
00448174405i[CPU1  ] 		debugext
00448174405i[CPU1  ] 		vme
00448174405i[CPU1  ] 		pse
00448174405i[CPU1  ] 		pae
00448174405i[CPU1  ] 		pge
00448174405i[CPU1  ] 		mtrr
00448174405i[CPU1  ] 		pat
00448174405i[CPU1  ] 		sysenter_sysexit
00448174405i[CPU1  ] 		clflush
00448174405i[CPU1  ] 		sse
00448174405i[CPU1  ] 		sse2
00448174405i[CPU1  ] 		sse3
00448174405i[CPU1  ] 		ssse3
00448174405i[CPU1  ] 		sse4_1
00448174405i[CPU1  ] 		sse4_2
00448174405i[CPU1  ] 		popcnt
00448174405i[CPU1  ] 		mwait
00448174405i[CPU1  ] 		longmode
00448174405i[CPU1  ] 		lm_lahf_sahf
00448174405i[CPU1  ] 		nx
00448174405i[CPU1  ] 		cmpxhg16b
00448174405i[CPU1  ] 		rdtscp
00448174405i[CPU1  ] 		xsave
00448174405i[CPU1  ] 		xsaveopt
00448174405i[CPU1  ] 		aes_pclmulqdq
00448174405i[CPU1  ] 		fsgsbase
00448174405i[CPU1  ] 		avx
00448174405i[CPU1  ] 		avx_f16c
00448174405i[CPU1  ] 		rdrand
00448174405i[CPU1  ] 		smep
00448174405i[CPU1  ] 		xapic
00448174405i[CPU1  ] 		x2apic
00448174405i[CPU1  ] 		pcid
00448174405i[CPU1  ] 		tsc_deadline
00448275055i[APIC1 ] Deliver Start Up IPI
00448275055i[CPU1  ] CPU 1 started up at 9F00:00000000 by APIC
00448277740i[APIC1 ] Deliver Start Up IPI
00448277740i[CPU1  ] CPU 1 started up by APIC, but was not halted at that time
00448297075i[APIC1 ] Deliver INIT IPI
00448297075i[CPU1  ] cpu software reset
00448297075i[APIC1 ] allocate APIC id=1 (MMIO enabled) to 0x0000fee00000
00448297075i[CPU1  ] CPU[1] is an application processor. Halting until SIPI.
00448297075i[CPU1  ] CPUID[0x00000000]: 0000000d 756e6547 6c65746e 49656e69
00448297075i[CPU1  ] CPUID[0x00000001]: 000306a9 01010800 77bae39f bfebfbff
00448297075i[CPU1  ] CPUID[0x00000002]: 76035a01 00f0b2ff 00000000 00ca0000
00448297075i[CPU1  ] CPUID[0x00000003]: 00000000 00000000 00000000 00000000
00448297075i[CPU1  ] CPUID[0x00000004]: 1c004121 01c0003f 0000003f 00000000
00448297075i[CPU1  ] CPUID[0x00000005]: 00000040 00000040 00000003 00001120
00448297075i[CPU1  ] CPUID[0x00000006]: 00000077 00000002 00000009 00000000
00448297075i[CPU1  ] CPUID[0x00000007]: 00000000 00000281 00000000 00000000
00448297075i[CPU1  ] CPUID[0x00000008]: 00000000 00000000 00000000 00000000
00448297075i[CPU1  ] CPUID[0x00000009]: 00000000 00000000 00000000 00000000
00448297075i[CPU1  ] WARNING: Architectural Performance Monitoring is not implemented
00448297075i[CPU1  ] CPUID[0x0000000a]: 07300403 00000000 00000000 00000603
00448297075i[CPU1  ] CPUID[0x0000000b]: 00000001 00000001 00000100 00000001
00448297075i[CPU1  ] CPUID[0x0000000c]: 00000000 00000000 00000000 00000000
00448297075i[CPU1  ] CPUID[0x0000000d]: 00000007 00000240 00000340 00000000
00448297075i[CPU1  ] CPUID[0x80000000]: 80000008 00000000 00000000 00000000
00448297075i[CPU1  ] CPUID[0x80000001]: 00000000 00000000 00000001 28100000
00448297075i[CPU1  ] CPUID[0x80000002]: 20202020 49202020 6c65746e 20295228
00448297075i[CPU1  ] CPUID[0x80000003]: 65726f43 294d5428 2d376920 30373733
00448297075i[CPU1  ] CPUID[0x80000004]: 5043204b 20402055 30352e33 007a4847
00448297075i[CPU1  ] CPUID[0x80000005]: 00000000 00000000 00000000 00000000
00448297075i[CPU1  ] CPUID[0x80000006]: 00000000 00000000 01006040 00000000
00448297075i[CPU1  ] CPUID[0x80000007]: 00000000 00000000 00000000 00000100
00448297075i[CPU1  ] CPUID[0x80000008]: 00003028 00000200 00000000 00000000
00448297075i[CPU1  ] CPU Features supported:
00448297075i[CPU1  ] 		x87
00448297075i[CPU1  ] 		486ni
00448297075i[CPU1  ] 		pentium_ni
00448297075i[CPU1  ] 		p6ni
00448297075i[CPU1  ] 		mmx
00448297075i[CPU1  ] 		debugext
00448297075i[CPU1  ] 		vme
00448297075i[CPU1  ] 		pse
00448297075i[CPU1  ] 		pae
00448297075i[CPU1  ] 		pge
00448297075i[CPU1  ] 		mtrr
00448297075i[CPU1  ] 		pat
00448297075i[CPU1  ] 		sysenter_sysexit
00448297075i[CPU1  ] 		clflush
00448297075i[CPU1  ] 		sse
00448297075i[CPU1  ] 		sse2
00448297075i[CPU1  ] 		sse3
00448297075i[CPU1  ] 		ssse3
00448297075i[CPU1  ] 		sse4_1
00448297075i[CPU1  ] 		sse4_2
00448297075i[CPU1  ] 		popcnt
00448297075i[CPU1  ] 		mwait
00448297075i[CPU1  ] 		longmode
00448297075i[CPU1  ] 		lm_lahf_sahf
00448297075i[CPU1  ] 		nx
00448297075i[CPU1  ] 		cmpxhg16b
00448297075i[CPU1  ] 		rdtscp
00448297075i[CPU1  ] 		xsave
00448297075i[CPU1  ] 		xsaveopt
00448297075i[CPU1  ] 		aes_pclmulqdq
00448297075i[CPU1  ] 		fsgsbase
00448297075i[CPU1  ] 		avx
00448297075i[CPU1  ] 		avx_f16c
00448297075i[CPU1  ] 		rdrand
00448297075i[CPU1  ] 		smep
00448297075i[CPU1  ] 		xapic
00448297075i[CPU1  ] 		x2apic
00448297075i[CPU1  ] 		pcid
00448297075i[CPU1  ] 		tsc_deadline
00448397725i[APIC1 ] Deliver Start Up IPI
00448397725i[CPU1  ] CPU 1 started up at 9F00:00000000 by APIC
00448400410i[APIC1 ] Deliver Start Up IPI
00448400410i[CPU1  ] CPU 1 started up by APIC, but was not halted at that time
00448415390i[APIC1 ] Deliver INIT IPI
00448415390i[CPU1  ] cpu software reset
00448415390i[APIC1 ] allocate APIC id=1 (MMIO enabled) to 0x0000fee00000
00448415390i[CPU1  ] CPU[1] is an application processor. Halting until SIPI.
00448415390i[CPU1  ] CPUID[0x00000000]: 0000000d 756e6547 6c65746e 49656e69
00448415390i[CPU1  ] CPUID[0x00000001]: 000306a9 01010800 77bae39f bfebfbff
00448415390i[CPU1  ] CPUID[0x00000002]: 76035a01 00f0b2ff 00000000 00ca0000
00448415390i[CPU1  ] CPUID[0x00000003]: 00000000 00000000 00000000 00000000
00448415390i[CPU1  ] CPUID[0x00000004]: 1c004121 01c0003f 0000003f 00000000
00448415390i[CPU1  ] CPUID[0x00000005]: 00000040 00000040 00000003 00001120
00448415390i[CPU1  ] CPUID[0x00000006]: 00000077 00000002 00000009 00000000
00448415390i[CPU1  ] CPUID[0x00000007]: 00000000 00000281 00000000 00000000
00448415390i[CPU1  ] CPUID[0x00000008]: 00000000 00000000 00000000 00000000
00448415390i[CPU1  ] CPUID[0x00000009]: 00000000 00000000 00000000 00000000
00448415390i[CPU1  ] WARNING: Architectural Performance Monitoring is not implemented
00448415390i[CPU1  ] CPUID[0x0000000a]: 07300403 00000000 00000000 00000603
00448415390i[CPU1  ] CPUID[0x0000000b]: 00000001 00000001 00000100 00000001
00448415390i[CPU1  ] CPUID[0x0000000c]: 00000000 00000000 00000000 00000000
00448415390i[CPU1  ] CPUID[0x0000000d]: 00000007 00000240 00000340 00000000
00448415390i[CPU1  ] CPUID[0x80000000]: 80000008 00000000 00000000 00000000
00448415390i[CPU1  ] CPUID[0x80000001]: 00000000 00000000 00000001 28100000
00448415390i[CPU1  ] CPUID[0x80000002]: 20202020 49202020 6c65746e 20295228
00448415390i[CPU1  ] CPUID[0x80000003]: 65726f43 294d5428 2d376920 30373733
00448415390i[CPU1  ] CPUID[0x80000004]: 5043204b 20402055 30352e33 007a4847
00448415390i[CPU1  ] CPUID[0x80000005]: 00000000 00000000 00000000 00000000
00448415390i[CPU1  ] CPUID[0x80000006]: 00000000 00000000 01006040 00000000
00448415390i[CPU1  ] CPUID[0x80000007]: 00000000 00000000 00000000 00000100
00448415390i[CPU1  ] CPUID[0x80000008]: 00003028 00000200 00000000 00000000
00448415390i[CPU1  ] CPU Features supported:
00448415390i[CPU1  ] 		x87
00448415390i[CPU1  ] 		486ni
00448415390i[CPU1  ] 		pentium_ni
00448415390i[CPU1  ] 		p6ni
00448415390i[CPU1  ] 		mmx
00448415390i[CPU1  ] 		debugext
00448415390i[CPU1  ] 		vme
00448415390i[CPU1  ] 		pse
00448415390i[CPU1  ] 		pae
00448415390i[CPU1  ] 		pge
00448415390i[CPU1  ] 		mtrr
00448415390i[CPU1  ] 		pat
00448415390i[CPU1  ] 		sysenter_sysexit
00448415390i[CPU1  ] 		clflush
00448415390i[CPU1  ] 		sse
00448415390i[CPU1  ] 		sse2
00448415390i[CPU1  ] 		sse3
00448415390i[CPU1  ] 		ssse3
00448415390i[CPU1  ] 		sse4_1
00448415390i[CPU1  ] 		sse4_2
00448415390i[CPU1  ] 		popcnt
00448415390i[CPU1  ] 		mwait
00448415390i[CPU1  ] 		longmode
00448415390i[CPU1  ] 		lm_lahf_sahf
00448415390i[CPU1  ] 		nx
00448415390i[CPU1  ] 		cmpxhg16b
00448415390i[CPU1  ] 		rdtscp
00448415390i[CPU1  ] 		xsave
00448415390i[CPU1  ] 		xsaveopt
00448415390i[CPU1  ] 		aes_pclmulqdq
00448415390i[CPU1  ] 		fsgsbase
00448415390i[CPU1  ] 		avx
00448415390i[CPU1  ] 		avx_f16c
00448415390i[CPU1  ] 		rdrand
00448415390i[CPU1  ] 		smep
00448415390i[CPU1  ] 		xapic
00448415390i[CPU1  ] 		x2apic
00448415390i[CPU1  ] 		pcid
00448415390i[CPU1  ] 		tsc_deadline
00448516040i[APIC1 ] Deliver Start Up IPI
00448516040i[CPU1  ] CPU 1 started up at 9F00:00000000 by APIC
00448518720i[APIC1 ] Deliver Start Up IPI
00448518720i[CPU1  ] CPU 1 started up by APIC, but was not halted at that time
00448546240i[APIC1 ] Deliver INIT IPI
00448546240i[CPU1  ] cpu software reset
00448546240i[APIC1 ] allocate APIC id=1 (MMIO enabled) to 0x0000fee00000
00448546240i[CPU1  ] CPU[1] is an application processor. Halting until SIPI.
00448546240i[CPU1  ] CPUID[0x00000000]: 0000000d 756e6547 6c65746e 49656e69
00448546240i[CPU1  ] CPUID[0x00000001]: 000306a9 01010800 77bae39f bfebfbff
00448546240i[CPU1  ] CPUID[0x00000002]: 76035a01 00f0b2ff 00000000 00ca0000
00448546240i[CPU1  ] CPUID[0x00000003]: 00000000 00000000 00000000 00000000
00448546240i[CPU1  ] CPUID[0x00000004]: 1c004121 01c0003f 0000003f 00000000
00448546240i[CPU1  ] CPUID[0x00000005]: 00000040 00000040 00000003 00001120
00448546240i[CPU1  ] CPUID[0x00000006]: 00000077 00000002 00000009 00000000
00448546240i[CPU1  ] CPUID[0x00000007]: 00000000 00000281 00000000 00000000
00448546240i[CPU1  ] CPUID[0x00000008]: 00000000 00000000 00000000 00000000
00448546240i[CPU1  ] CPUID[0x00000009]: 00000000 00000000 00000000 00000000
00448546240i[CPU1  ] WARNING: Architectural Performance Monitoring is not implemented
00448546240i[CPU1  ] CPUID[0x0000000a]: 07300403 00000000 00000000 00000603
00448546240i[CPU1  ] CPUID[0x0000000b]: 00000001 00000001 00000100 00000001
00448546240i[CPU1  ] CPUID[0x0000000c]: 00000000 00000000 00000000 00000000
00448546240i[CPU1  ] CPUID[0x0000000d]: 00000007 00000240 00000340 00000000
00448546240i[CPU1  ] CPUID[0x80000000]: 80000008 00000000 00000000 00000000
00448546240i[CPU1  ] CPUID[0x80000001]: 00000000 00000000 00000001 28100000
00448546240i[CPU1  ] CPUID[0x80000002]: 20202020 49202020 6c65746e 20295228
00448546240i[CPU1  ] CPUID[0x80000003]: 65726f43 294d5428 2d376920 30373733
00448546240i[CPU1  ] CPUID[0x80000004]: 5043204b 20402055 30352e33 007a4847
00448546240i[CPU1  ] CPUID[0x80000005]: 00000000 00000000 00000000 00000000
00448546240i[CPU1  ] CPUID[0x80000006]: 00000000 00000000 01006040 00000000
00448546240i[CPU1  ] CPUID[0x80000007]: 00000000 00000000 00000000 00000100
00448546240i[CPU1  ] CPUID[0x80000008]: 00003028 00000200 00000000 00000000
00448546240i[CPU1  ] CPU Features supported:
00448546240i[CPU1  ] 		x87
00448546240i[CPU1  ] 		486ni
00448546240i[CPU1  ] 		pentium_ni
00448546240i[CPU1  ] 		p6ni
00448546240i[CPU1  ] 		mmx
00448546240i[CPU1  ] 		debugext
00448546240i[CPU1  ] 		vme
00448546240i[CPU1  ] 		pse
00448546240i[CPU1  ] 		pae
00448546240i[CPU1  ] 		pge
00448546240i[CPU1  ] 		mtrr
00448546240i[CPU1  ] 		pat
00448546240i[CPU1  ] 		sysenter_sysexit
00448546240i[CPU1  ] 		clflush
00448546240i[CPU1  ] 		sse
00448546240i[CPU1  ] 		sse2
00448546240i[CPU1  ] 		sse3
00448546240i[CPU1  ] 		ssse3
00448546240i[CPU1  ] 		sse4_1
00448546240i[CPU1  ] 		sse4_2
00448546240i[CPU1  ] 		popcnt
00448546240i[CPU1  ] 		mwait
00448546240i[CPU1  ] 		longmode
00448546240i[CPU1  ] 		lm_lahf_sahf
00448546240i[CPU1  ] 		nx
00448546240i[CPU1  ] 		cmpxhg16b
00448546240i[CPU1  ] 		rdtscp
00448546240i[CPU1  ] 		xsave
00448546240i[CPU1  ] 		xsaveopt
00448546240i[CPU1  ] 		aes_pclmulqdq
00448546240i[CPU1  ] 		fsgsbase
00448546240i[CPU1  ] 		avx
00448546240i[CPU1  ] 		avx_f16c
00448546240i[CPU1  ] 		rdrand
00448546240i[CPU1  ] 		smep
00448546240i[CPU1  ] 		xapic
00448546240i[CPU1  ] 		x2apic
00448546240i[CPU1  ] 		pcid
00448546240i[CPU1  ] 		tsc_deadline
00448646890i[APIC1 ] Deliver Start Up IPI
00448646890i[CPU1  ] CPU 1 started up at 9F00:00000000 by APIC
00448649575i[APIC1 ] Deliver Start Up IPI
00448649575i[CPU1  ] CPU 1 started up by APIC, but was not halted at that time
00520082415i[APIC1 ] Deliver INIT IPI
00520082415i[CPU1  ] cpu software reset
00520082415i[APIC1 ] allocate APIC id=1 (MMIO enabled) to 0x0000fee00000
00520082415i[CPU1  ] CPU[1] is an application processor. Halting until SIPI.
00520082415i[CPU1  ] CPUID[0x00000000]: 0000000d 756e6547 6c65746e 49656e69
00520082415i[CPU1  ] CPUID[0x00000001]: 000306a9 01010800 77bae39f bfebfbff
00520082415i[CPU1  ] CPUID[0x00000002]: 76035a01 00f0b2ff 00000000 00ca0000
00520082415i[CPU1  ] CPUID[0x00000003]: 00000000 00000000 00000000 00000000
00520082415i[CPU1  ] CPUID[0x00000004]: 1c004121 01c0003f 0000003f 00000000
00520082415i[CPU1  ] CPUID[0x00000005]: 00000040 00000040 00000003 00001120
00520082415i[CPU1  ] CPUID[0x00000006]: 00000077 00000002 00000009 00000000
00520082415i[CPU1  ] CPUID[0x00000007]: 00000000 00000281 00000000 00000000
00520082415i[CPU1  ] CPUID[0x00000008]: 00000000 00000000 00000000 00000000
00520082415i[CPU1  ] CPUID[0x00000009]: 00000000 00000000 00000000 00000000
00520082415i[CPU1  ] WARNING: Architectural Performance Monitoring is not implemented
00520082415i[CPU1  ] CPUID[0x0000000a]: 07300403 00000000 00000000 00000603
00520082415i[CPU1  ] CPUID[0x0000000b]: 00000001 00000001 00000100 00000001
00520082415i[CPU1  ] CPUID[0x0000000c]: 00000000 00000000 00000000 00000000
00520082415i[CPU1  ] CPUID[0x0000000d]: 00000007 00000240 00000340 00000000
00520082415i[CPU1  ] CPUID[0x80000000]: 80000008 00000000 00000000 00000000
00520082415i[CPU1  ] CPUID[0x80000001]: 00000000 00000000 00000001 28100000
00520082415i[CPU1  ] CPUID[0x80000002]: 20202020 49202020 6c65746e 20295228
00520082415i[CPU1  ] CPUID[0x80000003]: 65726f43 294d5428 2d376920 30373733
00520082415i[CPU1  ] CPUID[0x80000004]: 5043204b 20402055 30352e33 007a4847
00520082415i[CPU1  ] CPUID[0x80000005]: 00000000 00000000 00000000 00000000
00520082415i[CPU1  ] CPUID[0x80000006]: 00000000 00000000 01006040 00000000
00520082415i[CPU1  ] CPUID[0x80000007]: 00000000 00000000 00000000 00000100
00520082415i[CPU1  ] CPUID[0x80000008]: 00003028 00000200 00000000 00000000
00520082415i[CPU1  ] CPU Features supported:
00520082415i[CPU1  ] 		x87
00520082415i[CPU1  ] 		486ni
00520082415i[CPU1  ] 		pentium_ni
00520082415i[CPU1  ] 		p6ni
00520082415i[CPU1  ] 		mmx
00520082415i[CPU1  ] 		debugext
00520082415i[CPU1  ] 		vme
00520082415i[CPU1  ] 		pse
00520082415i[CPU1  ] 		pae
00520082415i[CPU1  ] 		pge
00520082415i[CPU1  ] 		mtrr
00520082415i[CPU1  ] 		pat
00520082415i[CPU1  ] 		sysenter_sysexit
00520082415i[CPU1  ] 		clflush
00520082415i[CPU1  ] 		sse
00520082415i[CPU1  ] 		sse2
00520082415i[CPU1  ] 		sse3
00520082415i[CPU1  ] 		ssse3
00520082415i[CPU1  ] 		sse4_1
00520082415i[CPU1  ] 		sse4_2
00520082415i[CPU1  ] 		popcnt
00520082415i[CPU1  ] 		mwait
00520082415i[CPU1  ] 		longmode
00520082415i[CPU1  ] 		lm_lahf_sahf
00520082415i[CPU1  ] 		nx
00520082415i[CPU1  ] 		cmpxhg16b
00520082415i[CPU1  ] 		rdtscp
00520082415i[CPU1  ] 		xsave
00520082415i[CPU1  ] 		xsaveopt
00520082415i[CPU1  ] 		aes_pclmulqdq
00520082415i[CPU1  ] 		fsgsbase
00520082415i[CPU1  ] 		avx
00520082415i[CPU1  ] 		avx_f16c
00520082415i[CPU1  ] 		rdrand
00520082415i[CPU1  ] 		smep
00520082415i[CPU1  ] 		xapic
00520082415i[CPU1  ] 		x2apic
00520082415i[CPU1  ] 		pcid
00520082415i[CPU1  ] 		tsc_deadline
00520183185i[APIC1 ] Deliver Start Up IPI
00520183185i[CPU1  ] CPU 1 started up at 8700:00000000 by APIC
00520186000i[APIC1 ] Deliver Start Up IPI
00520186000i[CPU1  ] CPU 1 started up by APIC, but was not halted at that time
00520278110i[APIC1 ] Deliver INIT IPI
00520278110i[CPU1  ] cpu software reset
00520278110i[APIC1 ] allocate APIC id=1 (MMIO enabled) to 0x0000fee00000
00520278110i[CPU1  ] CPU[1] is an application processor. Halting until SIPI.
00520278110i[CPU1  ] CPUID[0x00000000]: 0000000d 756e6547 6c65746e 49656e69
00520278110i[CPU1  ] CPUID[0x00000001]: 000306a9 01010800 77bae39f bfebfbff
00520278110i[CPU1  ] CPUID[0x00000002]: 76035a01 00f0b2ff 00000000 00ca0000
00520278110i[CPU1  ] CPUID[0x00000003]: 00000000 00000000 00000000 00000000
00520278110i[CPU1  ] CPUID[0x00000004]: 1c004121 01c0003f 0000003f 00000000
00520278110i[CPU1  ] CPUID[0x00000005]: 00000040 00000040 00000003 00001120
00520278110i[CPU1  ] CPUID[0x00000006]: 00000077 00000002 00000009 00000000
00520278110i[CPU1  ] CPUID[0x00000007]: 00000000 00000281 00000000 00000000
00520278110i[CPU1  ] CPUID[0x00000008]: 00000000 00000000 00000000 00000000
00520278110i[CPU1  ] CPUID[0x00000009]: 00000000 00000000 00000000 00000000
00520278110i[CPU1  ] WARNING: Architectural Performance Monitoring is not implemented
00520278110i[CPU1  ] CPUID[0x0000000a]: 07300403 00000000 00000000 00000603
00520278110i[CPU1  ] CPUID[0x0000000b]: 00000001 00000001 00000100 00000001
00520278110i[CPU1  ] CPUID[0x0000000c]: 00000000 00000000 00000000 00000000
00520278110i[CPU1  ] CPUID[0x0000000d]: 00000007 00000240 00000340 00000000
00520278110i[CPU1  ] CPUID[0x80000000]: 80000008 00000000 00000000 00000000
00520278110i[CPU1  ] CPUID[0x80000001]: 00000000 00000000 00000001 28100000
00520278110i[CPU1  ] CPUID[0x80000002]: 20202020 49202020 6c65746e 20295228
00520278110i[CPU1  ] CPUID[0x80000003]: 65726f43 294d5428 2d376920 30373733
00520278110i[CPU1  ] CPUID[0x80000004]: 5043204b 20402055 30352e33 007a4847
00520278110i[CPU1  ] CPUID[0x80000005]: 00000000 00000000 00000000 00000000
00520278110i[CPU1  ] CPUID[0x80000006]: 00000000 00000000 01006040 00000000
00520278110i[CPU1  ] CPUID[0x80000007]: 00000000 00000000 00000000 00000100
00520278110i[CPU1  ] CPUID[0x80000008]: 00003028 00000200 00000000 00000000
00520278110i[CPU1  ] CPU Features supported:
00520278110i[CPU1  ] 		x87
00520278110i[CPU1  ] 		486ni
00520278110i[CPU1  ] 		pentium_ni
00520278110i[CPU1  ] 		p6ni
00520278110i[CPU1  ] 		mmx
00520278110i[CPU1  ] 		debugext
00520278110i[CPU1  ] 		vme
00520278110i[CPU1  ] 		pse
00520278110i[CPU1  ] 		pae
00520278110i[CPU1  ] 		pge
00520278110i[CPU1  ] 		mtrr
00520278110i[CPU1  ] 		pat
00520278110i[CPU1  ] 		sysenter_sysexit
00520278110i[CPU1  ] 		clflush
00520278110i[CPU1  ] 		sse
00520278110i[CPU1  ] 		sse2
00520278110i[CPU1  ] 		sse3
00520278110i[CPU1  ] 		ssse3
00520278110i[CPU1  ] 		sse4_1
00520278110i[CPU1  ] 		sse4_2
00520278110i[CPU1  ] 		popcnt
00520278110i[CPU1  ] 		mwait
00520278110i[CPU1  ] 		longmode
00520278110i[CPU1  ] 		lm_lahf_sahf
00520278110i[CPU1  ] 		nx
00520278110i[CPU1  ] 		cmpxhg16b
00520278110i[CPU1  ] 		rdtscp
00520278110i[CPU1  ] 		xsave
00520278110i[CPU1  ] 		xsaveopt
00520278110i[CPU1  ] 		aes_pclmulqdq
00520278110i[CPU1  ] 		fsgsbase
00520278110i[CPU1  ] 		avx
00520278110i[CPU1  ] 		avx_f16c
00520278110i[CPU1  ] 		rdrand
00520278110i[CPU1  ] 		smep
00520278110i[CPU1  ] 		xapic
00520278110i[CPU1  ] 		x2apic
00520278110i[CPU1  ] 		pcid
00520278110i[CPU1  ] 		tsc_deadline
00520378880i[APIC1 ] Deliver Start Up IPI
00520378880i[CPU1  ] CPU 1 started up at 8700:00000000 by APIC
00520381695i[APIC1 ] Deliver Start Up IPI
00520381695i[CPU1  ] CPU 1 started up by APIC, but was not halted at that time
00520401035i[APIC1 ] Deliver INIT IPI
00520401035i[CPU1  ] cpu software reset
00520401035i[APIC1 ] allocate APIC id=1 (MMIO enabled) to 0x0000fee00000
00520401035i[CPU1  ] CPU[1] is an application processor. Halting until SIPI.
00520401035i[CPU1  ] CPUID[0x00000000]: 0000000d 756e6547 6c65746e 49656e69
00520401035i[CPU1  ] CPUID[0x00000001]: 000306a9 01010800 77bae39f bfebfbff
00520401035i[CPU1  ] CPUID[0x00000002]: 76035a01 00f0b2ff 00000000 00ca0000
00520401035i[CPU1  ] CPUID[0x00000003]: 00000000 00000000 00000000 00000000
00520401035i[CPU1  ] CPUID[0x00000004]: 1c004121 01c0003f 0000003f 00000000
00520401035i[CPU1  ] CPUID[0x00000005]: 00000040 00000040 00000003 00001120
00520401035i[CPU1  ] CPUID[0x00000006]: 00000077 00000002 00000009 00000000
00520401035i[CPU1  ] CPUID[0x00000007]: 00000000 00000281 00000000 00000000
00520401035i[CPU1  ] CPUID[0x00000008]: 00000000 00000000 00000000 00000000
00520401035i[CPU1  ] CPUID[0x00000009]: 00000000 00000000 00000000 00000000
00520401035i[CPU1  ] WARNING: Architectural Performance Monitoring is not implemented
00520401035i[CPU1  ] CPUID[0x0000000a]: 07300403 00000000 00000000 00000603
00520401035i[CPU1  ] CPUID[0x0000000b]: 00000001 00000001 00000100 00000001
00520401035i[CPU1  ] CPUID[0x0000000c]: 00000000 00000000 00000000 00000000
00520401035i[CPU1  ] CPUID[0x0000000d]: 00000007 00000240 00000340 00000000
00520401035i[CPU1  ] CPUID[0x80000000]: 80000008 00000000 00000000 00000000
00520401035i[CPU1  ] CPUID[0x80000001]: 00000000 00000000 00000001 28100000
00520401035i[CPU1  ] CPUID[0x80000002]: 20202020 49202020 6c65746e 20295228
00520401035i[CPU1  ] CPUID[0x80000003]: 65726f43 294d5428 2d376920 30373733
00520401035i[CPU1  ] CPUID[0x80000004]: 5043204b 20402055 30352e33 007a4847
00520401035i[CPU1  ] CPUID[0x80000005]: 00000000 00000000 00000000 00000000
00520401035i[CPU1  ] CPUID[0x80000006]: 00000000 00000000 01006040 00000000
00520401035i[CPU1  ] CPUID[0x80000007]: 00000000 00000000 00000000 00000100
00520401035i[CPU1  ] CPUID[0x80000008]: 00003028 00000200 00000000 00000000
00520401035i[CPU1  ] CPU Features supported:
00520401035i[CPU1  ] 		x87
00520401035i[CPU1  ] 		486ni
00520401035i[CPU1  ] 		pentium_ni
00520401035i[CPU1  ] 		p6ni
00520401035i[CPU1  ] 		mmx
00520401035i[CPU1  ] 		debugext
00520401035i[CPU1  ] 		vme
00520401035i[CPU1  ] 		pse
00520401035i[CPU1  ] 		pae
00520401035i[CPU1  ] 		pge
00520401035i[CPU1  ] 		mtrr
00520401035i[CPU1  ] 		pat
00520401035i[CPU1  ] 		sysenter_sysexit
00520401035i[CPU1  ] 		clflush
00520401035i[CPU1  ] 		sse
00520401035i[CPU1  ] 		sse2
00520401035i[CPU1  ] 		sse3
00520401035i[CPU1  ] 		ssse3
00520401035i[CPU1  ] 		sse4_1
00520401035i[CPU1  ] 		sse4_2
00520401035i[CPU1  ] 		popcnt
00520401035i[CPU1  ] 		mwait
00520401035i[CPU1  ] 		longmode
00520401035i[CPU1  ] 		lm_lahf_sahf
00520401035i[CPU1  ] 		nx
00520401035i[CPU1  ] 		cmpxhg16b
00520401035i[CPU1  ] 		rdtscp
00520401035i[CPU1  ] 		xsave
00520401035i[CPU1  ] 		xsaveopt
00520401035i[CPU1  ] 		aes_pclmulqdq
00520401035i[CPU1  ] 		fsgsbase
00520401035i[CPU1  ] 		avx
00520401035i[CPU1  ] 		avx_f16c
00520401035i[CPU1  ] 		rdrand
00520401035i[CPU1  ] 		smep
00520401035i[CPU1  ] 		xapic
00520401035i[CPU1  ] 		x2apic
00520401035i[CPU1  ] 		pcid
00520401035i[CPU1  ] 		tsc_deadline
00520501805i[APIC1 ] Deliver Start Up IPI
00520501805i[CPU1  ] CPU 1 started up at 8700:00000000 by APIC
00520504620i[APIC1 ] Deliver Start Up IPI
00520504620i[CPU1  ] CPU 1 started up by APIC, but was not halted at that time
00534737160i[APIC1 ] Deliver INIT IPI
00534737160i[CPU1  ] cpu software reset
00534737160i[APIC1 ] allocate APIC id=1 (MMIO enabled) to 0x0000fee00000
00534737160i[CPU1  ] CPU[1] is an application processor. Halting until SIPI.
00534737160i[CPU1  ] CPUID[0x00000000]: 0000000d 756e6547 6c65746e 49656e69
00534737160i[CPU1  ] CPUID[0x00000001]: 000306a9 01010800 77bae39f bfebfbff
00534737160i[CPU1  ] CPUID[0x00000002]: 76035a01 00f0b2ff 00000000 00ca0000
00534737160i[CPU1  ] CPUID[0x00000003]: 00000000 00000000 00000000 00000000
00534737160i[CPU1  ] CPUID[0x00000004]: 1c004121 01c0003f 0000003f 00000000
00534737160i[CPU1  ] CPUID[0x00000005]: 00000040 00000040 00000003 00001120
00534737160i[CPU1  ] CPUID[0x00000006]: 00000077 00000002 00000009 00000000
00534737160i[CPU1  ] CPUID[0x00000007]: 00000000 00000281 00000000 00000000
00534737160i[CPU1  ] CPUID[0x00000008]: 00000000 00000000 00000000 00000000
00534737160i[CPU1  ] CPUID[0x00000009]: 00000000 00000000 00000000 00000000
00534737160i[CPU1  ] WARNING: Architectural Performance Monitoring is not implemented
00534737160i[CPU1  ] CPUID[0x0000000a]: 07300403 00000000 00000000 00000603
00534737160i[CPU1  ] CPUID[0x0000000b]: 00000001 00000001 00000100 00000001
00534737160i[CPU1  ] CPUID[0x0000000c]: 00000000 00000000 00000000 00000000
00534737160i[CPU1  ] CPUID[0x0000000d]: 00000007 00000240 00000340 00000000
00534737160i[CPU1  ] CPUID[0x80000000]: 80000008 00000000 00000000 00000000
00534737160i[CPU1  ] CPUID[0x80000001]: 00000000 00000000 00000001 28100000
00534737160i[CPU1  ] CPUID[0x80000002]: 20202020 49202020 6c65746e 20295228
00534737160i[CPU1  ] CPUID[0x80000003]: 65726f43 294d5428 2d376920 30373733
00534737160i[CPU1  ] CPUID[0x80000004]: 5043204b 20402055 30352e33 007a4847
00534737160i[CPU1  ] CPUID[0x80000005]: 00000000 00000000 00000000 00000000
00534737160i[CPU1  ] CPUID[0x80000006]: 00000000 00000000 01006040 00000000
00534737160i[CPU1  ] CPUID[0x80000007]: 00000000 00000000 00000000 00000100
00534737160i[CPU1  ] CPUID[0x80000008]: 00003028 00000200 00000000 00000000
00534737160i[CPU1  ] CPU Features supported:
00534737160i[CPU1  ] 		x87
00534737160i[CPU1  ] 		486ni
00534737160i[CPU1  ] 		pentium_ni
00534737160i[CPU1  ] 		p6ni
00534737160i[CPU1  ] 		mmx
00534737160i[CPU1  ] 		debugext
00534737160i[CPU1  ] 		vme
00534737160i[CPU1  ] 		pse
00534737160i[CPU1  ] 		pae
00534737160i[CPU1  ] 		pge
00534737160i[CPU1  ] 		mtrr
00534737160i[CPU1  ] 		pat
00534737160i[CPU1  ] 		sysenter_sysexit
00534737160i[CPU1  ] 		clflush
00534737160i[CPU1  ] 		sse
00534737160i[CPU1  ] 		sse2
00534737160i[CPU1  ] 		sse3
00534737160i[CPU1  ] 		ssse3
00534737160i[CPU1  ] 		sse4_1
00534737160i[CPU1  ] 		sse4_2
00534737160i[CPU1  ] 		popcnt
00534737160i[CPU1  ] 		mwait
00534737160i[CPU1  ] 		longmode
00534737160i[CPU1  ] 		lm_lahf_sahf
00534737160i[CPU1  ] 		nx
00534737160i[CPU1  ] 		cmpxhg16b
00534737160i[CPU1  ] 		rdtscp
00534737160i[CPU1  ] 		xsave
00534737160i[CPU1  ] 		xsaveopt
00534737160i[CPU1  ] 		aes_pclmulqdq
00534737160i[CPU1  ] 		fsgsbase
00534737160i[CPU1  ] 		avx
00534737160i[CPU1  ] 		avx_f16c
00534737160i[CPU1  ] 		rdrand
00534737160i[CPU1  ] 		smep
00534737160i[CPU1  ] 		xapic
00534737160i[CPU1  ] 		x2apic
00534737160i[CPU1  ] 		pcid
00534737160i[CPU1  ] 		tsc_deadline
00534837930i[APIC1 ] Deliver Start Up IPI
00534837930i[CPU1  ] CPU 1 started up at 8700:00000000 by APIC
00534840745i[APIC1 ] Deliver Start Up IPI
00534840745i[CPU1  ] CPU 1 started up by APIC, but was not halted at that time
00561470545e[CMOS  ] write to control register 0x0d ignored (read-only)
00633587415i[MEM0  ] Register memory access handlers: 0x000080000000 - 0x000081ffffff
00633587415i[CIRRUS] BAR #0: mem base address = 0x80000000
00633587415i[MEM0  ] Register memory access handlers: 0x000082030000 - 0x000082030fff
00633587415i[CIRRUS] BAR #1: mem base address = 0x82030000
00633587415i[MEM0  ] Register memory access handlers: 0x000082020000 - 0x00008202ffff
00633587415i[CIRRUS] new ROM address: 0x82020000
00633933205i[MEM0  ] Memory access handlers unregistered: 0x000080000000 - 0x000081ffffff
00633933205i[CIRRUS] BAR #0: mem base address = 0x00000000
00633933205i[MEM0  ] Memory access handlers unregistered: 0x000082030000 - 0x000082030fff
00633933205i[CIRRUS] BAR #1: mem base address = 0x00000000
00633933205i[MEM0  ] Memory access handlers unregistered: 0x000082020000 - 0x00008202ffff
00633933205i[CIRRUS] new ROM address: 0x00000000
00633967915i[PIDE  ] BAR #4: i/o base address = 0xc040
00633969165i[PIDE  ] BAR #4: i/o base address = 0x0000
00633972530i[UHCI  ] BAR #4: i/o base address = 0xc020
00633973780i[UHCI  ] BAR #4: i/o base address = 0x0000
00633981760i[MEM0  ] Register memory access handlers: 0x000080000000 - 0x000081ffffff
00633981760i[CIRRUS] BAR #0: mem base address = 0x80000000
00633981760i[MEM0  ] Register memory access handlers: 0x000082030000 - 0x000082030fff
00633981760i[CIRRUS] BAR #1: mem base address = 0x82030000
00633983010i[MEM0  ] Memory access handlers unregistered: 0x000080000000 - 0x000081ffffff
00633983010i[CIRRUS] BAR #0: mem base address = 0x00000000
00633983010i[MEM0  ] Memory access handlers unregistered: 0x000082030000 - 0x000082030fff
00633983010i[CIRRUS] BAR #1: mem base address = 0x00000000
00633986385i[E1000A] BAR #1: i/o base address = 0xc000
00633986385i[MEM0  ] Register memory access handlers: 0x000082000000 - 0x00008201ffff
00633986385i[E1000A] BAR #0: mem base address = 0x82000000
00633987635i[E1000A] BAR #1: i/o base address = 0x0000
00633987635i[MEM0  ] Memory access handlers unregistered: 0x000082000000 - 0x00008201ffff
00633987635i[E1000A] BAR #0: mem base address = 0x00000000
00634171420i[UHCI  ] new IRQ line = 255
00634325255i[E1000A] new IRQ line = 255
00635731010i[PIDE  ] BAR #4: i/o base address = 0xc040
00635738885i[UHCI  ] BAR #4: i/o base address = 0xc020
00635754715i[MEM0  ] Register memory access handlers: 0x000080000000 - 0x000081ffffff
00635754715i[CIRRUS] BAR #0: mem base address = 0x80000000
00635754715i[MEM0  ] Register memory access handlers: 0x000082030000 - 0x000082030fff
00635754715i[CIRRUS] BAR #1: mem base address = 0x82030000
00636239150i[CIRRUS] switched to 640 x 480 x 32 @ 89.5 Hz
00676163350i[E1000A] BAR #1: i/o base address = 0xc000
00676163350i[MEM0  ] Register memory access handlers: 0x000082000000 - 0x00008201ffff
00676163350i[E1000A] BAR #0: mem base address = 0x82000000
00680238625i[SER   ] com1: FIFO enabled
00682147120i[SER   ] com1: FIFO enabled
00684933320i[CIRRUS] switched to 800 x 600 x 32 @ 60.3 Hz
00726799670i[KBD   ] Switched to scancode set 2
00728946690e[UHCI  ] read from non existent offset 0x14 (port #3)
00750652480i[P2ISA ] PCI IRQ routing: PIRQA# set to 0x0a
00750652660i[P2ISA ] PCI IRQ routing: PIRQB# set to 0x0a
00750652845i[P2ISA ] PCI IRQ routing: PIRQC# set to 0x0b
00750653025i[P2ISA ] PCI IRQ routing: PIRQD# set to 0x0b
00750709875i[UHCI  ] new IRQ line = 11
00750740470i[E1000A] new IRQ line = 11
01371083705i[APIC1 ] Deliver INIT IPI
01371083705i[CPU1  ] cpu software reset
01371083705i[APIC1 ] allocate APIC id=1 (MMIO enabled) to 0x0000fee00000
01371083705i[CPU1  ] CPU[1] is an application processor. Halting until SIPI.
01371083705i[CPU1  ] CPUID[0x00000000]: 0000000d 756e6547 6c65746e 49656e69
01371083705i[CPU1  ] CPUID[0x00000001]: 000306a9 01010800 77bae39f bfebfbff
01371083705i[CPU1  ] CPUID[0x00000002]: 76035a01 00f0b2ff 00000000 00ca0000
01371083705i[CPU1  ] CPUID[0x00000003]: 00000000 00000000 00000000 00000000
01371083705i[CPU1  ] CPUID[0x00000004]: 1c004121 01c0003f 0000003f 00000000
01371083705i[CPU1  ] CPUID[0x00000005]: 00000040 00000040 00000003 00001120
01371083705i[CPU1  ] CPUID[0x00000006]: 00000077 00000002 00000009 00000000
01371083705i[CPU1  ] CPUID[0x00000007]: 00000000 00000281 00000000 00000000
01371083705i[CPU1  ] CPUID[0x00000008]: 00000000 00000000 00000000 00000000
01371083705i[CPU1  ] CPUID[0x00000009]: 00000000 00000000 00000000 00000000
01371083705i[CPU1  ] WARNING: Architectural Performance Monitoring is not implemented
01371083705i[CPU1  ] CPUID[0x0000000a]: 07300403 00000000 00000000 00000603
01371083705i[CPU1  ] CPUID[0x0000000b]: 00000001 00000001 00000100 00000001
01371083705i[CPU1  ] CPUID[0x0000000c]: 00000000 00000000 00000000 00000000
01371083705i[CPU1  ] CPUID[0x0000000d]: 00000007 00000240 00000340 00000000
01371083705i[CPU1  ] CPUID[0x80000000]: 80000008 00000000 00000000 00000000
01371083705i[CPU1  ] CPUID[0x80000001]: 00000000 00000000 00000001 28100000
01371083705i[CPU1  ] CPUID[0x80000002]: 20202020 49202020 6c65746e 20295228
01371083705i[CPU1  ] CPUID[0x80000003]: 65726f43 294d5428 2d376920 30373733
01371083705i[CPU1  ] CPUID[0x80000004]: 5043204b 20402055 30352e33 007a4847
01371083705i[CPU1  ] CPUID[0x80000005]: 00000000 00000000 00000000 00000000
01371083705i[CPU1  ] CPUID[0x80000006]: 00000000 00000000 01006040 00000000
01371083705i[CPU1  ] CPUID[0x80000007]: 00000000 00000000 00000000 00000100
01371083705i[CPU1  ] CPUID[0x80000008]: 00003028 00000200 00000000 00000000
01371083705i[CPU1  ] CPU Features supported:
01371083705i[CPU1  ] 		x87
01371083705i[CPU1  ] 		486ni
01371083705i[CPU1  ] 		pentium_ni
01371083705i[CPU1  ] 		p6ni
01371083705i[CPU1  ] 		mmx
01371083705i[CPU1  ] 		debugext
01371083705i[CPU1  ] 		vme
01371083705i[CPU1  ] 		pse
01371083705i[CPU1  ] 		pae
01371083705i[CPU1  ] 		pge
01371083705i[CPU1  ] 		mtrr
01371083705i[CPU1  ] 		pat
01371083705i[CPU1  ] 		sysenter_sysexit
01371083705i[CPU1  ] 		clflush
01371083705i[CPU1  ] 		sse
01371083705i[CPU1  ] 		sse2
01371083705i[CPU1  ] 		sse3
01371083705i[CPU1  ] 		ssse3
01371083705i[CPU1  ] 		sse4_1
01371083705i[CPU1  ] 		sse4_2
01371083705i[CPU1  ] 		popcnt
01371083705i[CPU1  ] 		mwait
01371083705i[CPU1  ] 		longmode
01371083705i[CPU1  ] 		lm_lahf_sahf
01371083705i[CPU1  ] 		nx
01371083705i[CPU1  ] 		cmpxhg16b
01371083705i[CPU1  ] 		rdtscp
01371083705i[CPU1  ] 		xsave
01371083705i[CPU1  ] 		xsaveopt
01371083705i[CPU1  ] 		aes_pclmulqdq
01371083705i[CPU1  ] 		fsgsbase
01371083705i[CPU1  ] 		avx
01371083705i[CPU1  ] 		avx_f16c
01371083705i[CPU1  ] 		rdrand
01371083705i[CPU1  ] 		smep
01371083705i[CPU1  ] 		xapic
01371083705i[CPU1  ] 		x2apic
01371083705i[CPU1  ] 		pcid
01371083705i[CPU1  ] 		tsc_deadline
01371184475i[APIC1 ] Deliver Start Up IPI
01371184475i[CPU1  ] CPU 1 started up at 8700:00000000 by APIC
01371187290i[APIC1 ] Deliver Start Up IPI
01371187290i[CPU1  ] CPU 1 started up by APIC, but was not halted at that time
01374339200i[CPU0  ] [1374339200] Stopped on MAGIC BREAKPOINT
01374339204i[CPU0  ] CPU is in long mode (active)
01374339204i[CPU0  ] CS.mode = 64 bit
01374339204i[CPU0  ] SS.mode = 64 bit
01374339204i[CPU0  ] EFER = 0x00000d00: ffxsr NXE LMA LME sce
01374339204i[CPU0  ] XCR0=0x00000001: tiledata tilecfg hwp lbr uintr hdc cet_s cet_u pasid pkru pt hi_zmm zmm_hi256 opmask bndcfg bndregs ymm sse FPU
01374339204i[CPU0  ] | RAX=000000003e0f0000  RBX=00f0d3d3b8b42da0
01374339204i[CPU0  ] | RCX=0000000000000000  RDX=000000003f720ea0
01374339204i[CPU0  ] | RSP=000000003e0f0000  RBP=000000003fd05730
01374339204i[CPU0  ] | RSI=000000003f1d2698  RDI=000000003e14bd18
01374339204i[CPU0  ] |  R8=00000000c2a2a24b   R9=0000000000004000
01374339204i[CPU0  ] | R10=0000000000000000  R11=0000000000000001
01374339204i[CPU0  ] | R12=000000003f1d2698  R13=000000003f7ec018
01374339204i[CPU0  ] | R14=0000000000000000  R15=000000003fd2df20
01374339204i[CPU0  ] | EFLAGS=00000006: id vip vif ac vm rf nt IOPL=0 of df if tf sf zf af PF cf
01374339204i[CPU0  ] | SEG sltr(index|ti|rpl)     base    limit G D
01374339204i[CPU0  ] |  CS:0038( 0007| 0|  0) 00000000 ffffffff 1 0
01374339204i[CPU0  ] |  DS:0030( 0006| 0|  0) 00000000 ffffffff 1 1
01374339204i[CPU0  ] |  SS:0030( 0006| 0|  0) 00000000 ffffffff 1 1
01374339204i[CPU0  ] |  ES:0030( 0006| 0|  0) 00000000 ffffffff 1 1
01374339204i[CPU0  ] |  FS:0030( 0006| 0|  0) 00000000 ffffffff 1 1
01374339204i[CPU0  ] |  GS:0030( 0006| 0|  0) 00000000 ffffffff 1 1
01374339204i[CPU0  ] |  MSR_FS_BASE:0000000000000000
01374339204i[CPU0  ] |  MSR_GS_BASE:0000000000000000
01374339204i[CPU0  ] | RIP=000000003f720ac6 (000000003f720ac6)
01374339204i[CPU0  ] | CR0=0x80010033: PG cd nw ac WP NE ET ts em MP PE
01374339204i[CPU0  ] | CR2=0x0000000000000000
01374339204i[CPU0  ] | CR3=0x000000003fa01000
01374339204i[CPU0  ] | CR4=0x00000668: lass uintr pks cet pke smap smep keylock osxsave pcid fsgsbase smx vmx la57 umip OSXMMEXCPT OSFXSR pce pge MCE PAE pse DE tsd pvi vme
01374339204i[CPU1  ] CPU is in long mode (executing mwait)
01374339204i[CPU1  ] CS.mode = 64 bit
01374339204i[CPU1  ] SS.mode = 64 bit
01374339204i[CPU1  ] EFER = 0x00000d00: ffxsr NXE LMA LME sce
01374339204i[CPU1  ] XCR0=0x00000001: tiledata tilecfg hwp lbr uintr hdc cet_s cet_u pasid pkru pt hi_zmm zmm_hi256 opmask bndcfg bndregs ymm sse FPU
01374339204i[CPU1  ] | RAX=0000000000000000  RBX=0000000000000000
01374339204i[CPU1  ] | RCX=0000000000000000  RDX=0000000000000000
01374339204i[CPU1  ] | RSP=000000003f96cf80  RBP=000000003ed7fee0
01374339204i[CPU1  ] | RSI=0000000000000002  RDI=000000003ed81680
01374339204i[CPU1  ] |  R8=000000003f96cf80   R9=000000003ed67c50
01374339204i[CPU1  ] | R10=0000000000000080  R11=0000000000000000
01374339204i[CPU1  ] | R12=000000003ed55447  R13=0000000000000001
01374339204i[CPU1  ] | R14=0000000000000001  R15=00000000000000d8
01374339204i[CPU1  ] | EFLAGS=00000046: id vip vif ac vm rf nt IOPL=0 of df if tf sf ZF af PF cf
01374339204i[CPU1  ] | SEG sltr(index|ti|rpl)     base    limit G D
01374339204i[CPU1  ] |  CS:0038( 0007| 0|  0) 00000000 ffffffff 1 0
01374339204i[CPU1  ] |  DS:0030( 0006| 0|  0) 00000000 ffffffff 1 1
01374339204i[CPU1  ] |  SS:0030( 0006| 0|  0) 00000000 ffffffff 1 1
01374339204i[CPU1  ] |  ES:0030( 0006| 0|  0) 00000000 ffffffff 1 1
01374339204i[CPU1  ] |  FS:0030( 0006| 0|  0) 00000000 ffffffff 1 1
01374339204i[CPU1  ] |  GS:0030( 0006| 0|  0) 00000000 ffffffff 1 1
01374339204i[CPU1  ] |  MSR_FS_BASE:0000000000000000
01374339204i[CPU1  ] |  MSR_GS_BASE:0000000000000000
01374339204i[CPU1  ] | RIP=000000003f96b030 (000000003f96b030)
01374339204i[CPU1  ] | CR0=0x80010033: PG cd nw ac WP NE ET ts em MP PE
01374339204i[CPU1  ] | CR2=0x0000000000000000
01374339204i[CPU1  ] | CR3=0x000000003f96a000
01374339204i[CPU1  ] | CR4=0x00000660: lass uintr pks cet pke smap smep keylock osxsave pcid fsgsbase smx vmx la57 umip OSXMMEXCPT OSFXSR pce pge MCE PAE pse de tsd pvi vme
01374339204i[CMOS  ] Last time: 1791417182 tz=utc (Wed Oct  7 23:53:02   2026)
01374339204i[      ] Saving gui debugger settings to local ini file
01374339204i[SIM   ] quit_sim called with exit code 0
