=== Partition FS Driver Session ===
[2026-10-07 23:50:38] [INFO] Partition FS Driver Started
[2026-10-07 23:50:38] [WARNING] >> [SEEK] Offset=512 Origin=Begin  (Caller: FS.ps1: line 180)
[2026-10-07 23:50:38] [INFO] GPT detected: EntriesLBA=2, EntryCount=2, EntrySize=128
[2026-10-07 23:50:38] [WARNING] >> [SEEK] Offset=1024 Origin=Begin  (Caller: FS.ps1: line 204)
[2026-10-07 23:50:38] [INFO] Selected partition:
[2026-10-07 23:50:38] [INFO]   Index   : 0
[2026-10-07 23:50:38] [INFO]   Name    : BOOT
[2026-10-07 23:50:38] [INFO]   Attr    : 0x0001000000000001
[2026-10-07 23:50:38] [INFO]   StartLBA: 2048
[2026-10-07 23:50:38] [INFO]   EndLBA  : 133119
[2026-10-07 23:50:38] [INFO]   Size    : 67108864 bytes
[2026-10-07 23:50:38] [INFO] Formatting as FAT32
[2026-10-07 23:50:38] [INFO] Writing Boot Sector at: 1048576
[2026-10-07 23:50:38] [WARNING] >> [SEEK] Offset=1048576 Origin=Begin  (Caller: FS.ps1: line 752)
[2026-10-07 23:50:38] [WARNING] >> [WRITE] (Position=1048576  Count=512  Caller=FS.ps1: line 753)
[2026-10-07 23:50:38] [INFO] Writing Backup Boot Sector at: 1051648
[2026-10-07 23:50:38] [WARNING] >> [SEEK] Offset=1051648 Origin=Begin  (Caller: FS.ps1: line 757)
[2026-10-07 23:50:38] [WARNING] >> [WRITE] (Position=1051648  Count=512  Caller=FS.ps1: line 758)
[2026-10-07 23:50:38] [INFO] Writing FSINFO Sector...
[2026-10-07 23:50:38] [WARNING] >> [SEEK] Offset=1049088 Origin=Begin  (Caller: FS.ps1: line 769)
[2026-10-07 23:50:38] [WARNING] >> [WRITE] (Position=1049088  Count=512  Caller=FS.ps1: line 770)
[2026-10-07 23:50:39] [WARNING] >> [SEEK] Offset=1064960 Origin=Begin  (Caller: FS.ps1: line 808)
[2026-10-07 23:50:39] [WARNING] >> [WRITE] (Position=1064960  Count=516096  Caller=FS.ps1: line 809)
[2026-10-07 23:50:39] [WARNING] >> [SEEK] Offset=1581056 Origin=Begin  (Caller: FS.ps1: line 808)
[2026-10-07 23:50:39] [WARNING] >> [WRITE] (Position=1581056  Count=516096  Caller=FS.ps1: line 809)
[2026-10-07 23:50:39] [INFO] Partition FS Driver Completed Successfully
