
C:\GitHub\BlockyOS\Build\Build-nodate\objs\blob.efi:     file format pei-x86-64
C:\GitHub\BlockyOS\Build\Build-nodate\objs\blob.efi
architecture: i386:x86-64, flags 0x00000133:
HAS_RELOC, EXEC_P, HAS_SYMS, HAS_LOCALS, D_PAGED
start address 0x0000000000019310

Characteristics 0x206
	executable
	line numbers stripped
	debugging information removed

Time/Date		Thu Jan 01 00:00:00 1970
Magic			020b	(PE32+)
MajorLinkerVersion	2
MinorLinkerVersion	46
SizeOfCode		000000000001c800
SizeOfInitializedData	0000000000007c00
SizeOfUninitializedData	0000000000000000
AddressOfEntryPoint	0000000000019310
BaseOfCode		0000000000004000
ImageBase		0000000000000000
SectionAlignment	00001000
FileAlignment		00000200
MajorOSystemVersion	0
MinorOSystemVersion	0
MajorImageVersion	0
MinorImageVersion	0
MajorSubsystemVersion	0
MinorSubsystemVersion	0
Win32Version		00000000
SizeOfImage		0002a000
SizeOfHeaders		00000400
CheckSum		00038b3c
Subsystem		0000000a	(EFI application)
DllCharacteristics	00000000
SizeOfStackReserve	0000000000000000
SizeOfStackCommit	0000000000000000
SizeOfHeapReserve	0000000000000000
SizeOfHeapCommit	0000000000000000
LoaderFlags		00000000
NumberOfRvaAndSizes	00000010

The Data Directory
Entry 0 0000000000000000 00000000 Export Directory [.edata (or where ever we found it)]
Entry 1 0000000000000000 00000000 Import Directory [parts of .idata]
Entry 2 0000000000000000 00000000 Resource Directory [.rsrc]
Entry 3 0000000000000000 00000000 Exception Directory [.pdata]
Entry 4 0000000000000000 00000000 Security Directory
Entry 5 0000000000022000 0000000c Base Relocation Directory [.reloc]
Entry 6 0000000000000000 00000000 Debug Directory
Entry 7 0000000000000000 00000000 Description Directory
Entry 8 0000000000000000 00000000 Special Directory
Entry 9 0000000000000000 00000000 Thread Storage Directory [.tls]
Entry a 0000000000000000 00000000 Load Configuration Directory
Entry b 0000000000000000 00000000 Bound Import Directory
Entry c 0000000000000000 00000000 Import Address Table Directory
Entry d 0000000000000000 00000000 Delay Import Directory
Entry e 0000000000000000 00000000 CLR Runtime Header
Entry f 0000000000000000 00000000 Reserved


PE File Base Relocations (interpreted .reloc section contents)

Virtual Address: 00000004 Chunk size 12 (0xc) Number of fixups 2
	reloc    0 offset    0 [   4] ABSOLUTE
	reloc    1 offset    0 [   4] ABSOLUTE

Sections:
Idx Name          Size      VMA               LMA               File off  Algn
  0 .text         0001c730  0000000000004000  0000000000004000  00000400  2**4
                  CONTENTS, ALLOC, LOAD, READONLY, CODE
  1 .data         00000ea8  0000000000021000  0000000000021000  0001cc00  2**4
                  CONTENTS, ALLOC, LOAD, DATA
  2 .reloc        0000000c  0000000000022000  0000000000022000  0001dc00  2**2
                  CONTENTS, ALLOC, LOAD, READONLY, DATA
  3 .rodata       000068ee  0000000000023000  0000000000023000  0001de00  2**2
                  CONTENTS, ALLOC, LOAD, READONLY, DATA
SYMBOL TABLE:
[  0](sec  1)(fl 0x00)(ty   20)(scl   3) (nx 1) 0x0000000000000000 __dirr_pop
AUX tagndx 0 ttlsiz 0x2e lnnos 0 next 0
[  2](sec  1)(fl 0x00)(ty   20)(scl   3) (nx 1) 0x000000000000002e __dirr_push
AUX tagndx 0 ttlsiz 0x10e lnnos 0 next 0
[  4](sec  1)(fl 0x00)(ty   20)(scl   3) (nx 1) 0x0000000000002f38 __dirr_matches
AUX tagndx 0 ttlsiz 0x76 lnnos 0 next 0
[  6](sec  1)(fl 0x00)(ty   20)(scl   3) (nx 1) 0x0000000000004a40 blake2b_set_lastnode
AUX tagndx 0 ttlsiz 0x9 lnnos 0 next 0
[  8](sec  1)(fl 0x00)(ty   20)(scl   3) (nx 1) 0x0000000000004a49 blake2b_is_lastblock
AUX tagndx 0 ttlsiz 0xc lnnos 0 next 0
[ 10](sec  1)(fl 0x00)(ty   20)(scl   3) (nx 1) 0x0000000000004a55 blake2b_set_lastblock
AUX tagndx 0 ttlsiz 0x2a lnnos 0 next 0
[ 12](sec  1)(fl 0x00)(ty   20)(scl   3) (nx 1) 0x0000000000004a7f blake2b_increment_counter
AUX tagndx 0 ttlsiz 0x14 lnnos 0 next 0
[ 14](sec  1)(fl 0x00)(ty   20)(scl   3) (nx 1) 0x0000000000004a93 blake2b_init0
AUX tagndx 0 ttlsiz 0x4c lnnos 0 next 0
[ 16](sec  4)(fl 0x00)(ty    0)(scl   3) (nx 0) 0x0000000000000000 blake2b_IV
[ 17](sec  1)(fl 0x00)(ty   20)(scl   3) (nx 1) 0x0000000000004adf blake2b_compress
AUX tagndx 0 ttlsiz 0x2bd5 lnnos 0 next 0
[ 19](sec  1)(fl 0x00)(ty   20)(scl   3) (nx 1) 0x0000000000007ca1 blake2bp_init_leaf_param
AUX tagndx 0 ttlsiz 0x24 lnnos 0 next 0
[ 21](sec  1)(fl 0x00)(ty   20)(scl   3) (nx 1) 0x0000000000007cc5 blake2bp_init_root
AUX tagndx 0 ttlsiz 0xc6 lnnos 0 next 0
[ 23](sec  1)(fl 0x00)(ty   20)(scl   3) (nx 1) 0x0000000000007d8b blake2bp_init_leaf
AUX tagndx 0 ttlsiz 0xca lnnos 0 next 0
[ 25](sec  2)(fl 0x00)(ty    0)(scl   3) (nx 0) 0x0000000000000000 memset_v.0
[ 26](sec  1)(fl 0x00)(ty   20)(scl   3) (nx 1) 0x00000000000085a0 blake2s_set_lastnode
AUX tagndx 0 ttlsiz 0x8 lnnos 0 next 0
[ 28](sec  1)(fl 0x00)(ty   20)(scl   3) (nx 1) 0x00000000000085a8 blake2s_is_lastblock
AUX tagndx 0 ttlsiz 0xb lnnos 0 next 0
[ 30](sec  1)(fl 0x00)(ty   20)(scl   3) (nx 1) 0x00000000000085b3 blake2s_set_lastblock
AUX tagndx 0 ttlsiz 0x29 lnnos 0 next 0
[ 32](sec  1)(fl 0x00)(ty   20)(scl   3) (nx 1) 0x00000000000085dc blake2s_increment_counter
AUX tagndx 0 ttlsiz 0xf lnnos 0 next 0
[ 34](sec  1)(fl 0x00)(ty   20)(scl   3) (nx 1) 0x00000000000085eb blake2s_init0
AUX tagndx 0 ttlsiz 0x52 lnnos 0 next 0
[ 36](sec  4)(fl 0x00)(ty    0)(scl   3) (nx 0) 0x0000000000000040 blake2s_IV
[ 37](sec  1)(fl 0x00)(ty   20)(scl   3) (nx 1) 0x000000000000863d blake2s_compress
AUX tagndx 0 ttlsiz 0x2033 lnnos 0 next 0
[ 39](sec  2)(fl 0x00)(ty    0)(scl   3) (nx 0) 0x0000000000000008 memset_v.0
[ 40](sec  1)(fl 0x00)(ty   20)(scl   3) (nx 1) 0x000000000000abf1 blake2sp_init_leaf_param
AUX tagndx 0 ttlsiz 0x21 lnnos 0 next 0
[ 42](sec  1)(fl 0x00)(ty   20)(scl   3) (nx 1) 0x000000000000ac12 blake2sp_init_root
AUX tagndx 0 ttlsiz 0xb2 lnnos 0 next 0
[ 44](sec  1)(fl 0x00)(ty   20)(scl   3) (nx 1) 0x000000000000acc4 blake2sp_init_leaf
AUX tagndx 0 ttlsiz 0xb6 lnnos 0 next 0
[ 46](sec  2)(fl 0x00)(ty    0)(scl   3) (nx 0) 0x0000000000000010 memset_v.0
[ 47](sec  2)(fl 0x00)(ty    0)(scl   3) (nx 0) 0x0000000000000018 memset_v.0
[ 48](sec  2)(fl 0x00)(ty    0)(scl   3) (nx 0) 0x0000000000000020 memset_v.0
[ 49](sec  1)(fl 0x00)(ty   20)(scl   3) (nx 1) 0x000000000000be00 SearchBinary
AUX tagndx 0 ttlsiz 0x146 lnnos 0 next 0
[ 51](sec  1)(fl 0x00)(ty   20)(scl   3) (nx 1) 0x000000000000bf46 ResolveExport
AUX tagndx 0 ttlsiz 0x164 lnnos 0 next 0
[ 53](sec  1)(fl 0x00)(ty   20)(scl   3) (nx 1) 0x000000000000c0aa LoadBinary
AUX tagndx 0 ttlsiz 0xe5a lnnos 0 next 0
[ 55](sec  1)(fl 0x00)(ty   20)(scl   3) (nx 1) 0x00000000000113c0 skipSpaces
AUX tagndx 0 ttlsiz 0x4a lnnos 0 next 0
[ 57](sec  1)(fl 0x00)(ty   20)(scl   3) (nx 1) 0x000000000001140a readBool
AUX tagndx 0 ttlsiz 0x6b lnnos 0 next 0
[ 59](sec  1)(fl 0x00)(ty   20)(scl   3) (nx 1) 0x0000000000011475 readString
AUX tagndx 0 ttlsiz 0xbb lnnos 0 next 0
[ 61](sec  1)(fl 0x00)(ty   20)(scl   3) (nx 1) 0x0000000000011699 readObject
AUX tagndx 0 ttlsiz 0x1e8 lnnos 0 next 0
[ 63](sec  1)(fl 0x00)(ty   20)(scl   3) (nx 1) 0x0000000000011898 JsonFree.localalias
AUX tagndx 0 ttlsiz 0x1c2 lnnos 0 next 0
[ 65](sec  1)(fl 0x00)(ty   20)(scl   3) (nx 1) 0x0000000000013406 match_rec.localalias
AUX tagndx 0 ttlsiz 0xb8 lnnos 0 next 0
[ 67](sec  2)(fl 0x00)(ty    0)(scl   3) (nx 0) 0x0000000000000e30 hash.1
[ 68](sec  1)(fl 0x00)(ty   20)(scl   3) (nx 1) 0x0000000000013d0e strtok_k.localalias
AUX tagndx 0 ttlsiz 0x130 lnnos 0 next 0
[ 70](sec  2)(fl 0x00)(ty    0)(scl   3) (nx 0) 0x0000000000000e20 out.0
[ 71](sec  2)(fl 0x00)(ty    0)(scl   3) (nx 0) 0x0000000000000040 installDISK
[ 72](sec  1)(fl 0x00)(ty   20)(scl   3) (nx 1) 0x0000000000014680 EfiMemoryTypeToStr
AUX tagndx 0 ttlsiz 0xe8 lnnos 0 next 0
[ 74](sec  2)(fl 0x00)(ty    0)(scl   3) (nx 0) 0x00000000000000c0 installDISK
[ 75](sec  2)(fl 0x00)(ty    0)(scl   3) (nx 0) 0x00000000000006e0 KnownGuids
[ 76](sec  2)(fl 0x00)(ty    0)(scl   3) (nx 0) 0x00000000000006c0 ShellInterfaceProtocol
[ 77](sec  2)(fl 0x00)(ty    0)(scl   3) (nx 0) 0x00000000000006b0 SEnvId
[ 78](sec  2)(fl 0x00)(ty    0)(scl   3) (nx 0) 0x0000000000000690 SProtId
[ 79](sec  2)(fl 0x00)(ty    0)(scl   3) (nx 0) 0x00000000000006a0 SMapId
[ 80](sec  2)(fl 0x00)(ty    0)(scl   3) (nx 0) 0x0000000000000680 SAliasId
[ 81](sec  1)(fl 0x00)(ty   20)(scl   3) (nx 1) 0x0000000000017000 ValueToHex.part.0
AUX tagndx 0 ttlsiz 0x8e lnnos 0 next 0
[ 83](sec  4)(fl 0x00)(ty    0)(scl   3) (nx 0) 0x0000000000005be0 Hex
[ 84](sec  1)(fl 0x00)(ty   20)(scl   3) (nx 1) 0x0000000000017090 ValueToString.part.0
AUX tagndx 0 ttlsiz 0xfe lnnos 0 next 0
[ 86](sec  4)(fl 0x00)(ty    0)(scl   3) (nx 0) 0x0000000000005bda ca.0
[ 87](sec  1)(fl 0x00)(ty   20)(scl   3) (nx 1) 0x0000000000017190 PPUTC
AUX tagndx 0 ttlsiz 0xaa lnnos 0 next 0
[ 89](sec  1)(fl 0x00)(ty   20)(scl   3) (nx 1) 0x0000000000018e00 PPUTC
AUX tagndx 0 ttlsiz 0xaa lnnos 0 next 0
[ 91](sec  1)(fl 0x00)(ty   20)(scl   3) (nx 1) 0x0000000000018eb0 _Print
AUX tagndx 0 ttlsiz 0xd6c lnnos 0 next 0
[ 93](sec  1)(fl 0x00)(ty   20)(scl   3) (nx 1) 0x000000000001a1f0 _DevPathEndInstance
AUX tagndx 0 ttlsiz 0x12 lnnos 0 next 0
[ 95](sec  1)(fl 0x00)(ty   20)(scl   3) (nx 1) 0x000000000001a210 _DevPathBssBss
AUX tagndx 0 ttlsiz 0x92 lnnos 0 next 0
[ 97](sec  1)(fl 0x00)(ty   20)(scl   3) (nx 1) 0x000000000001a2b0 _DevPathMediaProtocol
AUX tagndx 0 ttlsiz 0x16 lnnos 0 next 0
[ 99](sec  1)(fl 0x00)(ty   20)(scl   3) (nx 1) 0x000000000001a2d0 _DevPathFilePath
AUX tagndx 0 ttlsiz 0x16 lnnos 0 next 0
[101](sec  1)(fl 0x00)(ty   20)(scl   3) (nx 1) 0x000000000001a2f0 _DevPathCDROM
AUX tagndx 0 ttlsiz 0x15 lnnos 0 next 0
[103](sec  1)(fl 0x00)(ty   20)(scl   3) (nx 1) 0x000000000001a310 _DevPathSata
AUX tagndx 0 ttlsiz 0x1f lnnos 0 next 0
[105](sec  1)(fl 0x00)(ty   20)(scl   3) (nx 1) 0x000000000001a330 _DevPathUart
AUX tagndx 0 ttlsiz 0x11b lnnos 0 next 0
[107](sec  4)(fl 0x00)(ty    0)(scl   3) (nx 0) 0x00000000000063d2 CSWTCH.43
[108](sec  1)(fl 0x00)(ty   20)(scl   3) (nx 1) 0x000000000001a450 _DevPathInfiniBand
AUX tagndx 0 ttlsiz 0x32 lnnos 0 next 0
[110](sec  1)(fl 0x00)(ty   20)(scl   3) (nx 1) 0x000000000001a490 _DevPathUri
AUX tagndx 0 ttlsiz 0x16 lnnos 0 next 0
[112](sec  1)(fl 0x00)(ty   20)(scl   3) (nx 1) 0x000000000001a4b0 _DevPathMacAddr
AUX tagndx 0 ttlsiz 0xb3 lnnos 0 next 0
[114](sec  1)(fl 0x00)(ty   20)(scl   3) (nx 1) 0x000000000001a570 _DevPathI2O
AUX tagndx 0 ttlsiz 0x15 lnnos 0 next 0
[116](sec  1)(fl 0x00)(ty   20)(scl   3) (nx 1) 0x000000000001a590 _DevPathUsb
AUX tagndx 0 ttlsiz 0x1a lnnos 0 next 0
[118](sec  1)(fl 0x00)(ty   20)(scl   3) (nx 1) 0x000000000001a5b0 _DevPath1394
AUX tagndx 0 ttlsiz 0x16 lnnos 0 next 0
[120](sec  1)(fl 0x00)(ty   20)(scl   3) (nx 1) 0x000000000001a5d0 _DevPathFibre
AUX tagndx 0 ttlsiz 0x34 lnnos 0 next 0
[122](sec  1)(fl 0x00)(ty   20)(scl   3) (nx 1) 0x000000000001a610 _DevPathScsi
AUX tagndx 0 ttlsiz 0x1a lnnos 0 next 0
[124](sec  1)(fl 0x00)(ty   20)(scl   3) (nx 1) 0x000000000001a630 _DevPathAtapi
AUX tagndx 0 ttlsiz 0x3e lnnos 0 next 0
[126](sec  1)(fl 0x00)(ty   20)(scl   3) (nx 1) 0x000000000001a670 _DevPathAcpi
AUX tagndx 0 ttlsiz 0x163 lnnos 0 next 0
[128](sec  1)(fl 0x00)(ty   20)(scl   3) (nx 1) 0x000000000001a7e0 _DevPathController
AUX tagndx 0 ttlsiz 0x15 lnnos 0 next 0
[130](sec  1)(fl 0x00)(ty   20)(scl   3) (nx 1) 0x000000000001a800 _DevPathMemMap
AUX tagndx 0 ttlsiz 0x1d lnnos 0 next 0
[132](sec  1)(fl 0x00)(ty   20)(scl   3) (nx 1) 0x000000000001a820 _DevPathPccard
AUX tagndx 0 ttlsiz 0x16 lnnos 0 next 0
[134](sec  1)(fl 0x00)(ty   20)(scl   3) (nx 1) 0x000000000001a840 _DevPathPci
AUX tagndx 0 ttlsiz 0x1a lnnos 0 next 0
[136](sec  1)(fl 0x00)(ty   20)(scl   3) (nx 1) 0x000000000001a860 _DevPathNodeUnknown
AUX tagndx 0 ttlsiz 0x137 lnnos 0 next 0
[138](sec  1)(fl 0x00)(ty   20)(scl   3) (nx 1) 0x000000000001a9a0 _DevPathVendor
AUX tagndx 0 ttlsiz 0xa9 lnnos 0 next 0
[140](sec  1)(fl 0x00)(ty   20)(scl   3) (nx 1) 0x000000000001aa50 _DevPathHardDrive
AUX tagndx 0 ttlsiz 0x51 lnnos 0 next 0
[142](sec  1)(fl 0x00)(ty   20)(scl   3) (nx 1) 0x000000000001aab0 CatPrintIPv6.isra.0
AUX tagndx 0 ttlsiz 0xb1 lnnos 0 next 0
[144](sec  1)(fl 0x00)(ty   20)(scl   3) (nx 1) 0x000000000001ab70 _DevPathIPv6
AUX tagndx 0 ttlsiz 0x279 lnnos 0 next 0
[146](sec  1)(fl 0x00)(ty   20)(scl   3) (nx 1) 0x000000000001adf0 _DevPathIPv4
AUX tagndx 0 ttlsiz 0x1ff lnnos 0 next 0
[148](sec  2)(fl 0x00)(ty    0)(scl   3) (nx 0) 0x0000000000000128 dummy0
[149](sec  2)(fl 0x00)(ty    0)(scl   3) (nx 0) 0x000000000000012c dummy1
[150](sec  1)(fl 0x00)(ty   20)(scl   2) (nx 1) 0x0000000000016410 StpnCpy
AUX tagndx 0 ttlsiz 0x9 lnnos 0 next 0
[152](sec  1)(fl 0x00)(ty   20)(scl   2) (nx 1) 0x0000000000002fae __fdirlist
AUX tagndx 0 ttlsiz 0x2cf lnnos 0 next 0
[154](sec  1)(fl 0x00)(ty   20)(scl   2) (nx 1) 0x0000000000001d6e __fread1
AUX tagndx 0 ttlsiz 0x1b5 lnnos 0 next 0
[156](sec  1)(fl 0x00)(ty   20)(scl   2) (nx 1) 0x0000000000016d70 InitializeLibPlatform
AUX tagndx 0 ttlsiz 0x5 lnnos 0 next 0
[158](sec  1)(fl 0x00)(ty   20)(scl   2) (nx 1) 0x000000000000d455 LoadSectionPe
AUX tagndx 0 ttlsiz 0x12c lnnos 0 next 0
[160](sec  1)(fl 0x00)(ty   20)(scl   2) (nx 1) 0x0000000000016540 AsciiStrnCmp
AUX tagndx 0 ttlsiz 0x42 lnnos 0 next 0
[162](sec  1)(fl 0x00)(ty   20)(scl   2) (nx 1) 0x00000000000160f0 BCDtoDecimal
AUX tagndx 0 ttlsiz 0xd lnnos 0 next 0
[164](sec  1)(fl 0x00)(ty   20)(scl   2) (nx 1) 0x0000000000004722 writebytes
AUX tagndx 0 ttlsiz 0x126 lnnos 0 next 0
[166](sec  1)(fl 0x00)(ty   20)(scl   2) (nx 1) 0x000000000001b900 LibCreateProtocolNotifyEvent
AUX tagndx 0 ttlsiz 0x79 lnnos 0 next 0
[168](sec  1)(fl 0x00)(ty   20)(scl   2) (nx 1) 0x000000000001c630 LShiftU64
AUX tagndx 0 ttlsiz 0xd lnnos 0 next 0
[170](sec  1)(fl 0x00)(ty   20)(scl   2) (nx 1) 0x000000000000b0ff blake2sp_final
AUX tagndx 0 ttlsiz 0x100 lnnos 0 next 0
[172](sec  1)(fl 0x00)(ty   20)(scl   2) (nx 1) 0x0000000000012a7f __fhandle_sckOPENchild
AUX tagndx 0 ttlsiz 0x2e9 lnnos 0 next 0
[174](sec  1)(fl 0x00)(ty   20)(scl   2) (nx 1) 0x000000000000d581 ExpandPeExecutableFormat
AUX tagndx 0 ttlsiz 0x64d lnnos 0 next 0
[176](sec  1)(fl 0x00)(ty   20)(scl   2) (nx 1) 0x0000000000016420 StrCat
AUX tagndx 0 ttlsiz 0x9 lnnos 0 next 0
[178](sec  1)(fl 0x00)(ty   20)(scl   2) (nx 1) 0x0000000000000d0d __ffremove
AUX tagndx 0 ttlsiz 0x2a lnnos 0 next 0
[180](sec  1)(fl 0x00)(ty   20)(scl   2) (nx 1) 0x0000000000015700 InitializeLib
AUX tagndx 0 ttlsiz 0xfd lnnos 0 next 0
[182](sec  1)(fl 0x00)(ty   20)(scl   2) (nx 1) 0x00000000000168d0 RtCopyMem
AUX tagndx 0 ttlsiz 0x71 lnnos 0 next 0
[184](sec  1)(fl 0x00)(ty   20)(scl   2) (nx 1) 0x0000000000016620 Atoi
AUX tagndx 0 ttlsiz 0x43 lnnos 0 next 0
[186](sec  1)(fl 0x00)(ty   20)(scl   2) (nx 1) 0x000000000000d334 ReadAtRVAFromSectionPe
AUX tagndx 0 ttlsiz 0x95 lnnos 0 next 0
[188](sec  1)(fl 0x00)(ty   20)(scl   2) (nx 1) 0x0000000000017a40 DbgPrint
AUX tagndx 0 ttlsiz 0x11e9 lnnos 0 next 0
[190](sec  1)(fl 0x00)(ty   20)(scl   2) (nx 1) 0x0000000000002f26 _freadinfo
AUX tagndx 0 ttlsiz 0x12 lnnos 0 next 0
[192](sec  1)(fl 0x00)(ty   20)(scl   2) (nx 1) 0x000000000000a9cf blake2s_final
AUX tagndx 0 ttlsiz 0x119 lnnos 0 next 0
[194](sec  1)(fl 0x00)(ty   20)(scl   2) (nx 1) 0x0000000000018c30 DumpHex
AUX tagndx 0 ttlsiz 0x1c1 lnnos 0 next 0
[196](sec  1)(fl 0x00)(ty   20)(scl   2) (nx 1) 0x0000000000016370 LibStubStrLwrUpr
AUX tagndx 0 ttlsiz 0x5 lnnos 0 next 0
[198](sec  1)(fl 0x00)(ty   20)(scl   2) (nx 1) 0x000000000000a6d1 blake2s_init
AUX tagndx 0 ttlsiz 0xc7 lnnos 0 next 0
[200](sec  1)(fl 0x00)(ty   20)(scl   2) (nx 1) 0x00000000000164f0 AsciiStrCmp
AUX tagndx 0 ttlsiz 0x42 lnnos 0 next 0
[202](sec  1)(fl 0x00)(ty   20)(scl   2) (nx 1) 0x0000000000011e80 __froot_sckinfo
AUX tagndx 0 ttlsiz 0x3c2 lnnos 0 next 0
[204](sec  1)(fl 0x00)(ty   20)(scl   2) (nx 1) 0x00000000000142d6 libinit
AUX tagndx 0 ttlsiz 0x87 lnnos 0 next 0
[206](sec  1)(fl 0x00)(ty   20)(scl   2) (nx 1) 0x000000000001bbc0 LibLocateProtocol
AUX tagndx 0 ttlsiz 0x9e lnnos 0 next 0
[208](sec  1)(fl 0x00)(ty   20)(scl   2) (nx 1) 0x000000000000a670 blake2s_init_param
AUX tagndx 0 ttlsiz 0x61 lnnos 0 next 0
[210](sec  1)(fl 0x00)(ty   20)(scl   2) (nx 1) 0x000000000001ba60 WaitForEventWithTimeout
AUX tagndx 0 ttlsiz 0x95 lnnos 0 next 0
[212](sec  1)(fl 0x00)(ty   20)(scl   2) (nx 1) 0x00000000000021a1 fuloaddir
AUX tagndx 0 ttlsiz 0x1d4 lnnos 0 next 0
[214](sec  1)(fl 0x00)(ty   20)(scl   2) (nx 1) 0x00000000000138ab strcheck
AUX tagndx 0 ttlsiz 0x48 lnnos 0 next 0
[216](sec  1)(fl 0x00)(ty   20)(scl   2) (nx 1) 0x000000000001375c __realloc_
AUX tagndx 0 ttlsiz 0xb1 lnnos 0 next 0
[218](sec  1)(fl 0x00)(ty   20)(scl   2) (nx 1) 0x00000000000163a0 StrLwr
AUX tagndx 0 ttlsiz 0x1d lnnos 0 next 0
[220](sec  1)(fl 0x00)(ty   20)(scl   2) (nx 1) 0x00000000000154a0 CompareGuid_1
AUX tagndx 0 ttlsiz 0x9 lnnos 0 next 0
[222](sec  1)(fl 0x00)(ty   20)(scl   2) (nx 1) 0x0000000000016470 StrDuplicate
AUX tagndx 0 ttlsiz 0x41 lnnos 0 next 0
[224](sec  1)(fl 0x00)(ty   20)(scl   2) (nx 1) 0x0000000000017990 TimeToString
AUX tagndx 0 ttlsiz 0xa4 lnnos 0 next 0
[226](sec  1)(fl 0x00)(ty   20)(scl   2) (nx 1) 0x00000000000174b0 Print
AUX tagndx 0 ttlsiz 0xb7 lnnos 0 next 0
[228](sec  1)(fl 0x00)(ty   20)(scl   2) (nx 1) 0x000000000000b888 blake2xb
AUX tagndx 0 ttlsiz 0xcc lnnos 0 next 0
[230](sec  1)(fl 0x00)(ty   20)(scl   2) (nx 1) 0x000000000001393b str_tolower
AUX tagndx 0 ttlsiz 0x55 lnnos 0 next 0
[232](sec  1)(fl 0x00)(ty   20)(scl   2) (nx 1) 0x000000000001407a GetDevicePath
AUX tagndx 0 ttlsiz 0x46 lnnos 0 next 0
[234](sec  1)(fl 0x00)(ty   20)(scl   2) (nx 1) 0x000000000000411c DisableVerbose
AUX tagndx 0 ttlsiz 0x5 lnnos 0 next 0
[236](sec  1)(fl 0x00)(ty   20)(scl   2) (nx 1) 0x0000000000013c36 strtok_i
AUX tagndx 0 ttlsiz 0xa2 lnnos 0 next 0
[238](sec  1)(fl 0x00)(ty   20)(scl   2) (nx 1) 0x00000000000159e0 CopyMem_1
AUX tagndx 0 ttlsiz 0x9 lnnos 0 next 0
[240](sec  1)(fl 0x00)(ty   20)(scl   2) (nx 1) 0x0000000000015cd0 LibGetVariable
AUX tagndx 0 ttlsiz 0x17 lnnos 0 next 0
[242](sec  1)(fl 0x00)(ty   20)(scl   2) (nx 1) 0x0000000000015d60 LibSetNVVariable
AUX tagndx 0 ttlsiz 0x2b lnnos 0 next 0
[244](sec  1)(fl 0x00)(ty   20)(scl   2) (nx 1) 0x000000000001435d efi_main
AUX tagndx 0 ttlsiz 0x305 lnnos 0 next 0
[246](sec  1)(fl 0x00)(ty   20)(scl   2) (nx 1) 0x000000000001b7c0 LibMatchDevicePaths
AUX tagndx 0 ttlsiz 0x73 lnnos 0 next 0
[248](sec  1)(fl 0x00)(ty   20)(scl   2) (nx 1) 0x0000000000012770 __fhandle_sckwrite
AUX tagndx 0 ttlsiz 0xf2 lnnos 0 next 0
[250](sec  1)(fl 0x00)(ty   20)(scl   2) (nx 1) 0x0000000000012d68 __froot_sckOPENchild
AUX tagndx 0 ttlsiz 0x305 lnnos 0 next 0
[252](sec  1)(fl 0x00)(ty   20)(scl   2) (nx 1) 0x00000000000140c0 RestartSystem
AUX tagndx 0 ttlsiz 0x2e lnnos 0 next 0
[254](sec  1)(fl 0x00)(ty   20)(scl   2) (nx 1) 0x000000000000414a startup
AUX tagndx 0 ttlsiz 0x227 lnnos 0 next 0
[256](sec  1)(fl 0x00)(ty   20)(scl   2) (nx 1) 0x000000000001c640 RShiftU64
AUX tagndx 0 ttlsiz 0xd lnnos 0 next 0
[258](sec  1)(fl 0x00)(ty   20)(scl   2) (nx 1) 0x0000000000015850 memcpy
AUX tagndx 0 ttlsiz 0x23 lnnos 0 next 0
[260](sec  1)(fl 0x00)(ty   20)(scl   2) (nx 1) 0x0000000000013cd8 __strspn
AUX tagndx 0 ttlsiz 0x36 lnnos 0 next 0
[262](sec  1)(fl 0x00)(ty   20)(scl   2) (nx 1) 0x0000000000017240 UnicodeSPrint
AUX tagndx 0 ttlsiz 0x8e lnnos 0 next 0
[264](sec  1)(fl 0x00)(ty   20)(scl   2) (nx 1) 0x0000000000000a67 allocatecluster
AUX tagndx 0 ttlsiz 0x83 lnnos 0 next 0
[266](sec  1)(fl 0x00)(ty   20)(scl   2) (nx 1) 0x000000000000289d floadhdir
AUX tagndx 0 ttlsiz 0x1aa lnnos 0 next 0
[268](sec  1)(fl 0x00)(ty   20)(scl   2) (nx 1) 0x0000000000010acf OpenGIF
AUX tagndx 0 ttlsiz 0x839 lnnos 0 next 0
[270](sec  1)(fl 0x00)(ty   20)(scl   2) (nx 1) 0x000000000000b4a6 blake2xb_init_key
AUX tagndx 0 ttlsiz 0x1bc lnnos 0 next 0
[272](sec  1)(fl 0x00)(ty   20)(scl   2) (nx 1) 0x000000000001aff0 DevicePathFromHandle
AUX tagndx 0 ttlsiz 0x38 lnnos 0 next 0
[274](sec  1)(fl 0x00)(ty   20)(scl   2) (nx 1) 0x0000000000014c5f EfiStatusToString
AUX tagndx 0 ttlsiz 0x26c lnnos 0 next 0
[276](sec  1)(fl 0x00)(ty   20)(scl   2) (nx 1) 0x000000000000d3c9 ReadSectionPe
AUX tagndx 0 ttlsiz 0x8c lnnos 0 next 0
[278](sec  1)(fl 0x00)(ty   20)(scl   2) (nx 1) 0x000000000000afae blake2sp_update
AUX tagndx 0 ttlsiz 0x151 lnnos 0 next 0
[280](sec  1)(fl 0x00)(ty   20)(scl   2) (nx 1) 0x000000000001b510 AppendDevicePathInstance
AUX tagndx 0 ttlsiz 0xe0 lnnos 0 next 0
[282](sec  1)(fl 0x00)(ty   20)(scl   2) (nx 1) 0x00000000000133f7 tolower
AUX tagndx 0 ttlsiz 0x4 lnnos 0 next 0
[284](sec  1)(fl 0x00)(ty   20)(scl   2) (nx 1) 0x0000000000016db0 _SPrint
AUX tagndx 0 ttlsiz 0x121 lnnos 0 next 0
[286](sec  1)(fl 0x00)(ty   20)(scl   2) (nx 1) 0x0000000000012242 __fhandle_sckinfo
AUX tagndx 0 ttlsiz 0x52e lnnos 0 next 0
[288](sec  1)(fl 0x00)(ty   20)(scl   2) (nx 1) 0x0000000000016440 StrnLen
AUX tagndx 0 ttlsiz 0x9 lnnos 0 next 0
[290](sec  1)(fl 0x00)(ty   20)(scl   2) (nx 1) 0x000000000000dea7 PeSubsystemToString
AUX tagndx 0 ttlsiz 0xec lnnos 0 next 0
[292](sec  1)(fl 0x00)(ty   20)(scl   2) (nx 1) 0x0000000000016c80 RtStrLen
AUX tagndx 0 ttlsiz 0x21 lnnos 0 next 0
[294](sec  1)(fl 0x00)(ty   20)(scl   2) (nx 1) 0x000000000000f697 PrintPeExecutableFormat
AUX tagndx 0 ttlsiz 0xe97 lnnos 0 next 0
[296](sec  1)(fl 0x00)(ty   20)(scl   2) (nx 1) 0x0000000000013a16 __pattmatch
AUX tagndx 0 ttlsiz 0xe1 lnnos 0 next 0
[298](sec  1)(fl 0x00)(ty   20)(scl   2) (nx 1) 0x000000000000aae8 blake2s
AUX tagndx 0 ttlsiz 0x109 lnnos 0 next 0
[300](sec  1)(fl 0x00)(ty   20)(scl   2) (nx 1) 0x00000000000159f0 CopyMemC
AUX tagndx 0 ttlsiz 0x9 lnnos 0 next 0
[302](sec  1)(fl 0x00)(ty   20)(scl   2) (nx 1) 0x0000000000016b10 RtStpnCpy
AUX tagndx 0 ttlsiz 0x82 lnnos 0 next 0
[304](sec  1)(fl 0x00)(ty   20)(scl   2) (nx 1) 0x00000000000138f3 strchecki
AUX tagndx 0 ttlsiz 0x48 lnnos 0 next 0
[306](sec  1)(fl 0x00)(ty   20)(scl   2) (nx 1) 0x0000000000000aea __ffremovelh
AUX tagndx 0 ttlsiz 0xe8 lnnos 0 next 0
[308](sec  1)(fl 0x00)(ty   20)(scl   2) (nx 1) 0x0000000000017360 PoolPrint
AUX tagndx 0 ttlsiz 0x98 lnnos 0 next 0
[310](sec  1)(fl 0x00)(ty   20)(scl   2) (nx 1) 0x0000000000004848 readbytes
AUX tagndx 0 ttlsiz 0x17a lnnos 0 next 0
[312](sec  1)(fl 0x00)(ty   20)(scl   2) (nx 1) 0x000000000000a798 blake2s_update
AUX tagndx 0 ttlsiz 0xd5 lnnos 0 next 0
[314](sec  1)(fl 0x00)(ty   20)(scl   2) (nx 1) 0x0000000000002375 __dirr_free
AUX tagndx 0 ttlsiz 0xc7 lnnos 0 next 0
[316](sec  1)(fl 0x00)(ty   20)(scl   2) (nx 1) 0x0000000000016460 StrSize
AUX tagndx 0 ttlsiz 0x9 lnnos 0 next 0
[318](sec  1)(fl 0x00)(ty   20)(scl   2) (nx 1) 0x0000000000007719 blake2b_init
AUX tagndx 0 ttlsiz 0xdb lnnos 0 next 0
[320](sec  1)(fl 0x00)(ty   20)(scl   2) (nx 1) 0x0000000000004121 EnableVerbose
AUX tagndx 0 ttlsiz 0x5 lnnos 0 next 0
[322](sec  1)(fl 0x00)(ty   20)(scl   2) (nx 1) 0x00000000000135e9 readbuf
AUX tagndx 0 ttlsiz 0xb9 lnnos 0 next 0
[324](sec  1)(fl 0x00)(ty   20)(scl   2) (nx 1) 0x0000000000016d80 _DbgOut
AUX tagndx 0 ttlsiz 0x23 lnnos 0 next 0
[326](sec  1)(fl 0x00)(ty   20)(scl   2) (nx 1) 0x0000000000014245 TestVideo
AUX tagndx 0 ttlsiz 0x91 lnnos 0 next 0
[328](sec  1)(fl 0x00)(ty   20)(scl   2) (nx 1) 0x000000000001b980 WaitForSingleEvent
AUX tagndx 0 ttlsiz 0xdf lnnos 0 next 0
[330](sec  1)(fl 0x00)(ty   20)(scl   2) (nx 1) 0x0000000000016400 StpCpy
AUX tagndx 0 ttlsiz 0x9 lnnos 0 next 0
[332](sec  1)(fl 0x00)(ty   20)(scl   2) (nx 1) 0x0000000000011579 JsonreadValue
AUX tagndx 0 ttlsiz 0x120 lnnos 0 next 0
[334](sec  1)(fl 0x00)(ty   20)(scl   2) (nx 1) 0x0000000000002a47 __fgetparent
AUX tagndx 0 ttlsiz 0xd1 lnnos 0 next 0
[336](sec  1)(fl 0x00)(ty   20)(scl   2) (nx 1) 0x0000000000001181 __fprint_info
AUX tagndx 0 ttlsiz 0x174 lnnos 0 next 0
[338](sec  1)(fl 0x00)(ty   20)(scl   2) (nx 1) 0x0000000000000e5c __fsize
AUX tagndx 0 ttlsiz 0xb2 lnnos 0 next 0
[340](sec  1)(fl 0x00)(ty   20)(scl   2) (nx 1) 0x0000000000002b18 __fcreate
AUX tagndx 0 ttlsiz 0x26f lnnos 0 next 0
[342](sec  1)(fl 0x00)(ty   20)(scl   2) (nx 1) 0x0000000000001f23 __fpush1
AUX tagndx 0 ttlsiz 0x27e lnnos 0 next 0
[344](sec  1)(fl 0x00)(ty   20)(scl   2) (nx 1) 0x000000000001419e __strtod
AUX tagndx 0 ttlsiz 0xa7 lnnos 0 next 0
[346](sec  1)(fl 0x00)(ty   20)(scl   2) (nx 1) 0x0000000000015910 ReallocatePool_1
AUX tagndx 0 ttlsiz 0x8b lnnos 0 next 0
[348](sec  1)(fl 0x00)(ty   20)(scl   2) (nx 1) 0x000000000001c660 DivU64x32
AUX tagndx 0 ttlsiz 0x20 lnnos 0 next 0
[350](sec  1)(fl 0x00)(ty   20)(scl   2) (nx 1) 0x0000000000016ae0 RtStpCpy
AUX tagndx 0 ttlsiz 0x29 lnnos 0 next 0
[352](sec  1)(fl 0x00)(ty   20)(scl   2) (nx 1) 0x0000000000001af8 __finit
AUX tagndx 0 ttlsiz 0x276 lnnos 0 next 0
[354](sec  1)(fl 0x00)(ty   20)(scl   2) (nx 1) 0x0000000000015a10 GrowBuffer
AUX tagndx 0 ttlsiz 0xd7 lnnos 0 next 0
[356](sec  1)(fl 0x00)(ty   20)(scl   2) (nx 1) 0x000000000000013c checkdisk
AUX tagndx 0 ttlsiz 0x156 lnnos 0 next 0
[358](sec  1)(fl 0x00)(ty   20)(scl   2) (nx 1) 0x00000000000082e9 blake2bp
AUX tagndx 0 ttlsiz 0x2a7 lnnos 0 next 0
[360](sec  1)(fl 0x00)(ty   20)(scl   2) (nx 1) 0x0000000000000d37 fuloadh
AUX tagndx 0 ttlsiz 0x125 lnnos 0 next 0
[362](sec  1)(fl 0x00)(ty   20)(scl   2) (nx 1) 0x00000000000159a0 FreePool
AUX tagndx 0 ttlsiz 0x1a lnnos 0 next 0
[364](sec  1)(fl 0x00)(ty   20)(scl   2) (nx 1) 0x00000000000159c0 ZeroMem
AUX tagndx 0 ttlsiz 0x9 lnnos 0 next 0
[366](sec  1)(fl 0x00)(ty   20)(scl   2) (nx 1) 0x000000000001b120 DevicePathSize
AUX tagndx 0 ttlsiz 0x2f lnnos 0 next 0
[368](sec  1)(fl 0x00)(ty   20)(scl   2) (nx 1) 0x000000000001b0e0 DevicePathInstanceCount
AUX tagndx 0 ttlsiz 0x40 lnnos 0 next 0
[370](sec  1)(fl 0x00)(ty   20)(scl   2) (nx 1) 0x0000000000011b1f socketopen
AUX tagndx 0 ttlsiz 0x175 lnnos 0 next 0
[372](sec  1)(fl 0x00)(ty   20)(scl   2) (nx 1) 0x0000000000003512 _fwrite
AUX tagndx 0 ttlsiz 0x256 lnnos 0 next 0
[374](sec  1)(fl 0x00)(ty   20)(scl   2) (nx 1) 0x0000000000008097 blake2bp_update
AUX tagndx 0 ttlsiz 0x14f lnnos 0 next 0
[376](sec  1)(fl 0x00)(ty   20)(scl   2) (nx 1) 0x0000000000011ce4 __froot_sckwrite
AUX tagndx 0 ttlsiz 0x49 lnnos 0 next 0
[378](sec  1)(fl 0x00)(ty   20)(scl   2) (nx 1) 0x000000000000327d __dirr
AUX tagndx 0 ttlsiz 0x189 lnnos 0 next 0
[380](sec  1)(fl 0x00)(ty   20)(scl   2) (nx 1) 0x000000000000dbce PeMachineTypeToString
AUX tagndx 0 ttlsiz 0x2d9 lnnos 0 next 0
[382](sec  1)(fl 0x00)(ty   20)(scl   2) (nx 1) 0x0000000000017850 ValueToString
AUX tagndx 0 ttlsiz 0x1f lnnos 0 next 0
[384](sec  1)(fl 0x00)(ty   20)(scl   2) (nx 1) 0x000000000001c380 LibUninstallProtocolInterfaces
AUX tagndx 0 ttlsiz 0xcd lnnos 0 next 0
[386](sec  1)(fl 0x00)(ty   20)(scl   2) (nx 1) 0x0000000000016cb0 RtStrnLen
AUX tagndx 0 ttlsiz 0x31 lnnos 0 next 0
[388](sec  1)(fl 0x00)(ty   20)(scl   2) (nx 1) 0x0000000000015d90 LibSetVariable
AUX tagndx 0 ttlsiz 0x2b lnnos 0 next 0
[390](sec  1)(fl 0x00)(ty   20)(scl   2) (nx 1) 0x0000000000016590 xtoi
AUX tagndx 0 ttlsiz 0x81 lnnos 0 next 0
[392](sec  1)(fl 0x00)(ty   20)(scl   2) (nx 1) 0x0000000000017870 FloatToString
AUX tagndx 0 ttlsiz 0x111 lnnos 0 next 0
[394](sec  1)(fl 0x00)(ty   20)(scl   2) (nx 1) 0x0000000000011898 JsonFree
AUX tagndx 0 ttlsiz 0x1c2 lnnos 0 next 0
[396](sec  1)(fl 0x00)(ty   20)(scl   2) (nx 1) 0x000000000001380d __safecopy
AUX tagndx 0 ttlsiz 0x7d lnnos 0 next 0
[398](sec  1)(fl 0x00)(ty   20)(scl   2) (nx 1) 0x000000000000b677 blake2xb_update
AUX tagndx 0 ttlsiz 0xb lnnos 0 next 0
[400](sec  1)(fl 0x00)(ty   20)(scl   2) (nx 1) 0x000000000001417f getptr
AUX tagndx 0 ttlsiz 0x1f lnnos 0 next 0
[402](sec  1)(fl 0x00)(ty   20)(scl   2) (nx 1) 0x0000000000019ce0 VPoolPrint
AUX tagndx 0 ttlsiz 0x44 lnnos 0 next 0
[404](sec  1)(fl 0x00)(ty   20)(scl   2) (nx 1) 0x000000000001c0a0 LibFileSystemInfo
AUX tagndx 0 ttlsiz 0x84 lnnos 0 next 0
[406](sec  1)(fl 0x00)(ty   20)(scl   2) (nx 1) 0x0000000000013d0e strtok_k
AUX tagndx 0 ttlsiz 0x130 lnnos 0 next 0
[408](sec  1)(fl 0x00)(ty   20)(scl   2) (nx 1) 0x000000000000ad7a blake2sp_init
AUX tagndx 0 ttlsiz 0xc9 lnnos 0 next 0
[410](sec  1)(fl 0x00)(ty   20)(scl   2) (nx 1) 0x000000000000180e __faddr
AUX tagndx 0 ttlsiz 0x2ea lnnos 0 next 0
[412](sec  1)(fl 0x00)(ty   20)(scl   2) (nx 1) 0x00000000000176d0 IPrintAt
AUX tagndx 0 ttlsiz 0x98 lnnos 0 next 0
[414](sec  1)(fl 0x00)(ty   20)(scl   2) (nx 1) 0x000000000000cf71 ReadPeExecutableHeader
AUX tagndx 0 ttlsiz 0x2e9 lnnos 0 next 0
[416](sec  1)(fl 0x00)(ty   20)(scl   2) (nx 1) 0x0000000000016670 MetaMatch
AUX tagndx 0 ttlsiz 0x11e lnnos 0 next 0
[418](sec  1)(fl 0x00)(ty   20)(scl   2) (nx 1) 0x0000000000016280 StrnCmp
AUX tagndx 0 ttlsiz 0x4a lnnos 0 next 0
[420](sec  1)(fl 0x00)(ty   20)(scl   2) (nx 1) 0x000000000000e891 PeHeaderCharacteristicsToString
AUX tagndx 0 ttlsiz 0x803 lnnos 0 next 0
[422](sec  1)(fl 0x00)(ty   20)(scl   2) (nx 1) 0x000000000000b682 blake2xb_final
AUX tagndx 0 ttlsiz 0x206 lnnos 0 next 0
[424](sec  1)(fl 0x00)(ty   20)(scl   2) (nx 1) 0x0000000000013990 makeGPTeNSTR
AUX tagndx 0 ttlsiz 0x86 lnnos 0 next 0
[426](sec  1)(fl 0x00)(ty   20)(scl   2) (nx 1) 0x00000000000154b0 IsZeroGuid
AUX tagndx 0 ttlsiz 0x9 lnnos 0 next 0
[428](sec  1)(fl 0x00)(ty   20)(scl   2) (nx 1) 0x000000000000132f fmount
AUX tagndx 0 ttlsiz 0x4df lnnos 0 next 0
[430](sec  1)(fl 0x00)(ty   20)(scl   2) (nx 1) 0x000000000000b1ff blake2sp
AUX tagndx 0 ttlsiz 0x2a7 lnnos 0 next 0
[432](sec  1)(fl 0x00)(ty   20)(scl   2) (nx 1) 0x0000000000016790 LibStubMetaiMatch
AUX tagndx 0 ttlsiz 0xa0 lnnos 0 next 0
[434](sec  1)(fl 0x00)(ty   20)(scl   2) (nx 1) 0x0000000000015460 Exit
AUX tagndx 0 ttlsiz 0x29 lnnos 0 next 0
[436](sec  1)(fl 0x00)(ty   20)(scl   2) (nx 1) 0x000000000000b662 blake2xb_init
AUX tagndx 0 ttlsiz 0x15 lnnos 0 next 0
[438](sec  1)(fl 0x00)(ty   20)(scl   2) (nx 1) 0x000000000001c680 _relocate
AUX tagndx 0 ttlsiz 0xab lnnos 0 next 0
[440](sec  1)(fl 0x00)(ty   20)(scl   2) (nx 1) 0x000000000001a0c0 Output
AUX tagndx 0 ttlsiz 0x21 lnnos 0 next 0
[442](sec  1)(fl 0x00)(ty   20)(scl   2) (nx 1) 0x00000000000004cd formatpart
AUX tagndx 0 ttlsiz 0x321 lnnos 0 next 0
[444](sec  1)(fl 0x00)(ty    0)(scl   2) (nx 0) 0x0000000000015310 _start
[445](sec  1)(fl 0x00)(ty   20)(scl   2) (nx 1) 0x0000000000017400 CatPrint
AUX tagndx 0 ttlsiz 0xa8 lnnos 0 next 0
[447](sec  1)(fl 0x00)(ty   20)(scl   2) (nx 1) 0x0000000000004555 writeblocks
AUX tagndx 0 ttlsiz 0x1cd lnnos 0 next 0
[449](sec  1)(fl 0x00)(ty   20)(scl   2) (nx 1) 0x0000000000013406 match_rec
AUX tagndx 0 ttlsiz 0xb8 lnnos 0 next 0
[451](sec  1)(fl 0x00)(ty   20)(scl   2) (nx 1) 0x000000000001b450 UnpackDevicePath
AUX tagndx 0 ttlsiz 0xbe lnnos 0 next 0
[453](sec  1)(fl 0x00)(ty   20)(scl   2) (nx 1) 0x000000000000bb06 blake2xs_final
AUX tagndx 0 ttlsiz 0x209 lnnos 0 next 0
[455](sec  1)(fl 0x00)(ty   20)(scl   2) (nx 1) 0x00000000000140ee sysbase
AUX tagndx 0 ttlsiz 0x91 lnnos 0 next 0
[457](sec  1)(fl 0x00)(ty   20)(scl   2) (nx 1) 0x0000000000016960 RtCompareMem
AUX tagndx 0 ttlsiz 0x33 lnnos 0 next 0
[459](sec  1)(fl 0x00)(ty   20)(scl   2) (nx 1) 0x00000000000076b4 blake2b_init_param
AUX tagndx 0 ttlsiz 0x65 lnnos 0 next 0
[461](sec  1)(fl 0x00)(ty   20)(scl   2) (nx 1) 0x0000000000016450 StrLen
AUX tagndx 0 ttlsiz 0x9 lnnos 0 next 0
[463](sec  1)(fl 0x00)(ty   20)(scl   2) (nx 1) 0x00000000000169a0 RtCompareGuid
AUX tagndx 0 ttlsiz 0x2a lnnos 0 next 0
[465](sec  1)(fl 0x00)(ty   20)(scl   2) (nx 1) 0x0000000000013eb7 getDriveMediaID
AUX tagndx 0 ttlsiz 0x127 lnnos 0 next 0
[467](sec  1)(fl 0x00)(ty   20)(scl   2) (nx 1) 0x0000000000015af0 LibMemoryMap
AUX tagndx 0 ttlsiz 0xf1 lnnos 0 next 0
[469](sec  1)(fl 0x00)(ty   20)(scl   2) (nx 1) 0x0000000000003768 _fread
AUX tagndx 0 ttlsiz 0x1fb lnnos 0 next 0
[471](sec  1)(fl 0x00)(ty   20)(scl   2) (nx 1) 0x0000000000011530 JsonCreateValue
AUX tagndx 0 ttlsiz 0x49 lnnos 0 next 0
[473](sec  1)(fl 0x00)(ty   20)(scl   2) (nx 1) 0x000000000001c010 LibFileInfo
AUX tagndx 0 ttlsiz 0x84 lnnos 0 next 0
[475](sec  1)(fl 0x00)(ty   20)(scl   2) (nx 1) 0x0000000000016ba0 RtStrCat
AUX tagndx 0 ttlsiz 0x49 lnnos 0 next 0
[477](sec  1)(fl 0x00)(ty   20)(scl   2) (nx 1) 0x00000000000132de isascii
AUX tagndx 0 ttlsiz 0x6 lnnos 0 next 0
[479](sec  1)(fl 0x00)(ty   20)(scl   2) (nx 1) 0x000000000001bfb0 LibOpenRoot
AUX tagndx 0 ttlsiz 0x57 lnnos 0 next 0
[481](sec  1)(fl 0x00)(ty   20)(scl   2) (nx 1) 0x0000000000002619 __fdiradd
AUX tagndx 0 ttlsiz 0x284 lnnos 0 next 0
[483](sec  1)(fl 0x00)(ty   20)(scl   2) (nx 1) 0x00000000000132e4 strtok_d
AUX tagndx 0 ttlsiz 0x8b lnnos 0 next 0
[485](sec  1)(fl 0x00)(ty   20)(scl   2) (nx 1) 0x0000000000013af7 __strdup
AUX tagndx 0 ttlsiz 0x23 lnnos 0 next 0
[487](sec  1)(fl 0x00)(ty   20)(scl   2) (nx 1) 0x00000000000077f4 blake2b_update
AUX tagndx 0 ttlsiz 0xe4 lnnos 0 next 0
[489](sec  1)(fl 0x00)(ty   20)(scl   2) (nx 1) 0x0000000000013594 _GUIDtoSTR
AUX tagndx 0 ttlsiz 0x55 lnnos 0 next 0
[491](sec  1)(fl 0x00)(ty   20)(scl   2) (nx 1) 0x00000000000162d0 LibStubStriCmp
AUX tagndx 0 ttlsiz 0xa0 lnnos 0 next 0
[493](sec  1)(fl 0x00)(ty   20)(scl   2) (nx 1) 0x0000000000012862 __fhandle_sckread
AUX tagndx 0 ttlsiz 0x142 lnnos 0 next 0
[495](sec  1)(fl 0x00)(ty   20)(scl   2) (nx 1) 0x00000000000169d0 RtIsZeroGuid
AUX tagndx 0 ttlsiz 0x10 lnnos 0 next 0
[497](sec  1)(fl 0x00)(ty   20)(scl   2) (nx 1) 0x00000000000012f5 getloc
AUX tagndx 0 ttlsiz 0x3a lnnos 0 next 0
[499](sec  1)(fl 0x00)(ty   20)(scl   2) (nx 1) 0x0000000000011881 JsonParse
AUX tagndx 0 ttlsiz 0x17 lnnos 0 next 0
[501](sec  1)(fl 0x00)(ty   20)(scl   2) (nx 1) 0x00000000000136a2 __memcpy
AUX tagndx 0 ttlsiz 0x5c lnnos 0 next 0
[503](sec  1)(fl 0x00)(ty   20)(scl   2) (nx 1) 0x0000000000015340 _entry
AUX tagndx 0 ttlsiz 0x11c lnnos 0 next 0
[505](sec  1)(fl 0x00)(ty   20)(scl   2) (nx 1) 0x000000000000a86d blake2s_init_key
AUX tagndx 0 ttlsiz 0x162 lnnos 0 next 0
[507](sec  1)(fl 0x00)(ty   20)(scl   2) (nx 1) 0x0000000000013280 prGUID
AUX tagndx 0 ttlsiz 0x5e lnnos 0 next 0
[509](sec  1)(fl 0x00)(ty   20)(scl   2) (nx 1) 0x000000000000d285 FindSectionPe
AUX tagndx 0 ttlsiz 0x6d lnnos 0 next 0
[511](sec  1)(fl 0x00)(ty   20)(scl   2) (nx 1) 0x000000000001b840 LibDuplicateDevicePathInstance
AUX tagndx 0 ttlsiz 0x6f lnnos 0 next 0
[513](sec  1)(fl 0x00)(ty   20)(scl   2) (nx 1) 0x000000000001c650 MultU64x32
AUX tagndx 0 ttlsiz 0xc lnnos 0 next 0
[515](sec  1)(fl 0x00)(ty   20)(scl   2) (nx 1) 0x0000000000017620 IPrint
AUX tagndx 0 ttlsiz 0xaa lnnos 0 next 0
[517](sec  1)(fl 0x00)(ty   20)(scl   2) (nx 1) 0x0000000000015dc0 LibInsertToTailOfBootOrder
AUX tagndx 0 ttlsiz 0x16d lnnos 0 next 0
[519](sec  1)(fl 0x00)(ty   20)(scl   2) (nx 1) 0x000000000000d25a RvaToFileOffsetPe
AUX tagndx 0 ttlsiz 0x2b lnnos 0 next 0
[521](sec  1)(fl 0x00)(ty   20)(scl   2) (nx 1) 0x0000000000016d20 RtBCDtoDecimal
AUX tagndx 0 ttlsiz 0x13 lnnos 0 next 0
[523](sec  1)(fl 0x00)(ty   20)(scl   2) (nx 1) 0x00000000000134be __memset
AUX tagndx 0 ttlsiz 0x5a lnnos 0 next 0
[525](sec  1)(fl 0x00)(ty   20)(scl   2) (nx 1) 0x000000000001336f trng__
AUX tagndx 0 ttlsiz 0x88 lnnos 0 next 0
[527](sec  1)(fl 0x00)(ty   20)(scl   2) (nx 1) 0x0000000000015800 memset
AUX tagndx 0 ttlsiz 0x42 lnnos 0 next 0
[529](sec  1)(fl 0x00)(ty   20)(scl   2) (nx 1) 0x0000000000003b53 FindDiskHandleByGUID
AUX tagndx 0 ttlsiz 0x5c9 lnnos 0 next 0
[531](sec  1)(fl 0x00)(ty   20)(scl   2) (nx 1) 0x000000000001bc60 LibLocateHandleByDiskSignature
AUX tagndx 0 ttlsiz 0x347 lnnos 0 next 0
[533](sec  1)(fl 0x00)(ty   20)(scl   2) (nx 1) 0x000000000001b5f0 LibDevicePathToInterface
AUX tagndx 0 ttlsiz 0x85 lnnos 0 next 0
[535](sec  1)(fl 0x00)(ty   20)(scl   2) (nx 1) 0x0000000000007c96 blake2
AUX tagndx 0 ttlsiz 0xb lnnos 0 next 0
[537](sec  1)(fl 0x00)(ty   20)(scl   2) (nx 1) 0x000000000001b320 AppendDevicePathNode
AUX tagndx 0 ttlsiz 0x80 lnnos 0 next 0
[539](sec  1)(fl 0x00)(ty   20)(scl   2) (nx 1) 0x00000000000160e0 DecimaltoBCD
AUX tagndx 0 ttlsiz 0xd lnnos 0 next 0
[541](sec  1)(fl 0x00)(ty   20)(scl   2) (nx 1) 0x0000000000014768 InitialiseVideoMemory
AUX tagndx 0 ttlsiz 0x25e lnnos 0 next 0
[543](sec  1)(fl 0x00)(ty   20)(scl   2) (nx 1) 0x000000000000cf04 LoadExecutable
AUX tagndx 0 ttlsiz 0x6d lnnos 0 next 0
[545](sec  1)(fl 0x00)(ty   20)(scl   2) (nx 1) 0x0000000000015a00 CompareMem
AUX tagndx 0 ttlsiz 0x9 lnnos 0 next 0
[547](sec  1)(fl 0x00)(ty   20)(scl   2) (nx 1) 0x0000000000002ea5 __freadinfo
AUX tagndx 0 ttlsiz 0x6f lnnos 0 next 0
[549](sec  1)(fl 0x00)(ty   20)(scl   2) (nx 1) 0x00000000000136fe __memdup
AUX tagndx 0 ttlsiz 0x5e lnnos 0 next 0
[551](sec  1)(fl 0x00)(ty   20)(scl   2) (nx 1) 0x0000000000016830 MetaiMatch
AUX tagndx 0 ttlsiz 0x20 lnnos 0 next 0
[553](sec  1)(fl 0x00)(ty   20)(scl   2) (nx 1) 0x0000000000004126 getblocksize
AUX tagndx 0 ttlsiz 0x4 lnnos 0 next 0
[555](sec  1)(fl 0x00)(ty   20)(scl   2) (nx 1) 0x0000000000003406 __fupdatetstamp
AUX tagndx 0 ttlsiz 0x10c lnnos 0 next 0
[557](sec  1)(fl 0x00)(ty   20)(scl   2) (nx 1) 0x00000000000169e0 RtStrCmp
AUX tagndx 0 ttlsiz 0x4a lnnos 0 next 0
[559](sec  1)(fl 0x00)(ty   20)(scl   2) (nx 1) 0x0000000000016ee0 _PoolPrint
AUX tagndx 0 ttlsiz 0x117 lnnos 0 next 0
[561](sec  1)(fl 0x00)(ty   20)(scl   2) (nx 1) 0x0000000000007f1e blake2bp_init_key
AUX tagndx 0 ttlsiz 0x179 lnnos 0 next 0
[563](sec  1)(fl 0x00)(ty   20)(scl   2) (nx 1) 0x0000000000011a5a JsongetValue
AUX tagndx 0 ttlsiz 0xc5 lnnos 0 next 0
[565](sec  1)(fl 0x00)(ty   20)(scl   2) (nx 1) 0x0000000000017770 AsciiPrint
AUX tagndx 0 ttlsiz 0xb6 lnnos 0 next 0
[567](sec  1)(fl 0x00)(ty   20)(scl   2) (nx 1) 0x000000000001bb00 LibLocateHandle
AUX tagndx 0 ttlsiz 0xbb lnnos 0 next 0
[569](sec  1)(fl 0x00)(ty   20)(scl   2) (nx 1) 0x000000000001388a __strlen
AUX tagndx 0 ttlsiz 0x21 lnnos 0 next 0
[571](sec  1)(fl 0x00)(ty   20)(scl   2) (nx 1) 0x000000000001c1c0 LibInstallProtocolInterfaces
AUX tagndx 0 ttlsiz 0x1b3 lnnos 0 next 0
[573](sec  1)(fl 0x00)(ty   20)(scl   2) (nx 1) 0x0000000000000c8d __ffindh
AUX tagndx 0 ttlsiz 0x10 lnnos 0 next 0
[575](sec  1)(fl 0x00)(ty   20)(scl   2) (nx 1) 0x0000000000007b8d blake2b
AUX tagndx 0 ttlsiz 0x109 lnnos 0 next 0
[577](sec  1)(fl 0x00)(ty   20)(scl   2) (nx 1) 0x0000000000013518 __calloc_
AUX tagndx 0 ttlsiz 0x7c lnnos 0 next 0
[579](sec  1)(fl 0x00)(ty   20)(scl   2) (nx 1) 0x0000000000000fe6 _fseek
AUX tagndx 0 ttlsiz 0x2b lnnos 0 next 0
[581](sec  1)(fl 0x00)(ty   20)(scl   2) (nx 1) 0x00000000000159d0 SetMem
AUX tagndx 0 ttlsiz 0xd lnnos 0 next 0
[583](sec  1)(fl 0x00)(ty   20)(scl   2) (nx 1) 0x00000000000156a0 EFIDebugVariable
AUX tagndx 0 ttlsiz 0x53 lnnos 0 next 0
[585](sec  1)(fl 0x00)(ty   20)(scl   2) (nx 1) 0x0000000000016270 StrCmp
AUX tagndx 0 ttlsiz 0x9 lnnos 0 next 0
[587](sec  1)(fl 0x00)(ty   20)(scl   2) (nx 1) 0x0000000000016890 RtSetMem
AUX tagndx 0 ttlsiz 0x38 lnnos 0 next 0
[589](sec  1)(fl 0x00)(ty   20)(scl   2) (nx 1) 0x0000000000000cfd __ffind
AUX tagndx 0 ttlsiz 0x10 lnnos 0 next 0
[591](sec  1)(fl 0x00)(ty   20)(scl   2) (nx 1) 0x000000000001c450 LibReinstallProtocolInterfaces
AUX tagndx 0 ttlsiz 0x1da lnnos 0 next 0
[593](sec  1)(fl 0x00)(ty   20)(scl   2) (nx 1) 0x0000000000000bf7 __ffindhi
AUX tagndx 0 ttlsiz 0x96 lnnos 0 next 0
[595](sec  1)(fl 0x00)(ty   20)(scl   2) (nx 1) 0x0000000000003963 __ftest
AUX tagndx 0 ttlsiz 0x1f0 lnnos 0 next 0
[597](sec  1)(fl 0x00)(ty   20)(scl   2) (nx 1) 0x0000000000016850 RtZeroMem
AUX tagndx 0 ttlsiz 0x32 lnnos 0 next 0
[599](sec  1)(fl 0x00)(ty   20)(scl   2) (nx 1) 0x0000000000000c9d __ffremoveh
AUX tagndx 0 ttlsiz 0x38 lnnos 0 next 0
[601](sec  1)(fl 0x00)(ty   20)(scl   2) (nx 1) 0x0000000000016430 StrnCat
AUX tagndx 0 ttlsiz 0x9 lnnos 0 next 0
[603](sec  1)(fl 0x00)(ty   20)(scl   2) (nx 1) 0x0000000000016950 RtCopyMemC
AUX tagndx 0 ttlsiz 0x9 lnnos 0 next 0
[605](sec  1)(fl 0x00)(ty   20)(scl   2) (nx 1) 0x0000000000011d2d __froot_sckclose
AUX tagndx 0 ttlsiz 0x153 lnnos 0 next 0
[607](sec  1)(fl 0x00)(ty   20)(scl   2) (nx 1) 0x0000000000017570 PrintAt
AUX tagndx 0 ttlsiz 0xa2 lnnos 0 next 0
[609](sec  1)(fl 0x00)(ty   20)(scl   2) (nx 1) 0x00000000000007ee queryfs
AUX tagndx 0 ttlsiz 0x111 lnnos 0 next 0
[611](sec  1)(fl 0x00)(ty   20)(scl   2) (nx 1) 0x00000000000163f0 StrnCpy
AUX tagndx 0 ttlsiz 0x9 lnnos 0 next 0
[613](sec  1)(fl 0x00)(ty   20)(scl   2) (nx 1) 0x0000000000000292 loadpart
AUX tagndx 0 ttlsiz 0x23b lnnos 0 next 0
[615](sec  1)(fl 0x00)(ty   20)(scl   2) (nx 1) 0x0000000000000f8b _fseeko
AUX tagndx 0 ttlsiz 0x5b lnnos 0 next 0
[617](sec  1)(fl 0x00)(ty   20)(scl   2) (nx 1) 0x000000000000d2f2 GetAtRVAFromSectionDataPe
AUX tagndx 0 ttlsiz 0x42 lnnos 0 next 0
[619](sec  1)(fl 0x00)(ty   20)(scl   2) (nx 1) 0x0000000000019d30 _IPrint
AUX tagndx 0 ttlsiz 0xf1 lnnos 0 next 0
[621](sec  1)(fl 0x00)(ty   20)(scl   2) (nx 1) 0x000000000000243c __fdirrefresh
AUX tagndx 0 ttlsiz 0x1dd lnnos 0 next 0
[623](sec  1)(fl 0x00)(ty   20)(scl   2) (nx 1) 0x00000000000129a4 __fhandle_sckclose
AUX tagndx 0 ttlsiz 0xdb lnnos 0 next 0
[625](sec  1)(fl 0x00)(ty   20)(scl   2) (nx 1) 0x0000000000016cf0 RtStrSize
AUX tagndx 0 ttlsiz 0x2e lnnos 0 next 0
[627](sec  1)(fl 0x00)(ty   20)(scl   2) (nx 1) 0x0000000000015bf0 LibGetVariableAndSize
AUX tagndx 0 ttlsiz 0xdd lnnos 0 next 0
[629](sec  1)(fl 0x00)(ty   20)(scl   2) (nx 1) 0x0000000000016d40 RtDecimaltoBCD
AUX tagndx 0 ttlsiz 0x27 lnnos 0 next 0
[631](sec  1)(fl 0x00)(ty   20)(scl   2) (nx 1) 0x0000000000000cd5 __ffindi
AUX tagndx 0 ttlsiz 0x28 lnnos 0 next 0
[633](sec  1)(fl 0x00)(ty   20)(scl   2) (nx 1) 0x000000000000df93 PeSectionCharacteristicsToString
AUX tagndx 0 ttlsiz 0x8fe lnnos 0 next 0
[635](sec  1)(fl 0x00)(ty   20)(scl   2) (nx 1) 0x0000000000002d87 floadh
AUX tagndx 0 ttlsiz 0x11e lnnos 0 next 0
[637](sec  1)(fl 0x00)(ty   20)(scl   2) (nx 1) 0x0000000000019c90 UnicodeVSPrint
AUX tagndx 0 ttlsiz 0x46 lnnos 0 next 0
[639](sec  1)(fl 0x00)(ty   20)(scl   2) (nx 1) 0x0000000000007e55 blake2bp_init
AUX tagndx 0 ttlsiz 0xc9 lnnos 0 next 0
[641](sec  1)(fl 0x00)(ty   20)(scl   2) (nx 1) 0x00000000000163c0 StrUpr
AUX tagndx 0 ttlsiz 0x1d lnnos 0 next 0
[643](sec  1)(fl 0x00)(ty   20)(scl   2) (nx 1) 0x0000000000019e60 AsciiVSPrint
AUX tagndx 0 ttlsiz 0xdb lnnos 0 next 0
[645](sec  1)(fl 0x00)(ty   20)(scl   2) (nx 1) 0x0000000000015490 InitializeGuid
AUX tagndx 0 ttlsiz 0x5 lnnos 0 next 0
[647](sec  1)(fl 0x00)(ty   20)(scl   2) (nx 1) 0x000000000001a1c0 Input
AUX tagndx 0 ttlsiz 0x24 lnnos 0 next 0
[649](sec  1)(fl 0x00)(ty   20)(scl   2) (nx 1) 0x00000000000133fb isdigit
AUX tagndx 0 ttlsiz 0xb lnnos 0 next 0
[651](sec  1)(fl 0x00)(ty   20)(scl   2) (nx 1) 0x00000000000008ff queryparttablefs
AUX tagndx 0 ttlsiz 0x168 lnnos 0 next 0
[653](sec  1)(fl 0x00)(ty   20)(scl   2) (nx 1) 0x0000000000011c94 __froot_sckread
AUX tagndx 0 ttlsiz 0x50 lnnos 0 next 0
[655](sec  1)(fl 0x00)(ty   20)(scl   2) (nx 1) 0x0000000000011308 BltFrame
AUX tagndx 0 ttlsiz 0xa4 lnnos 0 next 0
[657](sec  1)(fl 0x00)(ty   20)(scl   2) (nx 1) 0x00000000000161a0 LibGetUiString
AUX tagndx 0 ttlsiz 0xc7 lnnos 0 next 0
[659](sec  1)(fl 0x00)(ty   20)(scl   2) (nx 1) 0x0000000000013e3e __memcmp
AUX tagndx 0 ttlsiz 0x79 lnnos 0 next 0
[661](sec  1)(fl 0x00)(ty   20)(scl   2) (nx 1) 0x00000000000172d0 AsciiSPrint
AUX tagndx 0 ttlsiz 0x8e lnnos 0 next 0
[663](sec  1)(fl 0x00)(ty   20)(scl   2) (nx 1) 0x0000000000013fde ValidateImageHandle
AUX tagndx 0 ttlsiz 0x54 lnnos 0 next 0
[665](sec  1)(fl 0x00)(ty   20)(scl   2) (nx 1) 0x0000000000016a30 RtStrCpy
AUX tagndx 0 ttlsiz 0x29 lnnos 0 next 0
[667](sec  1)(fl 0x00)(ty   20)(scl   2) (nx 1) 0x0000000000014ecb GetMemoryMap
AUX tagndx 0 ttlsiz 0x220 lnnos 0 next 0
[669](sec  1)(fl 0x00)(ty   20)(scl   2) (nx 1) 0x0000000000004371 readblocks
AUX tagndx 0 ttlsiz 0x1e4 lnnos 0 next 0
[671](sec  1)(fl 0x00)(ty   20)(scl   2) (nx 1) 0x000000000001c130 LibFileSystemVolumeLabelInfo
AUX tagndx 0 ttlsiz 0x84 lnnos 0 next 0
[673](sec  1)(fl 0x00)(ty   20)(scl   2) (nx 1) 0x000000000000bd0f blake2xs
AUX tagndx 0 ttlsiz 0xcc lnnos 0 next 0
[675](sec  1)(fl 0x00)(ty   20)(scl   2) (nx 1) 0x0000000000000f0e __dsize
AUX tagndx 0 ttlsiz 0x7d lnnos 0 next 0
[677](sec  1)(fl 0x00)(ty   20)(scl   2) (nx 1) 0x000000000000bae6 blake2xs_init
AUX tagndx 0 ttlsiz 0x15 lnnos 0 next 0
[679](sec  1)(fl 0x00)(ty   20)(scl   2) (nx 1) 0x0000000000007a50 blake2b_final
AUX tagndx 0 ttlsiz 0x13d lnnos 0 next 0
[681](sec  1)(fl 0x00)(ty   20)(scl   2) (nx 1) 0x0000000000019c20 _PoolCatPrint
AUX tagndx 0 ttlsiz 0x6b lnnos 0 next 0
[683](sec  1)(fl 0x00)(ty   20)(scl   2) (nx 1) 0x000000000000ae43 blake2sp_init_key
AUX tagndx 0 ttlsiz 0x16b lnnos 0 next 0
[685](sec  1)(fl 0x00)(ty   20)(scl   2) (nx 1) 0x0000000000016a60 RtStrnCpy
AUX tagndx 0 ttlsiz 0x77 lnnos 0 next 0
[687](sec  1)(fl 0x00)(ty   20)(scl   2) (nx 1) 0x0000000000016bf0 RtStrnCat
AUX tagndx 0 ttlsiz 0x88 lnnos 0 next 0
[689](sec  1)(fl 0x00)(ty   20)(scl   2) (nx 1) 0x0000000000010540 GetGIFFrame
AUX tagndx 0 ttlsiz 0x58f lnnos 0 next 0
[691](sec  1)(fl 0x00)(ty   20)(scl   2) (nx 1) 0x000000000000412a setblocksize
AUX tagndx 0 ttlsiz 0x20 lnnos 0 next 0
[693](sec  1)(fl 0x00)(ty   20)(scl   2) (nx 1) 0x00000000000078d8 blake2b_init_key
AUX tagndx 0 ttlsiz 0x178 lnnos 0 next 0
[695](sec  1)(fl 0x00)(ty   20)(scl   2) (nx 1) 0x0000000000015cf0 LibDeleteVariable
AUX tagndx 0 ttlsiz 0x70 lnnos 0 next 0
[697](sec  1)(fl 0x00)(ty   20)(scl   2) (nx 1) 0x0000000000016100 LibGetSystemConfigurationTable
AUX tagndx 0 ttlsiz 0xa0 lnnos 0 next 0
[699](sec  1)(fl 0x00)(ty   20)(scl   2) (nx 1) 0x000000000001a0f0 IInput
AUX tagndx 0 ttlsiz 0xce lnnos 0 next 0
[701](sec  1)(fl 0x00)(ty   20)(scl   2) (nx 1) 0x00000000000158c0 AllocateZeroPool
AUX tagndx 0 ttlsiz 0x4b lnnos 0 next 0
[703](sec  1)(fl 0x00)(ty   20)(scl   2) (nx 1) 0x0000000000000bd2 __ffremovel
AUX tagndx 0 ttlsiz 0x25 lnnos 0 next 0
[705](sec  1)(fl 0x00)(ty   20)(scl   2) (nx 1) 0x0000000000016380 StriCmp
AUX tagndx 0 ttlsiz 0x1f lnnos 0 next 0
[707](sec  1)(fl 0x00)(ty   20)(scl   2) (nx 1) 0x0000000000015f30 ValidMBR
AUX tagndx 0 ttlsiz 0x1a1 lnnos 0 next 0
[709](sec  1)(fl 0x00)(ty   20)(scl   2) (nx 1) 0x0000000000013b1a __getfcode
AUX tagndx 0 ttlsiz 0x11c lnnos 0 next 0
[711](sec  1)(fl 0x00)(ty   20)(scl   2) (nx 1) 0x0000000000017830 ValueToHex
AUX tagndx 0 ttlsiz 0x17 lnnos 0 next 0
[713](sec  1)(fl 0x00)(ty   20)(scl   2) (nx 1) 0x00000000000154c0 GuidToString
AUX tagndx 0 ttlsiz 0xeb lnnos 0 next 0
[715](sec  1)(fl 0x00)(ty   20)(scl   2) (nx 1) 0x000000000001b150 DuplicateDevicePath
AUX tagndx 0 ttlsiz 0x60 lnnos 0 next 0
[717](sec  1)(fl 0x00)(ty   20)(scl   2) (nx 1) 0x000000000000b954 blake2xs_init_key
AUX tagndx 0 ttlsiz 0x192 lnnos 0 next 0
[719](sec  1)(fl 0x00)(ty   20)(scl   2) (nx 1) 0x000000000001b8b0 StatusToString
AUX tagndx 0 ttlsiz 0x50 lnnos 0 next 0
[721](sec  1)(fl 0x00)(ty   20)(scl   2) (nx 1) 0x0000000000002f14 _dreadinfo
AUX tagndx 0 ttlsiz 0x12 lnnos 0 next 0
[723](sec  1)(fl 0x00)(ty   20)(scl   2) (nx 1) 0x000000000000bafb blake2xs_update
AUX tagndx 0 ttlsiz 0xb lnnos 0 next 0
[725](sec  1)(fl 0x00)(ty   20)(scl   2) (nx 1) 0x0000000000015880 AllocatePool
AUX tagndx 0 ttlsiz 0x34 lnnos 0 next 0
[727](sec  1)(fl 0x00)(ty   20)(scl   2) (nx 1) 0x00000000000163e0 StrCpy
AUX tagndx 0 ttlsiz 0x9 lnnos 0 next 0
[729](sec  1)(fl 0x00)(ty   20)(scl   2) (nx 1) 0x0000000000019e30 VPrint
AUX tagndx 0 ttlsiz 0x2b lnnos 0 next 0
[731](sec  1)(fl 0x00)(ty   20)(scl   2) (nx 1) 0x000000000001b680 DevicePathToStr
AUX tagndx 0 ttlsiz 0x13d lnnos 0 next 0
[733](sec  1)(fl 0x00)(ty   20)(scl   2) (nx 1) 0x00000000000049c2 dispose
AUX tagndx 0 ttlsiz 0x69 lnnos 0 next 0
[735](sec  1)(fl 0x00)(ty   20)(scl   2) (nx 1) 0x00000000000155b0 InitializeUnicodeSupport
AUX tagndx 0 ttlsiz 0xed lnnos 0 next 0
[737](sec  1)(fl 0x00)(ty   20)(scl   2) (nx 1) 0x00000000000164c0 AsciiStrLen
AUX tagndx 0 ttlsiz 0x21 lnnos 0 next 0
[739](sec  1)(fl 0x00)(ty   20)(scl   2) (nx 1) 0x00000000000081e6 blake2bp_final
AUX tagndx 0 ttlsiz 0x103 lnnos 0 next 0
[741](sec  1)(fl 0x00)(ty   20)(scl   2) (nx 1) 0x0000000000001011 __dirr_init
AUX tagndx 0 ttlsiz 0x170 lnnos 0 next 0
[743](sec  1)(fl 0x00)(ty   20)(scl   2) (nx 1) 0x000000000001306d __froot_sckopen
AUX tagndx 0 ttlsiz 0x1e1 lnnos 0 next 0
[745](sec  1)(fl 0x00)(ty   20)(scl   2) (nx 1) 0x000000000001b3a0 FileDevicePath
AUX tagndx 0 ttlsiz 0xb0 lnnos 0 next 0
[747](sec  1)(fl 0x00)(ty   20)(scl   2) (nx 1) 0x00000000000150eb gatherbootinfo
AUX tagndx 0 ttlsiz 0x223 lnnos 0 next 0
[749](sec  1)(fl 0x00)(ty   20)(scl   2) (nx 1) 0x00000000000149c6 CreateBootEntry
AUX tagndx 0 ttlsiz 0x299 lnnos 0 next 0
[751](sec  1)(fl 0x00)(ty   20)(scl   2) (nx 1) 0x0000000000014032 IsPartition
AUX tagndx 0 ttlsiz 0x48 lnnos 0 next 0
[753](sec  1)(fl 0x00)(ty   20)(scl   2) (nx 1) 0x000000000001b1b0 AppendDevicePath
AUX tagndx 0 ttlsiz 0x16d lnnos 0 next 0
[755](sec  1)(fl 0x00)(ty   20)(scl   2) (nx 1) 0x000000000001b030 DevicePathInstance
AUX tagndx 0 ttlsiz 0xa2 lnnos 0 next 0
[757](sec  1)(fl 0x00)(ty   20)(scl   2) (nx 1) 0x000000000000f094 PeDllCharacteristicsToString
AUX tagndx 0 ttlsiz 0x603 lnnos 0 next 0
[759](sec  2)(fl 0x00)(ty    0)(scl   2) (nx 0) 0x00000000000003a0 gEfiMpServicesProtocolGuid
[760](sec  2)(fl 0x00)(ty    0)(scl   2) (nx 0) 0x0000000000000e68 LibInitialized
[761](sec  2)(fl 0x00)(ty    0)(scl   2) (nx 0) 0x0000000000000410 gEfiPlatformDriverOverrideProtocolGuid
[762](sec  2)(fl 0x00)(ty    0)(scl   2) (nx 0) 0x0000000000000e70 GuidList
[763](sec  2)(fl 0x00)(ty    0)(scl   2) (nx 0) 0x0000000000000470 gEfiPciIoProtocolGuid
[764](sec  2)(fl 0x00)(ty    0)(scl   2) (nx 0) 0x0000000000000170 gEfiDebugSupportProtocolGuid
[765](sec  2)(fl 0x00)(ty    0)(scl   2) (nx 0) 0x0000000000000340 ErrorOutSpliterProtocol
[766](sec  2)(fl 0x00)(ty    0)(scl   2) (nx 0) 0x0000000000000610 EndInstanceDevicePath
[767](sec  2)(fl 0x00)(ty    0)(scl   2) (nx 0) 0x0000000000000200 Ip4ServiceBindingProtocol
[768](sec  2)(fl 0x00)(ty    0)(scl   2) (nx 0) 0x0000000000000e58 ST
[769](sec  1)(fl 0x00)(ty    0)(scl   2) (nx 0) 0x0000000000019ff0 efi_call8
[770](sec  1)(fl 0x00)(ty    0)(scl   2) (nx 0) 0x0000000000019f3b efi_call0
[771](sec  1)(fl 0x00)(ty    0)(scl   2) (nx 0) 0x000000000001a068 efi_call10
[772](sec  2)(fl 0x00)(ty    0)(scl   2) (nx 0) 0x0000000000000e90 LibRuntimeDebugOut
[773](sec  2)(fl 0x00)(ty    0)(scl   2) (nx 0) 0x0000000000000350 TextOutSpliterProtocol
[774](sec  4)(fl 0x00)(ty    0)(scl   2) (nx 0) 0x0000000000000000 _DYNAMIC
[775](sec  2)(fl 0x00)(ty    0)(scl   2) (nx 0) 0x0000000000000450 gEfiDriverBindingProtocolGuid
[776](sec  2)(fl 0x00)(ty    0)(scl   2) (nx 0) 0x0000000000000150 ShellProtocolGuid
[777](sec  2)(fl 0x00)(ty    0)(scl   2) (nx 0) 0x0000000000000190 AbsolutePointerProtocol
[778](sec  1)(fl 0x00)(ty    0)(scl   2) (nx 0) 0x000000000001c730 _etext
[779](sec  2)(fl 0x00)(ty    0)(scl   2) (nx 0) 0x00000000000003f0 gEfiDriverFamilyOverrideProtocolGuid
[780](sec  2)(fl 0x00)(ty    0)(scl   2) (nx 0) 0x0000000000000430 gEfiComponentName2ProtocolGuid
[781](sec  2)(fl 0x00)(ty    0)(scl   2) (nx 0) 0x00000000000001f0 Ip4Protocol
[782](sec  2)(fl 0x00)(ty    0)(scl   2) (nx 0) 0x00000000000003d0 gEfiFileInfoGuid
[783](sec  2)(fl 0x00)(ty    0)(scl   2) (nx 0) 0x00000000000001b0 Tcp4Protocol
[784](sec  2)(fl 0x00)(ty    0)(scl   2) (nx 0) 0x0000000000000e88 LibRuntimeRaiseTPL
[785](sec  2)(fl 0x00)(ty    0)(scl   2) (nx 0) 0x0000000000000620 UnicodeInterface
[786](sec  2)(fl 0x00)(ty    0)(scl   2) (nx 0) 0x00000000000001a0 SimplePointerProtocol
[787](sec  2)(fl 0x00)(ty    0)(scl   2) (nx 0) 0x0000000000000e20 __DTOR_END__
[788](sec  2)(fl 0x00)(ty    0)(scl   2) (nx 0) 0x0000000000000e20 __fini_array_end
[789](sec  2)(fl 0x00)(ty    0)(scl   2) (nx 0) 0x0000000000000480 gEFiUiInterfaceProtocolGuid
[790](sec  2)(fl 0x00)(ty    0)(scl   2) (nx 0) 0x0000000000000e40 gZeroGuid
[791](sec  2)(fl 0x00)(ty    0)(scl   2) (nx 0) 0x0000000000000618 RootDevicePath
[792](sec  2)(fl 0x00)(ty    0)(scl   2) (nx 0) 0x0000000000000210 EfiDtbTableGuid
[793](sec  2)(fl 0x00)(ty    0)(scl   2) (nx 0) 0x00000000000004e0 gEfiUnicodeCollationProtocolGuid
[794](sec  2)(fl 0x00)(ty    0)(scl   2) (nx 0) 0x0000000000000540 gEfiDxeServicesTableGuid
[795](sec  1)(fl 0x00)(ty    0)(scl   2) (nx 0) 0x0000000000019f54 efi_call2
[796](sec  2)(fl 0x00)(ty    0)(scl   2) (nx 0) 0x0000000000000570 gEfiBlockIo2ProtocolGuid
[797](sec  2)(fl 0x00)(ty    0)(scl   2) (nx 0) 0x0000000000000370 LegacyBootProtocol
[798](sec  2)(fl 0x00)(ty    0)(scl   2) (nx 0) 0x0000000000000250 AcpiTableGuid
[799](sec  2)(fl 0x00)(ty    0)(scl   2) (nx 0) 0x0000000000000310 gEfiEdidDiscoveredProtocolGuid
[800](sec  2)(fl 0x00)(ty    0)(scl   2) (nx 0) 0x0000000000000490 gEfiNetworkInterfaceIdentifierProtocolGuid
[801](sec  2)(fl 0x00)(ty    0)(scl   2) (nx 0) 0x0000000000000614 EndDevicePath
[802](sec  2)(fl 0x00)(ty    0)(scl   2) (nx 0) 0x0000000000000380 VariableStoreProtocol
[803](sec  2)(fl 0x00)(ty    0)(scl   2) (nx 0) 0x0000000000000b80 ErrorCodeTable
[804](sec  2)(fl 0x00)(ty    0)(scl   2) (nx 0) 0x00000000000004f0 gEfiDeviceIoProtocolGuid
[805](sec  2)(fl 0x00)(ty    0)(scl   2) (nx 0) 0x0000000000000560 gEfiDiskIoProtocolGuid
[806](sec  2)(fl 0x00)(ty    0)(scl   2) (nx 0) 0x00000000000009a0 EFIDebug
[807](sec  2)(fl 0x00)(ty    0)(scl   2) (nx 0) 0x0000000000000160 SimpleTextInputExProtocol
[808](sec  2)(fl 0x00)(ty    0)(scl   2) (nx 0) 0x00000000000002b0 gEfiVT100PlusGuid
[809](sec  2)(fl 0x00)(ty    0)(scl   2) (nx 0) 0x0000000000000530 gEfiSimpleFileSystemProtocolGuid
[810](sec  2)(fl 0x00)(ty    0)(scl   2) (nx 0) 0x00000000000005c0 gEfiDevicePathUtilitiesProtocolGuid
[811](sec  2)(fl 0x00)(ty    0)(scl   2) (nx 0) 0x00000000000002c0 gEfiVT100Guid
[812](sec  2)(fl 0x00)(ty    0)(scl   2) (nx 0) 0x0000000000000600 gEfiGlobalVariableGuid
[813](sec  2)(fl 0x00)(ty    0)(scl   2) (nx 0) 0x0000000000000e20 __CTOR_LIST__
[814](sec  2)(fl 0x00)(ty    0)(scl   2) (nx 0) 0x0000000000000420 gEfiHashProtocolGuid
[815](sec  2)(fl 0x00)(ty    0)(scl   2) (nx 0) 0x00000000000003c0 gEfiFileSystemInfoGuid
[816](sec  2)(fl 0x00)(ty    0)(scl   2) (nx 0) 0x0000000000000180 gEfiDebugImageInfoTableGuid
[817](sec  2)(fl 0x00)(ty    0)(scl   2) (nx 0) 0x00000000000005b0 gEfiLoadedImageProtocolGuid
[818](sec  2)(fl 0x00)(ty    0)(scl   2) (nx 0) 0x00000000000002a0 gEfiVTUTF8Guid
[819](sec  2)(fl 0x00)(ty    0)(scl   2) (nx 0) 0x00000000000003b0 gEfiFileSystemVolumeLabelInfoIdGuid
[820](sec  1)(fl 0x00)(ty    0)(scl   2) (nx 0) 0x0000000000019fc3 efi_call7
[821](sec  2)(fl 0x00)(ty    0)(scl   2) (nx 0) 0x00000000000002d0 gEfiPcAnsiGuid
[822](sec  2)(fl 0x00)(ty    0)(scl   2) (nx 0) 0x00000000000004b0 gEfiPxeBaseCodeProtocolGuid
[823](sec  1)(fl 0x00)(ty    0)(scl   2) (nx 0) 0x0000000000000000 _text
[824](sec  2)(fl 0x00)(ty    0)(scl   2) (nx 0) 0x0000000000000e20 __fini_array_start
[825](sec  2)(fl 0x00)(ty    0)(scl   2) (nx 0) 0x00000000000005a0 gEfiSimpleTextInProtocolGuid
[826](sec  2)(fl 0x00)(ty    0)(scl   2) (nx 0) 0x00000000000001e0 Udp4ServiceBindingProtocol
[827](sec  2)(fl 0x00)(ty    0)(scl   2) (nx 0) 0x0000000000000580 gEfiBlockIoProtocolGuid
[828](sec  2)(fl 0x00)(ty    0)(scl   2) (nx 0) 0x00000000000002f0 gEfiEdidOverrideProtocolGuid
[829](sec  2)(fl 0x00)(ty    0)(scl   2) (nx 0) 0x0000000000000640 LibStubUnicodeInterface
[830](sec  2)(fl 0x00)(ty    0)(scl   2) (nx 0) 0x00000000000003e0 gEfiEbcProtocolGuid
[831](sec  2)(fl 0x00)(ty    0)(scl   2) (nx 0) 0x0000000000000e20 __init_array_end
[832](sec  2)(fl 0x00)(ty    0)(scl   2) (nx 0) 0x0000000000000e50 BS
[833](sec  2)(fl 0x00)(ty    0)(scl   2) (nx 0) 0x0000000000000260 MpsTableGuid
[834](sec  2)(fl 0x00)(ty    0)(scl   2) (nx 0) 0x0000000000000300 gEfiEdidActiveProtocolGuid
[835](sec  1)(fl 0x00)(ty    0)(scl   2) (nx 0) 0x0000000000019f87 efi_call5
[836](sec  2)(fl 0x00)(ty    0)(scl   2) (nx 0) 0x00000000000005e0 gEfiDevicePathToTextProtocolGuid
[837](sec  2)(fl 0x00)(ty    0)(scl   2) (nx 0) 0x0000000000000330 TextInSpliterProtocol
[838](sec  2)(fl 0x00)(ty    0)(scl   2) (nx 0) 0x0000000000000e20 __CTOR_END__
[839](sec  1)(fl 0x00)(ty    0)(scl   2) (nx 0) 0x0000000000019f62 efi_call3
[840](sec  1)(fl 0x00)(ty    0)(scl   2) (nx 0) 0x0000000000019fa0 efi_call6
[841](sec  2)(fl 0x00)(ty    0)(scl   2) (nx 0) 0x0000000000000e20 __DTOR_LIST__
[842](sec  2)(fl 0x00)(ty    0)(scl   2) (nx 0) 0x000000000000061c PoolAllocationType
[843](sec  2)(fl 0x00)(ty    0)(scl   2) (nx 0) 0x00000000000004d0 gEfiSerialIoProtocolGuid
[844](sec  2)(fl 0x00)(ty    0)(scl   2) (nx 0) 0x0000000000000220 SalSystemTableGuid
[845](sec  2)(fl 0x00)(ty    0)(scl   2) (nx 0) 0x0000000000000510 gEfiLoadFileProtocolGuid
[846](sec  2)(fl 0x00)(ty    0)(scl   2) (nx 0) 0x00000000000004a0 gEfiPxeBaseCodeCallbackProtocolGuid
[847](sec  2)(fl 0x00)(ty    0)(scl   2) (nx 0) 0x0000000000000400 gEfiBusSpecificDriverOverrideProtocolGuid
[848](sec  2)(fl 0x00)(ty    0)(scl   2) (nx 0) 0x00000000000001d0 Udp4Protocol
[849](sec  2)(fl 0x00)(ty    0)(scl   2) (nx 0) 0x0000000000000240 gEfiSmbiosTableGuid
[850](sec  2)(fl 0x00)(ty    0)(scl   2) (nx 0) 0x0000000000000140 ShellParametersProtocolGuid
[851](sec  2)(fl 0x00)(ty    0)(scl   2) (nx 0) 0x0000000000000e98 LibFwInstance
[852](sec  2)(fl 0x00)(ty    0)(scl   2) (nx 0) 0x0000000000000000 _data
[853](sec  2)(fl 0x00)(ty    0)(scl   2) (nx 0) 0x0000000000000440 gEfiComponentNameProtocolGuid
[854](sec  2)(fl 0x00)(ty    0)(scl   2) (nx 0) 0x0000000000000130 ShellDynamicCommandProtocolGuid
[855](sec  2)(fl 0x00)(ty    0)(scl   2) (nx 0) 0x00000000000005f0 gEfiDevicePathProtocolGuid
[856](sec  2)(fl 0x00)(ty    0)(scl   2) (nx 0) 0x00000000000005d0 gEfiDevicePathFromTextProtocolGuid
[857](sec  2)(fl 0x00)(ty    0)(scl   2) (nx 0) 0x0000000000000500 gEfiLoadFile2ProtocolGuid
[858](sec  1)(fl 0x00)(ty    0)(scl   2) (nx 0) 0x000000000001a027 efi_call9
[859](sec  2)(fl 0x00)(ty    0)(scl   2) (nx 0) 0x0000000000000ea0 RT
[860](sec  2)(fl 0x00)(ty    0)(scl   2) (nx 0) 0x0000000000000230 gEfiSmbios3TableGuid
[861](sec  2)(fl 0x00)(ty    0)(scl   2) (nx 0) 0x0000000000000460 gEfiPciRootBridgeIoProtocolGuid
[862](sec  2)(fl 0x00)(ty    0)(scl   2) (nx 0) 0x0000000000000ea8 _edata
[863](sec  2)(fl 0x00)(ty    0)(scl   2) (nx 0) 0x00000000000002e0 AdapterDebugProtocol
[864](sec  2)(fl 0x00)(ty    0)(scl   2) (nx 0) 0x0000000000000e80 LibRuntimeRestoreTPL
[865](sec  2)(fl 0x00)(ty    0)(scl   2) (nx 0) 0x00000000000004c0 gEfiSimpleNetworkProtocolGuid
[866](sec  2)(fl 0x00)(ty    0)(scl   2) (nx 0) 0x0000000000000280 EfiPartTypeLegacyMbrGuid
[867](sec  2)(fl 0x00)(ty    0)(scl   2) (nx 0) 0x0000000000000520 gEfiLoadedImageDevicePathProtocolGuid
[868](sec  2)(fl 0x00)(ty    0)(scl   2) (nx 0) 0x0000000000000e60 LibImageHandle
[869](sec  2)(fl 0x00)(ty    0)(scl   2) (nx 0) 0x0000000000000360 VgaClassProtocol
[870](sec  2)(fl 0x00)(ty    0)(scl   2) (nx 0) 0x0000000000000550 gEfiDiskIo2ProtocolGuid
[871](sec  2)(fl 0x00)(ty    0)(scl   2) (nx 0) 0x0000000000000e20 __init_array_start
[872](sec  2)(fl 0x00)(ty    0)(scl   2) (nx 0) 0x0000000000000320 gEfiGraphicsOutputProtocolGuid
[873](sec  2)(fl 0x00)(ty    0)(scl   2) (nx 0) 0x00000000000001c0 Tcp4ServiceBindingProtocol
[874](sec  1)(fl 0x00)(ty    0)(scl   2) (nx 0) 0x0000000000019f46 efi_call1
[875](sec  1)(fl 0x00)(ty    0)(scl   2) (nx 0) 0x0000000000019f73 efi_call4
[876](sec  2)(fl 0x00)(ty    0)(scl   2) (nx 0) 0x0000000000000590 gEfiSimpleTextOutProtocolGuid
[877](sec  2)(fl 0x00)(ty    0)(scl   2) (nx 0) 0x00000000000009c0 DevPathTable
[878](sec  2)(fl 0x00)(ty    0)(scl   2) (nx 0) 0x0000000000000290 EfiPartTypeSystemPartitionGuid
[879](sec  2)(fl 0x00)(ty    0)(scl   2) (nx 0) 0x0000000000000270 UnknownDevice
[880](sec  2)(fl 0x00)(ty    0)(scl   2) (nx 0) 0x0000000000000390 InternalShellProtocol


