Initializing CGCC.MAKE build process...
Skipping C:\GitHub\BlockyOS\src\kernel\services\IO\IO.c - up to date; source=2026-10-04T14:01:25.9630103Z, stored=10/04/2026 14:01:25
Stale source detected for C:\GitHub\BlockyOS\Build\Build-nodate\root-part\LibCrt.dll. source=2026-10-06T23:31:00.9415368Z, stored=10/06/2026 23:25:03, delta=+10199157.942 sec
Compiled and updated timestamp for C:\GitHub\BlockyOS\Build\Build-nodate\root-part\LibCrt.dll
Skipping C:\GitHub\BlockyOS\src\kernel\services\IO\IO.def - up to date; source=2026-09-16T21:00:02.8766014Z, stored=09/16/2026 21:00:02
gcc compile/cache/elf.c.IO.o Build/Build-nodate/root-part/LibCrt.dll src/kernel/services/IO/IO.def -Wl,-nostdlib -Wl,--section-alignment,4096 -Wl,--file-alignment,4096 -Wl,--image-base,0x0 -Wl,-shared -Wl,-flinker-output=dyn -Wl,-Bsymbolic -Wl,--out-implib,C:/GitHub/BlockyOS/Build/Build-nodate/root-part/services/LibIO.dll.a -Wl,-Map,C:\GitHub\BlockyOS\Build\Build-nodate\IO.map -fdiagnostics-color=always -fno-diagnostics-show-highlight-colors -nostartfiles -nodefaultlibs -fno-asynchronous-unwind-tables -fno-unwind-tables -o C:/GitHub/BlockyOS/Build/Build-nodate/root-part/services/LibIO.dll
Build finished successfully -> C:/GitHub/BlockyOS/Build/Build-nodate/root-part/services/LibIO.dll


[SHELL]	FSFRAT.MAKE
[SHELL]	FSFRAT.MOUNT
[SHELL]	e.disk -pp C:/GitHub/BlockyOS/Build/Build-nodate/disk.img -pt ROOT -bs 2048 -lb 32 -v 1:0
[SHELL OUT]:	
[SHELL OUT]:	FSFRAT DRIVER
[SHELL OUT]:	>> 
[SHELL OUT]:	[C:\GitHub\BlockyOS\tools\filesystem\frat.c:196]  >>  Mounting FS Root: [C:/GitHub/BlockyOS/Build/Build-nodate/disk.img]
[SHELL OUT]:	Verifying Disk GPT
[SHELL OUT]:	[Parent:00007ff7eaedd8ff] >>  C:/GitHub/BlockyOS/Build/Build-nodate/disk.img  Base: 0    ConfBlockSize: 512    Starting Disk Env ID: 
[SHELL OUT]:	Reading Bytes
[SHELL OUT]:	[Parent:00007ff7eaedd91a] >> Reading [92 bytes(s)->1 block(s)] from LBA[1(512)-2(1024)]
[SHELL OUT]:	GPT Dump:
[SHELL OUT]:	    Sig: "EFI PART"
[SHELL OUT]:	    Rev: 65536
[SHELL OUT]:	    Header-Size: 92
[SHELL OUT]:	    Header Checksum: 4220209413
[SHELL OUT]:	    localLBA: 1
[SHELL OUT]:	    altLBA: 2230273
[SHELL OUT]:	    firstUsable: 2048
[SHELL OUT]:	    lastUsable: 2230271
[SHELL OUT]:	    Disk-GUID: 
[SHELL OUT]:	    Partition-Table: 2
[SHELL OUT]:	    # of Partition-Entries: 2
[SHELL OUT]:	    Partition-Entry Size: 128
[SHELL OUT]:	    Partition-Table Checksum: 896708427
[SHELL OUT]:	Closing Disk Interface >> {C:/GitHub/BlockyOS/Build/Build-nodate/disk.img}
[SHELL OUT]:	GPT Exists? true
[SHELL OUT]:	[Parent:00007ff7eaedeed9] >>  C:/GitHub/BlockyOS/Build/Build-nodate/disk.img  Base: 0    ConfBlockSize: 512    Starting Disk Env ID: 
[SHELL OUT]:	Reading Bytes
[SHELL OUT]:	[Parent:00007ff7eaedeefa] >> Reading [92 bytes(s)->1 block(s)] from LBA[1(512)-2(1024)]
[SHELL OUT]:	[C:\GitHub\BlockyOS\tools\filesystem\frat.c:137]  >>  Querying Part Table
[SHELL OUT]:	Reading Bytes
[SHELL OUT]:	[Parent:00007ff7eaede73d] >> Reading [256 bytes(s)->1 block(s)] from LBA[2(1024)-3(1536)]
[SHELL OUT]:	[C:\GitHub\BlockyOS\tools\filesystem\frat.c:145]  >>  GPT-Entry: BOOT{2048:133119 -> 131071}
[SHELL OUT]:	[C:\GitHub\BlockyOS\tools\filesystem\frat.c:159]  >>  Querying FS at 2048
[SHELL OUT]:	Reading Bytes
[SHELL OUT]:	[Parent:00007ff7eaedebe1] >> Reading [60 bytes(s)->1 block(s)] from LBA[2048(1048576)-2049(1049088)]
[SHELL OUT]:	FS-Root Blob:
[SHELL OUT]:	    Version: [0:131072]
[SHELL OUT]:	    Sig: 
[SHELL OUT]:	    Configured Log Sectors: 2
[SHELL OUT]:	    Configured Block Size: 0
[SHELL OUT]:	    Configured Cluster-Map Size: 16711743
[SHELL OUT]:	[C:\GitHub\BlockyOS\tools\filesystem\frat.c:145]  >>  GPT-Entry: ROOT{133120:2230271 -> 2097151}
[SHELL OUT]:	[C:\GitHub\BlockyOS\tools\filesystem\frat.c:159]  >>  Querying FS at 133120
[SHELL OUT]:	Reading Bytes
[SHELL OUT]:	[Parent:00007ff7eaedebe1] >> Reading [60 bytes(s)->1 block(s)] from LBA[133120(68157440)-133121(68157952)]
[SHELL OUT]:	FS-Root Blob:
[SHELL OUT]:	    Version: [0:1]
[SHELL OUT]:	    Sig: FRAT_FILESYSTEM
[SHELL OUT]:	    Configured Log Sectors: 32
[SHELL OUT]:	    Configured Block Size: 2048
[SHELL OUT]:	    Configured Cluster-Map Size: 20480
[SHELL OUT]:	[C:\GitHub\BlockyOS\tools\filesystem\frat.c:184]  >>  FS Found at [133120]:
[SHELL OUT]:		Version-Code: [0:1]
[SHELL OUT]:		Configured Block-Size: 2048
[SHELL OUT]:		Configured Cluster-Size: 20480
[SHELL OUT]:		Configured # of Log-Sectors: 32
[SHELL OUT]:		Configured Log-Size: 576
[SHELL OUT]:	[C:\GitHub\BlockyOS\tools\filesystem\frat.c:210]  >>  Found Formatted Partition: 133120:2230271 -> 2097151
[SHELL OUT]:	Reading Bytes
[SHELL OUT]:	[Parent:00007ff7eaedf05b] >> Reading [60 bytes(s)->1 block(s)] from LBA[133120(68157440)-133121(68157952)]
[SHELL OUT]:	[C:\GitHub\BlockyOS\tools\filesystem\frat.c:223]  >>  Root: 133120:2230271 -> 2097151 LBAs
[SHELL OUT]:		Version-Code: [0:1]
[SHELL OUT]:		Configured Block-Size: 2048
[SHELL OUT]:		Configured Cluster-Size: 20480
[SHELL OUT]:		Configured # of Log-Sectors: 32
[SHELL OUT]:		Configured Log-Size: 576
[SHELL OUT]:	Reading Bytes
[SHELL OUT]:	[Parent:00007ff7eaedf2a8] >> Reading [65536 bytes(s)->128 block(s)] from LBA[133121(68159488)-133249(68421632)]
[SHELL OUT]:	Reading Bytes
[SHELL OUT]:	[Parent:00007ff7eaedf354] >> Reading [20480 bytes(s)->40 block(s)] from LBA[202752(210763776)-202792(210845696)]
[SHELL OUT]:	    Verifying FS Root Items #items: 1024
[SHELL OUT]:	Reading Bytes
[SHELL OUT]:	[Parent:00007ff7eaedf5c7] >> Reading [512 bytes(s)->4 block(s)] from LBA[225280(256901120)-225284(256909312)]
[SHELL OUT]:	Reading Bytes
[SHELL OUT]:	[Parent:00007ff7eaedf5c7] >> Reading [512 bytes(s)->4 block(s)] from LBA[225281(256903168)-225285(256911360)]
[SHELL OUT]:	Reading Bytes
[SHELL OUT]:	[Parent:00007ff7eaedf5c7] >> Reading [512 bytes(s)->4 block(s)] from LBA[225404(257155072)-225408(257163264)]
[SHELL OUT]:	Reading Bytes
[SHELL OUT]:	[Parent:00007ff7eaedf5c7] >> Reading [512 bytes(s)->4 block(s)] from LBA[225439(257226752)-225443(257234944)]
[SHELL OUT]:	Reading Bytes
[SHELL OUT]:	[Parent:00007ff7eaedf5c7] >> Reading [512 bytes(s)->4 block(s)] from LBA[225457(257263616)-225461(257271808)]
[SHELL OUT]:	Reading Bytes
[SHELL OUT]:	[Parent:00007ff7eaedf5c7] >> Reading [512 bytes(s)->4 block(s)] from LBA[225484(257318912)-225488(257327104)]
[SHELL OUT]:	Closing Disk Interface >> {C:/GitHub/BlockyOS/Build/Build-nodate/disk.img}
[SHELL OUT]:	[Parent:00007ff7eaee1825] >>  C:/GitHub/BlockyOS/Build/Build-nodate/disk.img  Base: 133120    ConfBlockSize: 2048    Starting Disk Env ID: 
[SHELL OUT]:	Writing Bytes
[SHELL OUT]:	[Parent:00007ff7eaee184e] >> Writing [60 bytes(s)->4 block(s)] to LBA[133120(68157440)-133124(68165632)]
[SHELL OUT]:	Writing Bytes
[SHELL OUT]:	[Parent:00007ff7eaee1896] >> Writing [20480 bytes(s)->40 block(s)] to LBA[202752(210763776)-202792(210845696)]
[SHELL OUT]:	Closing Disk Interface >> {C:/GitHub/BlockyOS/Build/Build-nodate/disk.img}
[SHELL OUT]:	[0]: ""
[SHELL]	create -la fc -p SYSD/ -n LibIO.dll
[SHELL OUT]:	
[SHELL OUT]:	>> 
[SHELL OUT]:	>> 
[SHELL OUT]:	00000141ada074cb:fc	00000141ada074d1:SYSD/	00000141ada074da:LibIO.dll	
[SHELL OUT]:	[	SYSD/LibIO.dll]
[SHELL OUT]:	Mounting File [SYSD/LibIO.dll] with "fc"
[SHELL OUT]:	Creating File at: ./SYSD/LibIO.dll
[SHELL OUT]:	Hash: [11312233560224224738:30157078505633]
[SHELL OUT]:	Hash: [11312233560224224738:30157078505633]
[SHELL OUT]:	Un-Mounting File [11312233560224224738:30157078505633]
[SHELL OUT]:	[Parent:00007ff7eaee1825] >>  C:/GitHub/BlockyOS/Build/Build-nodate/disk.img  Base: 133120    ConfBlockSize: 2048    Starting Disk Env ID: 
[SHELL OUT]:	Writing Bytes
[SHELL OUT]:	[Parent:00007ff7eaee184e] >> Writing [60 bytes(s)->4 block(s)] to LBA[133120(68157440)-133124(68165632)]
[SHELL OUT]:	Writing Bytes
[SHELL OUT]:	[Parent:00007ff7eaee1896] >> Writing [20480 bytes(s)->40 block(s)] to LBA[202752(210763776)-202792(210845696)]
[SHELL OUT]:	Closing Disk Interface >> {C:/GitHub/BlockyOS/Build/Build-nodate/disk.img}
[SHELL OUT]:	[0]: ""
[SHELL]	FSFRAT.OPEN
[SHELL]	open -p SYSD/LibIO.dll -a IO -la f
[SHELL OUT]:	
[SHELL OUT]:	>> 
[SHELL OUT]:	>> 
[SHELL OUT]:	Mounting File [SYSD/LibIO.dll] with "f"
[SHELL OUT]:	Hash: [11312233560224224738:30157078505633]
[SHELL OUT]:	[0]: ""
[SHELL]	FSFRAT.WRITE
[SHELL]	fwrite -pp C:/GitHub/BlockyOS/Build/Build-nodate/root-part/services/LibIO.dll -ia %IO% -p 0 -n 0
[SHELL OUT]:	
[SHELL OUT]:	>> 
[SHELL OUT]:	>> 
[SHELL OUT]:	[Parent:00007ff7eaee1e11] >>  C:/GitHub/BlockyOS/Build/Build-nodate/disk.img  Base: 133120    ConfBlockSize: 2048    Starting Disk Env ID: 
[SHELL OUT]:	[Parent:00007ff7eaee1d4e] >>  C:/GitHub/BlockyOS/Build/Build-nodate/disk.img  Base: 133120    ConfBlockSize: 2048    Starting Disk Env ID: 
[SHELL OUT]:	Reading File Info
[SHELL OUT]:	Reading Bytes
[SHELL OUT]:	[Parent:00007ff7eaee1dbd] >> Reading [512 bytes(s)->4 block(s)] from LBA[225404(257155072)-225408(257163264)]
[SHELL OUT]:	Closing Disk Interface >> {C:/GitHub/BlockyOS/Build/Build-nodate/disk.img}
[SHELL OUT]:	Writing Bytes
[SHELL OUT]:	[Parent:00007ff7eaee1f0b] >> Writing [512 bytes(s)->4 block(s)] to LBA[225404(257155072)-225408(257163264)]
[SHELL OUT]:	Closing Disk Interface >> {C:/GitHub/BlockyOS/Build/Build-nodate/disk.img}
[SHELL OUT]:	Root is 00000141ada07380
[SHELL OUT]:	Writing File Block at 225405, Item: 1.	Root: [11312233560224224738:30157078505633]
[SHELL OUT]:	[Parent:00007ff7eaee1456] >>  C:/GitHub/BlockyOS/Build/Build-nodate/disk.img  Base: 133120    ConfBlockSize: 2048    Starting Disk Env ID: 
[SHELL OUT]:	Writing Bytes
[SHELL OUT]:	[Parent:00007ff7eaee1482] >> Writing [2048 bytes(s)->4 block(s)] to LBA[225405(257157120)-225409(257165312)]
[SHELL OUT]:	Closing Disk Interface >> {C:/GitHub/BlockyOS/Build/Build-nodate/disk.img}
[SHELL OUT]:	Writing File Block at 225406, Item: 2.	Root: [11312233560224224738:30157078505633]
[SHELL OUT]:	[Parent:00007ff7eaee1456] >>  C:/GitHub/BlockyOS/Build/Build-nodate/disk.img  Base: 133120    ConfBlockSize: 2048    Starting Disk Env ID: 
[SHELL OUT]:	Writing Bytes
[SHELL OUT]:	[Parent:00007ff7eaee1482] >> Writing [2048 bytes(s)->4 block(s)] to LBA[225406(257159168)-225410(257167360)]
[SHELL OUT]:	Closing Disk Interface >> {C:/GitHub/BlockyOS/Build/Build-nodate/disk.img}
[SHELL OUT]:	Writing File Block at 225407, Item: 3.	Root: [11312233560224224738:30157078505633]
[SHELL OUT]:	[Parent:00007ff7eaee1456] >>  C:/GitHub/BlockyOS/Build/Build-nodate/disk.img  Base: 133120    ConfBlockSize: 2048    Starting Disk Env ID: 
[SHELL OUT]:	Writing Bytes
[SHELL OUT]:	[Parent:00007ff7eaee1482] >> Writing [2048 bytes(s)->4 block(s)] to LBA[225407(257161216)-225411(257169408)]
[SHELL OUT]:	Closing Disk Interface >> {C:/GitHub/BlockyOS/Build/Build-nodate/disk.img}
[SHELL OUT]:	Writing File Block at 225408, Item: 4.	Root: [11312233560224224738:30157078505633]
[SHELL OUT]:	[Parent:00007ff7eaee1456] >>  C:/GitHub/BlockyOS/Build/Build-nodate/disk.img  Base: 133120    ConfBlockSize: 2048    Starting Disk Env ID: 
[SHELL OUT]:	Writing Bytes
[SHELL OUT]:	[Parent:00007ff7eaee1482] >> Writing [2048 bytes(s)->4 block(s)] to LBA[225408(257163264)-225412(257171456)]
[SHELL OUT]:	Closing Disk Interface >> {C:/GitHub/BlockyOS/Build/Build-nodate/disk.img}
[SHELL OUT]:	Writing File Block at 225409, Item: 5.	Root: [11312233560224224738:30157078505633]
[SHELL OUT]:	[Parent:00007ff7eaee1456] >>  C:/GitHub/BlockyOS/Build/Build-nodate/disk.img  Base: 133120    ConfBlockSize: 2048    Starting Disk Env ID: 
[SHELL OUT]:	Writing Bytes
[SHELL OUT]:	[Parent:00007ff7eaee1482] >> Writing [2048 bytes(s)->4 block(s)] to LBA[225409(257165312)-225413(257173504)]
[SHELL OUT]:	Closing Disk Interface >> {C:/GitHub/BlockyOS/Build/Build-nodate/disk.img}
[SHELL OUT]:	Writing File Block at 225410, Item: 6.	Root: [11312233560224224738:30157078505633]
[SHELL OUT]:	[Parent:00007ff7eaee1456] >>  C:/GitHub/BlockyOS/Build/Build-nodate/disk.img  Base: 133120    ConfBlockSize: 2048    Starting Disk Env ID: 
[SHELL OUT]:	Writing Bytes
[SHELL OUT]:	[Parent:00007ff7eaee1482] >> Writing [2048 bytes(s)->4 block(s)] to LBA[225410(257167360)-225414(257175552)]
[SHELL OUT]:	Closing Disk Interface >> {C:/GitHub/BlockyOS/Build/Build-nodate/disk.img}
[SHELL OUT]:	Writing File Block at 225411, Item: 7.	Root: [11312233560224224738:30157078505633]
[SHELL OUT]:	[Parent:00007ff7eaee1456] >>  C:/GitHub/BlockyOS/Build/Build-nodate/disk.img  Base: 133120    ConfBlockSize: 2048    Starting Disk Env ID: 
[SHELL OUT]:	Writing Bytes
[SHELL OUT]:	[Parent:00007ff7eaee1482] >> Writing [2048 bytes(s)->4 block(s)] to LBA[225411(257169408)-225415(257177600)]
[SHELL OUT]:	Closing Disk Interface >> {C:/GitHub/BlockyOS/Build/Build-nodate/disk.img}
[SHELL OUT]:	Writing File Block at 225412, Item: 8.	Root: [11312233560224224738:30157078505633]
[SHELL OUT]:	[Parent:00007ff7eaee1456] >>  C:/GitHub/BlockyOS/Build/Build-nodate/disk.img  Base: 133120    ConfBlockSize: 2048    Starting Disk Env ID: 
[SHELL OUT]:	Writing Bytes
[SHELL OUT]:	[Parent:00007ff7eaee1482] >> Writing [2048 bytes(s)->4 block(s)] to LBA[225412(257171456)-225416(257179648)]
[SHELL OUT]:	Closing Disk Interface >> {C:/GitHub/BlockyOS/Build/Build-nodate/disk.img}
[SHELL OUT]:	Writing File Block at 225413, Item: 9.	Root: [11312233560224224738:30157078505633]
[SHELL OUT]:	[Parent:00007ff7eaee1456] >>  C:/GitHub/BlockyOS/Build/Build-nodate/disk.img  Base: 133120    ConfBlockSize: 2048    Starting Disk Env ID: 
[SHELL OUT]:	Writing Bytes
[SHELL OUT]:	[Parent:00007ff7eaee1482] >> Writing [2048 bytes(s)->4 block(s)] to LBA[225413(257173504)-225417(257181696)]
[SHELL OUT]:	Closing Disk Interface >> {C:/GitHub/BlockyOS/Build/Build-nodate/disk.img}
[SHELL OUT]:	Writing File Block at 225414, Item: 10.	Root: [11312233560224224738:30157078505633]
[SHELL OUT]:	[Parent:00007ff7eaee1456] >>  C:/GitHub/BlockyOS/Build/Build-nodate/disk.img  Base: 133120    ConfBlockSize: 2048    Starting Disk Env ID: 
[SHELL OUT]:	Writing Bytes
[SHELL OUT]:	[Parent:00007ff7eaee1482] >> Writing [2048 bytes(s)->4 block(s)] to LBA[225414(257175552)-225418(257183744)]
[SHELL OUT]:	Closing Disk Interface >> {C:/GitHub/BlockyOS/Build/Build-nodate/disk.img}
[SHELL OUT]:	Writing File Block at 225415, Item: 11.	Root: [11312233560224224738:30157078505633]
[SHELL OUT]:	[Parent:00007ff7eaee1456] >>  C:/GitHub/BlockyOS/Build/Build-nodate/disk.img  Base: 133120    ConfBlockSize: 2048    Starting Disk Env ID: 
[SHELL OUT]:	Writing Bytes
[SHELL OUT]:	[Parent:00007ff7eaee1482] >> Writing [2048 bytes(s)->4 block(s)] to LBA[225415(257177600)-225419(257185792)]
[SHELL OUT]:	Closing Disk Interface >> {C:/GitHub/BlockyOS/Build/Build-nodate/disk.img}
[SHELL OUT]:	Writing File Block at 225416, Item: 12.	Root: [11312233560224224738:30157078505633]
[SHELL OUT]:	[Parent:00007ff7eaee1456] >>  C:/GitHub/BlockyOS/Build/Build-nodate/disk.img  Base: 133120    ConfBlockSize: 2048    Starting Disk Env ID: 
[SHELL OUT]:	Writing Bytes
[SHELL OUT]:	[Parent:00007ff7eaee1482] >> Writing [2048 bytes(s)->4 block(s)] to LBA[225416(257179648)-225420(257187840)]
[SHELL OUT]:	Closing Disk Interface >> {C:/GitHub/BlockyOS/Build/Build-nodate/disk.img}
[SHELL OUT]:	Writing File Block at 225417, Item: 13.	Root: [11312233560224224738:30157078505633]
[SHELL OUT]:	[Parent:00007ff7eaee1456] >>  C:/GitHub/BlockyOS/Build/Build-nodate/disk.img  Base: 133120    ConfBlockSize: 2048    Starting Disk Env ID: 
[SHELL OUT]:	Writing Bytes
[SHELL OUT]:	[Parent:00007ff7eaee1482] >> Writing [2048 bytes(s)->4 block(s)] to LBA[225417(257181696)-225421(257189888)]
[SHELL OUT]:	Closing Disk Interface >> {C:/GitHub/BlockyOS/Build/Build-nodate/disk.img}
[SHELL OUT]:	Writing File Block at 225418, Item: 14.	Root: [11312233560224224738:30157078505633]
[SHELL OUT]:	[Parent:00007ff7eaee1456] >>  C:/GitHub/BlockyOS/Build/Build-nodate/disk.img  Base: 133120    ConfBlockSize: 2048    Starting Disk Env ID: 
[SHELL OUT]:	Writing Bytes
[SHELL OUT]:	[Parent:00007ff7eaee1482] >> Writing [2048 bytes(s)->4 block(s)] to LBA[225418(257183744)-225422(257191936)]
[SHELL OUT]:	Closing Disk Interface >> {C:/GitHub/BlockyOS/Build/Build-nodate/disk.img}
[SHELL OUT]:	Writing File Block at 225419, Item: 15.	Root: [11312233560224224738:30157078505633]
[SHELL OUT]:	[Parent:00007ff7eaee1456] >>  C:/GitHub/BlockyOS/Build/Build-nodate/disk.img  Base: 133120    ConfBlockSize: 2048    Starting Disk Env ID: 
[SHELL OUT]:	Writing Bytes
[SHELL OUT]:	[Parent:00007ff7eaee1482] >> Writing [2048 bytes(s)->4 block(s)] to LBA[225419(257185792)-225423(257193984)]
[SHELL OUT]:	Closing Disk Interface >> {C:/GitHub/BlockyOS/Build/Build-nodate/disk.img}
[SHELL OUT]:	Writing File Block at 225420, Item: 16.	Root: [11312233560224224738:30157078505633]
[SHELL OUT]:	[Parent:00007ff7eaee1456] >>  C:/GitHub/BlockyOS/Build/Build-nodate/disk.img  Base: 133120    ConfBlockSize: 2048    Starting Disk Env ID: 
[SHELL OUT]:	Writing Bytes
[SHELL OUT]:	[Parent:00007ff7eaee1482] >> Writing [2048 bytes(s)->4 block(s)] to LBA[225420(257187840)-225424(257196032)]
[SHELL OUT]:	Closing Disk Interface >> {C:/GitHub/BlockyOS/Build/Build-nodate/disk.img}
[SHELL OUT]:	Writing File Block at 225421, Item: 17.	Root: [11312233560224224738:30157078505633]
[SHELL OUT]:	[Parent:00007ff7eaee1456] >>  C:/GitHub/BlockyOS/Build/Build-nodate/disk.img  Base: 133120    ConfBlockSize: 2048    Starting Disk Env ID: 
[SHELL OUT]:	Writing Bytes
[SHELL OUT]:	[Parent:00007ff7eaee1482] >> Writing [2048 bytes(s)->4 block(s)] to LBA[225421(257189888)-225425(257198080)]
[SHELL OUT]:	Closing Disk Interface >> {C:/GitHub/BlockyOS/Build/Build-nodate/disk.img}
[SHELL OUT]:	Writing File Block at 225422, Item: 18.	Root: [11312233560224224738:30157078505633]
[SHELL OUT]:	[Parent:00007ff7eaee1456] >>  C:/GitHub/BlockyOS/Build/Build-nodate/disk.img  Base: 133120    ConfBlockSize: 2048    Starting Disk Env ID: 
[SHELL OUT]:	Writing Bytes
[SHELL OUT]:	[Parent:00007ff7eaee1482] >> Writing [2048 bytes(s)->4 block(s)] to LBA[225422(257191936)-225426(257200128)]
[SHELL OUT]:	Closing Disk Interface >> {C:/GitHub/BlockyOS/Build/Build-nodate/disk.img}
[SHELL OUT]:	Writing File Block at 225423, Item: 19.	Root: [11312233560224224738:30157078505633]
[SHELL OUT]:	[Parent:00007ff7eaee1456] >>  C:/GitHub/BlockyOS/Build/Build-nodate/disk.img  Base: 133120    ConfBlockSize: 2048    Starting Disk Env ID: 
[SHELL OUT]:	Writing Bytes
[SHELL OUT]:	[Parent:00007ff7eaee1482] >> Writing [2048 bytes(s)->4 block(s)] to LBA[225423(257193984)-225427(257202176)]
[SHELL OUT]:	Closing Disk Interface >> {C:/GitHub/BlockyOS/Build/Build-nodate/disk.img}
[SHELL OUT]:	Writing File Block at 225424, Item: 20.	Root: [11312233560224224738:30157078505633]
[SHELL OUT]:	[Parent:00007ff7eaee1456] >>  C:/GitHub/BlockyOS/Build/Build-nodate/disk.img  Base: 133120    ConfBlockSize: 2048    Starting Disk Env ID: 
[SHELL OUT]:	Writing Bytes
[SHELL OUT]:	[Parent:00007ff7eaee1482] >> Writing [2048 bytes(s)->4 block(s)] to LBA[225424(257196032)-225428(257204224)]
[SHELL OUT]:	Closing Disk Interface >> {C:/GitHub/BlockyOS/Build/Build-nodate/disk.img}
[SHELL OUT]:	Writing File Block at 225425, Item: 21.	Root: [11312233560224224738:30157078505633]
[SHELL OUT]:	[Parent:00007ff7eaee1456] >>  C:/GitHub/BlockyOS/Build/Build-nodate/disk.img  Base: 133120    ConfBlockSize: 2048    Starting Disk Env ID: 
[SHELL OUT]:	Writing Bytes
[SHELL OUT]:	[Parent:00007ff7eaee1482] >> Writing [2048 bytes(s)->4 block(s)] to LBA[225425(257198080)-225429(257206272)]
[SHELL OUT]:	Closing Disk Interface >> {C:/GitHub/BlockyOS/Build/Build-nodate/disk.img}
[SHELL OUT]:	Writing File Block at 225426, Item: 22.	Root: [11312233560224224738:30157078505633]
[SHELL OUT]:	[Parent:00007ff7eaee1456] >>  C:/GitHub/BlockyOS/Build/Build-nodate/disk.img  Base: 133120    ConfBlockSize: 2048    Starting Disk Env ID: 
[SHELL OUT]:	Writing Bytes
[SHELL OUT]:	[Parent:00007ff7eaee1482] >> Writing [2048 bytes(s)->4 block(s)] to LBA[225426(257200128)-225430(257208320)]
[SHELL OUT]:	Closing Disk Interface >> {C:/GitHub/BlockyOS/Build/Build-nodate/disk.img}
[SHELL OUT]:	Writing File Block at 225427, Item: 23.	Root: [11312233560224224738:30157078505633]
[SHELL OUT]:	[Parent:00007ff7eaee1456] >>  C:/GitHub/BlockyOS/Build/Build-nodate/disk.img  Base: 133120    ConfBlockSize: 2048    Starting Disk Env ID: 
[SHELL OUT]:	Writing Bytes
[SHELL OUT]:	[Parent:00007ff7eaee1482] >> Writing [2048 bytes(s)->4 block(s)] to LBA[225427(257202176)-225431(257210368)]
[SHELL OUT]:	Closing Disk Interface >> {C:/GitHub/BlockyOS/Build/Build-nodate/disk.img}
[SHELL OUT]:	Writing File Block at 225428, Item: 24.	Root: [11312233560224224738:30157078505633]
[SHELL OUT]:	[Parent:00007ff7eaee1456] >>  C:/GitHub/BlockyOS/Build/Build-nodate/disk.img  Base: 133120    ConfBlockSize: 2048    Starting Disk Env ID: 
[SHELL OUT]:	Writing Bytes
[SHELL OUT]:	[Parent:00007ff7eaee1482] >> Writing [2048 bytes(s)->4 block(s)] to LBA[225428(257204224)-225432(257212416)]
[SHELL OUT]:	Closing Disk Interface >> {C:/GitHub/BlockyOS/Build/Build-nodate/disk.img}
[SHELL OUT]:	Writing File Block at 225429, Item: 25.	Root: [11312233560224224738:30157078505633]
[SHELL OUT]:	[Parent:00007ff7eaee1456] >>  C:/GitHub/BlockyOS/Build/Build-nodate/disk.img  Base: 133120    ConfBlockSize: 2048    Starting Disk Env ID: 
[SHELL OUT]:	Writing Bytes
[SHELL OUT]:	[Parent:00007ff7eaee1482] >> Writing [2048 bytes(s)->4 block(s)] to LBA[225429(257206272)-225433(257214464)]
[SHELL OUT]:	Closing Disk Interface >> {C:/GitHub/BlockyOS/Build/Build-nodate/disk.img}
[SHELL OUT]:	Writing File Block at 225430, Item: 26.	Root: [11312233560224224738:30157078505633]
[SHELL OUT]:	[Parent:00007ff7eaee1456] >>  C:/GitHub/BlockyOS/Build/Build-nodate/disk.img  Base: 133120    ConfBlockSize: 2048    Starting Disk Env ID: 
[SHELL OUT]:	Writing Bytes
[SHELL OUT]:	[Parent:00007ff7eaee1482] >> Writing [2048 bytes(s)->4 block(s)] to LBA[225430(257208320)-225434(257216512)]
[SHELL OUT]:	Closing Disk Interface >> {C:/GitHub/BlockyOS/Build/Build-nodate/disk.img}
[SHELL OUT]:	Writing File Block at 225431, Item: 27.	Root: [11312233560224224738:30157078505633]
[SHELL OUT]:	[Parent:00007ff7eaee1456] >>  C:/GitHub/BlockyOS/Build/Build-nodate/disk.img  Base: 133120    ConfBlockSize: 2048    Starting Disk Env ID: 
[SHELL OUT]:	Writing Bytes
[SHELL OUT]:	[Parent:00007ff7eaee1482] >> Writing [2048 bytes(s)->4 block(s)] to LBA[225431(257210368)-225435(257218560)]
[SHELL OUT]:	Closing Disk Interface >> {C:/GitHub/BlockyOS/Build/Build-nodate/disk.img}
[SHELL OUT]:	Writing File Block at 225432, Item: 28.	Root: [11312233560224224738:30157078505633]
[SHELL OUT]:	[Parent:00007ff7eaee1456] >>  C:/GitHub/BlockyOS/Build/Build-nodate/disk.img  Base: 133120    ConfBlockSize: 2048    Starting Disk Env ID: 
[SHELL OUT]:	Writing Bytes
[SHELL OUT]:	[Parent:00007ff7eaee1482] >> Writing [2048 bytes(s)->4 block(s)] to LBA[225432(257212416)-225436(257220608)]
[SHELL OUT]:	Closing Disk Interface >> {C:/GitHub/BlockyOS/Build/Build-nodate/disk.img}
[SHELL OUT]:	Writing File Block at 225433, Item: 29.	Root: [11312233560224224738:30157078505633]
[SHELL OUT]:	[Parent:00007ff7eaee1456] >>  C:/GitHub/BlockyOS/Build/Build-nodate/disk.img  Base: 133120    ConfBlockSize: 2048    Starting Disk Env ID: 
[SHELL OUT]:	Writing Bytes
[SHELL OUT]:	[Parent:00007ff7eaee1482] >> Writing [2048 bytes(s)->4 block(s)] to LBA[225433(257214464)-225437(257222656)]
[SHELL OUT]:	Closing Disk Interface >> {C:/GitHub/BlockyOS/Build/Build-nodate/disk.img}
[SHELL OUT]:	Writing File Block at 225434, Item: 30.	Root: [11312233560224224738:30157078505633]
[SHELL OUT]:	[Parent:00007ff7eaee1456] >>  C:/GitHub/BlockyOS/Build/Build-nodate/disk.img  Base: 133120    ConfBlockSize: 2048    Starting Disk Env ID: 
[SHELL OUT]:	Writing Bytes
[SHELL OUT]:	[Parent:00007ff7eaee1482] >> Writing [2048 bytes(s)->4 block(s)] to LBA[225434(257216512)-225438(257224704)]
[SHELL OUT]:	Closing Disk Interface >> {C:/GitHub/BlockyOS/Build/Build-nodate/disk.img}
[SHELL OUT]:	Writing File Block at 225435, Item: 31.	Root: [11312233560224224738:30157078505633]
[SHELL OUT]:	[Parent:00007ff7eaee1456] >>  C:/GitHub/BlockyOS/Build/Build-nodate/disk.img  Base: 133120    ConfBlockSize: 2048    Starting Disk Env ID: 
[SHELL OUT]:	Writing Bytes
[SHELL OUT]:	[Parent:00007ff7eaee1482] >> Writing [2048 bytes(s)->4 block(s)] to LBA[225435(257218560)-225439(257226752)]
[SHELL OUT]:	Closing Disk Interface >> {C:/GitHub/BlockyOS/Build/Build-nodate/disk.img}
[SHELL OUT]:	Writing File Block at 225436, Item: 32.	Root: [11312233560224224738:30157078505633]
[SHELL OUT]:	[Parent:00007ff7eaee1456] >>  C:/GitHub/BlockyOS/Build/Build-nodate/disk.img  Base: 133120    ConfBlockSize: 2048    Starting Disk Env ID: 
[SHELL OUT]:	Writing Bytes
[SHELL OUT]:	[Parent:00007ff7eaee1482] >> Writing [2048 bytes(s)->4 block(s)] to LBA[225436(257220608)-225440(257228800)]
[SHELL OUT]:	Closing Disk Interface >> {C:/GitHub/BlockyOS/Build/Build-nodate/disk.img}
[SHELL OUT]:	Writing File Block at 225437, Item: 33.	Root: [11312233560224224738:30157078505633]
[SHELL OUT]:	[Parent:00007ff7eaee1456] >>  C:/GitHub/BlockyOS/Build/Build-nodate/disk.img  Base: 133120    ConfBlockSize: 2048    Starting Disk Env ID: 
[SHELL OUT]:	Writing Bytes
[SHELL OUT]:	[Parent:00007ff7eaee1482] >> Writing [2048 bytes(s)->4 block(s)] to LBA[225437(257222656)-225441(257230848)]
[SHELL OUT]:	Closing Disk Interface >> {C:/GitHub/BlockyOS/Build/Build-nodate/disk.img}
[SHELL OUT]:	Reading File Block at 225438, Item: 34.    Root: [11312233560224224738:30157078505633]
[SHELL OUT]:	[Parent:00007ff7eaee0fb9] >>  C:/GitHub/BlockyOS/Build/Build-nodate/disk.img  Base: 133120    ConfBlockSize: 2048    Starting Disk Env ID: 
[SHELL OUT]:	Reading Bytes
[SHELL OUT]:	[Parent:00007ff7eaee0fdd] >> Reading [2048 bytes(s)->4 block(s)] from LBA[225438(257224704)-225442(257232896)]
[SHELL OUT]:	Closing Disk Interface >> {C:/GitHub/BlockyOS/Build/Build-nodate/disk.img}
[SHELL OUT]:	Writing File Block at 225438, Item: 34.	Root: [11312233560224224738:30157078505633]
[SHELL OUT]:	[Parent:00007ff7eaee1456] >>  C:/GitHub/BlockyOS/Build/Build-nodate/disk.img  Base: 133120    ConfBlockSize: 2048    Starting Disk Env ID: 
[SHELL OUT]:	Writing Bytes
[SHELL OUT]:	[Parent:00007ff7eaee1482] >> Writing [2048 bytes(s)->4 block(s)] to LBA[225438(257224704)-225442(257232896)]
[SHELL OUT]:	Closing Disk Interface >> {C:/GitHub/BlockyOS/Build/Build-nodate/disk.img}
[SHELL OUT]:	[0]: ""
