Initializing CGCC.MAKE build process...
Skipping C:\GitHub\BlockyOS\src\kernel\kboot\kboot.c - up to date; source=2026-10-04T14:36:19.2027484Z, stored=10/04/2026 14:36:19
Skipping C:\GitHub\BlockyOS\src\kernel\kboot\kboot.asm - up to date; source=2026-10-03T23:05:51.8721198Z, stored=10/03/2026 23:05:51
Skipping C:\GitHub\BlockyOS\Build\Build-nodate\root-part\LibCrt.dll - up to date; source=2026-10-05T01:35:29.6568091Z, stored=10/05/2026 01:35:29
Stale source detected for C:\GitHub\BlockyOS\Build\Build-nodate\root-part\services\LibIO.dll. source=2026-10-05T01:35:39.5983990Z, stored=none, delta=n/a sec
Compiled and updated timestamp for C:\GitHub\BlockyOS\Build\Build-nodate\root-part\services\LibIO.dll
Stale source detected for C:\GitHub\BlockyOS\Build\Build-nodate\root-part\services\LibVideo.dll. source=2026-10-05T01:35:43.5094345Z, stored=none, delta=n/a sec
Compiled and updated timestamp for C:\GitHub\BlockyOS\Build\Build-nodate\root-part\services\LibVideo.dll
gcc compile/cache/c.kboot.o compile/cache/asm.kboot.o Build/Build-nodate/root-part/LibCrt.dll Build/Build-nodate/root-part/services/LibIO.dll Build/Build-nodate/root-part/services/LibVideo.dll -Wl,-nostdlib -Wl,--disable-runtime-pseudo-reloc -Wl,--section-alignment,4096 -Wl,--file-alignment,4096 -Wl,-e,kboot_km -Wl,-Map,C:\GitHub\BlockyOS\Build\Build-nodate\alibcrt.map -fdiagnostics-color=always -fno-diagnostics-show-highlight-colors -nostartfiles -nodefaultlibs -fno-asynchronous-unwind-tables -fno-unwind-tables -o C:/GitHub/BlockyOS/Build/Build-nodate/root-part/kboot.exe
Build finished successfully -> C:/GitHub/BlockyOS/Build/Build-nodate/root-part/kboot.exe


[SHELL]	FSFRAT.MAKE
[SHELL]	FSFRAT.MOUNT
[SHELL]	e.disk -pp C:/GitHub/BlockyOS/Build/Build-nodate/disk.img -pt ROOT -bs 2048 -lb 32 -v 1:0
[SHELL OUT]:	
[SHELL OUT]:	FSFRAT DRIVER
[SHELL OUT]:	>> 
[SHELL OUT]:	[C:\GitHub\BlockyOS\tools\filesystem\frat.c:196]  >>  Mounting FS Root: [C:/GitHub/BlockyOS/Build/Build-nodate/disk.img]
[SHELL OUT]:	Verifying Disk GPT
[SHELL OUT]:	[Parent:00007ff6fdb0d8ff] >>  C:/GitHub/BlockyOS/Build/Build-nodate/disk.img  Base: 0    ConfBlockSize: 512    Starting Disk Env ID: 
[SHELL OUT]:	Reading Bytes
[SHELL OUT]:	[Parent:00007ff6fdb0d91a] >> Reading [92 bytes(s)->1 block(s)] from LBA[1(512)-2(1024)]
[SHELL OUT]:	GPT Dump:
[SHELL OUT]:	    Sig: "EFI PART"
[SHELL OUT]:	    Rev: 65536
[SHELL OUT]:	    Header-Size: 92
[SHELL OUT]:	    Header Checksum: 605002916
[SHELL OUT]:	    localLBA: 1
[SHELL OUT]:	    altLBA: 2230273
[SHELL OUT]:	    firstUsable: 2048
[SHELL OUT]:	    lastUsable: 2230271
[SHELL OUT]:	    Disk-GUID: 
[SHELL OUT]:	    Partition-Table: 2
[SHELL OUT]:	    # of Partition-Entries: 2
[SHELL OUT]:	    Partition-Entry Size: 128
[SHELL OUT]:	    Partition-Table Checksum: 896708427
[SHELL OUT]:	Closing Disk Interface >> {C:/GitHub/BlockyOS/Build/Build-nodate/disk.img}
[SHELL OUT]:	GPT Exists? true
[SHELL OUT]:	[Parent:00007ff6fdb0eed9] >>  C:/GitHub/BlockyOS/Build/Build-nodate/disk.img  Base: 0    ConfBlockSize: 512    Starting Disk Env ID: 
[SHELL OUT]:	Reading Bytes
[SHELL OUT]:	[Parent:00007ff6fdb0eefa] >> Reading [92 bytes(s)->1 block(s)] from LBA[1(512)-2(1024)]
[SHELL OUT]:	[C:\GitHub\BlockyOS\tools\filesystem\frat.c:137]  >>  Querying Part Table
[SHELL OUT]:	Reading Bytes
[SHELL OUT]:	[Parent:00007ff6fdb0e73d] >> Reading [256 bytes(s)->1 block(s)] from LBA[2(1024)-3(1536)]
[SHELL OUT]:	[C:\GitHub\BlockyOS\tools\filesystem\frat.c:145]  >>  GPT-Entry: BOOT{2048:133119 -> 131071}
[SHELL OUT]:	[C:\GitHub\BlockyOS\tools\filesystem\frat.c:159]  >>  Querying FS at 2048
[SHELL OUT]:	Reading Bytes
[SHELL OUT]:	[Parent:00007ff6fdb0ebe1] >> Reading [60 bytes(s)->1 block(s)] from LBA[2048(1048576)-2049(1049088)]
[SHELL OUT]:	FS-Root Blob:
[SHELL OUT]:	    Version: [0:131072]
[SHELL OUT]:	    Sig: 
[SHELL OUT]:	    Configured Log Sectors: 2
[SHELL OUT]:	    Configured Block Size: 0
[SHELL OUT]:	    Configured Cluster-Map Size: 16711743
[SHELL OUT]:	[C:\GitHub\BlockyOS\tools\filesystem\frat.c:145]  >>  GPT-Entry: ROOT{133120:2230271 -> 2097151}
[SHELL OUT]:	[C:\GitHub\BlockyOS\tools\filesystem\frat.c:159]  >>  Querying FS at 133120
[SHELL OUT]:	Reading Bytes
[SHELL OUT]:	[Parent:00007ff6fdb0ebe1] >> Reading [60 bytes(s)->1 block(s)] from LBA[133120(68157440)-133121(68157952)]
[SHELL OUT]:	FS-Root Blob:
[SHELL OUT]:	    Version: [0:1]
[SHELL OUT]:	    Sig: FRAT_FILESYSTEM
[SHELL OUT]:	    Configured Log Sectors: 32
[SHELL OUT]:	    Configured Block Size: 2048
[SHELL OUT]:	    Configured Cluster-Map Size: 20480
[SHELL OUT]:	[C:\GitHub\BlockyOS\tools\filesystem\frat.c:184]  >>  FS Found at [133120]:
[SHELL OUT]:		Version-Code: [0:1]
[SHELL OUT]:		Configured Block-Size: 2048
[SHELL OUT]:		Configured Cluster-Size: 20480
[SHELL OUT]:		Configured # of Log-Sectors: 32
[SHELL OUT]:		Configured Log-Size: 576
[SHELL OUT]:	[C:\GitHub\BlockyOS\tools\filesystem\frat.c:210]  >>  Found Formatted Partition: 133120:2230271 -> 2097151
[SHELL OUT]:	Reading Bytes
[SHELL OUT]:	[Parent:00007ff6fdb0f05b] >> Reading [60 bytes(s)->1 block(s)] from LBA[133120(68157440)-133121(68157952)]
[SHELL OUT]:	[C:\GitHub\BlockyOS\tools\filesystem\frat.c:223]  >>  Root: 133120:2230271 -> 2097151 LBAs
[SHELL OUT]:		Version-Code: [0:1]
[SHELL OUT]:		Configured Block-Size: 2048
[SHELL OUT]:		Configured Cluster-Size: 20480
[SHELL OUT]:		Configured # of Log-Sectors: 32
[SHELL OUT]:		Configured Log-Size: 576
[SHELL OUT]:	Reading Bytes
[SHELL OUT]:	[Parent:00007ff6fdb0f2a8] >> Reading [65536 bytes(s)->128 block(s)] from LBA[133121(68159488)-133249(68421632)]
[SHELL OUT]:	Reading Bytes
[SHELL OUT]:	[Parent:00007ff6fdb0f354] >> Reading [20480 bytes(s)->40 block(s)] from LBA[202752(210763776)-202792(210845696)]
[SHELL OUT]:	    Verifying FS Root Items #items: 1024
[SHELL OUT]:	Reading Bytes
[SHELL OUT]:	[Parent:00007ff6fdb0f5c7] >> Reading [512 bytes(s)->4 block(s)] from LBA[225280(256901120)-225284(256909312)]
[SHELL OUT]:	Reading Bytes
[SHELL OUT]:	[Parent:00007ff6fdb0f5c7] >> Reading [512 bytes(s)->4 block(s)] from LBA[225281(256903168)-225285(256911360)]
[SHELL OUT]:	Reading Bytes
[SHELL OUT]:	[Parent:00007ff6fdb0f5c7] >> Reading [512 bytes(s)->4 block(s)] from LBA[225404(257155072)-225408(257163264)]
[SHELL OUT]:	Reading Bytes
[SHELL OUT]:	[Parent:00007ff6fdb0f5c7] >> Reading [512 bytes(s)->4 block(s)] from LBA[225443(257234944)-225447(257243136)]
[SHELL OUT]:	Reading Bytes
[SHELL OUT]:	[Parent:00007ff6fdb0f5c7] >> Reading [512 bytes(s)->4 block(s)] from LBA[225465(257280000)-225469(257288192)]
[SHELL OUT]:	Reading Bytes
[SHELL OUT]:	[Parent:00007ff6fdb0f5c7] >> Reading [512 bytes(s)->4 block(s)] from LBA[225488(257327104)-225492(257335296)]
[SHELL OUT]:	Closing Disk Interface >> {C:/GitHub/BlockyOS/Build/Build-nodate/disk.img}
[SHELL OUT]:	[Parent:00007ff6fdb11825] >>  C:/GitHub/BlockyOS/Build/Build-nodate/disk.img  Base: 133120    ConfBlockSize: 2048    Starting Disk Env ID: 
[SHELL OUT]:	Writing Bytes
[SHELL OUT]:	[Parent:00007ff6fdb1184e] >> Writing [60 bytes(s)->4 block(s)] to LBA[133120(68157440)-133124(68165632)]
[SHELL OUT]:	Writing Bytes
[SHELL OUT]:	[Parent:00007ff6fdb11896] >> Writing [20480 bytes(s)->40 block(s)] to LBA[202752(210763776)-202792(210845696)]
[SHELL OUT]:	Closing Disk Interface >> {C:/GitHub/BlockyOS/Build/Build-nodate/disk.img}
[SHELL OUT]:	[0]: ""
[SHELL]	create -la fc -p SYSD/ -n kboot.exe
[SHELL OUT]:	
[SHELL OUT]:	>> 
[SHELL OUT]:	>> 
[SHELL OUT]:	00000152be595f1b:fc	00000152be595f21:SYSD/	00000152be595f2a:kboot.exe	
[SHELL OUT]:	[	SYSD/kboot.exe]
[SHELL OUT]:	Mounting File [SYSD/kboot.exe] with "fc"
[SHELL OUT]:	Creating File at: ./SYSD/kboot.exe
[SHELL OUT]:	Hash: [4397709807136810278:123480111967653]
[SHELL OUT]:	Hash: [4397709807136810278:123480111967653]
[SHELL OUT]:	Un-Mounting File [4397709807136810278:123480111967653]
[SHELL OUT]:	[Parent:00007ff6fdb11825] >>  C:/GitHub/BlockyOS/Build/Build-nodate/disk.img  Base: 133120    ConfBlockSize: 2048    Starting Disk Env ID: 
[SHELL OUT]:	Writing Bytes
[SHELL OUT]:	[Parent:00007ff6fdb1184e] >> Writing [60 bytes(s)->4 block(s)] to LBA[133120(68157440)-133124(68165632)]
[SHELL OUT]:	Writing Bytes
[SHELL OUT]:	[Parent:00007ff6fdb11896] >> Writing [20480 bytes(s)->40 block(s)] to LBA[202752(210763776)-202792(210845696)]
[SHELL OUT]:	Closing Disk Interface >> {C:/GitHub/BlockyOS/Build/Build-nodate/disk.img}
[SHELL OUT]:	[0]: ""
[SHELL]	FSFRAT.OPEN
[SHELL]	open -p SYSD/kboot.exe -a KBOOT -la f
[SHELL OUT]:	
[SHELL OUT]:	>> 
[SHELL OUT]:	>> 
[SHELL OUT]:	Mounting File [SYSD/kboot.exe] with "f"
[SHELL OUT]:	Hash: [4397709807136810278:123480111967653]
[SHELL OUT]:	[0]: ""
[SHELL]	FSFRAT.WRITE
[SHELL]	fwrite -pp C:/GitHub/BlockyOS/Build/Build-nodate/root-part/kboot.exe -ia %KBOOT% -p 0 -n 0
[SHELL OUT]:	
[SHELL OUT]:	>> 
[SHELL OUT]:	>> 
[SHELL OUT]:	[Parent:00007ff6fdb11e11] >>  C:/GitHub/BlockyOS/Build/Build-nodate/disk.img  Base: 133120    ConfBlockSize: 2048    Starting Disk Env ID: 
[SHELL OUT]:	[Parent:00007ff6fdb11d4e] >>  C:/GitHub/BlockyOS/Build/Build-nodate/disk.img  Base: 133120    ConfBlockSize: 2048    Starting Disk Env ID: 
[SHELL OUT]:	Reading File Info
[SHELL OUT]:	Reading Bytes
[SHELL OUT]:	[Parent:00007ff6fdb11dbd] >> Reading [512 bytes(s)->4 block(s)] from LBA[225465(257280000)-225469(257288192)]
[SHELL OUT]:	Closing Disk Interface >> {C:/GitHub/BlockyOS/Build/Build-nodate/disk.img}
[SHELL OUT]:	Writing Bytes
[SHELL OUT]:	[Parent:00007ff6fdb11f0b] >> Writing [512 bytes(s)->4 block(s)] to LBA[225465(257280000)-225469(257288192)]
[SHELL OUT]:	Closing Disk Interface >> {C:/GitHub/BlockyOS/Build/Build-nodate/disk.img}
[SHELL OUT]:	Root is 00000152be599080
[SHELL OUT]:	Writing File Block at 225466, Item: 1.	Root: [4397709807136810278:123480111967653]
[SHELL OUT]:	[Parent:00007ff6fdb11456] >>  C:/GitHub/BlockyOS/Build/Build-nodate/disk.img  Base: 133120    ConfBlockSize: 2048    Starting Disk Env ID: 
[SHELL OUT]:	Writing Bytes
[SHELL OUT]:	[Parent:00007ff6fdb11482] >> Writing [2048 bytes(s)->4 block(s)] to LBA[225466(257282048)-225470(257290240)]
[SHELL OUT]:	Closing Disk Interface >> {C:/GitHub/BlockyOS/Build/Build-nodate/disk.img}
[SHELL OUT]:	Writing File Block at 225467, Item: 2.	Root: [4397709807136810278:123480111967653]
[SHELL OUT]:	[Parent:00007ff6fdb11456] >>  C:/GitHub/BlockyOS/Build/Build-nodate/disk.img  Base: 133120    ConfBlockSize: 2048    Starting Disk Env ID: 
[SHELL OUT]:	Writing Bytes
[SHELL OUT]:	[Parent:00007ff6fdb11482] >> Writing [2048 bytes(s)->4 block(s)] to LBA[225467(257284096)-225471(257292288)]
[SHELL OUT]:	Closing Disk Interface >> {C:/GitHub/BlockyOS/Build/Build-nodate/disk.img}
[SHELL OUT]:	Writing File Block at 225468, Item: 3.	Root: [4397709807136810278:123480111967653]
[SHELL OUT]:	[Parent:00007ff6fdb11456] >>  C:/GitHub/BlockyOS/Build/Build-nodate/disk.img  Base: 133120    ConfBlockSize: 2048    Starting Disk Env ID: 
[SHELL OUT]:	Writing Bytes
[SHELL OUT]:	[Parent:00007ff6fdb11482] >> Writing [2048 bytes(s)->4 block(s)] to LBA[225468(257286144)-225472(257294336)]
[SHELL OUT]:	Closing Disk Interface >> {C:/GitHub/BlockyOS/Build/Build-nodate/disk.img}
[SHELL OUT]:	Writing File Block at 225469, Item: 4.	Root: [4397709807136810278:123480111967653]
[SHELL OUT]:	[Parent:00007ff6fdb11456] >>  C:/GitHub/BlockyOS/Build/Build-nodate/disk.img  Base: 133120    ConfBlockSize: 2048    Starting Disk Env ID: 
[SHELL OUT]:	Writing Bytes
[SHELL OUT]:	[Parent:00007ff6fdb11482] >> Writing [2048 bytes(s)->4 block(s)] to LBA[225469(257288192)-225473(257296384)]
[SHELL OUT]:	Closing Disk Interface >> {C:/GitHub/BlockyOS/Build/Build-nodate/disk.img}
[SHELL OUT]:	Writing File Block at 225470, Item: 5.	Root: [4397709807136810278:123480111967653]
[SHELL OUT]:	[Parent:00007ff6fdb11456] >>  C:/GitHub/BlockyOS/Build/Build-nodate/disk.img  Base: 133120    ConfBlockSize: 2048    Starting Disk Env ID: 
[SHELL OUT]:	Writing Bytes
[SHELL OUT]:	[Parent:00007ff6fdb11482] >> Writing [2048 bytes(s)->4 block(s)] to LBA[225470(257290240)-225474(257298432)]
[SHELL OUT]:	Closing Disk Interface >> {C:/GitHub/BlockyOS/Build/Build-nodate/disk.img}
[SHELL OUT]:	Writing File Block at 225471, Item: 6.	Root: [4397709807136810278:123480111967653]
[SHELL OUT]:	[Parent:00007ff6fdb11456] >>  C:/GitHub/BlockyOS/Build/Build-nodate/disk.img  Base: 133120    ConfBlockSize: 2048    Starting Disk Env ID: 
[SHELL OUT]:	Writing Bytes
[SHELL OUT]:	[Parent:00007ff6fdb11482] >> Writing [2048 bytes(s)->4 block(s)] to LBA[225471(257292288)-225475(257300480)]
[SHELL OUT]:	Closing Disk Interface >> {C:/GitHub/BlockyOS/Build/Build-nodate/disk.img}
[SHELL OUT]:	Writing File Block at 225472, Item: 7.	Root: [4397709807136810278:123480111967653]
[SHELL OUT]:	[Parent:00007ff6fdb11456] >>  C:/GitHub/BlockyOS/Build/Build-nodate/disk.img  Base: 133120    ConfBlockSize: 2048    Starting Disk Env ID: 
[SHELL OUT]:	Writing Bytes
[SHELL OUT]:	[Parent:00007ff6fdb11482] >> Writing [2048 bytes(s)->4 block(s)] to LBA[225472(257294336)-225476(257302528)]
[SHELL OUT]:	Closing Disk Interface >> {C:/GitHub/BlockyOS/Build/Build-nodate/disk.img}
[SHELL OUT]:	Writing File Block at 225473, Item: 8.	Root: [4397709807136810278:123480111967653]
[SHELL OUT]:	[Parent:00007ff6fdb11456] >>  C:/GitHub/BlockyOS/Build/Build-nodate/disk.img  Base: 133120    ConfBlockSize: 2048    Starting Disk Env ID: 
[SHELL OUT]:	Writing Bytes
[SHELL OUT]:	[Parent:00007ff6fdb11482] >> Writing [2048 bytes(s)->4 block(s)] to LBA[225473(257296384)-225477(257304576)]
[SHELL OUT]:	Closing Disk Interface >> {C:/GitHub/BlockyOS/Build/Build-nodate/disk.img}
[SHELL OUT]:	Writing File Block at 225474, Item: 9.	Root: [4397709807136810278:123480111967653]
[SHELL OUT]:	[Parent:00007ff6fdb11456] >>  C:/GitHub/BlockyOS/Build/Build-nodate/disk.img  Base: 133120    ConfBlockSize: 2048    Starting Disk Env ID: 
[SHELL OUT]:	Writing Bytes
[SHELL OUT]:	[Parent:00007ff6fdb11482] >> Writing [2048 bytes(s)->4 block(s)] to LBA[225474(257298432)-225478(257306624)]
[SHELL OUT]:	Closing Disk Interface >> {C:/GitHub/BlockyOS/Build/Build-nodate/disk.img}
[SHELL OUT]:	Writing File Block at 225475, Item: 10.	Root: [4397709807136810278:123480111967653]
[SHELL OUT]:	[Parent:00007ff6fdb11456] >>  C:/GitHub/BlockyOS/Build/Build-nodate/disk.img  Base: 133120    ConfBlockSize: 2048    Starting Disk Env ID: 
[SHELL OUT]:	Writing Bytes
[SHELL OUT]:	[Parent:00007ff6fdb11482] >> Writing [2048 bytes(s)->4 block(s)] to LBA[225475(257300480)-225479(257308672)]
[SHELL OUT]:	Closing Disk Interface >> {C:/GitHub/BlockyOS/Build/Build-nodate/disk.img}
[SHELL OUT]:	Writing File Block at 225476, Item: 11.	Root: [4397709807136810278:123480111967653]
[SHELL OUT]:	[Parent:00007ff6fdb11456] >>  C:/GitHub/BlockyOS/Build/Build-nodate/disk.img  Base: 133120    ConfBlockSize: 2048    Starting Disk Env ID: 
[SHELL OUT]:	Writing Bytes
[SHELL OUT]:	[Parent:00007ff6fdb11482] >> Writing [2048 bytes(s)->4 block(s)] to LBA[225476(257302528)-225480(257310720)]
[SHELL OUT]:	Closing Disk Interface >> {C:/GitHub/BlockyOS/Build/Build-nodate/disk.img}
[SHELL OUT]:	Writing File Block at 225477, Item: 12.	Root: [4397709807136810278:123480111967653]
[SHELL OUT]:	[Parent:00007ff6fdb11456] >>  C:/GitHub/BlockyOS/Build/Build-nodate/disk.img  Base: 133120    ConfBlockSize: 2048    Starting Disk Env ID: 
[SHELL OUT]:	Writing Bytes
[SHELL OUT]:	[Parent:00007ff6fdb11482] >> Writing [2048 bytes(s)->4 block(s)] to LBA[225477(257304576)-225481(257312768)]
[SHELL OUT]:	Closing Disk Interface >> {C:/GitHub/BlockyOS/Build/Build-nodate/disk.img}
[SHELL OUT]:	Writing File Block at 225478, Item: 13.	Root: [4397709807136810278:123480111967653]
[SHELL OUT]:	[Parent:00007ff6fdb11456] >>  C:/GitHub/BlockyOS/Build/Build-nodate/disk.img  Base: 133120    ConfBlockSize: 2048    Starting Disk Env ID: 
[SHELL OUT]:	Writing Bytes
[SHELL OUT]:	[Parent:00007ff6fdb11482] >> Writing [2048 bytes(s)->4 block(s)] to LBA[225478(257306624)-225482(257314816)]
[SHELL OUT]:	Closing Disk Interface >> {C:/GitHub/BlockyOS/Build/Build-nodate/disk.img}
[SHELL OUT]:	Writing File Block at 225479, Item: 14.	Root: [4397709807136810278:123480111967653]
[SHELL OUT]:	[Parent:00007ff6fdb11456] >>  C:/GitHub/BlockyOS/Build/Build-nodate/disk.img  Base: 133120    ConfBlockSize: 2048    Starting Disk Env ID: 
[SHELL OUT]:	Writing Bytes
[SHELL OUT]:	[Parent:00007ff6fdb11482] >> Writing [2048 bytes(s)->4 block(s)] to LBA[225479(257308672)-225483(257316864)]
[SHELL OUT]:	Closing Disk Interface >> {C:/GitHub/BlockyOS/Build/Build-nodate/disk.img}
[SHELL OUT]:	Writing File Block at 225480, Item: 15.	Root: [4397709807136810278:123480111967653]
[SHELL OUT]:	[Parent:00007ff6fdb11456] >>  C:/GitHub/BlockyOS/Build/Build-nodate/disk.img  Base: 133120    ConfBlockSize: 2048    Starting Disk Env ID: 
[SHELL OUT]:	Writing Bytes
[SHELL OUT]:	[Parent:00007ff6fdb11482] >> Writing [2048 bytes(s)->4 block(s)] to LBA[225480(257310720)-225484(257318912)]
[SHELL OUT]:	Closing Disk Interface >> {C:/GitHub/BlockyOS/Build/Build-nodate/disk.img}
[SHELL OUT]:	Writing File Block at 225481, Item: 16.	Root: [4397709807136810278:123480111967653]
[SHELL OUT]:	[Parent:00007ff6fdb11456] >>  C:/GitHub/BlockyOS/Build/Build-nodate/disk.img  Base: 133120    ConfBlockSize: 2048    Starting Disk Env ID: 
[SHELL OUT]:	Writing Bytes
[SHELL OUT]:	[Parent:00007ff6fdb11482] >> Writing [2048 bytes(s)->4 block(s)] to LBA[225481(257312768)-225485(257320960)]
[SHELL OUT]:	Closing Disk Interface >> {C:/GitHub/BlockyOS/Build/Build-nodate/disk.img}
[SHELL OUT]:	Writing File Block at 225482, Item: 17.	Root: [4397709807136810278:123480111967653]
[SHELL OUT]:	[Parent:00007ff6fdb11456] >>  C:/GitHub/BlockyOS/Build/Build-nodate/disk.img  Base: 133120    ConfBlockSize: 2048    Starting Disk Env ID: 
[SHELL OUT]:	Writing Bytes
[SHELL OUT]:	[Parent:00007ff6fdb11482] >> Writing [2048 bytes(s)->4 block(s)] to LBA[225482(257314816)-225486(257323008)]
[SHELL OUT]:	Closing Disk Interface >> {C:/GitHub/BlockyOS/Build/Build-nodate/disk.img}
[SHELL OUT]:	Writing File Block at 225483, Item: 18.	Root: [4397709807136810278:123480111967653]
[SHELL OUT]:	[Parent:00007ff6fdb11456] >>  C:/GitHub/BlockyOS/Build/Build-nodate/disk.img  Base: 133120    ConfBlockSize: 2048    Starting Disk Env ID: 
[SHELL OUT]:	Writing Bytes
[SHELL OUT]:	[Parent:00007ff6fdb11482] >> Writing [2048 bytes(s)->4 block(s)] to LBA[225483(257316864)-225487(257325056)]
[SHELL OUT]:	Closing Disk Interface >> {C:/GitHub/BlockyOS/Build/Build-nodate/disk.img}
[SHELL OUT]:	Writing File Block at 225484, Item: 19.	Root: [4397709807136810278:123480111967653]
[SHELL OUT]:	[Parent:00007ff6fdb11456] >>  C:/GitHub/BlockyOS/Build/Build-nodate/disk.img  Base: 133120    ConfBlockSize: 2048    Starting Disk Env ID: 
[SHELL OUT]:	Writing Bytes
[SHELL OUT]:	[Parent:00007ff6fdb11482] >> Writing [2048 bytes(s)->4 block(s)] to LBA[225484(257318912)-225488(257327104)]
[SHELL OUT]:	Closing Disk Interface >> {C:/GitHub/BlockyOS/Build/Build-nodate/disk.img}
[SHELL OUT]:	Writing File Block at 225485, Item: 20.	Root: [4397709807136810278:123480111967653]
[SHELL OUT]:	[Parent:00007ff6fdb11456] >>  C:/GitHub/BlockyOS/Build/Build-nodate/disk.img  Base: 133120    ConfBlockSize: 2048    Starting Disk Env ID: 
[SHELL OUT]:	Writing Bytes
[SHELL OUT]:	[Parent:00007ff6fdb11482] >> Writing [2048 bytes(s)->4 block(s)] to LBA[225485(257320960)-225489(257329152)]
[SHELL OUT]:	Closing Disk Interface >> {C:/GitHub/BlockyOS/Build/Build-nodate/disk.img}
[SHELL OUT]:	Writing File Block at 225486, Item: 21.	Root: [4397709807136810278:123480111967653]
[SHELL OUT]:	[Parent:00007ff6fdb11456] >>  C:/GitHub/BlockyOS/Build/Build-nodate/disk.img  Base: 133120    ConfBlockSize: 2048    Starting Disk Env ID: 
[SHELL OUT]:	Writing Bytes
[SHELL OUT]:	[Parent:00007ff6fdb11482] >> Writing [2048 bytes(s)->4 block(s)] to LBA[225486(257323008)-225490(257331200)]
[SHELL OUT]:	Closing Disk Interface >> {C:/GitHub/BlockyOS/Build/Build-nodate/disk.img}
[SHELL OUT]:	Writing File Block at 225487, Item: 22.	Root: [4397709807136810278:123480111967653]
[SHELL OUT]:	[Parent:00007ff6fdb11456] >>  C:/GitHub/BlockyOS/Build/Build-nodate/disk.img  Base: 133120    ConfBlockSize: 2048    Starting Disk Env ID: 
[SHELL OUT]:	Writing Bytes
[SHELL OUT]:	[Parent:00007ff6fdb11482] >> Writing [2048 bytes(s)->4 block(s)] to LBA[225487(257325056)-225491(257333248)]
[SHELL OUT]:	Closing Disk Interface >> {C:/GitHub/BlockyOS/Build/Build-nodate/disk.img}
[SHELL OUT]:	Writing File Block at 225500, Item: 23.	Root: [4397709807136810278:123480111967653]
[SHELL OUT]:	[Parent:00007ff6fdb11456] >>  C:/GitHub/BlockyOS/Build/Build-nodate/disk.img  Base: 133120    ConfBlockSize: 2048    Starting Disk Env ID: 
[SHELL OUT]:	Writing Bytes
[SHELL OUT]:	[Parent:00007ff6fdb11482] >> Writing [2048 bytes(s)->4 block(s)] to LBA[225500(257351680)-225504(257359872)]
[SHELL OUT]:	Closing Disk Interface >> {C:/GitHub/BlockyOS/Build/Build-nodate/disk.img}
[SHELL OUT]:	Writing File Block at 225501, Item: 24.	Root: [4397709807136810278:123480111967653]
[SHELL OUT]:	[Parent:00007ff6fdb11456] >>  C:/GitHub/BlockyOS/Build/Build-nodate/disk.img  Base: 133120    ConfBlockSize: 2048    Starting Disk Env ID: 
[SHELL OUT]:	Writing Bytes
[SHELL OUT]:	[Parent:00007ff6fdb11482] >> Writing [2048 bytes(s)->4 block(s)] to LBA[225501(257353728)-225505(257361920)]
[SHELL OUT]:	Closing Disk Interface >> {C:/GitHub/BlockyOS/Build/Build-nodate/disk.img}
[SHELL OUT]:	Writing File Block at 225502, Item: 25.	Root: [4397709807136810278:123480111967653]
[SHELL OUT]:	[Parent:00007ff6fdb11456] >>  C:/GitHub/BlockyOS/Build/Build-nodate/disk.img  Base: 133120    ConfBlockSize: 2048    Starting Disk Env ID: 
[SHELL OUT]:	Writing Bytes
[SHELL OUT]:	[Parent:00007ff6fdb11482] >> Writing [2048 bytes(s)->4 block(s)] to LBA[225502(257355776)-225506(257363968)]
[SHELL OUT]:	Closing Disk Interface >> {C:/GitHub/BlockyOS/Build/Build-nodate/disk.img}
[SHELL OUT]:	Reading File Block at 225503, Item: 26.    Root: [4397709807136810278:123480111967653]
[SHELL OUT]:	[Parent:00007ff6fdb10fb9] >>  C:/GitHub/BlockyOS/Build/Build-nodate/disk.img  Base: 133120    ConfBlockSize: 2048    Starting Disk Env ID: 
[SHELL OUT]:	Reading Bytes
[SHELL OUT]:	[Parent:00007ff6fdb10fdd] >> Reading [2048 bytes(s)->4 block(s)] from LBA[225503(257357824)-225507(257366016)]
[SHELL OUT]:	Closing Disk Interface >> {C:/GitHub/BlockyOS/Build/Build-nodate/disk.img}
[SHELL OUT]:	Writing File Block at 225503, Item: 26.	Root: [4397709807136810278:123480111967653]
[SHELL OUT]:	[Parent:00007ff6fdb11456] >>  C:/GitHub/BlockyOS/Build/Build-nodate/disk.img  Base: 133120    ConfBlockSize: 2048    Starting Disk Env ID: 
[SHELL OUT]:	Writing Bytes
[SHELL OUT]:	[Parent:00007ff6fdb11482] >> Writing [2048 bytes(s)->4 block(s)] to LBA[225503(257357824)-225507(257366016)]
[SHELL OUT]:	Closing Disk Interface >> {C:/GitHub/BlockyOS/Build/Build-nodate/disk.img}
[SHELL OUT]:	[0]: ""
