
There are no discarded input sections

Memory Configuration

Name             Origin             Length             Attributes
*default*        0x0000000000000000 0xffffffffffffffff

Linker script and memory map

LOAD C:\GitHub\BlockyOS\Build\Build-nodate\objs\UEFI.c.frat.o
LOAD C:\GitHub\BlockyOS\Build\Build-nodate\objs\UEFI.c.raw.o
LOAD C:\GitHub\BlockyOS\Build\Build-nodate\objs\UEFI.c.blake2b-ref.o
LOAD C:\GitHub\BlockyOS\Build\Build-nodate\objs\UEFI.c.blake2bp-ref.o
LOAD C:\GitHub\BlockyOS\Build\Build-nodate\objs\UEFI.c.blake2s-ref.o
LOAD C:\GitHub\BlockyOS\Build\Build-nodate\objs\UEFI.c.blake2sp-ref.o
LOAD C:\GitHub\BlockyOS\Build\Build-nodate\objs\UEFI.c.blake2xb-ref.o
LOAD C:\GitHub\BlockyOS\Build\Build-nodate\objs\UEFI.c.blake2xs-ref.o
LOAD C:\GitHub\BlockyOS\Build\Build-nodate\objs\UEFI.c.eload.o
LOAD C:\GitHub\BlockyOS\Build\Build-nodate\objs\UEFI.c.exec.o
LOAD C:\GitHub\BlockyOS\Build\Build-nodate\objs\UEFI.c.legacy.minijson.o
LOAD C:\GitHub\BlockyOS\Build\Build-nodate\objs\UEFI.c.minijson.o
LOAD C:\GitHub\BlockyOS\Build\Build-nodate\objs\UEFI.c.socket.o
LOAD C:\GitHub\BlockyOS\Build\Build-nodate\objs\UEFI.c.sockets.o
LOAD C:\GitHub\BlockyOS\Build\Build-nodate\objs\UEFI.c.tools.o
LOAD C:\GitHub\BlockyOS\Build\Build-nodate\objs\UEFI.c.boot.o
LOAD C:\GitHub\BlockyOS\Build\Build-nodate\objs\UEFI.c.bthelper.o

.note.gnu.build-id
 *(.note.gnu.build-id)

.interp
 *(.interp)

.hash
 *(.hash)

.gnu.hash
 *(.gnu.hash)

.dynsym
 *(.dynsym)

.dynstr
 *(.dynstr)

.gnu.version
 *(.gnu.version)

.gnu.version_d
 *(.gnu.version_d)

.gnu.version_r
 *(.gnu.version_r)

.rela.init
 *(.rela.init)

.rela.text
 *(.rela.text)

.rela.fini
 *(.rela.fini)

.rela.rodata
 *(.rela.rodata)

.rela.data.rel.ro
 *(.rela.data.rel.ro)

.rela.data
 *(.rela.data)

.rela.tdata
 *(.rela.tdata)

.rela.tbss
 *(.rela.tbss)

.rela.ctors
 *(.rela.ctors)

.rela.dtors
 *(.rela.dtors)

.rela.got
 *(.rela.got)

.rela.bss
 *(.rela.bss)

.rela.ldata
 *(.rela.ldata)

.rela.lbss
 *(.rela.lbss)

.rela.lrodata
 *(.rela.lrodata)

.rela.ifunc
 *(.rela.ifunc)

.rela.plt
 *(.rela.plt)

.relr.dyn
 *(.relr.dyn)

.init
 *(SORT_NONE(.init))

.plt
 *(.plt)

.plt.got
 *(.plt.got)

.plt.sec
 *(.plt.sec)

.text           0x0000000000000000    0x1c5a3
 *(.text .stub)
 .text          0x0000000000000000     0x5546 C:\GitHub\BlockyOS\Build\Build-nodate\objs\UEFI.c.frat.o
                0x000000000000001f                checkdisk
                0x00000000000001ed                loadpart
                0x00000000000004f5                formatpart
                0x00000000000009c2                queryparttablefs
                0x0000000000000bf5                queryfs
                0x0000000000000d56                fmount
                0x00000000000015a0                allocatecluster
                0x0000000000001699                __ffremove
                0x000000000000170e                __ffremoveh
                0x000000000000179b                __ffremovel
                0x00000000000017cb                __ffremovelh
                0x0000000000001933                __fcreate
                0x0000000000001dca                __faddr
                0x00000000000021e4                __finit
                0x0000000000002590                __ffindh
                0x00000000000026dc                __ffindhi
                0x0000000000002815                __ffindi
                0x000000000000284d                __ffind
                0x0000000000002882                __fread1
                0x0000000000002a2b                __fpush1
                0x0000000000002c96                floadhdir
                0x0000000000002e5a                fuloaddir
                0x00000000000030d9                __fdirrefresh
                0x0000000000003351                floadh
                0x0000000000003456                fuloadh
                0x00000000000035b1                __freadinfo
                0x000000000000364c                __fupdatetstamp
                0x00000000000037a6                __fsize
                0x0000000000003911                __dsize
                0x00000000000039aa                _dreadinfo
                0x00000000000039d2                _freadinfo
                0x00000000000039fa                _fseek
                0x0000000000003a19                _fseeko
                0x0000000000003a43                _fwrite
                0x0000000000003cbd                _fread
                0x0000000000003eb8                __fgetparent
                0x0000000000003fad                __fdiradd
                0x00000000000043c2                __ftest
                0x0000000000004658                __fdirlist
                0x0000000000004ada                __dirr_init
                0x0000000000004f7e                __dirr_free
                0x0000000000005097                __dirr
                0x0000000000005295                __fprint_info
                0x00000000000054e1                getloc
 .text          0x0000000000005546     0x14d7 C:\GitHub\BlockyOS\Build\Build-nodate\objs\UEFI.c.raw.o
                0x0000000000005546                FindDiskHandleByGUID
                0x0000000000005dd5                DisableVerbose
                0x0000000000005dec                EnableVerbose
                0x0000000000005e03                getblocksize
                0x0000000000005e18                setblocksize
                0x0000000000005e6e                startup
                0x000000000000616c                readblocks
                0x00000000000063c2                writeblocks
                0x00000000000065ed                writebytes
                0x000000000000677a                readbytes
                0x000000000000699f                dispose
 .text          0x0000000000006a1d     0x7632 C:\GitHub\BlockyOS\Build\Build-nodate\objs\UEFI.c.blake2b-ref.o
                0x0000000000006bda                blake2b_init_param
                0x0000000000006c69                blake2b_init
                0x0000000000006d4e                blake2b_init_key
                0x000000000000dbeb                blake2b_update
                0x000000000000dd2e                blake2b_final
                0x000000000000deac                blake2b
                0x000000000000e007                blake2
 .text          0x000000000000e04f      0xbde C:\GitHub\BlockyOS\Build\Build-nodate\objs\UEFI.c.blake2bp-ref.o
                0x000000000000e295                blake2bp_init
                0x000000000000e38a                blake2bp_init_key
                0x000000000000e579                blake2bp_update
                0x000000000000e72c                blake2bp_final
                0x000000000000e8cb                blake2bp
 .text          0x000000000000ec2d     0x43bf C:\GitHub\BlockyOS\Build\Build-nodate\objs\UEFI.c.blake2s-ref.o
                0x000000000000ee03                blake2s_init_param
                0x000000000000ee8b                blake2s_init
                0x000000000000ef56                blake2s_init_key
                0x0000000000012c1b                blake2s_update
                0x0000000000012d4c                blake2s_final
                0x0000000000012e91                blake2s
 .text          0x0000000000012fec      0xb7a C:\GitHub\BlockyOS\Build\Build-nodate\objs\UEFI.c.blake2sp-ref.o
                0x0000000000013228                blake2sp_init
                0x000000000001331d                blake2sp_init_key
                0x00000000000134b5                blake2sp_update
                0x0000000000013668                blake2sp_final
                0x0000000000013804                blake2sp
 .text          0x0000000000013b66      0x640 C:\GitHub\BlockyOS\Build\Build-nodate\objs\UEFI.c.blake2xb-ref.o
                0x0000000000013be5                blake2xb_init
                0x0000000000013c11                blake2xb_init_key
                0x0000000000013e3e                blake2xb_update
                0x0000000000013e6b                blake2xb_final
                0x000000000001408b                blake2xb
 .text          0x00000000000141a6      0x5f9 C:\GitHub\BlockyOS\Build\Build-nodate\objs\UEFI.c.blake2xs-ref.o
                0x0000000000014253                blake2xs_init
                0x000000000001427f                blake2xs_init_key
                0x0000000000014434                blake2xs_update
                0x0000000000014461                blake2xs_final
                0x0000000000014684                blake2xs
 .text          0x000000000001479f      0xf9e C:\GitHub\BlockyOS\Build\Build-nodate\objs\UEFI.c.eload.o
                0x000000000001479f                LoadExecutable
                0x0000000000014c63                LoadService
                0x00000000000150f4                ResolveRelS
 .text          0x000000000001573d      0xd6d C:\GitHub\BlockyOS\Build\Build-nodate\objs\UEFI.c.exec.o
                0x000000000001573d                ReadBeHeader
                0x00000000000159bb                RvoToFileOffsetBe
                0x0000000000015a54                FileOffsetToRvoBe
                0x0000000000015aa8                FindSectionBe
                0x0000000000015b9a                GetAtRVOFromSectionDataBe
                0x0000000000015c05                ReadAtRVOFromSectionBe
                0x0000000000015ca8                ReadSectionBe
                0x0000000000015d13                FindRelocationBe
                0x0000000000015ee5                MatchResourceName
                0x0000000000015f5c                ReadResourceBe
 .text          0x00000000000164aa        0x0 C:\GitHub\BlockyOS\Build\Build-nodate\objs\UEFI.c.legacy.minijson.o
 .text          0x00000000000164aa      0xd64 C:\GitHub\BlockyOS\Build\Build-nodate\objs\UEFI.c.minijson.o
                0x00000000000166e6                JsonCreateValue
                0x00000000000169e0                JsonreadValue
                0x0000000000016b63                JsonParse
                0x0000000000016e23                JsonFree
                0x00000000000170fb                JsongetValue
 .text          0x000000000001720e      0x214 C:\GitHub\BlockyOS\Build\Build-nodate\objs\UEFI.c.socket.o
                0x000000000001720e                socketopen
 .text          0x0000000000017422     0x1ffb C:\GitHub\BlockyOS\Build\Build-nodate\objs\UEFI.c.sockets.o
                0x0000000000017422                __fhandle_sckinfo
                0x0000000000017c97                __fhandle_sckwrite
                0x0000000000017e30                __fhandle_sckread
                0x0000000000018002                __fhandle_sckclose
                0x000000000001812b                __fhandle_sckOPENchild
                0x0000000000018596                __froot_sckread
                0x0000000000018622                __froot_sckwrite
                0x00000000000186ae                __froot_sckclose
                0x0000000000018847                __froot_sckOPENchild
                0x0000000000018c45                __froot_sckinfo
                0x00000000000190f9                __froot_sckopen
 .text          0x000000000001941d     0x152c C:\GitHub\BlockyOS\Build\Build-nodate\objs\UEFI.c.tools.o
                0x000000000001941d                _GUIDtoSTR
                0x000000000001948d                prGUID
                0x00000000000194ff                strcheck
                0x0000000000019552                strchecki
                0x00000000000195a6                __memdup
                0x0000000000019612                isascii
                0x0000000000019626                __getfcode
                0x0000000000019732                readbuf
                0x000000000001984e                strtok_i
                0x000000000001991a                strtok_k
                0x0000000000019b0e                strtok_d
                0x0000000000019bbb                trng__
                0x0000000000019c53                tolower
                0x0000000000019c69                isdigit
                0x0000000000019c93                str_tolower
                0x0000000000019d0d                match_rec
                0x0000000000019e41                makeGPTeNSTR
                0x0000000000019ee1                __pattmatch
                0x000000000001a045                __realloc_
                0x000000000001a12c                __calloc_
                0x000000000001a1b5                __memset
                0x000000000001a210                __safecopy
                0x000000000001a299                __memcpy
                0x000000000001a2fd                __strlen
                0x000000000001a330                __strdup
                0x000000000001a35d                __strspn
                0x000000000001a3c7                __memcmp
                0x000000000001a473                getDriveMediaID
                0x000000000001a5e9                ValidateImageHandle
                0x000000000001a645                IsPartition
                0x000000000001a6b7                GetDevicePath
                0x000000000001a716                RestartSystem
                0x000000000001a747                sysbase
                0x000000000001a7e8                getptr
                0x000000000001a80a                __strtod
 .text          0x000000000001a949      0x4e8 C:\GitHub\BlockyOS\Build\Build-nodate\objs\UEFI.c.boot.o
                0x000000000001a949                libinit
                0x000000000001aa02                efi_main
 .text          0x000000000001ae31     0x1772 C:\GitHub\BlockyOS\Build\Build-nodate\objs\UEFI.c.bthelper.o
                0x000000000001ae31                ProcessNode
                0x000000000001af90                BuildDeviceTree
                0x000000000001b069                DebugDevicePath
                0x000000000001b144                DescribeDeviceNode
                0x000000000001b4db                getDevPath
                0x000000000001b583                loadDNodes
                0x000000000001b828                GetMemoryMap
                0x000000000001bcbf                InitialiseVideoMemory
                0x000000000001bf97                gatherbootinfo
                0x000000000001c238                CreateBootEntry
 *(.gnu.warning)

.fini
 *(SORT_NONE(.fini))

.rodata         0x0000000000000000     0x34ae
 *(.rodata)
 .rodata        0x0000000000000000     0x14a2 C:\GitHub\BlockyOS\Build\Build-nodate\objs\UEFI.c.frat.o
 *fill*         0x00000000000014a2        0x6 
 .rodata        0x00000000000014a8      0x7e2 C:\GitHub\BlockyOS\Build\Build-nodate\objs\UEFI.c.raw.o
 *fill*         0x0000000000001c8a       0x16 
 .rodata        0x0000000000001ca0      0x100 C:\GitHub\BlockyOS\Build\Build-nodate\objs\UEFI.c.blake2b-ref.o
 .rodata        0x0000000000001da0       0xc0 C:\GitHub\BlockyOS\Build\Build-nodate\objs\UEFI.c.blake2s-ref.o
 .rodata        0x0000000000001e60       0xd5 C:\GitHub\BlockyOS\Build\Build-nodate\objs\UEFI.c.eload.o
 *fill*         0x0000000000001f35        0x3 
 .rodata        0x0000000000001f38       0xe3 C:\GitHub\BlockyOS\Build\Build-nodate\objs\UEFI.c.exec.o
 *fill*         0x000000000000201b        0x5 
 .rodata        0x0000000000002020       0xf2 C:\GitHub\BlockyOS\Build\Build-nodate\objs\UEFI.c.minijson.o
 *fill*         0x0000000000002112        0x6 
 .rodata        0x0000000000002118       0x5a C:\GitHub\BlockyOS\Build\Build-nodate\objs\UEFI.c.socket.o
 *fill*         0x0000000000002172        0x6 
 .rodata        0x0000000000002178      0x30c C:\GitHub\BlockyOS\Build\Build-nodate\objs\UEFI.c.sockets.o
 *fill*         0x0000000000002484        0x4 
 .rodata        0x0000000000002488      0x370 C:\GitHub\BlockyOS\Build\Build-nodate\objs\UEFI.c.tools.o
 .rodata        0x00000000000027f8      0x326 C:\GitHub\BlockyOS\Build\Build-nodate\objs\UEFI.c.boot.o
                0x0000000000002808                DebugPort
 *fill*         0x0000000000002b1e        0x2 
 .rodata        0x0000000000002b20      0x98e C:\GitHub\BlockyOS\Build\Build-nodate\objs\UEFI.c.bthelper.o

.rodata1
 *(.rodata1)

.eh_frame_hdr
 *(.eh_frame_hdr)

.eh_frame       0x0000000000000000     0x1db0
 *(.eh_frame)
 .eh_frame      0x0000000000000000      0x688 C:\GitHub\BlockyOS\Build\Build-nodate\objs\UEFI.c.frat.o
 .eh_frame      0x0000000000000688      0x178 C:\GitHub\BlockyOS\Build\Build-nodate\objs\UEFI.c.raw.o
 .eh_frame      0x0000000000000800      0x238 C:\GitHub\BlockyOS\Build\Build-nodate\objs\UEFI.c.blake2b-ref.o
 .eh_frame      0x0000000000000a38      0x158 C:\GitHub\BlockyOS\Build\Build-nodate\objs\UEFI.c.blake2bp-ref.o
 .eh_frame      0x0000000000000b90      0x238 C:\GitHub\BlockyOS\Build\Build-nodate\objs\UEFI.c.blake2s-ref.o
 .eh_frame      0x0000000000000dc8      0x178 C:\GitHub\BlockyOS\Build\Build-nodate\objs\UEFI.c.blake2sp-ref.o
 .eh_frame      0x0000000000000f40      0x118 C:\GitHub\BlockyOS\Build\Build-nodate\objs\UEFI.c.blake2xb-ref.o
 .eh_frame      0x0000000000001058      0x138 C:\GitHub\BlockyOS\Build\Build-nodate\objs\UEFI.c.blake2xs-ref.o
 .eh_frame      0x0000000000001190       0x98 C:\GitHub\BlockyOS\Build\Build-nodate\objs\UEFI.c.eload.o
 .eh_frame      0x0000000000001228      0x168 C:\GitHub\BlockyOS\Build\Build-nodate\objs\UEFI.c.exec.o
 .eh_frame      0x0000000000001390      0x198 C:\GitHub\BlockyOS\Build\Build-nodate\objs\UEFI.c.minijson.o
 .eh_frame      0x0000000000001528       0x38 C:\GitHub\BlockyOS\Build\Build-nodate\objs\UEFI.c.socket.o
 .eh_frame      0x0000000000001560      0x1c8 C:\GitHub\BlockyOS\Build\Build-nodate\objs\UEFI.c.sockets.o
 .eh_frame      0x0000000000001728      0x480 C:\GitHub\BlockyOS\Build\Build-nodate\objs\UEFI.c.tools.o
 .eh_frame      0x0000000000001ba8       0x60 C:\GitHub\BlockyOS\Build\Build-nodate\objs\UEFI.c.boot.o
 .eh_frame      0x0000000000001c08      0x1a8 C:\GitHub\BlockyOS\Build\Build-nodate\objs\UEFI.c.bthelper.o

.sframe
 *(.sframe)

.gcc_except_table
 *(.gcc_except_table)

.gnu_extab
 *(.gnu_extab*)

.exception_ranges
 *(.exception_ranges)

.note.build-id
 *(.note.build-id)

.note.GNU-stack
 *(.note.GNU-stack)

.note.gnu-property
 *(.note.gnu-property)

.note.ABI-tag
 *(.note.ABI-tag)

.note.package
 *(.note.package)

.note.dlopen
 *(.note.dlopen)

.note.netbsd.ident
 *(.note.netbsd.ident)

.note.openbsd.ident
 *(.note.openbsd.ident)

.eh_frame
 *(.eh_frame)

.sframe
 *(.sframe)

.gnu_extab
 *(.gnu_extab)

.gcc_except_table
 *(.gcc_except_table)

.exception_ranges
 *(.exception_ranges)

.tdata
 *(.tdata)

.tbss
 *(.tbss)

.jcr
 *(.jcr)

.dynamic
 *(.dynamic)

.got
 *(.got)

.got.plt
 *(.got.plt)

.data           0x0000000000000000        0x1
 *(.data)
 .data          0x0000000000000000        0x0 C:\GitHub\BlockyOS\Build\Build-nodate\objs\UEFI.c.frat.o
 .data          0x0000000000000000        0x0 C:\GitHub\BlockyOS\Build\Build-nodate\objs\UEFI.c.raw.o
 .data          0x0000000000000000        0x0 C:\GitHub\BlockyOS\Build\Build-nodate\objs\UEFI.c.blake2b-ref.o
 .data          0x0000000000000000        0x0 C:\GitHub\BlockyOS\Build\Build-nodate\objs\UEFI.c.blake2bp-ref.o
 .data          0x0000000000000000        0x0 C:\GitHub\BlockyOS\Build\Build-nodate\objs\UEFI.c.blake2s-ref.o
 .data          0x0000000000000000        0x0 C:\GitHub\BlockyOS\Build\Build-nodate\objs\UEFI.c.blake2sp-ref.o
 .data          0x0000000000000000        0x0 C:\GitHub\BlockyOS\Build\Build-nodate\objs\UEFI.c.blake2xb-ref.o
 .data          0x0000000000000000        0x0 C:\GitHub\BlockyOS\Build\Build-nodate\objs\UEFI.c.blake2xs-ref.o
 .data          0x0000000000000000        0x0 C:\GitHub\BlockyOS\Build\Build-nodate\objs\UEFI.c.eload.o
 .data          0x0000000000000000        0x0 C:\GitHub\BlockyOS\Build\Build-nodate\objs\UEFI.c.exec.o
 .data          0x0000000000000000        0x0 C:\GitHub\BlockyOS\Build\Build-nodate\objs\UEFI.c.legacy.minijson.o
 .data          0x0000000000000000        0x0 C:\GitHub\BlockyOS\Build\Build-nodate\objs\UEFI.c.minijson.o
 .data          0x0000000000000000        0x0 C:\GitHub\BlockyOS\Build\Build-nodate\objs\UEFI.c.socket.o
 .data          0x0000000000000000        0x0 C:\GitHub\BlockyOS\Build\Build-nodate\objs\UEFI.c.sockets.o
 .data          0x0000000000000000        0x0 C:\GitHub\BlockyOS\Build\Build-nodate\objs\UEFI.c.tools.o
 .data          0x0000000000000000        0x0 C:\GitHub\BlockyOS\Build\Build-nodate\objs\UEFI.c.boot.o
 .data          0x0000000000000000        0x1 C:\GitHub\BlockyOS\Build\Build-nodate\objs\UEFI.c.bthelper.o

.data.rel.ro    0x0000000000000000       0x28
 .data.rel.ro   0x0000000000000000        0x8 C:\GitHub\BlockyOS\Build\Build-nodate\objs\UEFI.c.blake2bp-ref.o
 .data.rel.ro   0x0000000000000008        0x8 C:\GitHub\BlockyOS\Build\Build-nodate\objs\UEFI.c.blake2s-ref.o
 .data.rel.ro   0x0000000000000010        0x8 C:\GitHub\BlockyOS\Build\Build-nodate\objs\UEFI.c.blake2sp-ref.o
 .data.rel.ro   0x0000000000000018        0x8 C:\GitHub\BlockyOS\Build\Build-nodate\objs\UEFI.c.blake2xb-ref.o
 .data.rel.ro   0x0000000000000020        0x8 C:\GitHub\BlockyOS\Build\Build-nodate\objs\UEFI.c.blake2xs-ref.o

.data.rel.ro.local
                0x0000000000000000      0x130
 .data.rel.ro.local
                0x0000000000000000       0x90 C:\GitHub\BlockyOS\Build\Build-nodate\objs\UEFI.c.boot.o
 *fill*         0x0000000000000090       0x10 
 .data.rel.ro.local
                0x00000000000000a0       0x90 C:\GitHub\BlockyOS\Build\Build-nodate\objs\UEFI.c.bthelper.o

.data1
 *(.data1)

.bss            0x0000000000000000       0x18
 *(.bss)
 .bss           0x0000000000000000        0x0 C:\GitHub\BlockyOS\Build\Build-nodate\objs\UEFI.c.frat.o
 .bss           0x0000000000000000        0x0 C:\GitHub\BlockyOS\Build\Build-nodate\objs\UEFI.c.raw.o
 .bss           0x0000000000000000        0x0 C:\GitHub\BlockyOS\Build\Build-nodate\objs\UEFI.c.blake2b-ref.o
 .bss           0x0000000000000000        0x0 C:\GitHub\BlockyOS\Build\Build-nodate\objs\UEFI.c.blake2bp-ref.o
 .bss           0x0000000000000000        0x0 C:\GitHub\BlockyOS\Build\Build-nodate\objs\UEFI.c.blake2s-ref.o
 .bss           0x0000000000000000        0x0 C:\GitHub\BlockyOS\Build\Build-nodate\objs\UEFI.c.blake2sp-ref.o
 .bss           0x0000000000000000        0x0 C:\GitHub\BlockyOS\Build\Build-nodate\objs\UEFI.c.blake2xb-ref.o
 .bss           0x0000000000000000        0x0 C:\GitHub\BlockyOS\Build\Build-nodate\objs\UEFI.c.blake2xs-ref.o
 .bss           0x0000000000000000        0x0 C:\GitHub\BlockyOS\Build\Build-nodate\objs\UEFI.c.eload.o
 .bss           0x0000000000000000        0x0 C:\GitHub\BlockyOS\Build\Build-nodate\objs\UEFI.c.exec.o
 .bss           0x0000000000000000        0x0 C:\GitHub\BlockyOS\Build\Build-nodate\objs\UEFI.c.legacy.minijson.o
 .bss           0x0000000000000000        0x0 C:\GitHub\BlockyOS\Build\Build-nodate\objs\UEFI.c.minijson.o
 .bss           0x0000000000000000        0x0 C:\GitHub\BlockyOS\Build\Build-nodate\objs\UEFI.c.socket.o
 .bss           0x0000000000000000        0x0 C:\GitHub\BlockyOS\Build\Build-nodate\objs\UEFI.c.sockets.o
 .bss           0x0000000000000000       0x18 C:\GitHub\BlockyOS\Build\Build-nodate\objs\UEFI.c.tools.o
 .bss           0x0000000000000018        0x0 C:\GitHub\BlockyOS\Build\Build-nodate\objs\UEFI.c.boot.o
 .bss           0x0000000000000018        0x0 C:\GitHub\BlockyOS\Build\Build-nodate\objs\UEFI.c.bthelper.o

.lbss
 *(.lbss)

.lrodata
 *(.lrodata)

.ldata
 *(.ldata)

.stab
 *(.stab)

.stabstr
 *(.stabstr)

.stab.excl
 *(.stab.excl)

.stab.exclstr
 *(.stab.exclstr)

.stab.index
 *(.stab.index)

.stab.indexstr
 *(.stab.indexstr)

.comment        0x0000000000000000      0x143
 *(.comment)
 .comment       0x0000000000000000       0x13 C:\GitHub\BlockyOS\Build\Build-nodate\objs\UEFI.c.frat.o
 .comment       0x0000000000000013       0x13 C:\GitHub\BlockyOS\Build\Build-nodate\objs\UEFI.c.raw.o
 .comment       0x0000000000000026       0x13 C:\GitHub\BlockyOS\Build\Build-nodate\objs\UEFI.c.blake2b-ref.o
 .comment       0x0000000000000039       0x13 C:\GitHub\BlockyOS\Build\Build-nodate\objs\UEFI.c.blake2bp-ref.o
 .comment       0x000000000000004c       0x13 C:\GitHub\BlockyOS\Build\Build-nodate\objs\UEFI.c.blake2s-ref.o
 .comment       0x000000000000005f       0x13 C:\GitHub\BlockyOS\Build\Build-nodate\objs\UEFI.c.blake2sp-ref.o
 .comment       0x0000000000000072       0x13 C:\GitHub\BlockyOS\Build\Build-nodate\objs\UEFI.c.blake2xb-ref.o
 .comment       0x0000000000000085       0x13 C:\GitHub\BlockyOS\Build\Build-nodate\objs\UEFI.c.blake2xs-ref.o
 .comment       0x0000000000000098       0x13 C:\GitHub\BlockyOS\Build\Build-nodate\objs\UEFI.c.eload.o
 .comment       0x00000000000000ab       0x13 C:\GitHub\BlockyOS\Build\Build-nodate\objs\UEFI.c.exec.o
 .comment       0x00000000000000be       0x13 C:\GitHub\BlockyOS\Build\Build-nodate\objs\UEFI.c.legacy.minijson.o
 .comment       0x00000000000000d1       0x13 C:\GitHub\BlockyOS\Build\Build-nodate\objs\UEFI.c.minijson.o
 .comment       0x00000000000000e4       0x13 C:\GitHub\BlockyOS\Build\Build-nodate\objs\UEFI.c.socket.o
 .comment       0x00000000000000f7       0x13 C:\GitHub\BlockyOS\Build\Build-nodate\objs\UEFI.c.sockets.o
 .comment       0x000000000000010a       0x13 C:\GitHub\BlockyOS\Build\Build-nodate\objs\UEFI.c.tools.o
 .comment       0x000000000000011d       0x13 C:\GitHub\BlockyOS\Build\Build-nodate\objs\UEFI.c.boot.o
 .comment       0x0000000000000130       0x13 C:\GitHub\BlockyOS\Build\Build-nodate\objs\UEFI.c.bthelper.o

.gnu.build.attributes
 *(.gnu.build.attributes)

.debug
 *(.debug)

.line
 *(.line)

.debug_srcinfo
 *(.debug_srcinfo)

.debug_sfnames
 *(.debug_sfnames)

.debug_aranges
 *(.debug_aranges)

.debug_pubnames
 *(.debug_pubnames)

.debug_info
 *(.debug_info)

.debug_abbrev
 *(.debug_abbrev)

.debug_line
 *(.debug_line)

.debug_frame
 *(.debug_frame)

.debug_str
 *(.debug_str)

.debug_loc
 *(.debug_loc)

.debug_macinfo
 *(.debug_macinfo)

.debug_weaknames
 *(.debug_weaknames)

.debug_funcnames
 *(.debug_funcnames)

.debug_typenames
 *(.debug_typenames)

.debug_varnames
 *(.debug_varnames)

.debug_pubtypes
 *(.debug_pubtypes)

.debug_ranges
 *(.debug_ranges)

.debug_addr
 *(.debug_addr)

.debug_line_str
 *(.debug_line_str)

.debug_loclists
 *(.debug_loclists)

.debug_macro
 *(.debug_macro)

.debug_names
 *(.debug_names)

.debug_rnglists
 *(.debug_rnglists)

.debug_str_offsets
 *(.debug_str_offsets)

.debug_sup
 *(.debug_sup)

.gnu.attributes
 *(.gnu.attributes)
OUTPUT(C:\GitHub\BlockyOS\Build\Build-nodate\objs\blob_1.so elf64-x86-64)
