Initializing CGCC.MAKE build process...
Skipping C:\GitHub\BlockyOS\src\Boot\UEFI\drivers\.disk\fs\frat.c - up to date; source=2026-10-06T22:32:31.5020039Z, stored=10/06/2026 22:32:31
Skipping C:\GitHub\BlockyOS\src\Boot\UEFI\drivers\.disk\raw\raw.c - up to date; source=2026-10-06T18:48:33.4504962Z, stored=10/06/2026 18:48:33
Skipping C:\GitHub\BlockyOS\src\Boot\UEFI\drivers\crypto\blake2\ref\blake2b-ref.c - up to date; source=2026-08-09T22:40:41.3627225Z, stored=08/09/2026 22:40:41
Skipping C:\GitHub\BlockyOS\src\Boot\UEFI\drivers\crypto\blake2\ref\blake2bp-ref.c - up to date; source=2026-08-09T22:40:41.3627225Z, stored=08/09/2026 22:40:41
Skipping C:\GitHub\BlockyOS\src\Boot\UEFI\drivers\crypto\blake2\ref\blake2s-ref.c - up to date; source=2026-08-09T22:40:41.3627225Z, stored=08/09/2026 22:40:41
Skipping C:\GitHub\BlockyOS\src\Boot\UEFI\drivers\crypto\blake2\ref\blake2sp-ref.c - up to date; source=2026-08-09T22:40:41.3617241Z, stored=08/09/2026 22:40:41
Skipping C:\GitHub\BlockyOS\src\Boot\UEFI\drivers\crypto\blake2\ref\blake2xb-ref.c - up to date; source=2026-08-09T22:40:41.3617241Z, stored=08/09/2026 22:40:41
Skipping C:\GitHub\BlockyOS\src\Boot\UEFI\drivers\crypto\blake2\ref\blake2xs-ref.c - up to date; source=2026-08-09T22:40:41.3617241Z, stored=08/09/2026 22:40:41
Skipping C:\GitHub\BlockyOS\src\Boot\UEFI\drivers\executable\eload.c - up to date; source=2026-10-07T22:26:15.7611175Z, stored=10/07/2026 22:26:15
Skipping C:\GitHub\BlockyOS\src\Boot\UEFI\drivers\executable\pe.c - up to date; source=2026-10-07T21:08:57.2019512Z, stored=10/07/2026 21:08:57
Skipping C:\GitHub\BlockyOS\src\Boot\UEFI\drivers\gif\gif.c - up to date; source=2026-10-05T16:49:43.6192230Z, stored=10/05/2026 16:49:43
Skipping C:\GitHub\BlockyOS\src\Boot\UEFI\drivers\json\legacy.minijson.c - up to date; source=2026-07-06T20:48:01.5491363Z, stored=07/06/2026 20:48:01
Skipping C:\GitHub\BlockyOS\src\Boot\UEFI\drivers\json\minijson.c - up to date; source=2026-08-30T18:21:21.7088154Z, stored=08/30/2026 18:21:21
Skipping C:\GitHub\BlockyOS\src\Boot\UEFI\drivers\socket\socket.c - up to date; source=2026-10-06T22:05:21.0139023Z, stored=10/06/2026 22:05:21
Skipping C:\GitHub\BlockyOS\src\Boot\UEFI\drivers\socket\sockets.c - up to date; source=2026-10-06T22:30:09.6626227Z, stored=10/06/2026 22:30:09
Skipping C:\GitHub\BlockyOS\src\Boot\UEFI\tools\tools.c - up to date; source=2026-10-06T21:09:12.0695484Z, stored=10/06/2026 21:09:12
Skipping C:\GitHub\BlockyOS\src\Boot\UEFI\boot.asm - up to date; source=2026-10-07T16:34:14.6442712Z, stored=10/07/2026 16:34:14
Skipping C:\GitHub\BlockyOS\src\Boot\UEFI\boot.c - up to date; source=2026-10-07T21:41:17.4422444Z, stored=10/07/2026 21:41:17
Skipping C:\GitHub\BlockyOS\src\Boot\UEFI\bthelper.c - up to date; source=2026-10-07T22:29:04.6976056Z, stored=10/07/2026 22:29:04
x86_64-elf-gcc compile/cache/UEFI.c.frat.o compile/cache/UEFI.c.raw.o compile/cache/UEFI.c.blake2b-ref.o compile/cache/UEFI.c.blake2bp-ref.o compile/cache/UEFI.c.blake2s-ref.o compile/cache/UEFI.c.blake2sp-ref.o compile/cache/UEFI.c.blake2xb-ref.o compile/cache/UEFI.c.blake2xs-ref.o compile/cache/UEFI.c.eload.o compile/cache/UEFI.c.pe.o compile/cache/UEFI.c.gif.o compile/cache/UEFI.c.legacy.minijson.o compile/cache/UEFI.c.minijson.o compile/cache/UEFI.c.socket.o compile/cache/UEFI.c.sockets.o compile/cache/UEFI.c.tools.o compile/cache/UEFI.asm.boot.o compile/cache/UEFI.c.boot.o compile/cache/UEFI.c.bthelper.o -Wl,-nostdlib -Wl,-shared -Wl,-Bsymbolic -Wl,-znocombreloc -Wl,-z,noexecstack -Wl,-T,C:\GitHub\BlockyOS\compile\toolchain\gnu-efi-build\x86_64\lib/elf_x86_64_efi.lds,C:\GitHub\BlockyOS\compile\toolchain\gnu-efi-build\x86_64\lib/crt0-efi-x86_64.o -Wl,-L,C:\GitHub\BlockyOS\compile\toolchain\gnu-efi-build\x86_64\/lib/ -Wl,-l,efi -Wl,-l,gnuefi -Wl,-Map,C:\GitHub\BlockyOS\Build\Build-nodate\uefi.map -fdiagnostics-color=always -fno-diagnostics-show-highlight-colors -nostartfiles -nodefaultlibs -fno-asynchronous-unwind-tables -fno-unwind-tables -o C:\GitHub\BlockyOS\Build\Build-nodate\objs\blob_2.so
Build finished successfully -> C:\GitHub\BlockyOS\Build\Build-nodate\objs\blob_2.so
GNU objcopy (GNU Binutils) 2.46 Copyright (C) 2026 Free Software Foundation, Inc. This program is free software; you may redistribute it under the terms of the GNU General Public License version 3 or (at your option) any later version. This program has absolutely no warranty.
objcopy -j .text -j .data -j .bss -j .rdata -j .rodata -j .sbss -j .sdata -j .srdata -j .dynamic -j .dynsym -j .rel -j .rel.* -j .rela -j .rela.* System.Object[] .idata -j .reloc -O efi-app-x86-64 --subsystem=10 C:\GitHub\BlockyOS\Build\Build-nodate\objs\blob_2.so C:\GitHub\BlockyOS\Build\Build-nodate\objs\blob.efi
objcopy --only-keep-debug C:\GitHub\BlockyOS\Build\Build-nodate\objs\blob_2.so C:\GitHub\BlockyOS\Build\Build-nodate\objs\debug.efi




