Archive member included to satisfy reference by file (symbol)

C:\GitHub\BlockyOS\compile\toolchain\gnu-efi-build\x86_64\/lib/\libefi.a(data.o)
                              C:\GitHub\BlockyOS\Build\Build-nodate\objs\blob_1.so (gEfiDevicePathProtocolGuid)
C:\GitHub\BlockyOS\compile\toolchain\gnu-efi-build\x86_64\/lib/\libefi.a(entry.o)
                              C:\GitHub\BlockyOS\compile\toolchain\gnu-efi-build\x86_64\lib/crt0-efi-x86_64.o (_entry)
C:\GitHub\BlockyOS\compile\toolchain\gnu-efi-build\x86_64\/lib/\libefi.a(exit.o)
                              C:\GitHub\BlockyOS\Build\Build-nodate\objs\blob_1.so (Exit)
C:\GitHub\BlockyOS\compile\toolchain\gnu-efi-build\x86_64\/lib/\libefi.a(guid.o)
                              C:\GitHub\BlockyOS\Build\Build-nodate\objs\blob_1.so (GuidToString)
C:\GitHub\BlockyOS\compile\toolchain\gnu-efi-build\x86_64\/lib/\libefi.a(init.o)
                              C:\GitHub\BlockyOS\Build\Build-nodate\objs\blob_1.so (InitializeLib)
C:\GitHub\BlockyOS\compile\toolchain\gnu-efi-build\x86_64\/lib/\libefi.a(misc.o)
                              C:\GitHub\BlockyOS\Build\Build-nodate\objs\blob_1.so (AllocatePool)
C:\GitHub\BlockyOS\compile\toolchain\gnu-efi-build\x86_64\/lib/\libefi.a(str.o)
                              C:\GitHub\BlockyOS\compile\toolchain\gnu-efi-build\x86_64\/lib/\libefi.a(data.o) (LibStubStriCmp)
C:\GitHub\BlockyOS\compile\toolchain\gnu-efi-build\x86_64\/lib/\libefi.a(efirtlib.o)
                              C:\GitHub\BlockyOS\compile\toolchain\gnu-efi-build\x86_64\/lib/\libefi.a(misc.o) (RtZeroMem)
C:\GitHub\BlockyOS\compile\toolchain\gnu-efi-build\x86_64\/lib/\libefi.a(rtstr.o)
                              C:\GitHub\BlockyOS\compile\toolchain\gnu-efi-build\x86_64\/lib/\libefi.a(str.o) (RtStrCmp)
C:\GitHub\BlockyOS\compile\toolchain\gnu-efi-build\x86_64\/lib/\libefi.a(rtdata.o)
                              C:\GitHub\BlockyOS\compile\toolchain\gnu-efi-build\x86_64\/lib/\libefi.a(init.o) (EFIDebug)
C:\GitHub\BlockyOS\compile\toolchain\gnu-efi-build\x86_64\/lib/\libefi.a(initplat.o)
                              C:\GitHub\BlockyOS\compile\toolchain\gnu-efi-build\x86_64\/lib/\libefi.a(init.o) (InitializeLibPlatform)
C:\GitHub\BlockyOS\compile\toolchain\gnu-efi-build\x86_64\/lib/\libefi.a(print.o)
                              C:\GitHub\BlockyOS\Build\Build-nodate\objs\blob_1.so (UnicodeSPrint)
C:\GitHub\BlockyOS\compile\toolchain\gnu-efi-build\x86_64\/lib/\libefi.a(va_print.o)
                              C:\GitHub\BlockyOS\compile\toolchain\gnu-efi-build\x86_64\/lib/\libefi.a(print.o) (_PoolCatPrint)
C:\GitHub\BlockyOS\compile\toolchain\gnu-efi-build\x86_64\/lib/\libefi.a(efi_stub.o)
                              C:\GitHub\BlockyOS\Build\Build-nodate\objs\blob_1.so (efi_call2)
C:\GitHub\BlockyOS\compile\toolchain\gnu-efi-build\x86_64\/lib/\libefi.a(console.o)
                              C:\GitHub\BlockyOS\compile\toolchain\gnu-efi-build\x86_64\/lib/\libefi.a(print.o) (Input)
C:\GitHub\BlockyOS\compile\toolchain\gnu-efi-build\x86_64\/lib/\libefi.a(dpath.o)
                              C:\GitHub\BlockyOS\compile\toolchain\gnu-efi-build\x86_64\/lib/\libefi.a(misc.o) (DevicePathFromHandle)
C:\GitHub\BlockyOS\compile\toolchain\gnu-efi-build\x86_64\/lib/\libefi.a(error.o)
                              C:\GitHub\BlockyOS\compile\toolchain\gnu-efi-build\x86_64\/lib/\libefi.a(print.o) (StatusToString)
C:\GitHub\BlockyOS\compile\toolchain\gnu-efi-build\x86_64\/lib/\libefi.a(event.o)
                              C:\GitHub\BlockyOS\compile\toolchain\gnu-efi-build\x86_64\/lib/\libefi.a(console.o) (WaitForSingleEvent)
C:\GitHub\BlockyOS\compile\toolchain\gnu-efi-build\x86_64\/lib/\libefi.a(hand.o)
                              C:\GitHub\BlockyOS\compile\toolchain\gnu-efi-build\x86_64\/lib/\libefi.a(init.o) (LibLocateHandle)
C:\GitHub\BlockyOS\compile\toolchain\gnu-efi-build\x86_64\/lib/\libefi.a(math.o)
                              C:\GitHub\BlockyOS\compile\toolchain\gnu-efi-build\x86_64\/lib/\libefi.a(print.o) (RShiftU64)
C:\GitHub\BlockyOS\compile\toolchain\gnu-efi-build\x86_64\/lib/\libgnuefi.a(reloc_x86_64.o)
                              C:\GitHub\BlockyOS\compile\toolchain\gnu-efi-build\x86_64\lib/crt0-efi-x86_64.o (_relocate)

Merging program properties

Removed property 0xc0000002 to merge C:\GitHub\BlockyOS\compile\toolchain\gnu-efi-build\x86_64\/lib/\libefi.a(data.o) (0x3) and C:\GitHub\BlockyOS\Build\Build-nodate\objs\blob_1.so (not found)
Removed property 0xc0000002 to merge C:\GitHub\BlockyOS\compile\toolchain\gnu-efi-build\x86_64\/lib/\libefi.a(data.o) (not found) and C:\GitHub\BlockyOS\compile\toolchain\gnu-efi-build\x86_64\/lib/\libefi.a(entry.o) (0x3)
Removed property 0xc0000002 to merge C:\GitHub\BlockyOS\compile\toolchain\gnu-efi-build\x86_64\/lib/\libefi.a(data.o) (not found) and C:\GitHub\BlockyOS\compile\toolchain\gnu-efi-build\x86_64\/lib/\libefi.a(exit.o) (0x3)
Removed property 0xc0000002 to merge C:\GitHub\BlockyOS\compile\toolchain\gnu-efi-build\x86_64\/lib/\libefi.a(data.o) (not found) and C:\GitHub\BlockyOS\compile\toolchain\gnu-efi-build\x86_64\/lib/\libefi.a(guid.o) (0x3)
Removed property 0xc0000002 to merge C:\GitHub\BlockyOS\compile\toolchain\gnu-efi-build\x86_64\/lib/\libefi.a(data.o) (not found) and C:\GitHub\BlockyOS\compile\toolchain\gnu-efi-build\x86_64\/lib/\libefi.a(init.o) (0x3)
Removed property 0xc0000002 to merge C:\GitHub\BlockyOS\compile\toolchain\gnu-efi-build\x86_64\/lib/\libefi.a(data.o) (not found) and C:\GitHub\BlockyOS\compile\toolchain\gnu-efi-build\x86_64\/lib/\libefi.a(misc.o) (0x3)
Removed property 0xc0000002 to merge C:\GitHub\BlockyOS\compile\toolchain\gnu-efi-build\x86_64\/lib/\libefi.a(data.o) (not found) and C:\GitHub\BlockyOS\compile\toolchain\gnu-efi-build\x86_64\/lib/\libefi.a(str.o) (0x3)
Removed property 0xc0000002 to merge C:\GitHub\BlockyOS\compile\toolchain\gnu-efi-build\x86_64\/lib/\libefi.a(data.o) (not found) and C:\GitHub\BlockyOS\compile\toolchain\gnu-efi-build\x86_64\/lib/\libefi.a(efirtlib.o) (0x3)
Removed property 0xc0000002 to merge C:\GitHub\BlockyOS\compile\toolchain\gnu-efi-build\x86_64\/lib/\libefi.a(data.o) (not found) and C:\GitHub\BlockyOS\compile\toolchain\gnu-efi-build\x86_64\/lib/\libefi.a(rtstr.o) (0x3)
Removed property 0xc0000002 to merge C:\GitHub\BlockyOS\compile\toolchain\gnu-efi-build\x86_64\/lib/\libefi.a(data.o) (not found) and C:\GitHub\BlockyOS\compile\toolchain\gnu-efi-build\x86_64\/lib/\libefi.a(rtdata.o) (0x3)
Removed property 0xc0000002 to merge C:\GitHub\BlockyOS\compile\toolchain\gnu-efi-build\x86_64\/lib/\libefi.a(data.o) (not found) and C:\GitHub\BlockyOS\compile\toolchain\gnu-efi-build\x86_64\/lib/\libefi.a(initplat.o) (0x3)
Removed property 0xc0000002 to merge C:\GitHub\BlockyOS\compile\toolchain\gnu-efi-build\x86_64\/lib/\libefi.a(data.o) (not found) and C:\GitHub\BlockyOS\compile\toolchain\gnu-efi-build\x86_64\/lib/\libefi.a(print.o) (0x3)
Removed property 0xc0000002 to merge C:\GitHub\BlockyOS\compile\toolchain\gnu-efi-build\x86_64\/lib/\libefi.a(data.o) (not found) and C:\GitHub\BlockyOS\compile\toolchain\gnu-efi-build\x86_64\/lib/\libefi.a(va_print.o) (0x3)
Removed property 0xc0000002 to merge C:\GitHub\BlockyOS\compile\toolchain\gnu-efi-build\x86_64\/lib/\libefi.a(data.o) (not found) and C:\GitHub\BlockyOS\compile\toolchain\gnu-efi-build\x86_64\/lib/\libefi.a(console.o) (0x3)
Removed property 0xc0000002 to merge C:\GitHub\BlockyOS\compile\toolchain\gnu-efi-build\x86_64\/lib/\libefi.a(data.o) (not found) and C:\GitHub\BlockyOS\compile\toolchain\gnu-efi-build\x86_64\/lib/\libefi.a(dpath.o) (0x3)
Removed property 0xc0000002 to merge C:\GitHub\BlockyOS\compile\toolchain\gnu-efi-build\x86_64\/lib/\libefi.a(data.o) (not found) and C:\GitHub\BlockyOS\compile\toolchain\gnu-efi-build\x86_64\/lib/\libefi.a(error.o) (0x3)
Removed property 0xc0000002 to merge C:\GitHub\BlockyOS\compile\toolchain\gnu-efi-build\x86_64\/lib/\libefi.a(data.o) (not found) and C:\GitHub\BlockyOS\compile\toolchain\gnu-efi-build\x86_64\/lib/\libefi.a(event.o) (0x3)
Removed property 0xc0000002 to merge C:\GitHub\BlockyOS\compile\toolchain\gnu-efi-build\x86_64\/lib/\libefi.a(data.o) (not found) and C:\GitHub\BlockyOS\compile\toolchain\gnu-efi-build\x86_64\/lib/\libefi.a(hand.o) (0x3)
Removed property 0xc0000002 to merge C:\GitHub\BlockyOS\compile\toolchain\gnu-efi-build\x86_64\/lib/\libefi.a(data.o) (not found) and C:\GitHub\BlockyOS\compile\toolchain\gnu-efi-build\x86_64\/lib/\libefi.a(math.o) (0x3)
Removed property 0xc0000002 to merge C:\GitHub\BlockyOS\compile\toolchain\gnu-efi-build\x86_64\/lib/\libefi.a(data.o) (not found) and C:\GitHub\BlockyOS\compile\toolchain\gnu-efi-build\x86_64\/lib/\libgnuefi.a(reloc_x86_64.o) (0x3)

Discarded input sections

 .note.gnu.property
                0x0000000000000000       0x20 C:\GitHub\BlockyOS\compile\toolchain\gnu-efi-build\x86_64\/lib/\libefi.a(data.o)
 .note.gnu.property
                0x0000000000000000       0x20 C:\GitHub\BlockyOS\compile\toolchain\gnu-efi-build\x86_64\/lib/\libefi.a(entry.o)
 .note.gnu.property
                0x0000000000000000       0x20 C:\GitHub\BlockyOS\compile\toolchain\gnu-efi-build\x86_64\/lib/\libefi.a(exit.o)
 .note.gnu.property
                0x0000000000000000       0x20 C:\GitHub\BlockyOS\compile\toolchain\gnu-efi-build\x86_64\/lib/\libefi.a(guid.o)
 .note.gnu.property
                0x0000000000000000       0x20 C:\GitHub\BlockyOS\compile\toolchain\gnu-efi-build\x86_64\/lib/\libefi.a(init.o)
 .note.gnu.property
                0x0000000000000000       0x20 C:\GitHub\BlockyOS\compile\toolchain\gnu-efi-build\x86_64\/lib/\libefi.a(misc.o)
 .note.gnu.property
                0x0000000000000000       0x20 C:\GitHub\BlockyOS\compile\toolchain\gnu-efi-build\x86_64\/lib/\libefi.a(str.o)
 .note.gnu.property
                0x0000000000000000       0x20 C:\GitHub\BlockyOS\compile\toolchain\gnu-efi-build\x86_64\/lib/\libefi.a(efirtlib.o)
 .note.gnu.property
                0x0000000000000000       0x20 C:\GitHub\BlockyOS\compile\toolchain\gnu-efi-build\x86_64\/lib/\libefi.a(rtstr.o)
 .note.gnu.property
                0x0000000000000000       0x20 C:\GitHub\BlockyOS\compile\toolchain\gnu-efi-build\x86_64\/lib/\libefi.a(rtdata.o)
 .note.gnu.property
                0x0000000000000000       0x20 C:\GitHub\BlockyOS\compile\toolchain\gnu-efi-build\x86_64\/lib/\libefi.a(initplat.o)
 .note.gnu.property
                0x0000000000000000       0x20 C:\GitHub\BlockyOS\compile\toolchain\gnu-efi-build\x86_64\/lib/\libefi.a(print.o)
 .note.gnu.property
                0x0000000000000000       0x20 C:\GitHub\BlockyOS\compile\toolchain\gnu-efi-build\x86_64\/lib/\libefi.a(va_print.o)
 .note.gnu.property
                0x0000000000000000       0x20 C:\GitHub\BlockyOS\compile\toolchain\gnu-efi-build\x86_64\/lib/\libefi.a(console.o)
 .note.gnu.property
                0x0000000000000000       0x20 C:\GitHub\BlockyOS\compile\toolchain\gnu-efi-build\x86_64\/lib/\libefi.a(dpath.o)
 .note.gnu.property
                0x0000000000000000       0x20 C:\GitHub\BlockyOS\compile\toolchain\gnu-efi-build\x86_64\/lib/\libefi.a(error.o)
 .note.gnu.property
                0x0000000000000000       0x20 C:\GitHub\BlockyOS\compile\toolchain\gnu-efi-build\x86_64\/lib/\libefi.a(event.o)
 .note.gnu.property
                0x0000000000000000       0x20 C:\GitHub\BlockyOS\compile\toolchain\gnu-efi-build\x86_64\/lib/\libefi.a(hand.o)
 .note.gnu.property
                0x0000000000000000       0x20 C:\GitHub\BlockyOS\compile\toolchain\gnu-efi-build\x86_64\/lib/\libefi.a(math.o)
 .note.gnu.property
                0x0000000000000000       0x20 C:\GitHub\BlockyOS\compile\toolchain\gnu-efi-build\x86_64\/lib/\libgnuefi.a(reloc_x86_64.o)

Memory Configuration

Name             Origin             Length             Attributes
*default*        0x0000000000000000 0xffffffffffffffff

Linker script and memory map

LOAD C:\GitHub\BlockyOS\Build\Build-nodate\objs\blob_1.so
                0x0000000000000000                . = 0x0
                0x0000000000000000                ImageBase = .

.hash
 *(.hash)

.gnu.hash
 *(.gnu.hash)
                0x0000000000000000                . = ALIGN (0x1000)

.eh_frame       0x0000000000000000     0x385c
 *(.eh_frame)
 .eh_frame      0x0000000000000000     0x1cc8 C:\GitHub\BlockyOS\Build\Build-nodate\objs\blob_1.so
                                       0x1e44 (size before relaxing)
 *fill*         0x0000000000001cc8        0x0 
 .eh_frame      0x0000000000001cc8       0x40 C:\GitHub\BlockyOS\compile\toolchain\gnu-efi-build\x86_64\/lib/\libefi.a(entry.o)
                                         0x58 (size before relaxing)
 .eh_frame      0x0000000000001d08       0x20 C:\GitHub\BlockyOS\compile\toolchain\gnu-efi-build\x86_64\/lib/\libefi.a(exit.o)
                                         0x38 (size before relaxing)
 .eh_frame      0x0000000000001d28       0x90 C:\GitHub\BlockyOS\compile\toolchain\gnu-efi-build\x86_64\/lib/\libefi.a(guid.o)
                                         0xa8 (size before relaxing)
 .eh_frame      0x0000000000001db8       0xd8 C:\GitHub\BlockyOS\compile\toolchain\gnu-efi-build\x86_64\/lib/\libefi.a(init.o)
                                         0xf0 (size before relaxing)
 .eh_frame      0x0000000000001e90      0x400 C:\GitHub\BlockyOS\compile\toolchain\gnu-efi-build\x86_64\/lib/\libefi.a(misc.o)
                                        0x418 (size before relaxing)
 .eh_frame      0x0000000000002290      0x2c0 C:\GitHub\BlockyOS\compile\toolchain\gnu-efi-build\x86_64\/lib/\libefi.a(str.o)
                                        0x2d8 (size before relaxing)
 .eh_frame      0x0000000000002550       0x90 C:\GitHub\BlockyOS\compile\toolchain\gnu-efi-build\x86_64\/lib/\libefi.a(efirtlib.o)
                                         0xa8 (size before relaxing)
 .eh_frame      0x00000000000025e0      0x150 C:\GitHub\BlockyOS\compile\toolchain\gnu-efi-build\x86_64\/lib/\libefi.a(rtstr.o)
                                        0x168 (size before relaxing)
 .eh_frame      0x0000000000002730       0x18 C:\GitHub\BlockyOS\compile\toolchain\gnu-efi-build\x86_64\/lib/\libefi.a(initplat.o)
                                         0x30 (size before relaxing)
 .eh_frame      0x0000000000002748      0x3d0 C:\GitHub\BlockyOS\compile\toolchain\gnu-efi-build\x86_64\/lib/\libefi.a(print.o)
                                        0x3e8 (size before relaxing)
 .eh_frame      0x0000000000002b18      0x1e0 C:\GitHub\BlockyOS\compile\toolchain\gnu-efi-build\x86_64\/lib/\libefi.a(va_print.o)
                                        0x1f8 (size before relaxing)
 .eh_frame      0x0000000000002cf8       0x80 C:\GitHub\BlockyOS\compile\toolchain\gnu-efi-build\x86_64\/lib/\libefi.a(console.o)
                                         0x98 (size before relaxing)
 .eh_frame      0x0000000000002d78      0x718 C:\GitHub\BlockyOS\compile\toolchain\gnu-efi-build\x86_64\/lib/\libefi.a(dpath.o)
                                        0x730 (size before relaxing)
 .eh_frame      0x0000000000003490       0x18 C:\GitHub\BlockyOS\compile\toolchain\gnu-efi-build\x86_64\/lib/\libefi.a(error.o)
                                         0x30 (size before relaxing)
 .eh_frame      0x00000000000034a8       0xc8 C:\GitHub\BlockyOS\compile\toolchain\gnu-efi-build\x86_64\/lib/\libefi.a(event.o)
                                         0xe0 (size before relaxing)
 .eh_frame      0x0000000000003570      0x288 C:\GitHub\BlockyOS\compile\toolchain\gnu-efi-build\x86_64\/lib/\libefi.a(hand.o)
                                        0x2a0 (size before relaxing)
 .eh_frame      0x00000000000037f8       0x50 C:\GitHub\BlockyOS\compile\toolchain\gnu-efi-build\x86_64\/lib/\libefi.a(math.o)
                                         0x68 (size before relaxing)
 .eh_frame      0x0000000000003848       0x14 C:\GitHub\BlockyOS\compile\toolchain\gnu-efi-build\x86_64\/lib/\libgnuefi.a(reloc_x86_64.o)
                                         0x30 (size before relaxing)

.eh_frame_hdr
 *(.eh_frame_hdr)

.gcc_except_table
 *(.gcc_except_table*)
                0x0000000000004000                . = ALIGN (0x1000)

.text           0x0000000000004000    0x285e0
                0x0000000000004000                _text = .
 *(.text)
 .text          0x0000000000004000    0x211bc C:\GitHub\BlockyOS\Build\Build-nodate\objs\blob_1.so
                0x000000000000401f                checkdisk
                0x00000000000041f3                loadpart
                0x0000000000004501                formatpart
                0x00000000000049f7                queryparttablefs
                0x0000000000004c2a                queryfs
                0x0000000000004d8b                fmount
                0x00000000000055f4                allocatecluster
                0x00000000000056ed                __ffremove
                0x0000000000005762                __ffremoveh
                0x00000000000057ef                __ffremovel
                0x000000000000581f                __ffremovelh
                0x0000000000005987                __fcreate
                0x0000000000005e1e                __faddr
                0x0000000000006240                __finit
                0x00000000000065ff                __ffindh
                0x000000000000674b                __ffindhi
                0x0000000000006884                __ffindi
                0x00000000000068bc                __ffind
                0x00000000000068f1                __fread1
                0x0000000000006b46                __fpush1
                0x0000000000006ead                floadhdir
                0x0000000000007071                fuloaddir
                0x000000000000730c                __fdirrefresh
                0x000000000000758f                floadh
                0x0000000000007694                fuloadh
                0x000000000000780b                __freadinfo
                0x00000000000078ae                __fupdatetstamp
                0x0000000000007a10                __fsize
                0x0000000000007b7b                __dsize
                0x0000000000007c14                _dreadinfo
                0x0000000000007c3c                _freadinfo
                0x0000000000007c64                _fseeko
                0x0000000000007cce                _fseek
                0x0000000000007d26                _fwrite
                0x0000000000007fd4                _fread
                0x00000000000081df                __fgetparent
                0x00000000000082d4                __fdiradd
                0x00000000000086e9                __ftest
                0x000000000000897f                __fdirlist
                0x0000000000008e01                __dirr_init
                0x00000000000092a5                __dirr_free
                0x00000000000093be                __dirr
                0x00000000000095bc                __fprint_info
                0x0000000000009808                getloc
                0x000000000000987e                FindDiskHandleByGUID
                0x0000000000009e47                DisableVerbose
                0x0000000000009e4c                EnableVerbose
                0x0000000000009e51                getblocksize
                0x0000000000009e55                setblocksize
                0x0000000000009e75                startup
                0x000000000000a09c                readblocks
                0x000000000000a239                writeblocks
                0x000000000000a400                writebytes
                0x000000000000a526                readbytes
                0x000000000000a6a0                dispose
                0x000000000000a8c6                blake2b_init_param
                0x000000000000a955                blake2b_init
                0x000000000000aa3a                blake2b_init_key
                0x00000000000118d7                blake2b_update
                0x0000000000011a1a                blake2b_final
                0x0000000000011b98                blake2b
                0x0000000000011cf3                blake2
                0x0000000000011f81                blake2bp_init
                0x0000000000012076                blake2bp_init_key
                0x0000000000012265                blake2bp_update
                0x0000000000012418                blake2bp_final
                0x00000000000125b7                blake2bp
                0x0000000000012aef                blake2s_init_param
                0x0000000000012b77                blake2s_init
                0x0000000000012c42                blake2s_init_key
                0x0000000000016907                blake2s_update
                0x0000000000016a38                blake2s_final
                0x0000000000016b7d                blake2s
                0x0000000000016f14                blake2sp_init
                0x0000000000017009                blake2sp_init_key
                0x00000000000171a1                blake2sp_update
                0x0000000000017354                blake2sp_final
                0x00000000000174f0                blake2sp
                0x00000000000178d1                blake2xb_init
                0x00000000000178fd                blake2xb_init_key
                0x0000000000017b2a                blake2xb_update
                0x0000000000017b57                blake2xb_final
                0x0000000000017d77                blake2xb
                0x0000000000017f3f                blake2xs_init
                0x0000000000017f6b                blake2xs_init_key
                0x0000000000018120                blake2xs_update
                0x000000000001814d                blake2xs_final
                0x0000000000018370                blake2xs
                0x0000000000019a9b                LoadExecutable
                0x0000000000019b12                ReadPeExecutableHeader
                0x0000000000019e52                RvaToFileOffsetPe
                0x0000000000019eb6                FindSectionPe
                0x0000000000019fbe                GetAtRVAFromSectionDataPe
                0x000000000001a022                ReadAtRVAFromSectionPe
                0x000000000001a0e0                ReadSectionPe
                0x000000000001a2c9                ExpandPeExecutableFormat
                0x000000000001ac25                PeMachineTypeToString
                0x000000000001b063                PeSubsystemToString
                0x000000000001b1b5                PeSectionCharacteristicsToString
                0x000000000001c170                PeHeaderCharacteristicsToString
                0x000000000001cf58                PeDllCharacteristicsToString
                0x000000000001d988                DumpPe
                0x000000000001f716                JsonCreateValue
                0x000000000001fa10                JsonreadValue
                0x000000000001fb93                JsonParse
                0x000000000001fe53                JsonFree
                0x000000000002012b                JsongetValue
                0x000000000002023e                socketopen
                0x000000000002045f                __fhandle_sckinfo
                0x0000000000020d99                __fhandle_sckwrite
                0x0000000000020f32                __fhandle_sckread
                0x0000000000021110                __fhandle_sckclose
                0x0000000000021239                __fhandle_sckOPENchild
                0x00000000000216a4                __froot_sckread
                0x0000000000021730                __froot_sckwrite
                0x00000000000217bc                __froot_sckclose
                0x0000000000021955                __froot_sckOPENchild
                0x0000000000021d53                __froot_sckinfo
                0x0000000000022273                __froot_sckopen
                0x0000000000022579                _GUIDtoSTR
                0x00000000000225e9                prGUID
                0x000000000002265b                strcheck
                0x00000000000226ae                strchecki
                0x0000000000022702                __memdup
                0x000000000002276e                isascii
                0x0000000000022782                __getfcode
                0x000000000002288e                readbuf
                0x00000000000229aa                strtok_i
                0x0000000000022a76                strtok_k
                0x0000000000022c6a                strtok_d
                0x0000000000022d17                trng__
                0x0000000000022daf                tolower
                0x0000000000022dc5                isdigit
                0x0000000000022def                str_tolower
                0x0000000000022e69                match_rec
                0x0000000000022f9d                makeGPTeNSTR
                0x000000000002303d                __pattmatch
                0x00000000000231a1                __realloc_
                0x0000000000023288                __calloc_
                0x0000000000023311                __memset
                0x000000000002336c                __safecopy
                0x00000000000233f5                __memcpy
                0x0000000000023459                __strlen
                0x000000000002348c                __strdup
                0x00000000000234b9                __strspn
                0x0000000000023523                __memcmp
                0x00000000000235cf                getDriveMediaID
                0x0000000000023745                ValidateImageHandle
                0x00000000000237a1                IsPartition
                0x0000000000023813                GetDevicePath
                0x0000000000023872                RestartSystem
                0x00000000000238a3                sysbase
                0x0000000000023944                getptr
                0x0000000000023966                __strtod
                0x0000000000023aa5                libinit
                0x0000000000023b5e                efi_main
                0x0000000000023d2b                ProcessNode
                0x0000000000023e8a                BuildDeviceTree
                0x0000000000023f63                DebugDevicePath
                0x000000000002403e                DescribeDeviceNode
                0x00000000000243d5                getDevPath
                0x000000000002447d                GetMemoryMap
                0x0000000000024914                InitialiseVideoMemory
                0x0000000000024bec                gatherbootinfo
                0x0000000000024e51                CreateBootEntry
 .text          0x00000000000251bc       0x29 C:\GitHub\BlockyOS\compile\toolchain\gnu-efi-build\x86_64\lib/crt0-efi-x86_64.o
                0x00000000000251bc                _start
 .text          0x00000000000251e5        0x0 C:\GitHub\BlockyOS\compile\toolchain\gnu-efi-build\x86_64\/lib/\libefi.a(data.o)
 *fill*         0x00000000000251e5        0xb 
 .text          0x00000000000251f0      0x11c C:\GitHub\BlockyOS\compile\toolchain\gnu-efi-build\x86_64\/lib/\libefi.a(entry.o)
                0x00000000000251f0                _entry
 *fill*         0x000000000002530c        0x4 
 .text          0x0000000000025310       0x29 C:\GitHub\BlockyOS\compile\toolchain\gnu-efi-build\x86_64\/lib/\libefi.a(exit.o)
                0x0000000000025310                Exit
 *fill*         0x0000000000025339        0x7 
 .text          0x0000000000025340      0x11b C:\GitHub\BlockyOS\compile\toolchain\gnu-efi-build\x86_64\/lib/\libefi.a(guid.o)
                0x0000000000025340                InitializeGuid
                0x0000000000025350                CompareGuid_1
                0x0000000000025360                IsZeroGuid
                0x0000000000025370                GuidToString
 *fill*         0x000000000002545b        0x5 
 .text          0x0000000000025460      0x2c3 C:\GitHub\BlockyOS\compile\toolchain\gnu-efi-build\x86_64\/lib/\libefi.a(init.o)
                0x0000000000025460                InitializeUnicodeSupport
                0x0000000000025550                EFIDebugVariable
                0x00000000000255b0                InitializeLib
                0x00000000000256b0                memset
                0x0000000000025700                memcpy
 *fill*         0x0000000000025723        0xd 
 .text          0x0000000000025730      0x9e7 C:\GitHub\BlockyOS\compile\toolchain\gnu-efi-build\x86_64\/lib/\libefi.a(misc.o)
                0x0000000000025730                AllocatePool
                0x0000000000025770                AllocateZeroPool
                0x00000000000257c0                ReallocatePool_1
                0x0000000000025850                FreePool
                0x0000000000025870                ZeroMem
                0x0000000000025880                SetMem
                0x0000000000025890                CopyMem_1
                0x00000000000258a0                CopyMemC
                0x00000000000258b0                CompareMem
                0x00000000000258c0                GrowBuffer
                0x00000000000259a0                LibMemoryMap
                0x0000000000025aa0                LibGetVariableAndSize
                0x0000000000025b80                LibGetVariable
                0x0000000000025ba0                LibDeleteVariable
                0x0000000000025c10                LibSetNVVariable
                0x0000000000025c40                LibSetVariable
                0x0000000000025c70                LibInsertToTailOfBootOrder
                0x0000000000025de0                ValidMBR
                0x0000000000025f90                DecimaltoBCD
                0x0000000000025fa0                BCDtoDecimal
                0x0000000000025fb0                LibGetSystemConfigurationTable
                0x0000000000026050                LibGetUiString
 *fill*         0x0000000000026117        0x9 
 .text          0x0000000000026120      0x5e0 C:\GitHub\BlockyOS\compile\toolchain\gnu-efi-build\x86_64\/lib/\libefi.a(str.o)
                0x0000000000026120                StrCmp
                0x0000000000026130                StrnCmp
                0x0000000000026180                LibStubStriCmp
                0x0000000000026220                LibStubStrLwrUpr
                0x0000000000026230                StriCmp
                0x0000000000026250                StrLwr
                0x0000000000026270                StrUpr
                0x0000000000026290                StrCpy
                0x00000000000262a0                StrnCpy
                0x00000000000262b0                StpCpy
                0x00000000000262c0                StpnCpy
                0x00000000000262d0                StrCat
                0x00000000000262e0                StrnCat
                0x00000000000262f0                StrnLen
                0x0000000000026300                StrLen
                0x0000000000026310                StrSize
                0x0000000000026320                StrDuplicate
                0x0000000000026370                AsciiStrLen
                0x00000000000263a0                AsciiStrCmp
                0x00000000000263f0                AsciiStrnCmp
                0x0000000000026440                xtoi
                0x00000000000264d0                Atoi
                0x0000000000026520                MetaMatch
                0x0000000000026640                LibStubMetaiMatch
                0x00000000000266e0                MetaiMatch
 .text          0x0000000000026700      0x190 C:\GitHub\BlockyOS\compile\toolchain\gnu-efi-build\x86_64\/lib/\libefi.a(efirtlib.o)
                0x0000000000026700                RtZeroMem
                0x0000000000026740                RtSetMem
                0x0000000000026780                RtCopyMem
                0x0000000000026800                RtCopyMemC
                0x0000000000026810                RtCompareMem
                0x0000000000026850                RtCompareGuid
                0x0000000000026880                RtIsZeroGuid
 .text          0x0000000000026890      0x387 C:\GitHub\BlockyOS\compile\toolchain\gnu-efi-build\x86_64\/lib/\libefi.a(rtstr.o)
                0x0000000000026890                RtStrCmp
                0x00000000000268e0                RtStrCpy
                0x0000000000026910                RtStrnCpy
                0x0000000000026990                RtStpCpy
                0x00000000000269c0                RtStpnCpy
                0x0000000000026a50                RtStrCat
                0x0000000000026aa0                RtStrnCat
                0x0000000000026b30                RtStrLen
                0x0000000000026b60                RtStrnLen
                0x0000000000026ba0                RtStrSize
                0x0000000000026bd0                RtBCDtoDecimal
                0x0000000000026bf0                RtDecimaltoBCD
 .text          0x0000000000026c17        0x0 C:\GitHub\BlockyOS\compile\toolchain\gnu-efi-build\x86_64\/lib/\libefi.a(rtdata.o)
 *fill*         0x0000000000026c17        0x9 
 .text          0x0000000000026c20        0x5 C:\GitHub\BlockyOS\compile\toolchain\gnu-efi-build\x86_64\/lib/\libefi.a(initplat.o)
                0x0000000000026c20                InitializeLibPlatform
 *fill*         0x0000000000026c25        0xb 
 .text          0x0000000000026c30     0x2071 C:\GitHub\BlockyOS\compile\toolchain\gnu-efi-build\x86_64\/lib/\libefi.a(print.o)
                0x0000000000026c30                _DbgOut
                0x0000000000026c60                _SPrint
                0x0000000000026d90                _PoolPrint
                0x00000000000270f0                UnicodeSPrint
                0x0000000000027180                AsciiSPrint
                0x0000000000027210                PoolPrint
                0x00000000000272b0                CatPrint
                0x0000000000027360                Print
                0x0000000000027420                PrintAt
                0x00000000000274d0                IPrint
                0x0000000000027580                IPrintAt
                0x0000000000027620                AsciiPrint
                0x00000000000276e0                ValueToHex
                0x0000000000027700                ValueToString
                0x0000000000027720                FloatToString
                0x0000000000027840                TimeToString
                0x00000000000278f0                DbgPrint
                0x0000000000028ae0                DumpHex
 *fill*         0x0000000000028ca1        0xf 
 .text          0x0000000000028cb0     0x113b C:\GitHub\BlockyOS\compile\toolchain\gnu-efi-build\x86_64\/lib/\libefi.a(va_print.o)
                0x0000000000029ad0                _PoolCatPrint
                0x0000000000029b40                UnicodeVSPrint
                0x0000000000029b90                VPoolPrint
                0x0000000000029be0                _IPrint
                0x0000000000029ce0                VPrint
                0x0000000000029d10                AsciiVSPrint
 .text          0x0000000000029deb      0x17b C:\GitHub\BlockyOS\compile\toolchain\gnu-efi-build\x86_64\/lib/\libefi.a(efi_stub.o)
                0x0000000000029deb                efi_call0
                0x0000000000029df6                efi_call1
                0x0000000000029e04                efi_call2
                0x0000000000029e12                efi_call3
                0x0000000000029e23                efi_call4
                0x0000000000029e37                efi_call5
                0x0000000000029e50                efi_call6
                0x0000000000029e73                efi_call7
                0x0000000000029ea0                efi_call8
                0x0000000000029ed7                efi_call9
                0x0000000000029f18                efi_call10
 *fill*         0x0000000000029f66        0xa 
 .text          0x0000000000029f70      0x124 C:\GitHub\BlockyOS\compile\toolchain\gnu-efi-build\x86_64\/lib/\libefi.a(console.o)
                0x0000000000029f70                Output
                0x0000000000029fa0                IInput
                0x000000000002a070                Input
 *fill*         0x000000000002a094        0xc 
 .text          0x000000000002a0a0     0x16bf C:\GitHub\BlockyOS\compile\toolchain\gnu-efi-build\x86_64\/lib/\libefi.a(dpath.o)
                0x000000000002aea0                DevicePathFromHandle
                0x000000000002aee0                DevicePathInstance
                0x000000000002af90                DevicePathInstanceCount
                0x000000000002afd0                DevicePathSize
                0x000000000002b000                DuplicateDevicePath
                0x000000000002b060                AppendDevicePath
                0x000000000002b1d0                AppendDevicePathNode
                0x000000000002b250                FileDevicePath
                0x000000000002b300                UnpackDevicePath
                0x000000000002b3c0                AppendDevicePathInstance
                0x000000000002b4a0                LibDevicePathToInterface
                0x000000000002b530                DevicePathToStr
                0x000000000002b670                LibMatchDevicePaths
                0x000000000002b6f0                LibDuplicateDevicePathInstance
 *fill*         0x000000000002b75f        0x1 
 .text          0x000000000002b760       0x50 C:\GitHub\BlockyOS\compile\toolchain\gnu-efi-build\x86_64\/lib/\libefi.a(error.o)
                0x000000000002b760                StatusToString
 .text          0x000000000002b7b0      0x1f5 C:\GitHub\BlockyOS\compile\toolchain\gnu-efi-build\x86_64\/lib/\libefi.a(event.o)
                0x000000000002b7b0                LibCreateProtocolNotifyEvent
                0x000000000002b830                WaitForSingleEvent
                0x000000000002b910                WaitForEventWithTimeout
 *fill*         0x000000000002b9a5        0xb 
 .text          0x000000000002b9b0      0xb2a C:\GitHub\BlockyOS\compile\toolchain\gnu-efi-build\x86_64\/lib/\libefi.a(hand.o)
                0x000000000002b9b0                LibLocateHandle
                0x000000000002ba70                LibLocateProtocol
                0x000000000002bb10                LibLocateHandleByDiskSignature
                0x000000000002be60                LibOpenRoot
                0x000000000002bec0                LibFileInfo
                0x000000000002bf50                LibFileSystemInfo
                0x000000000002bfe0                LibFileSystemVolumeLabelInfo
                0x000000000002c070                LibInstallProtocolInterfaces
                0x000000000002c230                LibUninstallProtocolInterfaces
                0x000000000002c300                LibReinstallProtocolInterfaces
 *fill*         0x000000000002c4da        0x6 
 .text          0x000000000002c4e0       0x50 C:\GitHub\BlockyOS\compile\toolchain\gnu-efi-build\x86_64\/lib/\libefi.a(math.o)
                0x000000000002c4e0                LShiftU64
                0x000000000002c4f0                RShiftU64
                0x000000000002c500                MultU64x32
                0x000000000002c510                DivU64x32
 .text          0x000000000002c530       0xab C:\GitHub\BlockyOS\compile\toolchain\gnu-efi-build\x86_64\/lib/\libgnuefi.a(reloc_x86_64.o)
                0x000000000002c530                _relocate
 *(.text.*)
 *(.gnu.linkonce.t.*)
 *(.plt)
                0x000000000002c5e0                . = ALIGN (0x10)
 *fill*         0x000000000002c5db        0x5 
                0x000000000002c5e0                _etext = .
                0x00000000000285e0                _text_size = (_etext - _text)

.iplt           0x000000000002c5e0        0x0
 .iplt          0x000000000002c5e0        0x0 C:\GitHub\BlockyOS\Build\Build-nodate\objs\blob_1.so

.rela.dyn       0x000000000002c5e0        0x0
 .rela.iplt     0x000000000002c5e0        0x0 C:\GitHub\BlockyOS\Build\Build-nodate\objs\blob_1.so
                0x000000000002d000                . = ALIGN (0x1000)

.data           0x000000000002d000      0xfe8
                0x000000000002d000                _data = .
 *(.got.plt)
 .got.plt       0x000000000002d000        0x0 C:\GitHub\BlockyOS\Build\Build-nodate\objs\blob_1.so
 *(.got)
 .got           0x000000000002d000        0x0 C:\GitHub\BlockyOS\Build\Build-nodate\objs\blob_1.so
 *(.data*)
 .data          0x000000000002d000        0x1 C:\GitHub\BlockyOS\Build\Build-nodate\objs\blob_1.so
 *fill*         0x000000000002d001        0x7 
 .data.rel.ro   0x000000000002d008       0x28 C:\GitHub\BlockyOS\Build\Build-nodate\objs\blob_1.so
 *fill*         0x000000000002d030       0x10 
 .data.rel.ro.local
                0x000000000002d040      0x210 C:\GitHub\BlockyOS\Build\Build-nodate\objs\blob_1.so
 .data          0x000000000002d250        0x8 C:\GitHub\BlockyOS\compile\toolchain\gnu-efi-build\x86_64\lib/crt0-efi-x86_64.o
 *fill*         0x000000000002d258        0x8 
 .data          0x000000000002d260      0x4f0 C:\GitHub\BlockyOS\compile\toolchain\gnu-efi-build\x86_64\/lib/\libefi.a(data.o)
                0x000000000002d260                ShellDynamicCommandProtocolGuid
                0x000000000002d270                ShellParametersProtocolGuid
                0x000000000002d280                ShellProtocolGuid
                0x000000000002d290                SimpleTextInputExProtocol
                0x000000000002d2a0                gEfiDebugSupportProtocolGuid
                0x000000000002d2b0                gEfiDebugImageInfoTableGuid
                0x000000000002d2c0                AbsolutePointerProtocol
                0x000000000002d2d0                SimplePointerProtocol
                0x000000000002d2e0                Tcp4Protocol
                0x000000000002d2f0                Tcp4ServiceBindingProtocol
                0x000000000002d300                Udp4Protocol
                0x000000000002d310                Udp4ServiceBindingProtocol
                0x000000000002d320                Ip4Protocol
                0x000000000002d330                Ip4ServiceBindingProtocol
                0x000000000002d340                EfiDtbTableGuid
                0x000000000002d350                SalSystemTableGuid
                0x000000000002d360                gEfiSmbios3TableGuid
                0x000000000002d370                gEfiSmbiosTableGuid
                0x000000000002d380                AcpiTableGuid
                0x000000000002d390                MpsTableGuid
                0x000000000002d3a0                UnknownDevice
                0x000000000002d3b0                EfiPartTypeLegacyMbrGuid
                0x000000000002d3c0                EfiPartTypeSystemPartitionGuid
                0x000000000002d3d0                gEfiVTUTF8Guid
                0x000000000002d3e0                gEfiVT100PlusGuid
                0x000000000002d3f0                gEfiVT100Guid
                0x000000000002d400                gEfiPcAnsiGuid
                0x000000000002d410                AdapterDebugProtocol
                0x000000000002d420                gEfiEdidOverrideProtocolGuid
                0x000000000002d430                gEfiEdidActiveProtocolGuid
                0x000000000002d440                gEfiEdidDiscoveredProtocolGuid
                0x000000000002d450                gEfiGraphicsOutputProtocolGuid
                0x000000000002d460                TextInSpliterProtocol
                0x000000000002d470                ErrorOutSpliterProtocol
                0x000000000002d480                TextOutSpliterProtocol
                0x000000000002d490                VgaClassProtocol
                0x000000000002d4a0                LegacyBootProtocol
                0x000000000002d4b0                VariableStoreProtocol
                0x000000000002d4c0                InternalShellProtocol
                0x000000000002d4d0                gEfiMpServicesProtocolGuid
                0x000000000002d4e0                gEfiFileSystemVolumeLabelInfoIdGuid
                0x000000000002d4f0                gEfiFileSystemInfoGuid
                0x000000000002d500                gEfiFileInfoGuid
                0x000000000002d510                gEfiEbcProtocolGuid
                0x000000000002d520                gEfiDriverFamilyOverrideProtocolGuid
                0x000000000002d530                gEfiBusSpecificDriverOverrideProtocolGuid
                0x000000000002d540                gEfiPlatformDriverOverrideProtocolGuid
                0x000000000002d550                gEfiHashProtocolGuid
                0x000000000002d560                gEfiComponentName2ProtocolGuid
                0x000000000002d570                gEfiComponentNameProtocolGuid
                0x000000000002d580                gEfiDriverBindingProtocolGuid
                0x000000000002d590                gEfiPciRootBridgeIoProtocolGuid
                0x000000000002d5a0                gEfiPciIoProtocolGuid
                0x000000000002d5b0                gEFiUiInterfaceProtocolGuid
                0x000000000002d5c0                gEfiNetworkInterfaceIdentifierProtocolGuid
                0x000000000002d5d0                gEfiPxeBaseCodeCallbackProtocolGuid
                0x000000000002d5e0                gEfiPxeBaseCodeProtocolGuid
                0x000000000002d5f0                gEfiSimpleNetworkProtocolGuid
                0x000000000002d600                gEfiSerialIoProtocolGuid
                0x000000000002d610                gEfiUnicodeCollationProtocolGuid
                0x000000000002d620                gEfiDeviceIoProtocolGuid
                0x000000000002d630                gEfiLoadFile2ProtocolGuid
                0x000000000002d640                gEfiLoadFileProtocolGuid
                0x000000000002d650                gEfiLoadedImageDevicePathProtocolGuid
                0x000000000002d660                gEfiSimpleFileSystemProtocolGuid
                0x000000000002d670                gEfiDxeServicesTableGuid
                0x000000000002d680                gEfiDiskIo2ProtocolGuid
                0x000000000002d690                gEfiDiskIoProtocolGuid
                0x000000000002d6a0                gEfiBlockIo2ProtocolGuid
                0x000000000002d6b0                gEfiBlockIoProtocolGuid
                0x000000000002d6c0                gEfiSimpleTextOutProtocolGuid
                0x000000000002d6d0                gEfiSimpleTextInProtocolGuid
                0x000000000002d6e0                gEfiLoadedImageProtocolGuid
                0x000000000002d6f0                gEfiDevicePathUtilitiesProtocolGuid
                0x000000000002d700                gEfiDevicePathFromTextProtocolGuid
                0x000000000002d710                gEfiDevicePathToTextProtocolGuid
                0x000000000002d720                gEfiDevicePathProtocolGuid
                0x000000000002d730                gEfiGlobalVariableGuid
                0x000000000002d740                EndInstanceDevicePath
                0x000000000002d744                EndDevicePath
                0x000000000002d748                RootDevicePath
                0x000000000002d74c                PoolAllocationType
 *fill*         0x000000000002d750       0x10 
 .data.rel.local
                0x000000000002d760       0x58 C:\GitHub\BlockyOS\compile\toolchain\gnu-efi-build\x86_64\/lib/\libefi.a(data.o)
                0x000000000002d760                UnicodeInterface
                0x000000000002d780                LibStubUnicodeInterface
 .data          0x000000000002d7b8        0x0 C:\GitHub\BlockyOS\compile\toolchain\gnu-efi-build\x86_64\/lib/\libefi.a(entry.o)
 .data          0x000000000002d7b8        0x0 C:\GitHub\BlockyOS\compile\toolchain\gnu-efi-build\x86_64\/lib/\libefi.a(exit.o)
 *fill*         0x000000000002d7b8        0x8 
 .data          0x000000000002d7c0       0x50 C:\GitHub\BlockyOS\compile\toolchain\gnu-efi-build\x86_64\/lib/\libefi.a(guid.o)
 *fill*         0x000000000002d810       0x10 
 .data.rel.ro.local
                0x000000000002d820      0x2c0 C:\GitHub\BlockyOS\compile\toolchain\gnu-efi-build\x86_64\/lib/\libefi.a(guid.o)
 .data          0x000000000002dae0        0x0 C:\GitHub\BlockyOS\compile\toolchain\gnu-efi-build\x86_64\/lib/\libefi.a(init.o)
 .data          0x000000000002dae0        0x0 C:\GitHub\BlockyOS\compile\toolchain\gnu-efi-build\x86_64\/lib/\libefi.a(misc.o)
 .data          0x000000000002dae0        0x0 C:\GitHub\BlockyOS\compile\toolchain\gnu-efi-build\x86_64\/lib/\libefi.a(str.o)
 .data          0x000000000002dae0        0x0 C:\GitHub\BlockyOS\compile\toolchain\gnu-efi-build\x86_64\/lib/\libefi.a(efirtlib.o)
 .data          0x000000000002dae0        0x0 C:\GitHub\BlockyOS\compile\toolchain\gnu-efi-build\x86_64\/lib/\libefi.a(rtstr.o)
 .data          0x000000000002dae0        0x8 C:\GitHub\BlockyOS\compile\toolchain\gnu-efi-build\x86_64\/lib/\libefi.a(rtdata.o)
                0x000000000002dae0                EFIDebug
 .data          0x000000000002dae8        0x0 C:\GitHub\BlockyOS\compile\toolchain\gnu-efi-build\x86_64\/lib/\libefi.a(initplat.o)
 .data          0x000000000002dae8        0x0 C:\GitHub\BlockyOS\compile\toolchain\gnu-efi-build\x86_64\/lib/\libefi.a(print.o)
 .data          0x000000000002dae8        0x0 C:\GitHub\BlockyOS\compile\toolchain\gnu-efi-build\x86_64\/lib/\libefi.a(va_print.o)
 .data          0x000000000002dae8        0x0 C:\GitHub\BlockyOS\compile\toolchain\gnu-efi-build\x86_64\/lib/\libefi.a(efi_stub.o)
 .data          0x000000000002dae8        0x0 C:\GitHub\BlockyOS\compile\toolchain\gnu-efi-build\x86_64\/lib/\libefi.a(console.o)
 .data          0x000000000002dae8        0x0 C:\GitHub\BlockyOS\compile\toolchain\gnu-efi-build\x86_64\/lib/\libefi.a(dpath.o)
 *fill*         0x000000000002dae8       0x18 
 .data.rel.local
                0x000000000002db00      0x1c0 C:\GitHub\BlockyOS\compile\toolchain\gnu-efi-build\x86_64\/lib/\libefi.a(dpath.o)
                0x000000000002db00                DevPathTable
 .data          0x000000000002dcc0        0x0 C:\GitHub\BlockyOS\compile\toolchain\gnu-efi-build\x86_64\/lib/\libefi.a(error.o)
 .data.rel.local
                0x000000000002dcc0      0x2a0 C:\GitHub\BlockyOS\compile\toolchain\gnu-efi-build\x86_64\/lib/\libefi.a(error.o)
                0x000000000002dcc0                ErrorCodeTable
 .data          0x000000000002df60        0x0 C:\GitHub\BlockyOS\compile\toolchain\gnu-efi-build\x86_64\/lib/\libefi.a(event.o)
 .data          0x000000000002df60        0x0 C:\GitHub\BlockyOS\compile\toolchain\gnu-efi-build\x86_64\/lib/\libefi.a(hand.o)
 .data          0x000000000002df60        0x0 C:\GitHub\BlockyOS\compile\toolchain\gnu-efi-build\x86_64\/lib/\libefi.a(math.o)
 .data          0x000000000002df60        0x0 C:\GitHub\BlockyOS\compile\toolchain\gnu-efi-build\x86_64\/lib/\libgnuefi.a(reloc_x86_64.o)
 *(.sdata)
                0x000000000002df60                . = ALIGN (0x10)
                0x000000000002df60                __init_array_start = .
 *(SORT_BY_NAME(.init_array.*))
 *(.init_array)
                0x000000000002df60                __init_array_end = .
                0x000000000002df60                . = ALIGN (0x10)
                0x000000000002df60                __CTOR_LIST__ = .
 *(SORT_BY_NAME(.ctors.*))
 *(.ctors)
                0x000000000002df60                __CTOR_END__ = .
                0x000000000002df60                . = ALIGN (0x10)
                0x000000000002df60                __DTOR_LIST__ = .
 *(SORT_BY_NAME(.dtors.*))
 *(.dtors)
                0x000000000002df60                __DTOR_END__ = .
                0x000000000002df60                . = ALIGN (0x10)
                0x000000000002df60                __fini_array_start = .
 *(SORT_BY_NAME(.fini_array.*))
 *(.fini_array)
                0x000000000002df60                __fini_array_end = .
 *(.sbss)
 *(.scommon)
 *(.dynbss)
 *(.bss*)
 .bss           0x000000000002df60       0x18 C:\GitHub\BlockyOS\Build\Build-nodate\objs\blob_1.so
 .bss           0x000000000002df78        0x0 C:\GitHub\BlockyOS\compile\toolchain\gnu-efi-build\x86_64\lib/crt0-efi-x86_64.o
 *fill*         0x000000000002df78        0x8 
 .bss           0x000000000002df80       0x29 C:\GitHub\BlockyOS\compile\toolchain\gnu-efi-build\x86_64\/lib/\libefi.a(data.o)
                0x000000000002df80                gZeroGuid
                0x000000000002df90                BS
                0x000000000002df98                ST
                0x000000000002dfa0                LibImageHandle
                0x000000000002dfa8                LibInitialized
 .bss           0x000000000002dfa9        0x0 C:\GitHub\BlockyOS\compile\toolchain\gnu-efi-build\x86_64\/lib/\libefi.a(entry.o)
 .bss           0x000000000002dfa9        0x0 C:\GitHub\BlockyOS\compile\toolchain\gnu-efi-build\x86_64\/lib/\libefi.a(exit.o)
 *fill*         0x000000000002dfa9        0x7 
 .bss           0x000000000002dfb0       0x10 C:\GitHub\BlockyOS\compile\toolchain\gnu-efi-build\x86_64\/lib/\libefi.a(guid.o)
                0x000000000002dfb0                GuidList
 .bss           0x000000000002dfc0        0x0 C:\GitHub\BlockyOS\compile\toolchain\gnu-efi-build\x86_64\/lib/\libefi.a(init.o)
 .bss           0x000000000002dfc0        0x0 C:\GitHub\BlockyOS\compile\toolchain\gnu-efi-build\x86_64\/lib/\libefi.a(misc.o)
 .bss           0x000000000002dfc0        0x0 C:\GitHub\BlockyOS\compile\toolchain\gnu-efi-build\x86_64\/lib/\libefi.a(str.o)
 .bss           0x000000000002dfc0        0x0 C:\GitHub\BlockyOS\compile\toolchain\gnu-efi-build\x86_64\/lib/\libefi.a(efirtlib.o)
 .bss           0x000000000002dfc0        0x0 C:\GitHub\BlockyOS\compile\toolchain\gnu-efi-build\x86_64\/lib/\libefi.a(rtstr.o)
 .bss           0x000000000002dfc0       0x28 C:\GitHub\BlockyOS\compile\toolchain\gnu-efi-build\x86_64\/lib/\libefi.a(rtdata.o)
                0x000000000002dfc0                LibRuntimeRestoreTPL
                0x000000000002dfc8                LibRuntimeRaiseTPL
                0x000000000002dfd0                LibRuntimeDebugOut
                0x000000000002dfd8                LibFwInstance
                0x000000000002dfe0                RT
 .bss           0x000000000002dfe8        0x0 C:\GitHub\BlockyOS\compile\toolchain\gnu-efi-build\x86_64\/lib/\libefi.a(initplat.o)
 .bss           0x000000000002dfe8        0x0 C:\GitHub\BlockyOS\compile\toolchain\gnu-efi-build\x86_64\/lib/\libefi.a(print.o)
 .bss           0x000000000002dfe8        0x0 C:\GitHub\BlockyOS\compile\toolchain\gnu-efi-build\x86_64\/lib/\libefi.a(va_print.o)
 .bss           0x000000000002dfe8        0x0 C:\GitHub\BlockyOS\compile\toolchain\gnu-efi-build\x86_64\/lib/\libefi.a(efi_stub.o)
 .bss           0x000000000002dfe8        0x0 C:\GitHub\BlockyOS\compile\toolchain\gnu-efi-build\x86_64\/lib/\libefi.a(console.o)
 .bss           0x000000000002dfe8        0x0 C:\GitHub\BlockyOS\compile\toolchain\gnu-efi-build\x86_64\/lib/\libefi.a(dpath.o)
 .bss           0x000000000002dfe8        0x0 C:\GitHub\BlockyOS\compile\toolchain\gnu-efi-build\x86_64\/lib/\libefi.a(error.o)
 .bss           0x000000000002dfe8        0x0 C:\GitHub\BlockyOS\compile\toolchain\gnu-efi-build\x86_64\/lib/\libefi.a(event.o)
 .bss           0x000000000002dfe8        0x0 C:\GitHub\BlockyOS\compile\toolchain\gnu-efi-build\x86_64\/lib/\libefi.a(hand.o)
 .bss           0x000000000002dfe8        0x0 C:\GitHub\BlockyOS\compile\toolchain\gnu-efi-build\x86_64\/lib/\libefi.a(math.o)
 .bss           0x000000000002dfe8        0x0 C:\GitHub\BlockyOS\compile\toolchain\gnu-efi-build\x86_64\/lib/\libgnuefi.a(reloc_x86_64.o)
 *(COMMON)
 *(.rel.local)

.igot.plt       0x000000000002dfe8        0x0
 .igot.plt      0x000000000002dfe8        0x0 C:\GitHub\BlockyOS\Build\Build-nodate\objs\blob_1.so

.note.gnu.build-id
 *(.note.gnu.build-id)
                0x000000000002dfe8                _edata = .
                0x0000000000001a08                _data_size = (_edata - _etext)
                0x000000000002e000                . = ALIGN (0x1000)

.reloc          0x000000000002e000        0xc
 *(.reloc)
 .reloc         0x000000000002e000        0xc C:\GitHub\BlockyOS\compile\toolchain\gnu-efi-build\x86_64\lib/crt0-efi-x86_64.o
                0x000000000002f000                . = ALIGN (0x1000)
                0x000000000002f000                _DYNAMIC = .

.dynamic
 *(.dynamic)
                0x000000000002f000                . = ALIGN (0x1000)

.rela           0x000000000002f000        0x0
 *(.rela.text*)
 .rela.text     0x000000000002f000        0x0 C:\GitHub\BlockyOS\Build\Build-nodate\objs\blob_1.so
 *(.rela.data*)
 *(.rela.got)
 .rela.got      0x000000000002f000        0x0 C:\GitHub\BlockyOS\Build\Build-nodate\objs\blob_1.so
 *(.rela.dyn)
 *(.rela.stab)
 *(.rela.init_array*)
 *(.rela.fini_array*)
 *(.rela.ctors*)
 *(.rela.dtors*)
 *(.rela.reloc)
                0x000000000002f000                . = ALIGN (0x1000)

.rela.plt
 *(.rela.plt)
                0x000000000002f000                . = ALIGN (0x1000)

.rodata         0x000000000002f000     0x672e
 *(.rodata*)
 .rodata        0x000000000002f000     0x4cf6 C:\GitHub\BlockyOS\Build\Build-nodate\objs\blob_1.so
                0x00000000000332e0                DebugPort
 .rodata.str1.1
                0x0000000000033cf6       0x1e C:\GitHub\BlockyOS\Build\Build-nodate\objs\blob_1.so
 *fill*         0x0000000000033d14        0x4 
 .rodata.str2.8
                0x0000000000033d18      0x77a C:\GitHub\BlockyOS\Build\Build-nodate\objs\blob_1.so
 .rodata.str2.2
                0x0000000000034492       0x4c C:\GitHub\BlockyOS\Build\Build-nodate\objs\blob_1.so
 *fill*         0x00000000000344de        0x2 
 .rodata        0x00000000000344e0      0x2f8 C:\GitHub\BlockyOS\compile\toolchain\gnu-efi-build\x86_64\/lib/\libefi.a(guid.o)
 .rodata        0x00000000000347d8       0x1c C:\GitHub\BlockyOS\compile\toolchain\gnu-efi-build\x86_64\/lib/\libefi.a(init.o)
 .rodata        0x00000000000347f4       0x14 C:\GitHub\BlockyOS\compile\toolchain\gnu-efi-build\x86_64\/lib/\libefi.a(misc.o)
 *fill*         0x0000000000034808        0x8 
 .rodata        0x0000000000034810      0x250 C:\GitHub\BlockyOS\compile\toolchain\gnu-efi-build\x86_64\/lib/\libefi.a(print.o)
 .rodata        0x0000000000034a60      0x184 C:\GitHub\BlockyOS\compile\toolchain\gnu-efi-build\x86_64\/lib/\libefi.a(va_print.o)
 .rodata        0x0000000000034be4        0x8 C:\GitHub\BlockyOS\compile\toolchain\gnu-efi-build\x86_64\/lib/\libefi.a(console.o)
 *fill*         0x0000000000034bec        0x4 
 .rodata        0x0000000000034bf0      0x628 C:\GitHub\BlockyOS\compile\toolchain\gnu-efi-build\x86_64\/lib/\libefi.a(dpath.o)
 .rodata        0x0000000000035218      0x516 C:\GitHub\BlockyOS\compile\toolchain\gnu-efi-build\x86_64\/lib/\libefi.a(error.o)
                0x0000000000036000                . = ALIGN (0x1000)

.dynsym
 *(.dynsym)
                0x0000000000036000                . = ALIGN (0x1000)

.dynstr
 *(.dynstr)
                0x0000000000036000                . = ALIGN (0x1000)

.ignored.reloc  0x0000000000036000        0x0
 *(.note.GNU-stack)
 .note.GNU-stack
                0x0000000000036000        0x0 C:\GitHub\BlockyOS\compile\toolchain\gnu-efi-build\x86_64\lib/crt0-efi-x86_64.o
 .note.GNU-stack
                0x0000000000036000        0x0 C:\GitHub\BlockyOS\compile\toolchain\gnu-efi-build\x86_64\/lib/\libefi.a(data.o)
 .note.GNU-stack
                0x0000000000036000        0x0 C:\GitHub\BlockyOS\compile\toolchain\gnu-efi-build\x86_64\/lib/\libefi.a(entry.o)
 .note.GNU-stack
                0x0000000000036000        0x0 C:\GitHub\BlockyOS\compile\toolchain\gnu-efi-build\x86_64\/lib/\libefi.a(exit.o)
 .note.GNU-stack
                0x0000000000036000        0x0 C:\GitHub\BlockyOS\compile\toolchain\gnu-efi-build\x86_64\/lib/\libefi.a(guid.o)
 .note.GNU-stack
                0x0000000000036000        0x0 C:\GitHub\BlockyOS\compile\toolchain\gnu-efi-build\x86_64\/lib/\libefi.a(init.o)
 .note.GNU-stack
                0x0000000000036000        0x0 C:\GitHub\BlockyOS\compile\toolchain\gnu-efi-build\x86_64\/lib/\libefi.a(misc.o)
 .note.GNU-stack
                0x0000000000036000        0x0 C:\GitHub\BlockyOS\compile\toolchain\gnu-efi-build\x86_64\/lib/\libefi.a(str.o)
 .note.GNU-stack
                0x0000000000036000        0x0 C:\GitHub\BlockyOS\compile\toolchain\gnu-efi-build\x86_64\/lib/\libefi.a(efirtlib.o)
 .note.GNU-stack
                0x0000000000036000        0x0 C:\GitHub\BlockyOS\compile\toolchain\gnu-efi-build\x86_64\/lib/\libefi.a(rtstr.o)
 .note.GNU-stack
                0x0000000000036000        0x0 C:\GitHub\BlockyOS\compile\toolchain\gnu-efi-build\x86_64\/lib/\libefi.a(rtdata.o)
 .note.GNU-stack
                0x0000000000036000        0x0 C:\GitHub\BlockyOS\compile\toolchain\gnu-efi-build\x86_64\/lib/\libefi.a(initplat.o)
 .note.GNU-stack
                0x0000000000036000        0x0 C:\GitHub\BlockyOS\compile\toolchain\gnu-efi-build\x86_64\/lib/\libefi.a(print.o)
 .note.GNU-stack
                0x0000000000036000        0x0 C:\GitHub\BlockyOS\compile\toolchain\gnu-efi-build\x86_64\/lib/\libefi.a(va_print.o)
 .note.GNU-stack
                0x0000000000036000        0x0 C:\GitHub\BlockyOS\compile\toolchain\gnu-efi-build\x86_64\/lib/\libefi.a(efi_stub.o)
 .note.GNU-stack
                0x0000000000036000        0x0 C:\GitHub\BlockyOS\compile\toolchain\gnu-efi-build\x86_64\/lib/\libefi.a(console.o)
 .note.GNU-stack
                0x0000000000036000        0x0 C:\GitHub\BlockyOS\compile\toolchain\gnu-efi-build\x86_64\/lib/\libefi.a(dpath.o)
 .note.GNU-stack
                0x0000000000036000        0x0 C:\GitHub\BlockyOS\compile\toolchain\gnu-efi-build\x86_64\/lib/\libefi.a(error.o)
 .note.GNU-stack
                0x0000000000036000        0x0 C:\GitHub\BlockyOS\compile\toolchain\gnu-efi-build\x86_64\/lib/\libefi.a(event.o)
 .note.GNU-stack
                0x0000000000036000        0x0 C:\GitHub\BlockyOS\compile\toolchain\gnu-efi-build\x86_64\/lib/\libefi.a(hand.o)
 .note.GNU-stack
                0x0000000000036000        0x0 C:\GitHub\BlockyOS\compile\toolchain\gnu-efi-build\x86_64\/lib/\libefi.a(math.o)
 .note.GNU-stack
                0x0000000000036000        0x0 C:\GitHub\BlockyOS\compile\toolchain\gnu-efi-build\x86_64\/lib/\libgnuefi.a(reloc_x86_64.o)

.comment        0x0000000000000000       0x3f
 *(.comment)
 .comment       0x0000000000000000       0x3f C:\GitHub\BlockyOS\Build\Build-nodate\objs\blob_1.so
                                        0x143 (size before relaxing)
 .comment       0x000000000000003f        0x0 C:\GitHub\BlockyOS\compile\toolchain\gnu-efi-build\x86_64\/lib/\libefi.a(data.o)
                                         0x2e (size before relaxing)
 .comment       0x000000000000003f        0x0 C:\GitHub\BlockyOS\compile\toolchain\gnu-efi-build\x86_64\/lib/\libefi.a(entry.o)
                                         0x2e (size before relaxing)
 .comment       0x000000000000003f        0x0 C:\GitHub\BlockyOS\compile\toolchain\gnu-efi-build\x86_64\/lib/\libefi.a(exit.o)
                                         0x2e (size before relaxing)
 .comment       0x000000000000003f        0x0 C:\GitHub\BlockyOS\compile\toolchain\gnu-efi-build\x86_64\/lib/\libefi.a(guid.o)
                                         0x2e (size before relaxing)
 .comment       0x000000000000003f        0x0 C:\GitHub\BlockyOS\compile\toolchain\gnu-efi-build\x86_64\/lib/\libefi.a(init.o)
                                         0x2e (size before relaxing)
 .comment       0x000000000000003f        0x0 C:\GitHub\BlockyOS\compile\toolchain\gnu-efi-build\x86_64\/lib/\libefi.a(misc.o)
                                         0x2e (size before relaxing)
 .comment       0x000000000000003f        0x0 C:\GitHub\BlockyOS\compile\toolchain\gnu-efi-build\x86_64\/lib/\libefi.a(str.o)
                                         0x2e (size before relaxing)
 .comment       0x000000000000003f        0x0 C:\GitHub\BlockyOS\compile\toolchain\gnu-efi-build\x86_64\/lib/\libefi.a(efirtlib.o)
                                         0x2e (size before relaxing)
 .comment       0x000000000000003f        0x0 C:\GitHub\BlockyOS\compile\toolchain\gnu-efi-build\x86_64\/lib/\libefi.a(rtstr.o)
                                         0x2e (size before relaxing)
 .comment       0x000000000000003f        0x0 C:\GitHub\BlockyOS\compile\toolchain\gnu-efi-build\x86_64\/lib/\libefi.a(rtdata.o)
                                         0x2e (size before relaxing)
 .comment       0x000000000000003f        0x0 C:\GitHub\BlockyOS\compile\toolchain\gnu-efi-build\x86_64\/lib/\libefi.a(initplat.o)
                                         0x2e (size before relaxing)
 .comment       0x000000000000003f        0x0 C:\GitHub\BlockyOS\compile\toolchain\gnu-efi-build\x86_64\/lib/\libefi.a(print.o)
                                         0x2e (size before relaxing)
 .comment       0x000000000000003f        0x0 C:\GitHub\BlockyOS\compile\toolchain\gnu-efi-build\x86_64\/lib/\libefi.a(va_print.o)
                                         0x2e (size before relaxing)
 .comment       0x000000000000003f        0x0 C:\GitHub\BlockyOS\compile\toolchain\gnu-efi-build\x86_64\/lib/\libefi.a(console.o)
                                         0x2e (size before relaxing)
 .comment       0x000000000000003f        0x0 C:\GitHub\BlockyOS\compile\toolchain\gnu-efi-build\x86_64\/lib/\libefi.a(dpath.o)
                                         0x2e (size before relaxing)
 .comment       0x000000000000003f        0x0 C:\GitHub\BlockyOS\compile\toolchain\gnu-efi-build\x86_64\/lib/\libefi.a(error.o)
                                         0x2e (size before relaxing)
 .comment       0x000000000000003f        0x0 C:\GitHub\BlockyOS\compile\toolchain\gnu-efi-build\x86_64\/lib/\libefi.a(event.o)
                                         0x2e (size before relaxing)
 .comment       0x000000000000003f        0x0 C:\GitHub\BlockyOS\compile\toolchain\gnu-efi-build\x86_64\/lib/\libefi.a(hand.o)
                                         0x2e (size before relaxing)
 .comment       0x000000000000003f        0x0 C:\GitHub\BlockyOS\compile\toolchain\gnu-efi-build\x86_64\/lib/\libefi.a(math.o)
                                         0x2e (size before relaxing)
 .comment       0x000000000000003f        0x0 C:\GitHub\BlockyOS\compile\toolchain\gnu-efi-build\x86_64\/lib/\libgnuefi.a(reloc_x86_64.o)
                                         0x2e (size before relaxing)
LOAD C:\GitHub\BlockyOS\compile\toolchain\gnu-efi-build\x86_64\lib/crt0-efi-x86_64.o
LOAD C:\GitHub\BlockyOS\compile\toolchain\gnu-efi-build\x86_64\/lib/\libefi.a
LOAD C:\GitHub\BlockyOS\compile\toolchain\gnu-efi-build\x86_64\/lib/\libgnuefi.a
OUTPUT(C:\GitHub\BlockyOS\Build\Build-nodate\objs\blob_2.so elf64-x86-64)

.debug_aranges  0x0000000000000000      0x430
 .debug_aranges
                0x0000000000000000       0x30 C:\GitHub\BlockyOS\Build\Build-nodate\objs\blob_1.so
 .debug_aranges
                0x0000000000000030       0x30 C:\GitHub\BlockyOS\compile\toolchain\gnu-efi-build\x86_64\lib/crt0-efi-x86_64.o
 .debug_aranges
                0x0000000000000060       0x20 C:\GitHub\BlockyOS\compile\toolchain\gnu-efi-build\x86_64\/lib/\libefi.a(data.o)
 .debug_aranges
                0x0000000000000080       0x30 C:\GitHub\BlockyOS\compile\toolchain\gnu-efi-build\x86_64\/lib/\libefi.a(entry.o)
 .debug_aranges
                0x00000000000000b0       0x30 C:\GitHub\BlockyOS\compile\toolchain\gnu-efi-build\x86_64\/lib/\libefi.a(exit.o)
 .debug_aranges
                0x00000000000000e0       0x30 C:\GitHub\BlockyOS\compile\toolchain\gnu-efi-build\x86_64\/lib/\libefi.a(guid.o)
 .debug_aranges
                0x0000000000000110       0x30 C:\GitHub\BlockyOS\compile\toolchain\gnu-efi-build\x86_64\/lib/\libefi.a(init.o)
 .debug_aranges
                0x0000000000000140       0x30 C:\GitHub\BlockyOS\compile\toolchain\gnu-efi-build\x86_64\/lib/\libefi.a(misc.o)
 .debug_aranges
                0x0000000000000170       0x30 C:\GitHub\BlockyOS\compile\toolchain\gnu-efi-build\x86_64\/lib/\libefi.a(str.o)
 .debug_aranges
                0x00000000000001a0       0x30 C:\GitHub\BlockyOS\compile\toolchain\gnu-efi-build\x86_64\/lib/\libefi.a(efirtlib.o)
 .debug_aranges
                0x00000000000001d0       0x30 C:\GitHub\BlockyOS\compile\toolchain\gnu-efi-build\x86_64\/lib/\libefi.a(rtstr.o)
 .debug_aranges
                0x0000000000000200       0x20 C:\GitHub\BlockyOS\compile\toolchain\gnu-efi-build\x86_64\/lib/\libefi.a(rtdata.o)
 .debug_aranges
                0x0000000000000220       0x30 C:\GitHub\BlockyOS\compile\toolchain\gnu-efi-build\x86_64\/lib/\libefi.a(initplat.o)
 .debug_aranges
                0x0000000000000250       0x30 C:\GitHub\BlockyOS\compile\toolchain\gnu-efi-build\x86_64\/lib/\libefi.a(print.o)
 .debug_aranges
                0x0000000000000280       0x30 C:\GitHub\BlockyOS\compile\toolchain\gnu-efi-build\x86_64\/lib/\libefi.a(va_print.o)
 .debug_aranges
                0x00000000000002b0       0x30 C:\GitHub\BlockyOS\compile\toolchain\gnu-efi-build\x86_64\/lib/\libefi.a(efi_stub.o)
 .debug_aranges
                0x00000000000002e0       0x30 C:\GitHub\BlockyOS\compile\toolchain\gnu-efi-build\x86_64\/lib/\libefi.a(console.o)
 .debug_aranges
                0x0000000000000310       0x30 C:\GitHub\BlockyOS\compile\toolchain\gnu-efi-build\x86_64\/lib/\libefi.a(dpath.o)
 .debug_aranges
                0x0000000000000340       0x30 C:\GitHub\BlockyOS\compile\toolchain\gnu-efi-build\x86_64\/lib/\libefi.a(error.o)
 .debug_aranges
                0x0000000000000370       0x30 C:\GitHub\BlockyOS\compile\toolchain\gnu-efi-build\x86_64\/lib/\libefi.a(event.o)
 .debug_aranges
                0x00000000000003a0       0x30 C:\GitHub\BlockyOS\compile\toolchain\gnu-efi-build\x86_64\/lib/\libefi.a(hand.o)
 .debug_aranges
                0x00000000000003d0       0x30 C:\GitHub\BlockyOS\compile\toolchain\gnu-efi-build\x86_64\/lib/\libefi.a(math.o)
 .debug_aranges
                0x0000000000000400       0x30 C:\GitHub\BlockyOS\compile\toolchain\gnu-efi-build\x86_64\/lib/\libgnuefi.a(reloc_x86_64.o)

.debug_info     0x0000000000000000    0x2163d
 .debug_info    0x0000000000000000     0x2600 C:\GitHub\BlockyOS\Build\Build-nodate\objs\blob_1.so
 .debug_info    0x0000000000002600       0x28 C:\GitHub\BlockyOS\compile\toolchain\gnu-efi-build\x86_64\lib/crt0-efi-x86_64.o
 .debug_info    0x0000000000002628     0x2329 C:\GitHub\BlockyOS\compile\toolchain\gnu-efi-build\x86_64\/lib/\libefi.a(data.o)
 .debug_info    0x0000000000004951     0x1ad8 C:\GitHub\BlockyOS\compile\toolchain\gnu-efi-build\x86_64\/lib/\libefi.a(entry.o)
 .debug_info    0x0000000000006429      0xed8 C:\GitHub\BlockyOS\compile\toolchain\gnu-efi-build\x86_64\/lib/\libefi.a(exit.o)
 .debug_info    0x0000000000007301      0x607 C:\GitHub\BlockyOS\compile\toolchain\gnu-efi-build\x86_64\/lib/\libefi.a(guid.o)
 .debug_info    0x0000000000007908     0x1f35 C:\GitHub\BlockyOS\compile\toolchain\gnu-efi-build\x86_64\/lib/\libefi.a(init.o)
 .debug_info    0x000000000000983d     0x2f7c C:\GitHub\BlockyOS\compile\toolchain\gnu-efi-build\x86_64\/lib/\libefi.a(misc.o)
 .debug_info    0x000000000000c7b9      0xd9b C:\GitHub\BlockyOS\compile\toolchain\gnu-efi-build\x86_64\/lib/\libefi.a(str.o)
 .debug_info    0x000000000000d554      0x50f C:\GitHub\BlockyOS\compile\toolchain\gnu-efi-build\x86_64\/lib/\libefi.a(efirtlib.o)
 .debug_info    0x000000000000da63      0x752 C:\GitHub\BlockyOS\compile\toolchain\gnu-efi-build\x86_64\/lib/\libefi.a(rtstr.o)
 .debug_info    0x000000000000e1b5      0xa44 C:\GitHub\BlockyOS\compile\toolchain\gnu-efi-build\x86_64\/lib/\libefi.a(rtdata.o)
 .debug_info    0x000000000000ebf9     0x1789 C:\GitHub\BlockyOS\compile\toolchain\gnu-efi-build\x86_64\/lib/\libefi.a(initplat.o)
 .debug_info    0x0000000000010382     0x3784 C:\GitHub\BlockyOS\compile\toolchain\gnu-efi-build\x86_64\/lib/\libefi.a(print.o)
 .debug_info    0x0000000000013b06     0x2bbb C:\GitHub\BlockyOS\compile\toolchain\gnu-efi-build\x86_64\/lib/\libefi.a(va_print.o)
 .debug_info    0x00000000000166c1       0x29 C:\GitHub\BlockyOS\compile\toolchain\gnu-efi-build\x86_64\/lib/\libefi.a(efi_stub.o)
 .debug_info    0x00000000000166ea     0x1988 C:\GitHub\BlockyOS\compile\toolchain\gnu-efi-build\x86_64\/lib/\libefi.a(console.o)
 .debug_info    0x0000000000018072     0x4032 C:\GitHub\BlockyOS\compile\toolchain\gnu-efi-build\x86_64\/lib/\libefi.a(dpath.o)
 .debug_info    0x000000000001c0a4      0x1de C:\GitHub\BlockyOS\compile\toolchain\gnu-efi-build\x86_64\/lib/\libefi.a(error.o)
 .debug_info    0x000000000001c282     0x1af1 C:\GitHub\BlockyOS\compile\toolchain\gnu-efi-build\x86_64\/lib/\libefi.a(event.o)
 .debug_info    0x000000000001dd73     0x1e31 C:\GitHub\BlockyOS\compile\toolchain\gnu-efi-build\x86_64\/lib/\libefi.a(hand.o)
 .debug_info    0x000000000001fba4      0x1a3 C:\GitHub\BlockyOS\compile\toolchain\gnu-efi-build\x86_64\/lib/\libefi.a(math.o)
 .debug_info    0x000000000001fd47     0x18f6 C:\GitHub\BlockyOS\compile\toolchain\gnu-efi-build\x86_64\/lib/\libgnuefi.a(reloc_x86_64.o)

.debug_abbrev   0x0000000000000000     0x3b25
 .debug_abbrev  0x0000000000000000      0x395 C:\GitHub\BlockyOS\Build\Build-nodate\objs\blob_1.so
 .debug_abbrev  0x0000000000000395       0x14 C:\GitHub\BlockyOS\compile\toolchain\gnu-efi-build\x86_64\lib/crt0-efi-x86_64.o
 .debug_abbrev  0x00000000000003a9      0x220 C:\GitHub\BlockyOS\compile\toolchain\gnu-efi-build\x86_64\/lib/\libefi.a(data.o)
 .debug_abbrev  0x00000000000005c9      0x2f3 C:\GitHub\BlockyOS\compile\toolchain\gnu-efi-build\x86_64\/lib/\libefi.a(entry.o)
 .debug_abbrev  0x00000000000008bc      0x1dc C:\GitHub\BlockyOS\compile\toolchain\gnu-efi-build\x86_64\/lib/\libefi.a(exit.o)
 .debug_abbrev  0x0000000000000a98      0x205 C:\GitHub\BlockyOS\compile\toolchain\gnu-efi-build\x86_64\/lib/\libefi.a(guid.o)
 .debug_abbrev  0x0000000000000c9d      0x326 C:\GitHub\BlockyOS\compile\toolchain\gnu-efi-build\x86_64\/lib/\libefi.a(init.o)
 .debug_abbrev  0x0000000000000fc3      0x51a C:\GitHub\BlockyOS\compile\toolchain\gnu-efi-build\x86_64\/lib/\libefi.a(misc.o)
 .debug_abbrev  0x00000000000014dd      0x2e7 C:\GitHub\BlockyOS\compile\toolchain\gnu-efi-build\x86_64\/lib/\libefi.a(str.o)
 .debug_abbrev  0x00000000000017c4      0x1df C:\GitHub\BlockyOS\compile\toolchain\gnu-efi-build\x86_64\/lib/\libefi.a(efirtlib.o)
 .debug_abbrev  0x00000000000019a3      0x21d C:\GitHub\BlockyOS\compile\toolchain\gnu-efi-build\x86_64\/lib/\libefi.a(rtstr.o)
 .debug_abbrev  0x0000000000001bc0      0x164 C:\GitHub\BlockyOS\compile\toolchain\gnu-efi-build\x86_64\/lib/\libefi.a(rtdata.o)
 .debug_abbrev  0x0000000000001d24      0x1a9 C:\GitHub\BlockyOS\compile\toolchain\gnu-efi-build\x86_64\/lib/\libefi.a(initplat.o)
 .debug_abbrev  0x0000000000001ecd      0x5e7 C:\GitHub\BlockyOS\compile\toolchain\gnu-efi-build\x86_64\/lib/\libefi.a(print.o)
 .debug_abbrev  0x00000000000024b4      0x51b C:\GitHub\BlockyOS\compile\toolchain\gnu-efi-build\x86_64\/lib/\libefi.a(va_print.o)
 .debug_abbrev  0x00000000000029cf       0x14 C:\GitHub\BlockyOS\compile\toolchain\gnu-efi-build\x86_64\/lib/\libefi.a(efi_stub.o)
 .debug_abbrev  0x00000000000029e3      0x270 C:\GitHub\BlockyOS\compile\toolchain\gnu-efi-build\x86_64\/lib/\libefi.a(console.o)
 .debug_abbrev  0x0000000000002c53      0x4e0 C:\GitHub\BlockyOS\compile\toolchain\gnu-efi-build\x86_64\/lib/\libefi.a(dpath.o)
 .debug_abbrev  0x0000000000003133      0x12b C:\GitHub\BlockyOS\compile\toolchain\gnu-efi-build\x86_64\/lib/\libefi.a(error.o)
 .debug_abbrev  0x000000000000325e      0x2b1 C:\GitHub\BlockyOS\compile\toolchain\gnu-efi-build\x86_64\/lib/\libefi.a(event.o)
 .debug_abbrev  0x000000000000350f      0x356 C:\GitHub\BlockyOS\compile\toolchain\gnu-efi-build\x86_64\/lib/\libefi.a(hand.o)
 .debug_abbrev  0x0000000000003865       0xa3 C:\GitHub\BlockyOS\compile\toolchain\gnu-efi-build\x86_64\/lib/\libefi.a(math.o)
 .debug_abbrev  0x0000000000003908      0x21d C:\GitHub\BlockyOS\compile\toolchain\gnu-efi-build\x86_64\/lib/\libgnuefi.a(reloc_x86_64.o)

.debug_line     0x0000000000000000     0x6d51
 .debug_line    0x0000000000000000      0x8ee C:\GitHub\BlockyOS\Build\Build-nodate\objs\blob_1.so
 .debug_line    0x00000000000008ee       0x5b C:\GitHub\BlockyOS\compile\toolchain\gnu-efi-build\x86_64\lib/crt0-efi-x86_64.o
 .debug_line    0x0000000000000949       0x73 C:\GitHub\BlockyOS\compile\toolchain\gnu-efi-build\x86_64\/lib/\libefi.a(data.o)
 .debug_line    0x00000000000009bc      0x1dc C:\GitHub\BlockyOS\compile\toolchain\gnu-efi-build\x86_64\/lib/\libefi.a(entry.o)
 .debug_line    0x0000000000000b98       0xaa C:\GitHub\BlockyOS\compile\toolchain\gnu-efi-build\x86_64\/lib/\libefi.a(exit.o)
 .debug_line    0x0000000000000c42      0x14e C:\GitHub\BlockyOS\compile\toolchain\gnu-efi-build\x86_64\/lib/\libefi.a(guid.o)
 .debug_line    0x0000000000000d90      0x2da C:\GitHub\BlockyOS\compile\toolchain\gnu-efi-build\x86_64\/lib/\libefi.a(init.o)
 .debug_line    0x000000000000106a      0xa1d C:\GitHub\BlockyOS\compile\toolchain\gnu-efi-build\x86_64\/lib/\libefi.a(misc.o)
 .debug_line    0x0000000000001a87      0x5ed C:\GitHub\BlockyOS\compile\toolchain\gnu-efi-build\x86_64\/lib/\libefi.a(str.o)
 .debug_line    0x0000000000002074      0x222 C:\GitHub\BlockyOS\compile\toolchain\gnu-efi-build\x86_64\/lib/\libefi.a(efirtlib.o)
 .debug_line    0x0000000000002296      0x457 C:\GitHub\BlockyOS\compile\toolchain\gnu-efi-build\x86_64\/lib/\libefi.a(rtstr.o)
 .debug_line    0x00000000000026ed       0x6e C:\GitHub\BlockyOS\compile\toolchain\gnu-efi-build\x86_64\/lib/\libefi.a(rtdata.o)
 .debug_line    0x000000000000275b       0x82 C:\GitHub\BlockyOS\compile\toolchain\gnu-efi-build\x86_64\/lib/\libefi.a(initplat.o)
 .debug_line    0x00000000000027dd     0x15b5 C:\GitHub\BlockyOS\compile\toolchain\gnu-efi-build\x86_64\/lib/\libefi.a(print.o)
 .debug_line    0x0000000000003d92      0xf11 C:\GitHub\BlockyOS\compile\toolchain\gnu-efi-build\x86_64\/lib/\libefi.a(va_print.o)
 .debug_line    0x0000000000004ca3       0xb5 C:\GitHub\BlockyOS\compile\toolchain\gnu-efi-build\x86_64\/lib/\libefi.a(efi_stub.o)
 .debug_line    0x0000000000004d58      0x15b C:\GitHub\BlockyOS\compile\toolchain\gnu-efi-build\x86_64\/lib/\libefi.a(console.o)
 .debug_line    0x0000000000004eb3     0x114f C:\GitHub\BlockyOS\compile\toolchain\gnu-efi-build\x86_64\/lib/\libefi.a(dpath.o)
 .debug_line    0x0000000000006002       0xbe C:\GitHub\BlockyOS\compile\toolchain\gnu-efi-build\x86_64\/lib/\libefi.a(error.o)
 .debug_line    0x00000000000060c0      0x1b3 C:\GitHub\BlockyOS\compile\toolchain\gnu-efi-build\x86_64\/lib/\libefi.a(event.o)
 .debug_line    0x0000000000006273      0x8a9 C:\GitHub\BlockyOS\compile\toolchain\gnu-efi-build\x86_64\/lib/\libefi.a(hand.o)
 .debug_line    0x0000000000006b1c       0xbe C:\GitHub\BlockyOS\compile\toolchain\gnu-efi-build\x86_64\/lib/\libefi.a(math.o)
 .debug_line    0x0000000000006bda      0x177 C:\GitHub\BlockyOS\compile\toolchain\gnu-efi-build\x86_64\/lib/\libgnuefi.a(reloc_x86_64.o)

.debug_str      0x0000000000000000     0x38aa
 .debug_str     0x0000000000000000     0x38aa C:\GitHub\BlockyOS\Build\Build-nodate\objs\blob_1.so
                                       0x1105 (size before relaxing)
 .debug_str     0x00000000000038aa        0x0 C:\GitHub\BlockyOS\compile\toolchain\gnu-efi-build\x86_64\lib/crt0-efi-x86_64.o
                                         0x6e (size before relaxing)
 .debug_str     0x00000000000038aa        0x0 C:\GitHub\BlockyOS\compile\toolchain\gnu-efi-build\x86_64\/lib/\libefi.a(data.o)
                                       0x1cc7 (size before relaxing)
 .debug_str     0x00000000000038aa        0x0 C:\GitHub\BlockyOS\compile\toolchain\gnu-efi-build\x86_64\/lib/\libefi.a(entry.o)
                                       0x1420 (size before relaxing)
 .debug_str     0x00000000000038aa        0x0 C:\GitHub\BlockyOS\compile\toolchain\gnu-efi-build\x86_64\/lib/\libefi.a(exit.o)
                                        0xcba (size before relaxing)
 .debug_str     0x00000000000038aa        0x0 C:\GitHub\BlockyOS\compile\toolchain\gnu-efi-build\x86_64\/lib/\libefi.a(guid.o)
                                        0x69f (size before relaxing)
 .debug_str     0x00000000000038aa        0x0 C:\GitHub\BlockyOS\compile\toolchain\gnu-efi-build\x86_64\/lib/\libefi.a(init.o)
                                       0x16c0 (size before relaxing)
 .debug_str     0x00000000000038aa        0x0 C:\GitHub\BlockyOS\compile\toolchain\gnu-efi-build\x86_64\/lib/\libefi.a(misc.o)
                                       0x197e (size before relaxing)
 .debug_str     0x00000000000038aa        0x0 C:\GitHub\BlockyOS\compile\toolchain\gnu-efi-build\x86_64\/lib/\libefi.a(str.o)
                                        0x480 (size before relaxing)
 .debug_str     0x00000000000038aa        0x0 C:\GitHub\BlockyOS\compile\toolchain\gnu-efi-build\x86_64\/lib/\libefi.a(efirtlib.o)
                                        0x291 (size before relaxing)
 .debug_str     0x00000000000038aa        0x0 C:\GitHub\BlockyOS\compile\toolchain\gnu-efi-build\x86_64\/lib/\libefi.a(rtstr.o)
                                        0x28a (size before relaxing)
 .debug_str     0x00000000000038aa        0x0 C:\GitHub\BlockyOS\compile\toolchain\gnu-efi-build\x86_64\/lib/\libefi.a(rtdata.o)
                                        0x828 (size before relaxing)
 .debug_str     0x00000000000038aa        0x0 C:\GitHub\BlockyOS\compile\toolchain\gnu-efi-build\x86_64\/lib/\libefi.a(initplat.o)
                                       0x1334 (size before relaxing)
 .debug_str     0x00000000000038aa        0x0 C:\GitHub\BlockyOS\compile\toolchain\gnu-efi-build\x86_64\/lib/\libefi.a(print.o)
                                       0x16e1 (size before relaxing)
 .debug_str     0x00000000000038aa        0x0 C:\GitHub\BlockyOS\compile\toolchain\gnu-efi-build\x86_64\/lib/\libefi.a(va_print.o)
                                       0x15bc (size before relaxing)
 .debug_str     0x00000000000038aa        0x0 C:\GitHub\BlockyOS\compile\toolchain\gnu-efi-build\x86_64\/lib/\libefi.a(efi_stub.o)
                                         0x68 (size before relaxing)
 .debug_str     0x00000000000038aa        0x0 C:\GitHub\BlockyOS\compile\toolchain\gnu-efi-build\x86_64\/lib/\libefi.a(console.o)
                                       0x1355 (size before relaxing)
 .debug_str     0x00000000000038aa        0x0 C:\GitHub\BlockyOS\compile\toolchain\gnu-efi-build\x86_64\/lib/\libefi.a(dpath.o)
                                       0x1854 (size before relaxing)
 .debug_str     0x00000000000038aa        0x0 C:\GitHub\BlockyOS\compile\toolchain\gnu-efi-build\x86_64\/lib/\libefi.a(error.o)
                                        0x21f (size before relaxing)
 .debug_str     0x00000000000038aa        0x0 C:\GitHub\BlockyOS\compile\toolchain\gnu-efi-build\x86_64\/lib/\libefi.a(event.o)
                                       0x13f6 (size before relaxing)
 .debug_str     0x00000000000038aa        0x0 C:\GitHub\BlockyOS\compile\toolchain\gnu-efi-build\x86_64\/lib/\libefi.a(hand.o)
                                       0x136e (size before relaxing)
 .debug_str     0x00000000000038aa        0x0 C:\GitHub\BlockyOS\compile\toolchain\gnu-efi-build\x86_64\/lib/\libefi.a(math.o)
                                        0x210 (size before relaxing)
 .debug_str     0x00000000000038aa        0x0 C:\GitHub\BlockyOS\compile\toolchain\gnu-efi-build\x86_64\/lib/\libgnuefi.a(reloc_x86_64.o)
                                       0x13a7 (size before relaxing)

.debug_line_str
                0x0000000000000000      0x75e
 .debug_line_str
                0x0000000000000000      0x75e C:\GitHub\BlockyOS\Build\Build-nodate\objs\blob_1.so
                                        0x1cf (size before relaxing)
 .debug_line_str
                0x000000000000075e        0x0 C:\GitHub\BlockyOS\compile\toolchain\gnu-efi-build\x86_64\lib/crt0-efi-x86_64.o
                                         0x62 (size before relaxing)
 .debug_line_str
                0x000000000000075e        0x0 C:\GitHub\BlockyOS\compile\toolchain\gnu-efi-build\x86_64\/lib/\libefi.a(data.o)
                                        0x170 (size before relaxing)
 .debug_line_str
                0x000000000000075e        0x0 C:\GitHub\BlockyOS\compile\toolchain\gnu-efi-build\x86_64\/lib/\libefi.a(entry.o)
                                        0x176 (size before relaxing)
 .debug_line_str
                0x000000000000075e        0x0 C:\GitHub\BlockyOS\compile\toolchain\gnu-efi-build\x86_64\/lib/\libefi.a(exit.o)
                                        0x167 (size before relaxing)
 .debug_line_str
                0x000000000000075e        0x0 C:\GitHub\BlockyOS\compile\toolchain\gnu-efi-build\x86_64\/lib/\libefi.a(guid.o)
                                        0x159 (size before relaxing)
 .debug_line_str
                0x000000000000075e        0x0 C:\GitHub\BlockyOS\compile\toolchain\gnu-efi-build\x86_64\/lib/\libefi.a(init.o)
                                        0x188 (size before relaxing)
 .debug_line_str
                0x000000000000075e        0x0 C:\GitHub\BlockyOS\compile\toolchain\gnu-efi-build\x86_64\/lib/\libefi.a(misc.o)
                                        0x187 (size before relaxing)
 .debug_line_str
                0x000000000000075e        0x0 C:\GitHub\BlockyOS\compile\toolchain\gnu-efi-build\x86_64\/lib/\libefi.a(str.o)
                                        0x15c (size before relaxing)
 .debug_line_str
                0x000000000000075e        0x0 C:\GitHub\BlockyOS\compile\toolchain\gnu-efi-build\x86_64\/lib/\libefi.a(efirtlib.o)
                                        0x160 (size before relaxing)
 .debug_line_str
                0x000000000000075e        0x0 C:\GitHub\BlockyOS\compile\toolchain\gnu-efi-build\x86_64\/lib/\libefi.a(rtstr.o)
                                        0x150 (size before relaxing)
 .debug_line_str
                0x000000000000075e        0x0 C:\GitHub\BlockyOS\compile\toolchain\gnu-efi-build\x86_64\/lib/\libefi.a(rtdata.o)
                                        0x17d (size before relaxing)
 .debug_line_str
                0x000000000000075e        0x0 C:\GitHub\BlockyOS\compile\toolchain\gnu-efi-build\x86_64\/lib/\libefi.a(initplat.o)
                                        0x17b (size before relaxing)
 .debug_line_str
                0x000000000000075e        0x0 C:\GitHub\BlockyOS\compile\toolchain\gnu-efi-build\x86_64\/lib/\libefi.a(print.o)
                                        0x1d2 (size before relaxing)
 .debug_line_str
                0x000000000000075e        0x0 C:\GitHub\BlockyOS\compile\toolchain\gnu-efi-build\x86_64\/lib/\libefi.a(va_print.o)
                                        0x1ca (size before relaxing)
 .debug_line_str
                0x000000000000075e        0x0 C:\GitHub\BlockyOS\compile\toolchain\gnu-efi-build\x86_64\/lib/\libefi.a(efi_stub.o)
                                         0x5c (size before relaxing)
 .debug_line_str
                0x000000000000075e        0x0 C:\GitHub\BlockyOS\compile\toolchain\gnu-efi-build\x86_64\/lib/\libefi.a(console.o)
                                        0x173 (size before relaxing)
 .debug_line_str
                0x000000000000075e        0x0 C:\GitHub\BlockyOS\compile\toolchain\gnu-efi-build\x86_64\/lib/\libefi.a(dpath.o)
                                        0x164 (size before relaxing)
 .debug_line_str
                0x000000000000075e        0x0 C:\GitHub\BlockyOS\compile\toolchain\gnu-efi-build\x86_64\/lib/\libefi.a(error.o)
                                        0x147 (size before relaxing)
 .debug_line_str
                0x000000000000075e        0x0 C:\GitHub\BlockyOS\compile\toolchain\gnu-efi-build\x86_64\/lib/\libefi.a(event.o)
                                        0x16d (size before relaxing)
 .debug_line_str
                0x000000000000075e        0x0 C:\GitHub\BlockyOS\compile\toolchain\gnu-efi-build\x86_64\/lib/\libefi.a(hand.o)
                                        0x178 (size before relaxing)
 .debug_line_str
                0x000000000000075e        0x0 C:\GitHub\BlockyOS\compile\toolchain\gnu-efi-build\x86_64\/lib/\libefi.a(math.o)
                                        0x11f (size before relaxing)
 .debug_line_str
                0x000000000000075e        0x0 C:\GitHub\BlockyOS\compile\toolchain\gnu-efi-build\x86_64\/lib/\libgnuefi.a(reloc_x86_64.o)
                                        0x198 (size before relaxing)

.debug_loclists
                0x0000000000000000     0x6b6c
 .debug_loclists
                0x0000000000000000      0x78c C:\GitHub\BlockyOS\Build\Build-nodate\objs\blob_1.so
 .debug_loclists
                0x000000000000078c       0xf3 C:\GitHub\BlockyOS\compile\toolchain\gnu-efi-build\x86_64\/lib/\libefi.a(entry.o)
 .debug_loclists
                0x000000000000087f       0x49 C:\GitHub\BlockyOS\compile\toolchain\gnu-efi-build\x86_64\/lib/\libefi.a(exit.o)
 .debug_loclists
                0x00000000000008c8       0xd7 C:\GitHub\BlockyOS\compile\toolchain\gnu-efi-build\x86_64\/lib/\libefi.a(guid.o)
 .debug_loclists
                0x000000000000099f      0x274 C:\GitHub\BlockyOS\compile\toolchain\gnu-efi-build\x86_64\/lib/\libefi.a(init.o)
 .debug_loclists
                0x0000000000000c13      0xcb4 C:\GitHub\BlockyOS\compile\toolchain\gnu-efi-build\x86_64\/lib/\libefi.a(misc.o)
 .debug_loclists
                0x00000000000018c7      0x5d2 C:\GitHub\BlockyOS\compile\toolchain\gnu-efi-build\x86_64\/lib/\libefi.a(str.o)
 .debug_loclists
                0x0000000000001e99      0x3f3 C:\GitHub\BlockyOS\compile\toolchain\gnu-efi-build\x86_64\/lib/\libefi.a(efirtlib.o)
 .debug_loclists
                0x000000000000228c      0x67d C:\GitHub\BlockyOS\compile\toolchain\gnu-efi-build\x86_64\/lib/\libefi.a(rtstr.o)
 .debug_loclists
                0x0000000000002909     0x1438 C:\GitHub\BlockyOS\compile\toolchain\gnu-efi-build\x86_64\/lib/\libefi.a(print.o)
 .debug_loclists
                0x0000000000003d41      0xb44 C:\GitHub\BlockyOS\compile\toolchain\gnu-efi-build\x86_64\/lib/\libefi.a(va_print.o)
 .debug_loclists
                0x0000000000004885      0x141 C:\GitHub\BlockyOS\compile\toolchain\gnu-efi-build\x86_64\/lib/\libefi.a(console.o)
 .debug_loclists
                0x00000000000049c6     0x18c0 C:\GitHub\BlockyOS\compile\toolchain\gnu-efi-build\x86_64\/lib/\libefi.a(dpath.o)
 .debug_loclists
                0x0000000000006286       0x62 C:\GitHub\BlockyOS\compile\toolchain\gnu-efi-build\x86_64\/lib/\libefi.a(error.o)
 .debug_loclists
                0x00000000000062e8      0x1d4 C:\GitHub\BlockyOS\compile\toolchain\gnu-efi-build\x86_64\/lib/\libefi.a(event.o)
 .debug_loclists
                0x00000000000064bc      0x555 C:\GitHub\BlockyOS\compile\toolchain\gnu-efi-build\x86_64\/lib/\libefi.a(hand.o)
 .debug_loclists
                0x0000000000006a11       0x1b C:\GitHub\BlockyOS\compile\toolchain\gnu-efi-build\x86_64\/lib/\libefi.a(math.o)
 .debug_loclists
                0x0000000000006a2c      0x140 C:\GitHub\BlockyOS\compile\toolchain\gnu-efi-build\x86_64\/lib/\libgnuefi.a(reloc_x86_64.o)

.debug_rnglists
                0x0000000000000000      0x3fa
 .debug_rnglists
                0x0000000000000000       0x27 C:\GitHub\BlockyOS\Build\Build-nodate\objs\blob_1.so
 .debug_rnglists
                0x0000000000000027       0x3a C:\GitHub\BlockyOS\compile\toolchain\gnu-efi-build\x86_64\/lib/\libefi.a(entry.o)
 .debug_rnglists
                0x0000000000000061       0x9c C:\GitHub\BlockyOS\compile\toolchain\gnu-efi-build\x86_64\/lib/\libefi.a(misc.o)
 .debug_rnglists
                0x00000000000000fd       0x25 C:\GitHub\BlockyOS\compile\toolchain\gnu-efi-build\x86_64\/lib/\libefi.a(str.o)
 .debug_rnglists
                0x0000000000000122       0x17 C:\GitHub\BlockyOS\compile\toolchain\gnu-efi-build\x86_64\/lib/\libefi.a(efirtlib.o)
 .debug_rnglists
                0x0000000000000139       0x61 C:\GitHub\BlockyOS\compile\toolchain\gnu-efi-build\x86_64\/lib/\libefi.a(rtstr.o)
 .debug_rnglists
                0x000000000000019a      0x10f C:\GitHub\BlockyOS\compile\toolchain\gnu-efi-build\x86_64\/lib/\libefi.a(print.o)
 .debug_rnglists
                0x00000000000002a9       0xc7 C:\GitHub\BlockyOS\compile\toolchain\gnu-efi-build\x86_64\/lib/\libefi.a(va_print.o)
 .debug_rnglists
                0x0000000000000370       0x8a C:\GitHub\BlockyOS\compile\toolchain\gnu-efi-build\x86_64\/lib/\libefi.a(dpath.o)
