=== GPT/MBR Driver Session ===
[2026-04-28 23:16:18] [INFO] Driver started
[2026-04-28 23:16:18] [INFO] Loaded 3 partition definitions
[2026-04-28 23:16:18] [INFO] Computed disk layout:
[2026-04-28 23:16:18] [INFO]   First usable LBA : 2048
[2026-04-28 23:16:18] [INFO]   Last usable LBA  : 2623488
[2026-04-28 23:16:18] [INFO]   Total sectors    : 2623491
[2026-04-28 23:16:18] [INFO]   Entry sectors    : 1
[2026-04-28 23:16:18] [INFO] Creating disk image: C:\Users\olusa\OneDrive\Documents\GitHub\BlockyOS\Build\Build-2026-04-28-16\disk.img
[2026-04-28 23:16:18] [INFO] Writing protective MBR
[2026-04-28 23:16:18] [INFO] >> [SEEK] Offset=0 Origin=Begin  (Caller: GPT.ps1: line 503)
[2026-04-28 23:16:18] [INFO] >> ([WRITE] Position=0  Count=512  Caller=GPT.ps1: line 543)
[2026-04-28 23:16:18] [INFO] Writing primary GPT header and entries
[2026-04-28 23:16:18] [INFO] >> [SEEK] Offset=1024 Origin=Begin  (Caller: GPT.ps1: line 503)
[2026-04-28 23:16:18] [INFO] >> ([WRITE] Position=1024  Count=384  Caller=GPT.ps1: line 724)
[2026-04-28 23:16:19] [INFO] >> [SEEK] Offset=512 Origin=Begin  (Caller: GPT.ps1: line 503)
[2026-04-28 23:16:19] [INFO] >> ([WRITE] Position=512  Count=512  Caller=GPT.ps1: line 767)
[2026-04-28 23:16:19] [INFO] Writing backup GPT header and entries
[2026-04-28 23:16:19] [INFO] >> [SEEK] Offset=1343226368 Origin=Begin  (Caller: GPT.ps1: line 503)
[2026-04-28 23:16:19] [INFO] >> ([WRITE] Position=1343226368  Count=384  Caller=GPT.ps1: line 724)
[2026-04-28 23:16:19] [INFO] >> [SEEK] Offset=1343226880 Origin=Begin  (Caller: GPT.ps1: line 503)
[2026-04-28 23:16:23] [INFO] >> ([WRITE] Position=1343226880  Count=512  Caller=GPT.ps1: line 795)
[2026-04-28 23:16:23] [INFO] Disk build complete
