Stale source detected for C:\GitHub\BlockyOS\src\Boot\UEFI\drivers\.disk\fs\frat.c. source=2026-05-22T16:44:54.9268322Z, stored=none, delta=n/a sec
C:\GitHub\BlockyOS\src\Boot\UEFI\gcc.ps1 -c C:\GitHub\BlockyOS\src\Boot\UEFI\drivers\.disk\fs\frat.c -o C:\GitHub\BlockyOS\Build\Build-2026-05-22-00\objs\UEFI.c.frat.o -I C:\GitHub\BlockyOS\compile\cache\ -I C:\GitHub\BlockyOS/src/ -I C:\GitHub\BlockyOS/ -I C:\GitHub\BlockyOS\compile\toolchain\gnu-efi-build\x86_64\\include\efi\ -I C:\GitHub\BlockyOS\compile\toolchain\prebuild\include\ -I C:\GitHub\BlockyOS\compile\toolchain\gnu-efi-build\x86_64\include\efi\legacy\ -I C:\GitHub\BlockyOS\compile\toolchain\gnu-efi-build\x86_64\include\efi\x86_64\ -fno-strict-aliasing -fno-stack-protector -fno-stack-check -fdiagnostics-color=always -fshort-wchar -fno-inline -fno-toplevel-reorder -ffunction-sections -fdata-sections -fno-delete-null-pointer-checks -ffreestanding -fno-lto -pie -shared -maccumulate-outgoing-args -fno-omit-frame-pointer -m64 -D __x86_64__ -mno-red-zone -D __DEBUG__ -D __CUSTMEM_FUNC__
[01m[KC:\GitHub\BlockyOS\src\Boot\UEFI\drivers\.disk\fs\frat.c:[m[K In function '[01m[K_fwrite[m[K':
[01m[KC:\GitHub\BlockyOS\src\Boot\UEFI\drivers\.disk\fs\frat.c:663:42:[m[K [01;35m[Kwarning: [m[Kpassing argument 2 of '[01m[K__safecopy[m[K' discards '[01m[Kconst[m[K' qualifier from pointer target type [[01;35m[K-Wdiscarded-qualifiers[m[K]
  663 |         __safecopy(blk + blkOffset, [01;35m[Kdata + written[m[K, chunk);
      |                                     [01;35m[K~~~~~^~~~~~~~~[m[K
In file included from [01m[KC:\GitHub\BlockyOS/src/Boot/UEFI/drivers/.disk/raw/raw.h:6[m[K,
                 from [01m[KC:\GitHub\BlockyOS\src\Boot\UEFI\drivers\.disk\fs\frat.h:5[m[K,
                 from [01m[KC:\GitHub\BlockyOS\src\Boot\UEFI\drivers\.disk\fs\frat.c:1[m[K:
[01m[KC:\GitHub\BlockyOS/src/Boot/UEFI/tools/tools.h:146:34:[m[K [01;36m[Knote: [m[Kexpected '[01m[K[01;32m[Kvoid *[m[K[m[K' but argument is of type '[01m[K[01;34m[Kconst void *[m[K[m[K'
  146 | void __safecopy(void *dst, [01;32m[Kv[m[K[01;32m[Ko[m[K[01;32m[Ki[m[K[01;32m[Kd[m[K[01;32m[K [m[K[01;32m[K*[m[K[01;32m[Ks[m[K[01;32m[Kr[m[K[01;32m[Kc[m[K, UINT64 len);
      |                            [01;32m[K~[m[K[01;32m[K~[m[K[01;32m[K~[m[K[01;32m[K~[m[K[01;32m[K~[m[K[01;32m[K~[m[K[01;32m[K^[m[K[01;32m[K~[m[K[01;32m[K~[m[K
Compiled and updated timestamp for C:\GitHub\BlockyOS\src\Boot\UEFI\drivers\.disk\fs\frat.c
Stale source detected for C:\GitHub\BlockyOS\src\Boot\UEFI\drivers\.disk\raw\raw.c. source=2026-05-22T16:44:54.9288368Z, stored=none, delta=n/a sec
C:\GitHub\BlockyOS\src\Boot\UEFI\gcc.ps1 -c C:\GitHub\BlockyOS\src\Boot\UEFI\drivers\.disk\raw\raw.c -o C:\GitHub\BlockyOS\Build\Build-2026-05-22-00\objs\UEFI.c.raw.o -I C:\GitHub\BlockyOS\compile\cache\ -I C:\GitHub\BlockyOS/src/ -I C:\GitHub\BlockyOS/ -I C:\GitHub\BlockyOS\compile\toolchain\gnu-efi-build\x86_64\\include\efi\ -I C:\GitHub\BlockyOS\compile\toolchain\prebuild\include\ -I C:\GitHub\BlockyOS\compile\toolchain\gnu-efi-build\x86_64\include\efi\legacy\ -I C:\GitHub\BlockyOS\compile\toolchain\gnu-efi-build\x86_64\include\efi\x86_64\ -fno-strict-aliasing -fno-stack-protector -fno-stack-check -fdiagnostics-color=always -fshort-wchar -fno-inline -fno-toplevel-reorder -ffunction-sections -fdata-sections -fno-delete-null-pointer-checks -ffreestanding -fno-lto -pie -shared -maccumulate-outgoing-args -fno-omit-frame-pointer -m64 -D __x86_64__ -mno-red-zone -D __DEBUG__ -D __CUSTMEM_FUNC__

Compiled and updated timestamp for C:\GitHub\BlockyOS\src\Boot\UEFI\drivers\.disk\raw\raw.c
Stale source detected for C:\GitHub\BlockyOS\src\Boot\UEFI\drivers\crypto\blake2\ref\blake2b-ref.c. source=2026-05-14T00:09:21.5816998Z, stored=none, delta=n/a sec
C:\GitHub\BlockyOS\src\Boot\UEFI\gcc.ps1 -c C:\GitHub\BlockyOS\src\Boot\UEFI\drivers\crypto\blake2\ref\blake2b-ref.c -o C:\GitHub\BlockyOS\Build\Build-2026-05-22-00\objs\UEFI.c.blake2b-ref.o -I C:\GitHub\BlockyOS\compile\cache\ -I C:\GitHub\BlockyOS/src/ -I C:\GitHub\BlockyOS/ -I C:\GitHub\BlockyOS\compile\toolchain\gnu-efi-build\x86_64\\include\efi\ -I C:\GitHub\BlockyOS\compile\toolchain\prebuild\include\ -I C:\GitHub\BlockyOS\compile\toolchain\gnu-efi-build\x86_64\include\efi\legacy\ -I C:\GitHub\BlockyOS\compile\toolchain\gnu-efi-build\x86_64\include\efi\x86_64\ -fno-strict-aliasing -fno-stack-protector -fno-stack-check -fdiagnostics-color=always -fshort-wchar -fno-inline -fno-toplevel-reorder -ffunction-sections -fdata-sections -fno-delete-null-pointer-checks -ffreestanding -fno-lto -pie -shared -maccumulate-outgoing-args -fno-omit-frame-pointer -m64 -D __x86_64__ -mno-red-zone -D __DEBUG__ -D __CUSTMEM_FUNC__
[01m[KC:\GitHub\BlockyOS\src\Boot\UEFI\drivers\crypto\blake2\ref\blake2b-ref.c:[m[K In function '[01m[Kblake2b_init_key[m[K':
[01m[KC:\GitHub\BlockyOS\src\Boot\UEFI\drivers\crypto\blake2\ref\blake2b-ref.c:144:22:[m[K [01;35m[Kwarning: [m[Kpassing argument 2 of '[01m[K__memcpy[m[K' discards '[01m[Kconst[m[K' qualifier from pointer target type [[01;35m[K-Wdiscarded-qualifiers[m[K]
  144 |     __memcpy( block, [01;35m[Kkey[m[K, keylen );
      |                      [01;35m[K^~~[m[K
In file included from [01m[KC:\GitHub\BlockyOS\src\Boot\UEFI\drivers\crypto\blake2\ref\blake2-impl.h:20[m[K,
                 from [01m[KC:\GitHub\BlockyOS\src\Boot\UEFI\drivers\crypto\blake2\ref\blake2b-ref.c:19[m[K:
[01m[KC:\GitHub\BlockyOS/src/Boot/UEFI/tools/tools.h:147:60:[m[K [01;36m[Knote: [m[Kexpected '[01m[K[01;32m[Kvoid * restrict[m[K[m[K' but argument is of type '[01m[K[01;34m[Kconst void *[m[K[m[K'
  147 | void __memcpy(void * __restrict__ dst, [01;32m[Kv[m[K[01;32m[Ko[m[K[01;32m[Ki[m[K[01;32m[Kd[m[K[01;32m[K [m[K[01;32m[K*[m[K[01;32m[K [m[K[01;32m[K_[m[K[01;32m[K_[m[K[01;32m[Kr[m[K[01;32m[Ke[m[K[01;32m[Ks[m[K[01;32m[Kt[m[K[01;32m[Kr[m[K[01;32m[Ki[m[K[01;32m[Kc[m[K[01;32m[Kt[m[K[01;32m[K_[m[K[01;32m[K_[m[K[01;32m[K [m[K[01;32m[Ks[m[K[01;32m[Kr[m[K[01;32m[Kc[m[K, UINT64 len);
      |                                        [01;32m[K~[m[K[01;32m[K~[m[K[01;32m[K~[m[K[01;32m[K~[m[K[01;32m[K~[m[K[01;32m[K~[m[K[01;32m[K~[m[K[01;32m[K~[m[K[01;32m[K~[m[K[01;32m[K~[m[K[01;32m[K~[m[K[01;32m[K~[m[K[01;32m[K~[m[K[01;32m[K~[m[K[01;32m[K~[m[K[01;32m[K~[m[K[01;32m[K~[m[K[01;32m[K~[m[K[01;32m[K~[m[K[01;32m[K~[m[K[01;32m[K^[m[K[01;32m[K~[m[K[01;32m[K~[m[K
[01m[KC:\GitHub\BlockyOS\src\Boot\UEFI\drivers\crypto\blake2\ref\blake2b-ref.c:[m[K In function '[01m[Kblake2b_update[m[K':
[01m[KC:\GitHub\BlockyOS\src\Boot\UEFI\drivers\crypto\blake2\ref\blake2b-ref.c:229:32:[m[K [01;35m[Kwarning: [m[Kpassing argument 2 of '[01m[K__memcpy[m[K' discards '[01m[Kconst[m[K' qualifier from pointer target type [[01;35m[K-Wdiscarded-qualifiers[m[K]
  229 |       __memcpy( S->buf + left, [01;35m[Kin[m[K, fill ); /* Fill buffer */
      |                                [01;35m[K^~[m[K
[01m[KC:\GitHub\BlockyOS/src/Boot/UEFI/tools/tools.h:147:60:[m[K [01;36m[Knote: [m[Kexpected '[01m[K[01;32m[Kvoid * restrict[m[K[m[K' but argument is of type '[01m[K[01;34m[Kconst unsigned char *[m[K[m[K'
  147 | void __memcpy(void * __restrict__ dst, [01;32m[Kv[m[K[01;32m[Ko[m[K[01;32m[Ki[m[K[01;32m[Kd[m[K[01;32m[K [m[K[01;32m[K*[m[K[01;32m[K [m[K[01;32m[K_[m[K[01;32m[K_[m[K[01;32m[Kr[m[K[01;32m[Ke[m[K[01;32m[Ks[m[K[01;32m[Kt[m[K[01;32m[Kr[m[K[01;32m[Ki[m[K[01;32m[Kc[m[K[01;32m[Kt[m[K[01;32m[K_[m[K[01;32m[K_[m[K[01;32m[K [m[K[01;32m[Ks[m[K[01;32m[Kr[m[K[01;32m[Kc[m[K, UINT64 len);
      |                                        [01;32m[K~[m[K[01;32m[K~[m[K[01;32m[K~[m[K[01;32m[K~[m[K[01;32m[K~[m[K[01;32m[K~[m[K[01;32m[K~[m[K[01;32m[K~[m[K[01;32m[K~[m[K[01;32m[K~[m[K[01;32m[K~[m[K[01;32m[K~[m[K[01;32m[K~[m[K[01;32m[K~[m[K[01;32m[K~[m[K[01;32m[K~[m[K[01;32m[K~[m[K[01;32m[K~[m[K[01;32m[K~[m[K[01;32m[K~[m[K[01;32m[K^[m[K[01;32m[K~[m[K[01;32m[K~[m[K
[01m[KC:\GitHub\BlockyOS\src\Boot\UEFI\drivers\crypto\blake2\ref\blake2b-ref.c:240:35:[m[K [01;35m[Kwarning: [m[Kpassing argument 2 of '[01m[K__memcpy[m[K' discards '[01m[Kconst[m[K' qualifier from pointer target type [[01;35m[K-Wdiscarded-qualifiers[m[K]
  240 |     __memcpy( S->buf + S->buflen, [01;35m[Kin[m[K, inlen );
      |                                   [01;35m[K^~[m[K
[01m[KC:\GitHub\BlockyOS/src/Boot/UEFI/tools/tools.h:147:60:[m[K [01;36m[Knote: [m[Kexpected '[01m[K[01;32m[Kvoid * restrict[m[K[m[K' but argument is of type '[01m[K[01;34m[Kconst unsigned char *[m[K[m[K'
  147 | void __memcpy(void * __restrict__ dst, [01;32m[Kv[m[K[01;32m[Ko[m[K[01;32m[Ki[m[K[01;32m[Kd[m[K[01;32m[K [m[K[01;32m[K*[m[K[01;32m[K [m[K[01;32m[K_[m[K[01;32m[K_[m[K[01;32m[Kr[m[K[01;32m[Ke[m[K[01;32m[Ks[m[K[01;32m[Kt[m[K[01;32m[Kr[m[K[01;32m[Ki[m[K[01;32m[Kc[m[K[01;32m[Kt[m[K[01;32m[K_[m[K[01;32m[K_[m[K[01;32m[K [m[K[01;32m[Ks[m[K[01;32m[Kr[m[K[01;32m[Kc[m[K, UINT64 len);
      |                                        [01;32m[K~[m[K[01;32m[K~[m[K[01;32m[K~[m[K[01;32m[K~[m[K[01;32m[K~[m[K[01;32m[K~[m[K[01;32m[K~[m[K[01;32m[K~[m[K[01;32m[K~[m[K[01;32m[K~[m[K[01;32m[K~[m[K[01;32m[K~[m[K[01;32m[K~[m[K[01;32m[K~[m[K[01;32m[K~[m[K[01;32m[K~[m[K[01;32m[K~[m[K[01;32m[K~[m[K[01;32m[K~[m[K[01;32m[K~[m[K[01;32m[K^[m[K[01;32m[K~[m[K[01;32m[K~[m[K
Compiled and updated timestamp for C:\GitHub\BlockyOS\src\Boot\UEFI\drivers\crypto\blake2\ref\blake2b-ref.c
Stale source detected for C:\GitHub\BlockyOS\src\Boot\UEFI\drivers\crypto\blake2\ref\blake2bp-ref.c. source=2026-05-14T00:09:29.0424608Z, stored=none, delta=n/a sec
C:\GitHub\BlockyOS\src\Boot\UEFI\gcc.ps1 -c C:\GitHub\BlockyOS\src\Boot\UEFI\drivers\crypto\blake2\ref\blake2bp-ref.c -o C:\GitHub\BlockyOS\Build\Build-2026-05-22-00\objs\UEFI.c.blake2bp-ref.o -I C:\GitHub\BlockyOS\compile\cache\ -I C:\GitHub\BlockyOS/src/ -I C:\GitHub\BlockyOS/ -I C:\GitHub\BlockyOS\compile\toolchain\gnu-efi-build\x86_64\\include\efi\ -I C:\GitHub\BlockyOS\compile\toolchain\prebuild\include\ -I C:\GitHub\BlockyOS\compile\toolchain\gnu-efi-build\x86_64\include\efi\legacy\ -I C:\GitHub\BlockyOS\compile\toolchain\gnu-efi-build\x86_64\include\efi\x86_64\ -fno-strict-aliasing -fno-stack-protector -fno-stack-check -fdiagnostics-color=always -fshort-wchar -fno-inline -fno-toplevel-reorder -ffunction-sections -fdata-sections -fno-delete-null-pointer-checks -ffreestanding -fno-lto -pie -shared -maccumulate-outgoing-args -fno-omit-frame-pointer -m64 -D __x86_64__ -mno-red-zone -D __DEBUG__ -D __CUSTMEM_FUNC__
[01m[KC:\GitHub\BlockyOS\src\Boot\UEFI\drivers\crypto\blake2\ref\blake2bp-ref.c:[m[K In function '[01m[Kblake2bp_init_key[m[K':
[01m[KC:\GitHub\BlockyOS\src\Boot\UEFI\drivers\crypto\blake2\ref\blake2bp-ref.c:119:22:[m[K [01;35m[Kwarning: [m[Kpassing argument 2 of '[01m[K__memcpy[m[K' discards '[01m[Kconst[m[K' qualifier from pointer target type [[01;35m[K-Wdiscarded-qualifiers[m[K]
  119 |     __memcpy( block, [01;35m[Kkey[m[K, keylen );
      |                      [01;35m[K^~~[m[K
In file included from [01m[KC:\GitHub\BlockyOS\src\Boot\UEFI\drivers\crypto\blake2\ref\blake2bp-ref.c:17[m[K:
[01m[KC:\GitHub\BlockyOS/src/Boot/UEFI/tools/tools.h:147:60:[m[K [01;36m[Knote: [m[Kexpected '[01m[K[01;32m[Kvoid * restrict[m[K[m[K' but argument is of type '[01m[K[01;34m[Kconst void *[m[K[m[K'
  147 | void __memcpy(void * __restrict__ dst, [01;32m[Kv[m[K[01;32m[Ko[m[K[01;32m[Ki[m[K[01;32m[Kd[m[K[01;32m[K [m[K[01;32m[K*[m[K[01;32m[K [m[K[01;32m[K_[m[K[01;32m[K_[m[K[01;32m[Kr[m[K[01;32m[Ke[m[K[01;32m[Ks[m[K[01;32m[Kt[m[K[01;32m[Kr[m[K[01;32m[Ki[m[K[01;32m[Kc[m[K[01;32m[Kt[m[K[01;32m[K_[m[K[01;32m[K_[m[K[01;32m[K [m[K[01;32m[Ks[m[K[01;32m[Kr[m[K[01;32m[Kc[m[K, UINT64 len);
      |                                        [01;32m[K~[m[K[01;32m[K~[m[K[01;32m[K~[m[K[01;32m[K~[m[K[01;32m[K~[m[K[01;32m[K~[m[K[01;32m[K~[m[K[01;32m[K~[m[K[01;32m[K~[m[K[01;32m[K~[m[K[01;32m[K~[m[K[01;32m[K~[m[K[01;32m[K~[m[K[01;32m[K~[m[K[01;32m[K~[m[K[01;32m[K~[m[K[01;32m[K~[m[K[01;32m[K~[m[K[01;32m[K~[m[K[01;32m[K~[m[K[01;32m[K^[m[K[01;32m[K~[m[K[01;32m[K~[m[K
[01m[KC:\GitHub\BlockyOS\src\Boot\UEFI\drivers\crypto\blake2\ref\blake2bp-ref.c:[m[K In function '[01m[Kblake2bp_update[m[K':
[01m[KC:\GitHub\BlockyOS\src\Boot\UEFI\drivers\crypto\blake2\ref\blake2bp-ref.c:139:30:[m[K [01;35m[Kwarning: [m[Kpassing argument 2 of '[01m[K__memcpy[m[K' discards '[01m[Kconst[m[K' qualifier from pointer target type [[01;35m[K-Wdiscarded-qualifiers[m[K]
  139 |     __memcpy( S->buf + left, [01;35m[Kin[m[K, fill );
      |                              [01;35m[K^~[m[K
[01m[KC:\GitHub\BlockyOS/src/Boot/UEFI/tools/tools.h:147:60:[m[K [01;36m[Knote: [m[Kexpected '[01m[K[01;32m[Kvoid * restrict[m[K[m[K' but argument is of type '[01m[K[01;34m[Kconst unsigned char *[m[K[m[K'
  147 | void __memcpy(void * __restrict__ dst, [01;32m[Kv[m[K[01;32m[Ko[m[K[01;32m[Ki[m[K[01;32m[Kd[m[K[01;32m[K [m[K[01;32m[K*[m[K[01;32m[K [m[K[01;32m[K_[m[K[01;32m[K_[m[K[01;32m[Kr[m[K[01;32m[Ke[m[K[01;32m[Ks[m[K[01;32m[Kt[m[K[01;32m[Kr[m[K[01;32m[Ki[m[K[01;32m[Kc[m[K[01;32m[Kt[m[K[01;32m[K_[m[K[01;32m[K_[m[K[01;32m[K [m[K[01;32m[Ks[m[K[01;32m[Kr[m[K[01;32m[Kc[m[K, UINT64 len);
      |                                        [01;32m[K~[m[K[01;32m[K~[m[K[01;32m[K~[m[K[01;32m[K~[m[K[01;32m[K~[m[K[01;32m[K~[m[K[01;32m[K~[m[K[01;32m[K~[m[K[01;32m[K~[m[K[01;32m[K~[m[K[01;32m[K~[m[K[01;32m[K~[m[K[01;32m[K~[m[K[01;32m[K~[m[K[01;32m[K~[m[K[01;32m[K~[m[K[01;32m[K~[m[K[01;32m[K~[m[K[01;32m[K~[m[K[01;32m[K~[m[K[01;32m[K^[m[K[01;32m[K~[m[K[01;32m[K~[m[K
[01m[KC:\GitHub\BlockyOS\src\Boot\UEFI\drivers\crypto\blake2\ref\blake2bp-ref.c:175:30:[m[K [01;35m[Kwarning: [m[Kpassing argument 2 of '[01m[K__memcpy[m[K' discards '[01m[Kconst[m[K' qualifier from pointer target type [[01;35m[K-Wdiscarded-qualifiers[m[K]
  175 |     __memcpy( S->buf + left, [01;35m[Kin[m[K, inlen );
      |                              [01;35m[K^~[m[K
[01m[KC:\GitHub\BlockyOS/src/Boot/UEFI/tools/tools.h:147:60:[m[K [01;36m[Knote: [m[Kexpected '[01m[K[01;32m[Kvoid * restrict[m[K[m[K' but argument is of type '[01m[K[01;34m[Kconst unsigned char *[m[K[m[K'
  147 | void __memcpy(void * __restrict__ dst, [01;32m[Kv[m[K[01;32m[Ko[m[K[01;32m[Ki[m[K[01;32m[Kd[m[K[01;32m[K [m[K[01;32m[K*[m[K[01;32m[K [m[K[01;32m[K_[m[K[01;32m[K_[m[K[01;32m[Kr[m[K[01;32m[Ke[m[K[01;32m[Ks[m[K[01;32m[Kt[m[K[01;32m[Kr[m[K[01;32m[Ki[m[K[01;32m[Kc[m[K[01;32m[Kt[m[K[01;32m[K_[m[K[01;32m[K_[m[K[01;32m[K [m[K[01;32m[Ks[m[K[01;32m[Kr[m[K[01;32m[Kc[m[K, UINT64 len);
      |                                        [01;32m[K~[m[K[01;32m[K~[m[K[01;32m[K~[m[K[01;32m[K~[m[K[01;32m[K~[m[K[01;32m[K~[m[K[01;32m[K~[m[K[01;32m[K~[m[K[01;32m[K~[m[K[01;32m[K~[m[K[01;32m[K~[m[K[01;32m[K~[m[K[01;32m[K~[m[K[01;32m[K~[m[K[01;32m[K~[m[K[01;32m[K~[m[K[01;32m[K~[m[K[01;32m[K~[m[K[01;32m[K~[m[K[01;32m[K~[m[K[01;32m[K^[m[K[01;32m[K~[m[K[01;32m[K~[m[K
[01m[KC:\GitHub\BlockyOS\src\Boot\UEFI\drivers\crypto\blake2\ref\blake2bp-ref.c:[m[K In function '[01m[Kblake2bp[m[K':
[01m[KC:\GitHub\BlockyOS\src\Boot\UEFI\drivers\crypto\blake2\ref\blake2bp-ref.c:237:22:[m[K [01;35m[Kwarning: [m[Kpassing argument 2 of '[01m[K__memcpy[m[K' discards '[01m[Kconst[m[K' qualifier from pointer target type [[01;35m[K-Wdiscarded-qualifiers[m[K]
  237 |     __memcpy( block, [01;35m[Kkey[m[K, keylen );
      |                      [01;35m[K^~~[m[K
[01m[KC:\GitHub\BlockyOS/src/Boot/UEFI/tools/tools.h:147:60:[m[K [01;36m[Knote: [m[Kexpected '[01m[K[01;32m[Kvoid * restrict[m[K[m[K' but argument is of type '[01m[K[01;34m[Kconst void *[m[K[m[K'
  147 | void __memcpy(void * __restrict__ dst, [01;32m[Kv[m[K[01;32m[Ko[m[K[01;32m[Ki[m[K[01;32m[Kd[m[K[01;32m[K [m[K[01;32m[K*[m[K[01;32m[K [m[K[01;32m[K_[m[K[01;32m[K_[m[K[01;32m[Kr[m[K[01;32m[Ke[m[K[01;32m[Ks[m[K[01;32m[Kt[m[K[01;32m[Kr[m[K[01;32m[Ki[m[K[01;32m[Kc[m[K[01;32m[Kt[m[K[01;32m[K_[m[K[01;32m[K_[m[K[01;32m[K [m[K[01;32m[Ks[m[K[01;32m[Kr[m[K[01;32m[Kc[m[K, UINT64 len);
      |                                        [01;32m[K~[m[K[01;32m[K~[m[K[01;32m[K~[m[K[01;32m[K~[m[K[01;32m[K~[m[K[01;32m[K~[m[K[01;32m[K~[m[K[01;32m[K~[m[K[01;32m[K~[m[K[01;32m[K~[m[K[01;32m[K~[m[K[01;32m[K~[m[K[01;32m[K~[m[K[01;32m[K~[m[K[01;32m[K~[m[K[01;32m[K~[m[K[01;32m[K~[m[K[01;32m[K~[m[K[01;32m[K~[m[K[01;32m[K~[m[K[01;32m[K^[m[K[01;32m[K~[m[K[01;32m[K~[m[K
Compiled and updated timestamp for C:\GitHub\BlockyOS\src\Boot\UEFI\drivers\crypto\blake2\ref\blake2bp-ref.c
Stale source detected for C:\GitHub\BlockyOS\src\Boot\UEFI\drivers\crypto\blake2\ref\blake2s-ref.c. source=2026-05-14T00:09:33.0171596Z, stored=none, delta=n/a sec
C:\GitHub\BlockyOS\src\Boot\UEFI\gcc.ps1 -c C:\GitHub\BlockyOS\src\Boot\UEFI\drivers\crypto\blake2\ref\blake2s-ref.c -o C:\GitHub\BlockyOS\Build\Build-2026-05-22-00\objs\UEFI.c.blake2s-ref.o -I C:\GitHub\BlockyOS\compile\cache\ -I C:\GitHub\BlockyOS/src/ -I C:\GitHub\BlockyOS/ -I C:\GitHub\BlockyOS\compile\toolchain\gnu-efi-build\x86_64\\include\efi\ -I C:\GitHub\BlockyOS\compile\toolchain\prebuild\include\ -I C:\GitHub\BlockyOS\compile\toolchain\gnu-efi-build\x86_64\include\efi\legacy\ -I C:\GitHub\BlockyOS\compile\toolchain\gnu-efi-build\x86_64\include\efi\x86_64\ -fno-strict-aliasing -fno-stack-protector -fno-stack-check -fdiagnostics-color=always -fshort-wchar -fno-inline -fno-toplevel-reorder -ffunction-sections -fdata-sections -fno-delete-null-pointer-checks -ffreestanding -fno-lto -pie -shared -maccumulate-outgoing-args -fno-omit-frame-pointer -m64 -D __x86_64__ -mno-red-zone -D __DEBUG__ -D __CUSTMEM_FUNC__
[01m[KC:\GitHub\BlockyOS\src\Boot\UEFI\drivers\crypto\blake2\ref\blake2s-ref.c:[m[K In function '[01m[Kblake2s_init_key[m[K':
[01m[KC:\GitHub\BlockyOS\src\Boot\UEFI\drivers\crypto\blake2\ref\blake2s-ref.c:139:22:[m[K [01;35m[Kwarning: [m[Kpassing argument 2 of '[01m[K__memcpy[m[K' discards '[01m[Kconst[m[K' qualifier from pointer target type [[01;35m[K-Wdiscarded-qualifiers[m[K]
  139 |     __memcpy( block, [01;35m[Kkey[m[K, keylen );
      |                      [01;35m[K^~~[m[K
In file included from [01m[KC:\GitHub\BlockyOS\src\Boot\UEFI\drivers\crypto\blake2\ref\blake2-impl.h:20[m[K,
                 from [01m[KC:\GitHub\BlockyOS\src\Boot\UEFI\drivers\crypto\blake2\ref\blake2s-ref.c:19[m[K:
[01m[KC:\GitHub\BlockyOS/src/Boot/UEFI/tools/tools.h:147:60:[m[K [01;36m[Knote: [m[Kexpected '[01m[K[01;32m[Kvoid * restrict[m[K[m[K' but argument is of type '[01m[K[01;34m[Kconst void *[m[K[m[K'
  147 | void __memcpy(void * __restrict__ dst, [01;32m[Kv[m[K[01;32m[Ko[m[K[01;32m[Ki[m[K[01;32m[Kd[m[K[01;32m[K [m[K[01;32m[K*[m[K[01;32m[K [m[K[01;32m[K_[m[K[01;32m[K_[m[K[01;32m[Kr[m[K[01;32m[Ke[m[K[01;32m[Ks[m[K[01;32m[Kt[m[K[01;32m[Kr[m[K[01;32m[Ki[m[K[01;32m[Kc[m[K[01;32m[Kt[m[K[01;32m[K_[m[K[01;32m[K_[m[K[01;32m[K [m[K[01;32m[Ks[m[K[01;32m[Kr[m[K[01;32m[Kc[m[K, UINT64 len);
      |                                        [01;32m[K~[m[K[01;32m[K~[m[K[01;32m[K~[m[K[01;32m[K~[m[K[01;32m[K~[m[K[01;32m[K~[m[K[01;32m[K~[m[K[01;32m[K~[m[K[01;32m[K~[m[K[01;32m[K~[m[K[01;32m[K~[m[K[01;32m[K~[m[K[01;32m[K~[m[K[01;32m[K~[m[K[01;32m[K~[m[K[01;32m[K~[m[K[01;32m[K~[m[K[01;32m[K~[m[K[01;32m[K~[m[K[01;32m[K~[m[K[01;32m[K^[m[K[01;32m[K~[m[K[01;32m[K~[m[K
[01m[KC:\GitHub\BlockyOS\src\Boot\UEFI\drivers\crypto\blake2\ref\blake2s-ref.c:[m[K In function '[01m[Kblake2s_update[m[K':
[01m[KC:\GitHub\BlockyOS\src\Boot\UEFI\drivers\crypto\blake2\ref\blake2s-ref.c:222:32:[m[K [01;35m[Kwarning: [m[Kpassing argument 2 of '[01m[K__memcpy[m[K' discards '[01m[Kconst[m[K' qualifier from pointer target type [[01;35m[K-Wdiscarded-qualifiers[m[K]
  222 |       __memcpy( S->buf + left, [01;35m[Kin[m[K, fill ); /* Fill buffer */
      |                                [01;35m[K^~[m[K
[01m[KC:\GitHub\BlockyOS/src/Boot/UEFI/tools/tools.h:147:60:[m[K [01;36m[Knote: [m[Kexpected '[01m[K[01;32m[Kvoid * restrict[m[K[m[K' but argument is of type '[01m[K[01;34m[Kconst unsigned char *[m[K[m[K'
  147 | void __memcpy(void * __restrict__ dst, [01;32m[Kv[m[K[01;32m[Ko[m[K[01;32m[Ki[m[K[01;32m[Kd[m[K[01;32m[K [m[K[01;32m[K*[m[K[01;32m[K [m[K[01;32m[K_[m[K[01;32m[K_[m[K[01;32m[Kr[m[K[01;32m[Ke[m[K[01;32m[Ks[m[K[01;32m[Kt[m[K[01;32m[Kr[m[K[01;32m[Ki[m[K[01;32m[Kc[m[K[01;32m[Kt[m[K[01;32m[K_[m[K[01;32m[K_[m[K[01;32m[K [m[K[01;32m[Ks[m[K[01;32m[Kr[m[K[01;32m[Kc[m[K, UINT64 len);
      |                                        [01;32m[K~[m[K[01;32m[K~[m[K[01;32m[K~[m[K[01;32m[K~[m[K[01;32m[K~[m[K[01;32m[K~[m[K[01;32m[K~[m[K[01;32m[K~[m[K[01;32m[K~[m[K[01;32m[K~[m[K[01;32m[K~[m[K[01;32m[K~[m[K[01;32m[K~[m[K[01;32m[K~[m[K[01;32m[K~[m[K[01;32m[K~[m[K[01;32m[K~[m[K[01;32m[K~[m[K[01;32m[K~[m[K[01;32m[K~[m[K[01;32m[K^[m[K[01;32m[K~[m[K[01;32m[K~[m[K
[01m[KC:\GitHub\BlockyOS\src\Boot\UEFI\drivers\crypto\blake2\ref\blake2s-ref.c:233:35:[m[K [01;35m[Kwarning: [m[Kpassing argument 2 of '[01m[K__memcpy[m[K' discards '[01m[Kconst[m[K' qualifier from pointer target type [[01;35m[K-Wdiscarded-qualifiers[m[K]
  233 |     __memcpy( S->buf + S->buflen, [01;35m[Kin[m[K, inlen );
      |                                   [01;35m[K^~[m[K
[01m[KC:\GitHub\BlockyOS/src/Boot/UEFI/tools/tools.h:147:60:[m[K [01;36m[Knote: [m[Kexpected '[01m[K[01;32m[Kvoid * restrict[m[K[m[K' but argument is of type '[01m[K[01;34m[Kconst unsigned char *[m[K[m[K'
  147 | void __memcpy(void * __restrict__ dst, [01;32m[Kv[m[K[01;32m[Ko[m[K[01;32m[Ki[m[K[01;32m[Kd[m[K[01;32m[K [m[K[01;32m[K*[m[K[01;32m[K [m[K[01;32m[K_[m[K[01;32m[K_[m[K[01;32m[Kr[m[K[01;32m[Ke[m[K[01;32m[Ks[m[K[01;32m[Kt[m[K[01;32m[Kr[m[K[01;32m[Ki[m[K[01;32m[Kc[m[K[01;32m[Kt[m[K[01;32m[K_[m[K[01;32m[K_[m[K[01;32m[K [m[K[01;32m[Ks[m[K[01;32m[Kr[m[K[01;32m[Kc[m[K, UINT64 len);
      |                                        [01;32m[K~[m[K[01;32m[K~[m[K[01;32m[K~[m[K[01;32m[K~[m[K[01;32m[K~[m[K[01;32m[K~[m[K[01;32m[K~[m[K[01;32m[K~[m[K[01;32m[K~[m[K[01;32m[K~[m[K[01;32m[K~[m[K[01;32m[K~[m[K[01;32m[K~[m[K[01;32m[K~[m[K[01;32m[K~[m[K[01;32m[K~[m[K[01;32m[K~[m[K[01;32m[K~[m[K[01;32m[K~[m[K[01;32m[K~[m[K[01;32m[K^[m[K[01;32m[K~[m[K[01;32m[K~[m[K
Compiled and updated timestamp for C:\GitHub\BlockyOS\src\Boot\UEFI\drivers\crypto\blake2\ref\blake2s-ref.c
Stale source detected for C:\GitHub\BlockyOS\src\Boot\UEFI\drivers\crypto\blake2\ref\blake2sp-ref.c. source=2026-05-14T00:09:38.7814073Z, stored=none, delta=n/a sec
C:\GitHub\BlockyOS\src\Boot\UEFI\gcc.ps1 -c C:\GitHub\BlockyOS\src\Boot\UEFI\drivers\crypto\blake2\ref\blake2sp-ref.c -o C:\GitHub\BlockyOS\Build\Build-2026-05-22-00\objs\UEFI.c.blake2sp-ref.o -I C:\GitHub\BlockyOS\compile\cache\ -I C:\GitHub\BlockyOS/src/ -I C:\GitHub\BlockyOS/ -I C:\GitHub\BlockyOS\compile\toolchain\gnu-efi-build\x86_64\\include\efi\ -I C:\GitHub\BlockyOS\compile\toolchain\prebuild\include\ -I C:\GitHub\BlockyOS\compile\toolchain\gnu-efi-build\x86_64\include\efi\legacy\ -I C:\GitHub\BlockyOS\compile\toolchain\gnu-efi-build\x86_64\include\efi\x86_64\ -fno-strict-aliasing -fno-stack-protector -fno-stack-check -fdiagnostics-color=always -fshort-wchar -fno-inline -fno-toplevel-reorder -ffunction-sections -fdata-sections -fno-delete-null-pointer-checks -ffreestanding -fno-lto -pie -shared -maccumulate-outgoing-args -fno-omit-frame-pointer -m64 -D __x86_64__ -mno-red-zone -D __DEBUG__ -D __CUSTMEM_FUNC__
[01m[KC:\GitHub\BlockyOS\src\Boot\UEFI\drivers\crypto\blake2\ref\blake2sp-ref.c:[m[K In function '[01m[Kblake2sp_init_key[m[K':
[01m[KC:\GitHub\BlockyOS\src\Boot\UEFI\drivers\crypto\blake2\ref\blake2sp-ref.c:117:22:[m[K [01;35m[Kwarning: [m[Kpassing argument 2 of '[01m[K__memcpy[m[K' discards '[01m[Kconst[m[K' qualifier from pointer target type [[01;35m[K-Wdiscarded-qualifiers[m[K]
  117 |     __memcpy( block, [01;35m[Kkey[m[K, keylen );
      |                      [01;35m[K^~~[m[K
In file included from [01m[KC:\GitHub\BlockyOS\src\Boot\UEFI\drivers\crypto\blake2\ref\blake2sp-ref.c:17[m[K:
[01m[KC:\GitHub\BlockyOS/src/Boot/UEFI/tools/tools.h:147:60:[m[K [01;36m[Knote: [m[Kexpected '[01m[K[01;32m[Kvoid * restrict[m[K[m[K' but argument is of type '[01m[K[01;34m[Kconst void *[m[K[m[K'
  147 | void __memcpy(void * __restrict__ dst, [01;32m[Kv[m[K[01;32m[Ko[m[K[01;32m[Ki[m[K[01;32m[Kd[m[K[01;32m[K [m[K[01;32m[K*[m[K[01;32m[K [m[K[01;32m[K_[m[K[01;32m[K_[m[K[01;32m[Kr[m[K[01;32m[Ke[m[K[01;32m[Ks[m[K[01;32m[Kt[m[K[01;32m[Kr[m[K[01;32m[Ki[m[K[01;32m[Kc[m[K[01;32m[Kt[m[K[01;32m[K_[m[K[01;32m[K_[m[K[01;32m[K [m[K[01;32m[Ks[m[K[01;32m[Kr[m[K[01;32m[Kc[m[K, UINT64 len);
      |                                        [01;32m[K~[m[K[01;32m[K~[m[K[01;32m[K~[m[K[01;32m[K~[m[K[01;32m[K~[m[K[01;32m[K~[m[K[01;32m[K~[m[K[01;32m[K~[m[K[01;32m[K~[m[K[01;32m[K~[m[K[01;32m[K~[m[K[01;32m[K~[m[K[01;32m[K~[m[K[01;32m[K~[m[K[01;32m[K~[m[K[01;32m[K~[m[K[01;32m[K~[m[K[01;32m[K~[m[K[01;32m[K~[m[K[01;32m[K~[m[K[01;32m[K^[m[K[01;32m[K~[m[K[01;32m[K~[m[K
[01m[KC:\GitHub\BlockyOS\src\Boot\UEFI\drivers\crypto\blake2\ref\blake2sp-ref.c:[m[K In function '[01m[Kblake2sp_update[m[K':
[01m[KC:\GitHub\BlockyOS\src\Boot\UEFI\drivers\crypto\blake2\ref\blake2sp-ref.c:137:30:[m[K [01;35m[Kwarning: [m[Kpassing argument 2 of '[01m[K__memcpy[m[K' discards '[01m[Kconst[m[K' qualifier from pointer target type [[01;35m[K-Wdiscarded-qualifiers[m[K]
  137 |     __memcpy( S->buf + left, [01;35m[Kin[m[K, fill );
      |                              [01;35m[K^~[m[K
[01m[KC:\GitHub\BlockyOS/src/Boot/UEFI/tools/tools.h:147:60:[m[K [01;36m[Knote: [m[Kexpected '[01m[K[01;32m[Kvoid * restrict[m[K[m[K' but argument is of type '[01m[K[01;34m[Kconst unsigned char *[m[K[m[K'
  147 | void __memcpy(void * __restrict__ dst, [01;32m[Kv[m[K[01;32m[Ko[m[K[01;32m[Ki[m[K[01;32m[Kd[m[K[01;32m[K [m[K[01;32m[K*[m[K[01;32m[K [m[K[01;32m[K_[m[K[01;32m[K_[m[K[01;32m[Kr[m[K[01;32m[Ke[m[K[01;32m[Ks[m[K[01;32m[Kt[m[K[01;32m[Kr[m[K[01;32m[Ki[m[K[01;32m[Kc[m[K[01;32m[Kt[m[K[01;32m[K_[m[K[01;32m[K_[m[K[01;32m[K [m[K[01;32m[Ks[m[K[01;32m[Kr[m[K[01;32m[Kc[m[K, UINT64 len);
      |                                        [01;32m[K~[m[K[01;32m[K~[m[K[01;32m[K~[m[K[01;32m[K~[m[K[01;32m[K~[m[K[01;32m[K~[m[K[01;32m[K~[m[K[01;32m[K~[m[K[01;32m[K~[m[K[01;32m[K~[m[K[01;32m[K~[m[K[01;32m[K~[m[K[01;32m[K~[m[K[01;32m[K~[m[K[01;32m[K~[m[K[01;32m[K~[m[K[01;32m[K~[m[K[01;32m[K~[m[K[01;32m[K~[m[K[01;32m[K~[m[K[01;32m[K^[m[K[01;32m[K~[m[K[01;32m[K~[m[K
[01m[KC:\GitHub\BlockyOS\src\Boot\UEFI\drivers\crypto\blake2\ref\blake2sp-ref.c:172:30:[m[K [01;35m[Kwarning: [m[Kpassing argument 2 of '[01m[K__memcpy[m[K' discards '[01m[Kconst[m[K' qualifier from pointer target type [[01;35m[K-Wdiscarded-qualifiers[m[K]
  172 |     __memcpy( S->buf + left, [01;35m[Kin[m[K, inlen );
      |                              [01;35m[K^~[m[K
[01m[KC:\GitHub\BlockyOS/src/Boot/UEFI/tools/tools.h:147:60:[m[K [01;36m[Knote: [m[Kexpected '[01m[K[01;32m[Kvoid * restrict[m[K[m[K' but argument is of type '[01m[K[01;34m[Kconst unsigned char *[m[K[m[K'
  147 | void __memcpy(void * __restrict__ dst, [01;32m[Kv[m[K[01;32m[Ko[m[K[01;32m[Ki[m[K[01;32m[Kd[m[K[01;32m[K [m[K[01;32m[K*[m[K[01;32m[K [m[K[01;32m[K_[m[K[01;32m[K_[m[K[01;32m[Kr[m[K[01;32m[Ke[m[K[01;32m[Ks[m[K[01;32m[Kt[m[K[01;32m[Kr[m[K[01;32m[Ki[m[K[01;32m[Kc[m[K[01;32m[Kt[m[K[01;32m[K_[m[K[01;32m[K_[m[K[01;32m[K [m[K[01;32m[Ks[m[K[01;32m[Kr[m[K[01;32m[Kc[m[K, UINT64 len);
      |                                        [01;32m[K~[m[K[01;32m[K~[m[K[01;32m[K~[m[K[01;32m[K~[m[K[01;32m[K~[m[K[01;32m[K~[m[K[01;32m[K~[m[K[01;32m[K~[m[K[01;32m[K~[m[K[01;32m[K~[m[K[01;32m[K~[m[K[01;32m[K~[m[K[01;32m[K~[m[K[01;32m[K~[m[K[01;32m[K~[m[K[01;32m[K~[m[K[01;32m[K~[m[K[01;32m[K~[m[K[01;32m[K~[m[K[01;32m[K~[m[K[01;32m[K^[m[K[01;32m[K~[m[K[01;32m[K~[m[K
[01m[KC:\GitHub\BlockyOS\src\Boot\UEFI\drivers\crypto\blake2\ref\blake2sp-ref.c:[m[K In function '[01m[Kblake2sp[m[K':
[01m[KC:\GitHub\BlockyOS\src\Boot\UEFI\drivers\crypto\blake2\ref\blake2sp-ref.c:236:22:[m[K [01;35m[Kwarning: [m[Kpassing argument 2 of '[01m[K__memcpy[m[K' discards '[01m[Kconst[m[K' qualifier from pointer target type [[01;35m[K-Wdiscarded-qualifiers[m[K]
  236 |     __memcpy( block, [01;35m[Kkey[m[K, keylen );
      |                      [01;35m[K^~~[m[K
[01m[KC:\GitHub\BlockyOS/src/Boot/UEFI/tools/tools.h:147:60:[m[K [01;36m[Knote: [m[Kexpected '[01m[K[01;32m[Kvoid * restrict[m[K[m[K' but argument is of type '[01m[K[01;34m[Kconst void *[m[K[m[K'
  147 | void __memcpy(void * __restrict__ dst, [01;32m[Kv[m[K[01;32m[Ko[m[K[01;32m[Ki[m[K[01;32m[Kd[m[K[01;32m[K [m[K[01;32m[K*[m[K[01;32m[K [m[K[01;32m[K_[m[K[01;32m[K_[m[K[01;32m[Kr[m[K[01;32m[Ke[m[K[01;32m[Ks[m[K[01;32m[Kt[m[K[01;32m[Kr[m[K[01;32m[Ki[m[K[01;32m[Kc[m[K[01;32m[Kt[m[K[01;32m[K_[m[K[01;32m[K_[m[K[01;32m[K [m[K[01;32m[Ks[m[K[01;32m[Kr[m[K[01;32m[Kc[m[K, UINT64 len);
      |                                        [01;32m[K~[m[K[01;32m[K~[m[K[01;32m[K~[m[K[01;32m[K~[m[K[01;32m[K~[m[K[01;32m[K~[m[K[01;32m[K~[m[K[01;32m[K~[m[K[01;32m[K~[m[K[01;32m[K~[m[K[01;32m[K~[m[K[01;32m[K~[m[K[01;32m[K~[m[K[01;32m[K~[m[K[01;32m[K~[m[K[01;32m[K~[m[K[01;32m[K~[m[K[01;32m[K~[m[K[01;32m[K~[m[K[01;32m[K~[m[K[01;32m[K^[m[K[01;32m[K~[m[K[01;32m[K~[m[K
Compiled and updated timestamp for C:\GitHub\BlockyOS\src\Boot\UEFI\drivers\crypto\blake2\ref\blake2sp-ref.c
Stale source detected for C:\GitHub\BlockyOS\src\Boot\UEFI\drivers\crypto\blake2\ref\blake2xb-ref.c. source=2026-05-14T00:09:42.3154070Z, stored=none, delta=n/a sec
C:\GitHub\BlockyOS\src\Boot\UEFI\gcc.ps1 -c C:\GitHub\BlockyOS\src\Boot\UEFI\drivers\crypto\blake2\ref\blake2xb-ref.c -o C:\GitHub\BlockyOS\Build\Build-2026-05-22-00\objs\UEFI.c.blake2xb-ref.o -I C:\GitHub\BlockyOS\compile\cache\ -I C:\GitHub\BlockyOS/src/ -I C:\GitHub\BlockyOS/ -I C:\GitHub\BlockyOS\compile\toolchain\gnu-efi-build\x86_64\\include\efi\ -I C:\GitHub\BlockyOS\compile\toolchain\prebuild\include\ -I C:\GitHub\BlockyOS\compile\toolchain\gnu-efi-build\x86_64\include\efi\legacy\ -I C:\GitHub\BlockyOS\compile\toolchain\gnu-efi-build\x86_64\include\efi\x86_64\ -fno-strict-aliasing -fno-stack-protector -fno-stack-check -fdiagnostics-color=always -fshort-wchar -fno-inline -fno-toplevel-reorder -ffunction-sections -fdata-sections -fno-delete-null-pointer-checks -ffreestanding -fno-lto -pie -shared -maccumulate-outgoing-args -fno-omit-frame-pointer -m64 -D __x86_64__ -mno-red-zone -D __DEBUG__ -D __CUSTMEM_FUNC__
[01m[KC:\GitHub\BlockyOS\src\Boot\UEFI\drivers\crypto\blake2\ref\blake2xb-ref.c:[m[K In function '[01m[Kblake2xb_init_key[m[K':
[01m[KC:\GitHub\BlockyOS\src\Boot\UEFI\drivers\crypto\blake2\ref\blake2xb-ref.c:63:21:[m[K [01;35m[Kwarning: [m[Kpassing argument 2 of '[01m[K__memcpy[m[K' discards '[01m[Kconst[m[K' qualifier from pointer target type [[01;35m[K-Wdiscarded-qualifiers[m[K]
   63 |     __memcpy(block, [01;35m[Kkey[m[K, keylen);
      |                     [01;35m[K^~~[m[K
In file included from [01m[KC:\GitHub\BlockyOS\src\Boot\UEFI\drivers\crypto\blake2\ref\blake2-impl.h:20[m[K,
                 from [01m[KC:\GitHub\BlockyOS\src\Boot\UEFI\drivers\crypto\blake2\ref\blake2xb-ref.c:22[m[K:
[01m[KC:\GitHub\BlockyOS/src/Boot/UEFI/tools/tools.h:147:60:[m[K [01;36m[Knote: [m[Kexpected '[01m[K[01;32m[Kvoid * restrict[m[K[m[K' but argument is of type '[01m[K[01;34m[Kconst void *[m[K[m[K'
  147 | void __memcpy(void * __restrict__ dst, [01;32m[Kv[m[K[01;32m[Ko[m[K[01;32m[Ki[m[K[01;32m[Kd[m[K[01;32m[K [m[K[01;32m[K*[m[K[01;32m[K [m[K[01;32m[K_[m[K[01;32m[K_[m[K[01;32m[Kr[m[K[01;32m[Ke[m[K[01;32m[Ks[m[K[01;32m[Kt[m[K[01;32m[Kr[m[K[01;32m[Ki[m[K[01;32m[Kc[m[K[01;32m[Kt[m[K[01;32m[K_[m[K[01;32m[K_[m[K[01;32m[K [m[K[01;32m[Ks[m[K[01;32m[Kr[m[K[01;32m[Kc[m[K, UINT64 len);
      |                                        [01;32m[K~[m[K[01;32m[K~[m[K[01;32m[K~[m[K[01;32m[K~[m[K[01;32m[K~[m[K[01;32m[K~[m[K[01;32m[K~[m[K[01;32m[K~[m[K[01;32m[K~[m[K[01;32m[K~[m[K[01;32m[K~[m[K[01;32m[K~[m[K[01;32m[K~[m[K[01;32m[K~[m[K[01;32m[K~[m[K[01;32m[K~[m[K[01;32m[K~[m[K[01;32m[K~[m[K[01;32m[K~[m[K[01;32m[K~[m[K[01;32m[K^[m[K[01;32m[K~[m[K[01;32m[K~[m[K
Compiled and updated timestamp for C:\GitHub\BlockyOS\src\Boot\UEFI\drivers\crypto\blake2\ref\blake2xb-ref.c
Stale source detected for C:\GitHub\BlockyOS\src\Boot\UEFI\drivers\crypto\blake2\ref\blake2xs-ref.c. source=2026-05-14T00:09:45.8042174Z, stored=none, delta=n/a sec
C:\GitHub\BlockyOS\src\Boot\UEFI\gcc.ps1 -c C:\GitHub\BlockyOS\src\Boot\UEFI\drivers\crypto\blake2\ref\blake2xs-ref.c -o C:\GitHub\BlockyOS\Build\Build-2026-05-22-00\objs\UEFI.c.blake2xs-ref.o -I C:\GitHub\BlockyOS\compile\cache\ -I C:\GitHub\BlockyOS/src/ -I C:\GitHub\BlockyOS/ -I C:\GitHub\BlockyOS\compile\toolchain\gnu-efi-build\x86_64\\include\efi\ -I C:\GitHub\BlockyOS\compile\toolchain\prebuild\include\ -I C:\GitHub\BlockyOS\compile\toolchain\gnu-efi-build\x86_64\include\efi\legacy\ -I C:\GitHub\BlockyOS\compile\toolchain\gnu-efi-build\x86_64\include\efi\x86_64\ -fno-strict-aliasing -fno-stack-protector -fno-stack-check -fdiagnostics-color=always -fshort-wchar -fno-inline -fno-toplevel-reorder -ffunction-sections -fdata-sections -fno-delete-null-pointer-checks -ffreestanding -fno-lto -pie -shared -maccumulate-outgoing-args -fno-omit-frame-pointer -m64 -D __x86_64__ -mno-red-zone -D __DEBUG__ -D __CUSTMEM_FUNC__
[01m[KC:\GitHub\BlockyOS\src\Boot\UEFI\drivers\crypto\blake2\ref\blake2xs-ref.c:[m[K In function '[01m[Kblake2xs_init_key[m[K':
[01m[KC:\GitHub\BlockyOS\src\Boot\UEFI\drivers\crypto\blake2\ref\blake2xs-ref.c:62:21:[m[K [01;35m[Kwarning: [m[Kpassing argument 2 of '[01m[K__memcpy[m[K' discards '[01m[Kconst[m[K' qualifier from pointer target type [[01;35m[K-Wdiscarded-qualifiers[m[K]
   62 |     __memcpy(block, [01;35m[Kkey[m[K, keylen);
      |                     [01;35m[K^~~[m[K
In file included from [01m[KC:\GitHub\BlockyOS\src\Boot\UEFI\drivers\crypto\blake2\ref\blake2-impl.h:20[m[K,
                 from [01m[KC:\GitHub\BlockyOS\src\Boot\UEFI\drivers\crypto\blake2\ref\blake2xs-ref.c:22[m[K:
[01m[KC:\GitHub\BlockyOS/src/Boot/UEFI/tools/tools.h:147:60:[m[K [01;36m[Knote: [m[Kexpected '[01m[K[01;32m[Kvoid * restrict[m[K[m[K' but argument is of type '[01m[K[01;34m[Kconst void *[m[K[m[K'
  147 | void __memcpy(void * __restrict__ dst, [01;32m[Kv[m[K[01;32m[Ko[m[K[01;32m[Ki[m[K[01;32m[Kd[m[K[01;32m[K [m[K[01;32m[K*[m[K[01;32m[K [m[K[01;32m[K_[m[K[01;32m[K_[m[K[01;32m[Kr[m[K[01;32m[Ke[m[K[01;32m[Ks[m[K[01;32m[Kt[m[K[01;32m[Kr[m[K[01;32m[Ki[m[K[01;32m[Kc[m[K[01;32m[Kt[m[K[01;32m[K_[m[K[01;32m[K_[m[K[01;32m[K [m[K[01;32m[Ks[m[K[01;32m[Kr[m[K[01;32m[Kc[m[K, UINT64 len);
      |                                        [01;32m[K~[m[K[01;32m[K~[m[K[01;32m[K~[m[K[01;32m[K~[m[K[01;32m[K~[m[K[01;32m[K~[m[K[01;32m[K~[m[K[01;32m[K~[m[K[01;32m[K~[m[K[01;32m[K~[m[K[01;32m[K~[m[K[01;32m[K~[m[K[01;32m[K~[m[K[01;32m[K~[m[K[01;32m[K~[m[K[01;32m[K~[m[K[01;32m[K~[m[K[01;32m[K~[m[K[01;32m[K~[m[K[01;32m[K~[m[K[01;32m[K^[m[K[01;32m[K~[m[K[01;32m[K~[m[K
Compiled and updated timestamp for C:\GitHub\BlockyOS\src\Boot\UEFI\drivers\crypto\blake2\ref\blake2xs-ref.c
Stale source detected for C:\GitHub\BlockyOS\src\Boot\UEFI\drivers\executable\execload.c. source=2026-05-22T16:44:54.9318323Z, stored=none, delta=n/a sec
C:\GitHub\BlockyOS\src\Boot\UEFI\gcc.ps1 -c C:\GitHub\BlockyOS\src\Boot\UEFI\drivers\executable\execload.c -o C:\GitHub\BlockyOS\Build\Build-2026-05-22-00\objs\UEFI.c.execload.o -I C:\GitHub\BlockyOS\compile\cache\ -I C:\GitHub\BlockyOS/src/ -I C:\GitHub\BlockyOS/ -I C:\GitHub\BlockyOS\compile\toolchain\gnu-efi-build\x86_64\\include\efi\ -I C:\GitHub\BlockyOS\compile\toolchain\prebuild\include\ -I C:\GitHub\BlockyOS\compile\toolchain\gnu-efi-build\x86_64\include\efi\legacy\ -I C:\GitHub\BlockyOS\compile\toolchain\gnu-efi-build\x86_64\include\efi\x86_64\ -fno-strict-aliasing -fno-stack-protector -fno-stack-check -fdiagnostics-color=always -fshort-wchar -fno-inline -fno-toplevel-reorder -ffunction-sections -fdata-sections -fno-delete-null-pointer-checks -ffreestanding -fno-lto -pie -shared -maccumulate-outgoing-args -fno-omit-frame-pointer -m64 -D __x86_64__ -mno-red-zone -D __DEBUG__ -D __CUSTMEM_FUNC__
[01m[KC:\GitHub\BlockyOS\src\Boot\UEFI\drivers\executable\execload.c:[m[K In function '[01m[KsrchSecWithPrefix[m[K':
[01m[KC:\GitHub\BlockyOS\src\Boot\UEFI\drivers\executable\execload.c:7:24:[m[K [01;35m[Kwarning: [m[Kpassing argument 2 of '[01m[K__memcpy[m[K' discards '[01m[Kconst[m[K' qualifier from pointer target type [[01;35m[K-Wdiscarded-qualifiers[m[K]
    7 |         __memcpy(path, [01;35m[Kprefix[m[K, plen);
      |                        [01;35m[K^~~~~~[m[K
In file included from [01m[KC:\GitHub\BlockyOS/src/Boot/UEFI/drivers/socket/socket.h:6[m[K,
                 from [01m[KC:\GitHub\BlockyOS\src\Boot\UEFI\drivers\executable\execfile.h:6[m[K,
                 from [01m[KC:\GitHub\BlockyOS\src\Boot\UEFI\drivers\executable\execload.c:1[m[K:
[01m[KC:\GitHub\BlockyOS/src/Boot/UEFI/tools/tools.h:147:60:[m[K [01;36m[Knote: [m[Kexpected '[01m[K[01;32m[Kvoid * restrict[m[K[m[K' but argument is of type '[01m[K[01;34m[Kconst char *[m[K[m[K'
  147 | void __memcpy(void * __restrict__ dst, [01;32m[Kv[m[K[01;32m[Ko[m[K[01;32m[Ki[m[K[01;32m[Kd[m[K[01;32m[K [m[K[01;32m[K*[m[K[01;32m[K [m[K[01;32m[K_[m[K[01;32m[K_[m[K[01;32m[Kr[m[K[01;32m[Ke[m[K[01;32m[Ks[m[K[01;32m[Kt[m[K[01;32m[Kr[m[K[01;32m[Ki[m[K[01;32m[Kc[m[K[01;32m[Kt[m[K[01;32m[K_[m[K[01;32m[K_[m[K[01;32m[K [m[K[01;32m[Ks[m[K[01;32m[Kr[m[K[01;32m[Kc[m[K, UINT64 len);
      |                                        [01;32m[K~[m[K[01;32m[K~[m[K[01;32m[K~[m[K[01;32m[K~[m[K[01;32m[K~[m[K[01;32m[K~[m[K[01;32m[K~[m[K[01;32m[K~[m[K[01;32m[K~[m[K[01;32m[K~[m[K[01;32m[K~[m[K[01;32m[K~[m[K[01;32m[K~[m[K[01;32m[K~[m[K[01;32m[K~[m[K[01;32m[K~[m[K[01;32m[K~[m[K[01;32m[K~[m[K[01;32m[K~[m[K[01;32m[K~[m[K[01;32m[K^[m[K[01;32m[K~[m[K[01;32m[K~[m[K
[01m[KC:\GitHub\BlockyOS\src\Boot\UEFI\drivers\executable\execload.c:8:31:[m[K [01;35m[Kwarning: [m[Kpassing argument 2 of '[01m[K__memcpy[m[K' discards '[01m[Kconst[m[K' qualifier from pointer target type [[01;35m[K-Wdiscarded-qualifiers[m[K]
    8 |         __memcpy(path + plen, [01;35m[Ksympath[m[K, EXECSECRTIONREFPATHLEN - plen);
      |                               [01;35m[K^~~~~~~[m[K
[01m[KC:\GitHub\BlockyOS/src/Boot/UEFI/tools/tools.h:147:60:[m[K [01;36m[Knote: [m[Kexpected '[01m[K[01;32m[Kvoid * restrict[m[K[m[K' but argument is of type '[01m[K[01;34m[Kconst char *[m[K[m[K'
  147 | void __memcpy(void * __restrict__ dst, [01;32m[Kv[m[K[01;32m[Ko[m[K[01;32m[Ki[m[K[01;32m[Kd[m[K[01;32m[K [m[K[01;32m[K*[m[K[01;32m[K [m[K[01;32m[K_[m[K[01;32m[K_[m[K[01;32m[Kr[m[K[01;32m[Ke[m[K[01;32m[Ks[m[K[01;32m[Kt[m[K[01;32m[Kr[m[K[01;32m[Ki[m[K[01;32m[Kc[m[K[01;32m[Kt[m[K[01;32m[K_[m[K[01;32m[K_[m[K[01;32m[K [m[K[01;32m[Ks[m[K[01;32m[Kr[m[K[01;32m[Kc[m[K, UINT64 len);
      |                                        [01;32m[K~[m[K[01;32m[K~[m[K[01;32m[K~[m[K[01;32m[K~[m[K[01;32m[K~[m[K[01;32m[K~[m[K[01;32m[K~[m[K[01;32m[K~[m[K[01;32m[K~[m[K[01;32m[K~[m[K[01;32m[K~[m[K[01;32m[K~[m[K[01;32m[K~[m[K[01;32m[K~[m[K[01;32m[K~[m[K[01;32m[K~[m[K[01;32m[K~[m[K[01;32m[K~[m[K[01;32m[K~[m[K[01;32m[K~[m[K[01;32m[K^[m[K[01;32m[K~[m[K[01;32m[K~[m[K
[01m[KC:\GitHub\BlockyOS\src\Boot\UEFI\drivers\executable\execload.c:[m[K In function '[01m[K__resolve[m[K':
[01m[KC:\GitHub\BlockyOS\src\Boot\UEFI\drivers\executable\execload.c:431:52:[m[K [01;35m[Kwarning: [m[Kpassing argument 2 of '[01m[K__memcmp[m[K' discards '[01m[Kconst[m[K' qualifier from pointer target type [[01;35m[K-Wdiscarded-qualifiers[m[K]
  431 |                 if(__memcmp(d->symbol.magic.MAGIC, [01;35m[Kwant[m[K, sizeof(want) - 1) == 0){
      |                                                    [01;35m[K^~~~[m[K
[01m[KC:\GitHub\BlockyOS/src/Boot/UEFI/tools/tools.h:148:60:[m[K [01;36m[Knote: [m[Kexpected '[01m[K[01;32m[Kvoid * restrict[m[K[m[K' but argument is of type '[01m[K[01;34m[Kconst char *[m[K[m[K'
  148 | UINT64 __memcmp(void * __restrict__ a, [01;32m[Kv[m[K[01;32m[Ko[m[K[01;32m[Ki[m[K[01;32m[Kd[m[K[01;32m[K [m[K[01;32m[K*[m[K[01;32m[K [m[K[01;32m[K_[m[K[01;32m[K_[m[K[01;32m[Kr[m[K[01;32m[Ke[m[K[01;32m[Ks[m[K[01;32m[Kt[m[K[01;32m[Kr[m[K[01;32m[Ki[m[K[01;32m[Kc[m[K[01;32m[Kt[m[K[01;32m[K_[m[K[01;32m[K_[m[K[01;32m[K [m[K[01;32m[Kb[m[K, UINT64 len);
      |                                        [01;32m[K~[m[K[01;32m[K~[m[K[01;32m[K~[m[K[01;32m[K~[m[K[01;32m[K~[m[K[01;32m[K~[m[K[01;32m[K~[m[K[01;32m[K~[m[K[01;32m[K~[m[K[01;32m[K~[m[K[01;32m[K~[m[K[01;32m[K~[m[K[01;32m[K~[m[K[01;32m[K~[m[K[01;32m[K~[m[K[01;32m[K~[m[K[01;32m[K~[m[K[01;32m[K~[m[K[01;32m[K~[m[K[01;32m[K~[m[K[01;32m[K^[m[K
Compiled and updated timestamp for C:\GitHub\BlockyOS\src\Boot\UEFI\drivers\executable\execload.c
Stale source detected for C:\GitHub\BlockyOS\src\Boot\UEFI\drivers\socket\socket.c. source=2026-05-21T22:31:57.6176200Z, stored=none, delta=n/a sec
C:\GitHub\BlockyOS\src\Boot\UEFI\gcc.ps1 -c C:\GitHub\BlockyOS\src\Boot\UEFI\drivers\socket\socket.c -o C:\GitHub\BlockyOS\Build\Build-2026-05-22-00\objs\UEFI.c.socket.o -I C:\GitHub\BlockyOS\compile\cache\ -I C:\GitHub\BlockyOS/src/ -I C:\GitHub\BlockyOS/ -I C:\GitHub\BlockyOS\compile\toolchain\gnu-efi-build\x86_64\\include\efi\ -I C:\GitHub\BlockyOS\compile\toolchain\prebuild\include\ -I C:\GitHub\BlockyOS\compile\toolchain\gnu-efi-build\x86_64\include\efi\legacy\ -I C:\GitHub\BlockyOS\compile\toolchain\gnu-efi-build\x86_64\include\efi\x86_64\ -fno-strict-aliasing -fno-stack-protector -fno-stack-check -fdiagnostics-color=always -fshort-wchar -fno-inline -fno-toplevel-reorder -ffunction-sections -fdata-sections -fno-delete-null-pointer-checks -ffreestanding -fno-lto -pie -shared -maccumulate-outgoing-args -fno-omit-frame-pointer -m64 -D __x86_64__ -mno-red-zone -D __DEBUG__ -D __CUSTMEM_FUNC__

Compiled and updated timestamp for C:\GitHub\BlockyOS\src\Boot\UEFI\drivers\socket\socket.c
Stale source detected for C:\GitHub\BlockyOS\src\Boot\UEFI\drivers\socket\sockets.c. source=2026-05-22T16:44:54.9338325Z, stored=none, delta=n/a sec
C:\GitHub\BlockyOS\src\Boot\UEFI\gcc.ps1 -c C:\GitHub\BlockyOS\src\Boot\UEFI\drivers\socket\sockets.c -o C:\GitHub\BlockyOS\Build\Build-2026-05-22-00\objs\UEFI.c.sockets.o -I C:\GitHub\BlockyOS\compile\cache\ -I C:\GitHub\BlockyOS/src/ -I C:\GitHub\BlockyOS/ -I C:\GitHub\BlockyOS\compile\toolchain\gnu-efi-build\x86_64\\include\efi\ -I C:\GitHub\BlockyOS\compile\toolchain\prebuild\include\ -I C:\GitHub\BlockyOS\compile\toolchain\gnu-efi-build\x86_64\include\efi\legacy\ -I C:\GitHub\BlockyOS\compile\toolchain\gnu-efi-build\x86_64\include\efi\x86_64\ -fno-strict-aliasing -fno-stack-protector -fno-stack-check -fdiagnostics-color=always -fshort-wchar -fno-inline -fno-toplevel-reorder -ffunction-sections -fdata-sections -fno-delete-null-pointer-checks -ffreestanding -fno-lto -pie -shared -maccumulate-outgoing-args -fno-omit-frame-pointer -m64 -D __x86_64__ -mno-red-zone -D __DEBUG__ -D __CUSTMEM_FUNC__
In file included from [01m[KC:\GitHub\BlockyOS\src\Boot\UEFI\drivers\socket\sockets.c:1[m[K:
[01m[KC:\GitHub\BlockyOS\src\Boot\UEFI\drivers\socket\sockets.h:11:1:[m[K [01;35m[Kwarning: [m[K'[01m[Kvisibility[m[K' attribute ignored on non-class types [[01;35m[K-Wattributes[m[K]
   11 | [01;35m[Kextern[m[K socket_ret *__attribute__((used, noinline, visibility("default"), optimize("O0"), ms_abi)) __froot_sckopen(UINT32 ignore, UINTN nARGbytes, va_list *args);
      | [01;35m[K^~~~~~[m[K
[01m[KC:\GitHub\BlockyOS\src\Boot\UEFI\drivers\socket\sockets.h:19:1:[m[K [01;35m[Kwarning: [m[K'[01m[Kvisibility[m[K' attribute ignored on non-class types [[01;35m[K-Wattributes[m[K]
   19 | [01;35m[Kextern[m[K socket_ret * __attribute__((used, noinline, visibility("default"), optimize("O0"), ms_abi)) __froot_sckopen(UINT32 ignore, UINTN nARGbytes, va_list *args);
      | [01;35m[K^~~~~~[m[K
[01m[KC:\GitHub\BlockyOS\src\Boot\UEFI\drivers\socket\sockets.c:131:1:[m[K [01;35m[Kwarning: [m[K'[01m[Kvisibility[m[K' attribute ignored on non-class types [[01;35m[K-Wattributes[m[K]
  131 | [01;35m[Ksocket_ret[m[K * __attribute__((used, noinline, visibility("default"), optimize("O0"), ms_abi)) __froot_sckopen(UINT32 ignore, UINTN nARGbytes, va_list *args){
      | [01;35m[K^~~~~~~~~~[m[K
Compiled and updated timestamp for C:\GitHub\BlockyOS\src\Boot\UEFI\drivers\socket\sockets.c
Stale source detected for C:\GitHub\BlockyOS\src\Boot\UEFI\tools\tools.c. source=2026-05-22T16:44:54.9408324Z, stored=none, delta=n/a sec
C:\GitHub\BlockyOS\src\Boot\UEFI\gcc.ps1 -c C:\GitHub\BlockyOS\src\Boot\UEFI\tools\tools.c -o C:\GitHub\BlockyOS\Build\Build-2026-05-22-00\objs\UEFI.c.tools.o -I C:\GitHub\BlockyOS\compile\cache\ -I C:\GitHub\BlockyOS/src/ -I C:\GitHub\BlockyOS/ -I C:\GitHub\BlockyOS\compile\toolchain\gnu-efi-build\x86_64\\include\efi\ -I C:\GitHub\BlockyOS\compile\toolchain\prebuild\include\ -I C:\GitHub\BlockyOS\compile\toolchain\gnu-efi-build\x86_64\include\efi\legacy\ -I C:\GitHub\BlockyOS\compile\toolchain\gnu-efi-build\x86_64\include\efi\x86_64\ -fno-strict-aliasing -fno-stack-protector -fno-stack-check -fdiagnostics-color=always -fshort-wchar -fno-inline -fno-toplevel-reorder -ffunction-sections -fdata-sections -fno-delete-null-pointer-checks -ffreestanding -fno-lto -pie -shared -maccumulate-outgoing-args -fno-omit-frame-pointer -m64 -D __x86_64__ -mno-red-zone -D __DEBUG__ -D __CUSTMEM_FUNC__
[01m[KC:\GitHub\BlockyOS\src\Boot\UEFI\tools\tools.c:[m[K In function '[01m[K__pattmatch[m[K':
[01m[KC:\GitHub\BlockyOS\src\Boot\UEFI\tools\tools.c:202:27:[m[K [01;35m[Kwarning: [m[Kpassing argument 1 of '[01m[K__strlen[m[K' discards '[01m[Kconst[m[K' qualifier from pointer target type [[01;35m[K-Wdiscarded-qualifiers[m[K]
  202 |     UINT64 len = __strlen([01;35m[Kpattern[m[K);
      |                           [01;35m[K^~~~~~~[m[K
In file included from [01m[KC:\GitHub\BlockyOS\src\Boot\UEFI\tools\tools.c:1[m[K:
[01m[KC:\GitHub\BlockyOS\src\Boot\UEFI\tools\tools.h:141:23:[m[K [01;36m[Knote: [m[Kexpected '[01m[K[01;32m[Kchar *[m[K[m[K' but argument is of type '[01m[K[01;34m[Kconst char *[m[K[m[K'
  141 | UINT64 __strlen([01;32m[Kc[m[K[01;32m[Kh[m[K[01;32m[Ka[m[K[01;32m[Kr[m[K[01;32m[K [m[K[01;32m[K*[m[K[01;32m[Ks[m[K);
      |                 [01;32m[K~[m[K[01;32m[K~[m[K[01;32m[K~[m[K[01;32m[K~[m[K[01;32m[K~[m[K[01;32m[K~[m[K[01;32m[K^[m[K
Compiled and updated timestamp for C:\GitHub\BlockyOS\src\Boot\UEFI\tools\tools.c
Stale source detected for C:\GitHub\BlockyOS\src\Boot\UEFI\boot.c. source=2026-05-22T16:44:54.9218356Z, stored=none, delta=n/a sec
C:\GitHub\BlockyOS\src\Boot\UEFI\gcc.ps1 -c C:\GitHub\BlockyOS\src\Boot\UEFI\boot.c -o C:\GitHub\BlockyOS\Build\Build-2026-05-22-00\objs\UEFI.c.boot.o -I C:\GitHub\BlockyOS\compile\cache\ -I C:\GitHub\BlockyOS/src/ -I C:\GitHub\BlockyOS/ -I C:\GitHub\BlockyOS\compile\toolchain\gnu-efi-build\x86_64\\include\efi\ -I C:\GitHub\BlockyOS\compile\toolchain\prebuild\include\ -I C:\GitHub\BlockyOS\compile\toolchain\gnu-efi-build\x86_64\include\efi\legacy\ -I C:\GitHub\BlockyOS\compile\toolchain\gnu-efi-build\x86_64\include\efi\x86_64\ -fno-strict-aliasing -fno-stack-protector -fno-stack-check -fdiagnostics-color=always -fshort-wchar -fno-inline -fno-toplevel-reorder -ffunction-sections -fdata-sections -fno-delete-null-pointer-checks -ffreestanding -fno-lto -pie -shared -maccumulate-outgoing-args -fno-omit-frame-pointer -m64 -D __x86_64__ -mno-red-zone -D __DEBUG__ -D __CUSTMEM_FUNC__

Compiled and updated timestamp for C:\GitHub\BlockyOS\src\Boot\UEFI\boot.c
Stale source detected for C:\GitHub\BlockyOS\src\Boot\UEFI\bthelper.c. source=2026-05-22T16:44:54.9248357Z, stored=none, delta=n/a sec
C:\GitHub\BlockyOS\src\Boot\UEFI\gcc.ps1 -c C:\GitHub\BlockyOS\src\Boot\UEFI\bthelper.c -o C:\GitHub\BlockyOS\Build\Build-2026-05-22-00\objs\UEFI.c.bthelper.o -I C:\GitHub\BlockyOS\compile\cache\ -I C:\GitHub\BlockyOS/src/ -I C:\GitHub\BlockyOS/ -I C:\GitHub\BlockyOS\compile\toolchain\gnu-efi-build\x86_64\\include\efi\ -I C:\GitHub\BlockyOS\compile\toolchain\prebuild\include\ -I C:\GitHub\BlockyOS\compile\toolchain\gnu-efi-build\x86_64\include\efi\legacy\ -I C:\GitHub\BlockyOS\compile\toolchain\gnu-efi-build\x86_64\include\efi\x86_64\ -fno-strict-aliasing -fno-stack-protector -fno-stack-check -fdiagnostics-color=always -fshort-wchar -fno-inline -fno-toplevel-reorder -ffunction-sections -fdata-sections -fno-delete-null-pointer-checks -ffreestanding -fno-lto -pie -shared -maccumulate-outgoing-args -fno-omit-frame-pointer -m64 -D __x86_64__ -mno-red-zone -D __DEBUG__ -D __CUSTMEM_FUNC__
[01m[KC:\GitHub\BlockyOS\src\Boot\UEFI\bthelper.c:[m[K In function '[01m[Kgatherbootinfo[m[K':
[01m[KC:\GitHub\BlockyOS\src\Boot\UEFI\bthelper.c:243:56:[m[K [01;35m[Kwarning: [m[Kpassing argument 1 of '[01m[KCreateBootEntry[m[K' discards '[01m[Kconst[m[K' qualifier from pointer target type [[01;35m[K-Wdiscarded-qualifiers[m[K]
  243 |         out->bootentry.BootEntryCode = CreateBootEntry([01;35m[K&rootDesc.guid[m[K, &rootDesc.uGuid, (CHAR16 *)out->bootentry.BootEntryName);
      |                                                        [01;35m[K^~~~~~~~~~~~~~[m[K
In file included from [01m[KC:\GitHub\BlockyOS\src\Boot\UEFI\bthelper.c:1[m[K:
[01m[KC:\GitHub\BlockyOS\src\Boot\UEFI\standard.h:45:33:[m[K [01;36m[Knote: [m[Kexpected '[01m[K[01;32m[KEFI_GUID *[m[K[m[K' but argument is of type '[01m[K[01;34m[Kconst EFI_GUID *[m[K[m[K'
   45 | UINT8 CreateBootEntry([01;32m[KE[m[K[01;32m[KF[m[K[01;32m[KI[m[K[01;32m[K_[m[K[01;32m[KG[m[K[01;32m[KU[m[K[01;32m[KI[m[K[01;32m[KD[m[K[01;32m[K [m[K[01;32m[K*[m[K[01;32m[KB[m[K[01;32m[Ko[m[K[01;32m[Ko[m[K[01;32m[Kt[m[K[01;32m[KG[m[K[01;32m[Ku[m[K[01;32m[Ki[m[K[01;32m[Kd[m[K, EFI_GUID *AltGuid, CHAR16 *OutBootVarName);
      |                       [01;32m[K~[m[K[01;32m[K~[m[K[01;32m[K~[m[K[01;32m[K~[m[K[01;32m[K~[m[K[01;32m[K~[m[K[01;32m[K~[m[K[01;32m[K~[m[K[01;32m[K~[m[K[01;32m[K~[m[K[01;32m[K^[m[K[01;32m[K~[m[K[01;32m[K~[m[K[01;32m[K~[m[K[01;32m[K~[m[K[01;32m[K~[m[K[01;32m[K~[m[K[01;32m[K~[m[K
[01m[KC:\GitHub\BlockyOS\src\Boot\UEFI\bthelper.c:243:72:[m[K [01;35m[Kwarning: [m[Kpassing argument 2 of '[01m[KCreateBootEntry[m[K' discards '[01m[Kconst[m[K' qualifier from pointer target type [[01;35m[K-Wdiscarded-qualifiers[m[K]
  243 |         out->bootentry.BootEntryCode = CreateBootEntry(&rootDesc.guid, [01;35m[K&rootDesc.uGuid[m[K, (CHAR16 *)out->bootentry.BootEntryName);
      |                                                                        [01;35m[K^~~~~~~~~~~~~~~[m[K
[01m[KC:\GitHub\BlockyOS\src\Boot\UEFI\standard.h:45:53:[m[K [01;36m[Knote: [m[Kexpected '[01m[K[01;32m[KEFI_GUID *[m[K[m[K' but argument is of type '[01m[K[01;34m[Kconst EFI_GUID *[m[K[m[K'
   45 | UINT8 CreateBootEntry(EFI_GUID *BootGuid, [01;32m[KE[m[K[01;32m[KF[m[K[01;32m[KI[m[K[01;32m[K_[m[K[01;32m[KG[m[K[01;32m[KU[m[K[01;32m[KI[m[K[01;32m[KD[m[K[01;32m[K [m[K[01;32m[K*[m[K[01;32m[KA[m[K[01;32m[Kl[m[K[01;32m[Kt[m[K[01;32m[KG[m[K[01;32m[Ku[m[K[01;32m[Ki[m[K[01;32m[Kd[m[K, CHAR16 *OutBootVarName);
      |                                           [01;32m[K~[m[K[01;32m[K~[m[K[01;32m[K~[m[K[01;32m[K~[m[K[01;32m[K~[m[K[01;32m[K~[m[K[01;32m[K~[m[K[01;32m[K~[m[K[01;32m[K~[m[K[01;32m[K~[m[K[01;32m[K^[m[K[01;32m[K~[m[K[01;32m[K~[m[K[01;32m[K~[m[K[01;32m[K~[m[K[01;32m[K~[m[K[01;32m[K~[m[K
Compiled and updated timestamp for C:\GitHub\BlockyOS\src\Boot\UEFI\bthelper.c
gcc -shared -Wl,--relocatable -Wl,--emit-relocs -Bsymbolic -nostdlib -Wl,-Map,C:\GitHub\BlockyOS\Build\Build-2026-05-22-00\uefi-map.log -Wl,-T,C:\GitHub\BlockyOS\compile\toolchain\gnu-efi-build\x86_64\lib/elf_x86_64_efi.lds -nostartfiles -nodefaultlibs -L C:\GitHub\BlockyOS\compile\toolchain\gnu-efi-build\x86_64\/lib/ C:\GitHub\BlockyOS\compile\toolchain\gnu-efi-build\x86_64\lib/crt0-efi-x86_64.o C:\GitHub\BlockyOS\Build\Build-2026-05-22-00\objs\UEFI.c.frat.o C:\GitHub\BlockyOS\Build\Build-2026-05-22-00\objs\UEFI.c.raw.o C:\GitHub\BlockyOS\Build\Build-2026-05-22-00\objs\UEFI.c.blake2b-ref.o C:\GitHub\BlockyOS\Build\Build-2026-05-22-00\objs\UEFI.c.blake2bp-ref.o C:\GitHub\BlockyOS\Build\Build-2026-05-22-00\objs\UEFI.c.blake2s-ref.o C:\GitHub\BlockyOS\Build\Build-2026-05-22-00\objs\UEFI.c.blake2sp-ref.o C:\GitHub\BlockyOS\Build\Build-2026-05-22-00\objs\UEFI.c.blake2xb-ref.o C:\GitHub\BlockyOS\Build\Build-2026-05-22-00\objs\UEFI.c.blake2xs-ref.o C:\GitHub\BlockyOS\Build\Build-2026-05-22-00\objs\UEFI.c.execload.o C:\GitHub\BlockyOS\Build\Build-2026-05-22-00\objs\UEFI.c.socket.o C:\GitHub\BlockyOS\Build\Build-2026-05-22-00\objs\UEFI.c.sockets.o C:\GitHub\BlockyOS\Build\Build-2026-05-22-00\objs\UEFI.c.tools.o C:\GitHub\BlockyOS\Build\Build-2026-05-22-00\objs\UEFI.c.boot.o C:\GitHub\BlockyOS\Build\Build-2026-05-22-00\objs\UEFI.c.bthelper.o -l efi -l gnuefi -o C:\GitHub\BlockyOS\Build\Build-2026-05-22-00\objs\blob.so

GNU objcopy (GNU Binutils) 2.46 Copyright (C) 2026 Free Software Foundation, Inc. This program is free software; you may redistribute it under the terms of the GNU General Public License version 3 or (at your option) any later version. This program has absolutely no warranty.
objcopy -w -j .text -j .sdata -j .data -j .rodata -j .dynamic -j .dynsym -j .rel -j .rel.* -j .rela -j .rela.* -j .reloc -O pei-x86-64 --subsystem=10 C:\GitHub\BlockyOS\Build\Build-2026-05-22-00\objs\blob.so C:\GitHub\BlockyOS\Build\Build-2026-05-22-00\objs\blob.efi

